=== RUN   TestHelpOverlayKeymapMatchesBoundKeys
--- PASS: TestHelpOverlayKeymapMatchesBoundKeys (0.00s)
=== RUN   TestFooterKeyLegendNamesOnlyBoundKeys
--- PASS: TestFooterKeyLegendNamesOnlyBoundKeys (0.00s)
=== RUN   TestScrollableOverlaysScrollOneLineWithArrows
=== RUN   TestScrollableOverlaysScrollOneLineWithArrows/help_overlay
=== RUN   TestScrollableOverlaysScrollOneLineWithArrows/detail_view
=== RUN   TestScrollableOverlaysScrollOneLineWithArrows/event_log
--- PASS: TestScrollableOverlaysScrollOneLineWithArrows (0.03s)
    --- PASS: TestScrollableOverlaysScrollOneLineWithArrows/help_overlay (0.00s)
    --- PASS: TestScrollableOverlaysScrollOneLineWithArrows/detail_view (0.00s)
    --- PASS: TestScrollableOverlaysScrollOneLineWithArrows/event_log (0.00s)
=== RUN   TestScrollableOverlaysScrollOneLineWithJK
=== RUN   TestScrollableOverlaysScrollOneLineWithJK/help_overlay
=== RUN   TestScrollableOverlaysScrollOneLineWithJK/detail_view
=== RUN   TestScrollableOverlaysScrollOneLineWithJK/event_log
--- PASS: TestScrollableOverlaysScrollOneLineWithJK (0.03s)
    --- PASS: TestScrollableOverlaysScrollOneLineWithJK/help_overlay (0.00s)
    --- PASS: TestScrollableOverlaysScrollOneLineWithJK/detail_view (0.00s)
    --- PASS: TestScrollableOverlaysScrollOneLineWithJK/event_log (0.00s)
PASS
ok  	github.com/n-orlov/deck/internal/tui	0.067s
