1787793328 2.77 3.24 3.14 25/4304 87749 | === RUN 1 ===
1787793333 2.71 3.22 3.13 3/4235 87761 | === RUN 1 ===
1787793338 2.73 3.21 3.13 3/4249 87771 | === RUN 1 ===
1787793343 2.59 3.18 3.12 2/4254 87781 | === RUN 1 ===
1787793348 2.47 3.14 3.11 4/4287 87791 | === RUN 1 ===
1787793353 2.51 3.14 3.10 2/4348 87801 | === RUN 1 ===
1787793358 2.63 3.15 3.11 18/4335 87811 | === RUN 1 ===
1787793363 2.74 3.17 3.11 4/4316 87821 | === RUN 1 ===
1787793368 2.76 3.16 3.11 5/4341 87831 | === RUN 1 ===
1787793373 2.94 3.19 3.12 3/4307 87841 | === RUN 1 ===
1787793378 3.02 3.21 3.13 4/4353 87851 | === RUN 1 ===
1787793383 2.94 3.19 3.12 3/4373 87861 | === RUN 1 ===
1787793388 3.11 3.22 3.13 3/4384 87871 | === RUN 1 ===
1787793393 3.10 3.21 3.13 2/4334 87881 | === RUN 1 ===
1787793398 3.01 3.19 3.12 2/4349 87891 | === RUN 1 ===
1787793403 3.01 3.19 3.12 8/4386 87901 | === RUN 1 ===
1787793408 2.93 3.17 3.12 3/4402 87911 | === RUN 1 ===
1787793413 2.85 3.15 3.11 3/4417 87921 | === RUN 1 ===
1787793418 2.87 3.15 3.11 16/4438 87931 | === RUN 1 ===
1787793423 2.80 3.13 3.10 30/4396 87941 | === RUN 1 ===
1787793428 2.73 3.11 3.10 3/4373 87951 | === RUN 1 ===
1787793433 2.75 3.11 3.10 4/4404 87961 | === RUN 1 ===
1787793438 2.85 3.12 3.10 4/4396 87971 | === RUN 1 ===
1787793443 2.95 3.14 3.11 3/4419 87981 | === RUN 1 ===
1787793448 2.87 3.12 3.10 5/4449 87991 | === RUN 1 ===
1787793453 2.72 3.08 3.09 5/4407 88019 | === RUN 1 ===
1787793458 2.58 3.05 3.08 5/4438 88034 | === RUN 1 ===
1787793463 2.45 3.01 3.07 20/4506 88095 | === RUN 1 ===
1787793468 3.38 3.20 3.12 3/4482 88106 | === RUN 1 ===
1787793473 3.43 3.21 3.13 3/4484 88116 | === RUN 1 ===
1787793478 3.39 3.21 3.13 6/4455 88126 | === RUN 1 ===
1787793483 3.20 3.17 3.12 3/4446 88136 | === RUN 1 ===
1787793488 3.03 3.13 3.11 3/4443 88146 | === RUN 1 ===
1787793493 2.94 3.11 3.10 2/4449 88156 | === RUN 1 ===
1787793498 2.79 3.08 3.09 2/4481 88166 | === RUN 1 ===
1787793503 2.72 3.06 3.08 7/4564 88176 | === RUN 1 ===
1787793508 2.59 3.03 3.07 2/4482 88186 | === RUN 1 ===
1787793513 2.70 3.04 3.08 3/4446 88196 | === RUN 1 ===
1787793518 2.64 3.02 3.07 4/4455 88206 | === RUN 1 ===
1787793523 2.67 3.02 3.07 4/4496 88216 | === RUN 1 ===
1787793528 2.78 3.04 3.07 2/4491 88228 | === RUN 1 ===
1787793533 4.00 3.29 3.16 28/4601 88243 | === RUN 1 ===
1787793538 3.92 3.28 3.15 5/4557 88253 | === RUN 1 ===
1787793543 3.84 3.28 3.15 4/4513 88263 | === RUN 1 ===
1787793548 3.86 3.29 3.16 3/4527 88276 | === RUN 1 ===
1787793553 4.03 3.34 3.17 2/4502 88286 | === RUN 1 ===
1787793558 4.35 3.41 3.20 3/4552 88296 | === RUN 1 ===
1787793563 4.48 3.46 3.22 5/4562 88306 | === RUN 1 ===
1787793568 4.60 3.50 3.23 5/4553 88316 | === RUN 1 ===
1787793573 4.87 3.58 3.26 5/4528 88326 | === RUN 1 ===
1787793578 5.28 3.68 3.29 6/4529 88336 | === RUN 1 ===
1787793583 5.18 3.69 3.30 3/4535 88346 | === RUN 1 ===
1787793588 5.17 3.71 3.31 5/4614 88356 | === RUN 1 ===
1787793593 4.91 3.68 3.30 4/4622 88366 | === RUN 1 ===
1787793598 4.76 3.67 3.30 4/4649 88377 | === RUN 1 ===
1787793603 4.86 3.71 3.31 4/4619 88387 | === RUN 1 ===
1787793608 4.71 3.70 3.31 4/4604 88397 | === RUN 1 ===
1787793613 4.41 3.65 3.30 3/4616 88407 | === RUN 1 ===
1787793618 4.46 3.67 3.31 13/4652 88417 | === RUN 1 ===
1787793623 5.22 3.85 3.36 7/4709 88427 | === RUN 1 ===
1787793628 5.05 3.83 3.36 3/4685 88437 | === RUN 1 ===
1787793633 4.88 3.82 3.36 4/4664 88447 | === RUN 1 ===
1787793638 4.65 3.79 3.35 4/4635 88457 | === RUN 1 ===
1787793643 4.36 3.74 3.34 10/4673 88467 | === RUN 1 ===
1787793648 4.33 3.74 3.34 2/4667 88477 | === RUN 1 ===
1787793653 4.22 3.73 3.34 2/4704 88487 | === RUN 1 ===
1787793658 3.96 3.69 3.33 2/4714 88497 | === RUN 1 ===
1787793663 3.81 3.66 3.32 4/4719 88507 | === RUN 1 ===
1787793668 3.74 3.65 3.32 3/4814 88517 | === RUN 1 ===
1787793673 3.68 3.64 3.32 4/4840 88527 | === RUN 1 ===
1787793678 3.47 3.59 3.30 3/4995 88537 | === RUN 1 ===
1787793683 3.35 3.57 3.30 3/5039 88547 | === RUN 1 ===
1787793688 3.32 3.56 3.30 3/5083 88557 | === RUN 1 ===
1787793693 4.34 3.76 3.36 3/4314 88619 | === RUN 2 ===
1787793698 4.23 3.75 3.36 2/4232 88629 | === RUN 2 ===
1787793703 4.21 3.75 3.37 3/4272 88639 | === RUN 2 ===
1787793708 3.95 3.71 3.35 8/4345 88649 | === RUN 2 ===
1787793713 4.44 3.81 3.39 4/4333 88659 | === RUN 2 ===
1787793718 4.24 3.78 3.38 3/4347 88669 | === RUN 2 ===
1787793723 5.02 3.95 3.44 3/4351 88679 | === RUN 2 ===
1787793728 4.70 3.90 3.42 3/4314 88689 | === RUN 2 ===
1787793733 4.57 3.89 3.42 3/4352 88699 | === RUN 2 ===
1787793738 4.36 3.86 3.41 4/4341 88709 | === RUN 2 ===
1787793743 4.17 3.83 3.41 3/4359 88719 | === RUN 2 ===
1787793748 4.00 3.79 3.40 3/4379 88729 | === RUN 2 ===
1787793753 3.92 3.78 3.40 3/4334 88739 | === RUN 2 ===
1787793758 4.24 3.85 3.42 2/4334 88749 | === RUN 2 ===
1787793763 4.06 3.82 3.41 2/4352 88759 | === RUN 2 ===
1787793768 3.98 3.81 3.41 4/4428 88769 | === RUN 2 ===
1787793773 5.66 4.16 3.53 4/4422 88779 | === RUN 2 ===
1787793778 5.45 4.14 3.52 3/4459 88789 | === RUN 2 ===
1787793783 5.25 4.12 3.52 7/4452 88799 | === RUN 2 ===
1787793788 5.23 4.13 3.53 3/4394 88809 | === RUN 2 ===
1787793793 4.97 4.10 3.52 4/4427 88819 | === RUN 2 ===
1787793798 4.73 4.06 3.51 6/4437 88829 | === RUN 2 ===
1787793803 4.68 4.06 3.52 6/4446 88839 | === RUN 2 ===
1787793808 4.54 4.04 3.51 2/4428 88849 | === RUN 2 ===
1787793813 4.34 4.01 3.50 6/4405 88859 | === RUN 2 ===
1787793818 4.31 4.01 3.51 3/4418 88867 | === RUN 2 ===
1787793823 4.29 4.01 3.51 3/4443 88877 | === RUN 2 ===
1787793828 4.18 3.99 3.51 6/4456 88887 | === RUN 2 ===
1787793833 5.77 4.32 3.62 4/4493 88897 | === RUN 2 ===
1787793838 5.55 4.30 3.61 5/4516 88907 | === RUN 2 ===
1787793843 5.18 4.25 3.60 8/4464 88917 | === RUN 2 ===
1787793848 4.93 4.21 3.59 5/4480 88927 | === RUN 2 ===
1787793853 4.69 4.17 3.58 3/4468 88937 | === RUN 2 ===
1787793858 4.64 4.17 3.58 2/4480 88947 | === RUN 2 ===
1787793863 4.43 4.13 3.58 4/4502 88957 | === RUN 2 ===
1787793868 4.23 4.10 3.57 2/4508 88967 | === RUN 2 ===
1787793873 3.97 4.05 3.55 3/4470 88977 | === RUN 2 ===
1787793878 3.89 4.03 3.55 3/4468 88987 | === RUN 2 ===
1787793883 3.66 3.98 3.54 4/4479 88997 | === RUN 2 ===
1787793888 3.53 3.94 3.53 3/4508 89007 | === RUN 2 ===
1787793893 4.61 4.16 3.60 3/4539 89017 | === RUN 2 ===
1787793898 4.40 4.13 3.59 3/4564 89027 | === RUN 2 ===
1787793903 4.21 4.09 3.58 5/4532 89037 | === RUN 2 ===
1787793908 3.95 4.04 3.57 4/4556 89047 | === RUN 2 ===
1787793913 3.71 3.99 3.55 5/4563 89057 | === RUN 2 ===
1787793918 3.50 3.94 3.54 2/4550 89067 | === RUN 2 ===
1787793923 3.30 3.89 3.53 2/4577 89077 | === RUN 2 ===
1787793928 3.19 3.86 3.52 2/4566 89087 | === RUN 2 ===
1787793933 3.10 3.83 3.51 2/4527 89097 | === RUN 2 ===
1787793938 3.17 3.83 3.51 3/4562 89107 | === RUN 2 ===
1787793943 3.32 3.85 3.52 3/4543 89117 | === RUN 2 ===
1787793948 3.21 3.82 3.51 3/4592 89127 | === RUN 2 ===
1787793953 3.11 3.79 3.50 3/4627 89137 | === RUN 2 ===
1787793958 3.18 3.79 3.51 2/4619 89147 | === RUN 2 ===
1787793963 3.01 3.74 3.49 4/4623 89158 | === RUN 2 ===
1787793968 2.93 3.72 3.49 3/4604 89168 | === RUN 2 ===
1787793973 2.85 3.69 3.48 3/4599 89178 | === RUN 2 ===
1787793978 3.03 3.71 3.49 5/4659 89188 | === RUN 2 ===
1787793983 2.94 3.68 3.48 31/4692 89204 | === RUN 2 ===
1787793988 3.43 3.77 3.51 22/4719 89214 | === RUN 2 ===
1787793993 3.39 3.75 3.50 5/4663 89224 | === RUN 2 ===
1787793998 3.52 3.78 3.51 3/4669 89234 | === RUN 2 ===
1787794003 3.48 3.76 3.51 4/4670 89244 | === RUN 2 ===
1787794008 4.08 3.88 3.55 5/4657 89254 | === RUN 2 ===
1787794013 4.24 3.92 3.56 2/4710 89264 | === RUN 2 ===
1787794018 3.98 3.87 3.55 3/4725 89274 | === RUN 2 ===
1787794023 3.82 3.84 3.54 4/4763 89284 | === RUN 2 ===
1787794028 3.67 3.81 3.53 2/4812 89294 | === RUN 2 ===
1787794033 3.54 3.78 3.52 3/4917 89304 | === RUN 2 ===
1787794038 3.50 3.76 3.52 1/4972 89314 | === RUN 2 ===
1787794043 3.30 3.72 3.51 2/5029 89324 | === RUN 2 ===
1787794048 3.19 3.69 3.50 11/4275 89387 | === RUN 3 ===
1787794053 3.26 3.69 3.50 4/4250 89397 | === RUN 3 ===
1787794058 3.48 3.73 3.52 2/4216 89407 | === RUN 3 ===
1787794063 3.52 3.74 3.52 3/4254 89417 | === RUN 3 ===
1787794068 3.64 3.76 3.53 2/4291 89427 | === RUN 3 ===
1787794073 5.59 4.16 3.66 3/4299 89437 | === RUN 3 ===
1787794078 5.70 4.21 3.68 5/4325 89447 | === RUN 3 ===
1787794083 5.64 4.22 3.68 12/4322 89457 | === RUN 3 ===
1787794088 5.43 4.20 3.68 11/4321 89467 | === RUN 3 ===
1787794093 5.16 4.17 3.67 5/4318 89477 | === RUN 3 ===
1787794098 5.47 4.25 3.70 7/4318 89487 | === RUN 3 ===
1787794103 5.19 4.21 3.69 4/4359 89497 | === RUN 3 ===
1787794108 4.85 4.15 3.68 5/4348 89507 | === RUN 3 ===
1787794113 4.62 4.12 3.67 5/4334 89517 | === RUN 3 ===
1787794118 4.41 4.08 3.66 5/4339 89527 | === RUN 3 ===
1787794123 4.22 4.05 3.65 3/4344 89537 | === RUN 3 ===
1787794128 4.12 4.03 3.64 4/4371 89547 | === RUN 3 ===
1787794133 4.83 4.18 3.69 3/4408 89557 | === RUN 3 ===
1787794138 5.25 4.28 3.73 3/4391 89567 | === RUN 3 ===
1787794143 4.99 4.24 3.72 7/4394 89577 | === RUN 3 ===
1787794148 4.67 4.18 3.70 4/4354 89587 | === RUN 3 ===
1787794153 4.45 4.15 3.69 3/4397 89597 | === RUN 3 ===
1787794158 4.18 4.09 3.68 2/4393 89607 | === RUN 3 ===
1787794163 4.00 4.06 3.67 2/4418 89617 | === RUN 3 ===
1787794168 3.92 4.04 3.67 3/4445 89627 | === RUN 3 ===
1787794173 3.77 4.01 3.66 3/4413 89637 | === RUN 3 ===
1787794178 3.79 4.01 3.66 3/4444 89647 | === RUN 3 ===
1787794183 3.64 3.97 3.65 4/4429 89657 | === RUN 3 ===
1787794188 3.67 3.97 3.65 4/4435 89667 | === RUN 3 ===
1787794193 4.90 4.22 3.73 3/4475 89677 | === RUN 3 ===
1787794198 4.75 4.20 3.73 3/4506 89688 | === RUN 3 ===
1787794203 4.61 4.18 3.73 2/4474 89698 | === RUN 3 ===
1787794208 4.32 4.13 3.71 5/4495 89708 | === RUN 3 ===
1787794213 4.05 4.08 3.70 3/4457 89718 | === RUN 3 ===
1787794218 3.89 4.04 3.69 2/4478 89728 | === RUN 3 ===
1787794223 3.74 4.01 3.68 2/4508 89738 | === RUN 3 ===
1787794228 3.52 3.96 3.66 2/4503 89748 | === RUN 3 ===
1787794233 3.39 3.93 3.65 4/4506 89758 | === RUN 3 ===
1787794238 3.20 3.88 3.64 1/4487 89768 | === RUN 3 ===
1787794243 3.19 3.86 3.64 2/4480 89778 | === RUN 3 ===
1787794248 3.01 3.81 3.62 3/4552 89788 | === RUN 3 ===
1787794253 4.13 4.03 3.69 8/4559 89798 | === RUN 3 ===
1787794258 3.88 3.98 3.68 1/4542 89808 | === RUN 3 ===
1787794263 3.73 3.95 3.67 5/4541 89818 | === RUN 3 ===
1787794268 3.51 3.90 3.65 3/4520 89828 | === RUN 3 ===
1787794273 3.39 3.87 3.65 5/4549 89838 | === RUN 3 ===
1787794278 3.36 3.85 3.64 1/4557 89848 | === RUN 3 ===
1787794283 3.41 3.86 3.64 2/4590 89858 | === RUN 3 ===
1787794288 3.30 3.82 3.63 3/4597 89868 | === RUN 3 ===
1787794293 3.11 3.78 3.62 3/4547 89878 | === RUN 3 ===
1787794298 3.02 3.75 3.61 2/4589 89888 | === RUN 3 ===
1787794303 2.86 3.70 3.60 2/4572 89898 | === RUN 3 ===
1787794308 2.71 3.66 3.58 5/4607 89908 | === RUN 3 ===
1787794313 4.26 3.96 3.68 4/4666 89918 | === RUN 3 ===
1787794318 4.08 3.93 3.67 3/4630 89928 | === RUN 3 ===
1787794323 4.07 3.93 3.67 4/4619 89938 | === RUN 3 ===
1787794328 4.06 3.93 3.68 2/4622 89948 | === RUN 3 ===
1787794333 4.06 3.93 3.68 3/4657 89958 | === RUN 3 ===
1787794338 3.81 3.88 3.66 2/4684 89968 | === RUN 3 ===
1787794343 3.67 3.85 3.65 4/4672 89978 | === RUN 3 ===
1787794348 3.53 3.82 3.65 5/4673 89988 | === RUN 3 ===
1787794353 3.41 3.79 3.64 8/4673 89998 | === RUN 3 ===
1787794358 3.30 3.76 3.63 3/4706 90008 | === RUN 3 ===
1787794363 3.19 3.73 3.62 3/4645 90018 | === RUN 3 ===
1787794368 3.10 3.70 3.61 2/4689 90028 | === RUN 3 ===
1787794373 3.01 3.68 3.60 3/4738 90038 | === RUN 3 ===
1787794378 3.01 3.66 3.60 1/4749 90048 | === RUN 3 ===
1787794383 3.17 3.69 3.61 2/4817 90058 | === RUN 3 ===
1787794388 2.99 3.64 3.59 3/4895 90068 | === RUN 3 ===
1787794393 2.83 3.60 3.58 2/4945 90078 | === RUN 3 ===
1787794398 2.69 3.55 3.56 2/4996 90088 | === RUN 3 ===
1787794403 2.55 3.51 3.55 18/4196 90152 | === RUN 4 ===
1787794408 2.43 3.47 3.53 2/4266 90162 | === RUN 4 ===
1787794413 2.39 3.45 3.53 3/4229 90172 | === RUN 4 ===
1787794418 2.36 3.42 3.52 1/4248 90182 | === RUN 4 ===
1787794423 2.33 3.40 3.51 3/4252 90190 | === RUN 4 ===
1787794428 2.22 3.36 3.50 3/4323 90200 | === RUN 4 ===
1787794433 2.13 3.32 3.48 5/4326 90210 | === RUN 4 ===
1787794438 2.04 3.28 3.47 3/4351 90220 | === RUN 4 ===
1787794443 2.59 3.37 3.50 4/4295 90230 | === RUN 4 ===
1787794448 3.35 3.52 3.54 5/4327 90240 | === RUN 4 ===
1787794453 3.32 3.51 3.54 2/4292 90250 | === RUN 4 ===
1787794458 3.77 3.60 3.57 1/4327 90260 | === RUN 4 ===
1787794463 3.55 3.56 3.56 6/4394 90270 | === RUN 4 ===
1787794468 3.43 3.53 3.55 3/4337 90280 | === RUN 4 ===
1787794473 3.39 3.52 3.54 5/4344 90290 | === RUN 4 ===
1787794478 3.28 3.50 3.54 1/4318 90300 | === RUN 4 ===
1787794483 3.18 3.47 3.53 2/4329 90314 | === RUN 4 ===
1787794488 3.08 3.45 3.52 4/4405 90324 | === RUN 4 ===
1787794493 3.00 3.42 3.51 4/4437 90334 | === RUN 4 ===
1787794498 3.24 3.46 3.53 4/4433 90344 | === RUN 4 ===
1787794503 3.30 3.47 3.53 2/4376 90354 | === RUN 4 ===
1787794508 3.11 3.43 3.51 3/4399 90364 | === RUN 4 ===
1787794513 3.10 3.43 3.51 3/4355 90374 | === RUN 4 ===
1787794518 3.02 3.40 3.50 2/4401 90384 | === RUN 4 ===
1787794523 2.93 3.38 3.50 5/4424 90394 | === RUN 4 ===
1787794528 3.02 3.39 3.50 9/4450 90404 | === RUN 4 ===
1787794533 2.86 3.35 3.48 3/4404 90414 | === RUN 4 ===
1787794538 2.95 3.36 3.49 1/4422 90424 | === RUN 4 ===
1787794543 2.95 3.35 3.48 3/4444 90434 | === RUN 4 ===
1787794548 2.88 3.33 3.48 3/4448 90444 | === RUN 4 ===
1787794553 2.89 3.32 3.47 4/4512 90454 | === RUN 4 ===
1787794558 2.74 3.29 3.46 2/4476 90464 | === RUN 4 ===
1787794563 2.68 3.26 3.45 2/4426 90474 | === RUN 4 ===
1787794568 2.78 3.28 3.45 3/4423 90484 | === RUN 4 ===
1787794573 2.96 3.31 3.46 3/4457 90494 | === RUN 4 ===
1787794578 2.96 3.30 3.46 2/4460 90504 | === RUN 4 ===
1787794583 2.97 3.29 3.46 2/4482 90514 | === RUN 4 ===
1787794588 2.89 3.27 3.45 2/4476 90524 | === RUN 4 ===
1787794593 2.98 3.29 3.45 2/4457 90534 | === RUN 4 ===
1787794598 2.98 3.28 3.45 6/4483 90544 | === RUN 4 ===
1787794603 2.90 3.26 3.44 3/4474 90554 | === RUN 4 ===
1787794608 2.99 3.27 3.45 4/4514 90564 | === RUN 4 ===
1787794613 2.91 3.25 3.44 5/4578 90574 | === RUN 4 ===
1787794618 2.92 3.25 3.43 3/4571 90584 | === RUN 4 ===
1787794623 2.84 3.22 3.43 3/4555 90594 | === RUN 4 ===
1787794628 2.86 3.22 3.42 10/4513 90604 | === RUN 4 ===
1787794633 3.19 3.28 3.44 6/4540 90614 | === RUN 4 ===
1787794638 3.09 3.26 3.44 2/4531 90624 | === RUN 4 ===
1787794643 2.93 3.22 3.42 7/4577 90634 | === RUN 4 ===
1787794648 2.77 3.19 3.41 3/4546 90644 | === RUN 4 ===
1787794653 2.71 3.17 3.40 5/4568 90654 | === RUN 4 ===
1787794658 2.97 3.21 3.42 4/4554 90664 | === RUN 4 ===
1787794663 2.81 3.18 3.40 4/4542 90674 | === RUN 4 ===
1787794668 2.67 3.14 3.39 5/4574 90684 | === RUN 4 ===
1787794673 2.54 3.11 3.38 5/4619 90694 | === RUN 4 ===
1787794678 2.49 3.09 3.37 6/4598 90704 | === RUN 4 ===
1787794683 2.77 3.14 3.38 3/4601 90714 | === RUN 4 ===
1787794688 2.87 3.15 3.39 2/4589 90724 | === RUN 4 ===
1787794693 2.88 3.15 3.38 5/4643 90734 | === RUN 4 ===
1787794698 2.89 3.14 3.38 1/4663 90744 | === RUN 4 ===
1787794703 2.82 3.13 3.37 4/4720 90754 | === RUN 4 ===
1787794708 2.92 3.14 3.38 3/4708 90764 | === RUN 4 ===
1787794713 2.92 3.14 3.37 7/4684 90774 | === RUN 4 ===
1787794718 2.93 3.14 3.37 3/4659 90784 | === RUN 4 ===
1787794723 2.93 3.13 3.37 3/4630 90794 | === RUN 4 ===
1787794728 2.94 3.13 3.37 4/4678 90804 | === RUN 4 ===
1787794733 2.78 3.09 3.35 3/4728 90814 | === RUN 4 ===
1787794738 2.72 3.08 3.35 4/4733 90824 | === RUN 4 ===
1787794743 2.98 3.12 3.36 5/4818 90834 | === RUN 4 ===
1787794748 2.82 3.09 3.35 2/4886 90844 | === RUN 4 ===
1787794753 2.76 3.07 3.34 2/4937 90854 | === RUN 4 ===
1787794758 2.62 3.04 3.33 2/4991 90864 | === RUN 4 ===
1787794763 2.81 3.07 3.34 3/5077 90874 | === RUN 4 ===
1787794768 2.66 3.03 3.33 2/4281 90935 | === RUN 5 ===
1787794773 2.53 3.00 3.31 3/4247 90945 | === RUN 5 ===
1787794778 2.41 2.97 3.30 3/4284 90955 | === RUN 5 ===
1787794783 2.54 2.98 3.30 2/4257 90965 | === RUN 5 ===
1787794788 3.13 3.10 3.34 2/4313 90975 | === RUN 5 ===
1787794793 3.20 3.12 3.34 12/4352 90985 | === RUN 5 ===
1787794798 3.35 3.15 3.35 6/4345 90995 | === RUN 5 ===
1787794803 3.48 3.18 3.36 4/4352 91005 | === RUN 5 ===
1787794808 3.44 3.18 3.36 3/4326 91015 | === RUN 5 ===
1787794813 3.41 3.17 3.36 3/4339 91025 | === RUN 5 ===
1787794818 3.37 3.17 3.36 5/4378 91035 | === RUN 5 ===
1787794823 4.22 3.35 3.41 3/4359 91045 | === RUN 5 ===
1787794828 4.21 3.36 3.42 2/4353 91055 | === RUN 5 ===
1787794833 4.03 3.34 3.41 3/4366 91065 | === RUN 5 ===
1787794838 4.03 3.35 3.41 2/4333 91075 | === RUN 5 ===
1787794843 3.94 3.34 3.41 4/4365 91085 | === RUN 5 ===
1787794848 3.79 3.32 3.40 4/4426 91095 | === RUN 5 ===
1787794853 3.81 3.33 3.41 4/4452 91105 | === RUN 5 ===
1787794858 3.90 3.36 3.42 4/4425 91115 | === RUN 5 ===
1787794863 3.83 3.35 3.41 5/4464 91125 | === RUN 5 ===
1787794868 3.84 3.36 3.42 3/4417 91135 | === RUN 5 ===
1787794873 3.78 3.36 3.41 2/4393 91145 | === RUN 5 ===
1787794878 3.55 3.32 3.40 4/4465 91155 | === RUN 5 ===
1787794883 3.51 3.31 3.40 3/4439 91165 | === RUN 5 ===
1787794888 3.47 3.31 3.40 4/4488 91175 | === RUN 5 ===
1787794893 3.51 3.32 3.40 2/4443 91185 | === RUN 5 ===
1787794898 3.95 3.41 3.43 5/4473 91195 | === RUN 5 ===
1787794903 3.95 3.42 3.43 5/4479 91205 | === RUN 5 ===
1787794908 4.12 3.47 3.45 5/4506 91215 | === RUN 5 ===
1787794913 4.19 3.49 3.46 29/4506 91225 | === RUN 5 ===
1787794918 4.17 3.50 3.46 4/4510 91237 | === RUN 5 ===
1787794923 4.08 3.49 3.46 6/4506 91247 | === RUN 5 ===
1787794928 3.99 3.48 3.45 3/4449 91257 | === RUN 5 ===
1787794933 4.07 3.51 3.46 5/4476 91267 | === RUN 5 ===
1787794938 3.99 3.50 3.46 3/4505 91277 | === RUN 5 ===
1787794943 6.15 3.96 3.61 18/4573 91287 | === RUN 5 ===
1787794948 7.26 4.22 3.70 14/4565 91297 | === RUN 5 ===
1787794953 7.00 4.22 3.70 6/4489 91307 | === RUN 5 ===
1787794958 6.68 4.20 3.69 4/4507 91317 | === RUN 5 ===
1787794963 6.30 4.16 3.68 3/4475 91327 | === RUN 5 ===
1787794968 6.04 4.14 3.68 5/4531 91337 | === RUN 5 ===
1787794973 5.72 4.11 3.67 26/4561 91347 | === RUN 5 ===
1787794978 5.58 4.11 3.67 2/4562 91357 | === RUN 5 ===
1787794983 5.29 4.07 3.66 5/4554 91367 | === RUN 5 ===
1787794988 4.95 4.02 3.65 2/4531 91377 | === RUN 5 ===
1787794993 4.71 3.99 3.64 3/4539 91387 | === RUN 5 ===
1787794998 4.41 3.94 3.62 3/4557 91397 | === RUN 5 ===
1787795003 4.38 3.94 3.63 4/4581 91407 | === RUN 5 ===
1787795008 4.27 3.92 3.62 10/4612 91417 | === RUN 5 ===
1787795013 4.65 4.01 3.65 4/4579 91427 | === RUN 5 ===
1787795018 4.52 3.99 3.65 3/4558 91437 | === RUN 5 ===
1787795023 4.31 3.96 3.64 7/4598 91447 | === RUN 5 ===
1787795028 4.13 3.92 3.63 2/4608 91455 | === RUN 5 ===
1787795033 3.88 3.87 3.62 32/4637 91465 | === RUN 5 ===
1787795038 4.05 3.91 3.63 6/4662 91475 | === RUN 5 ===
1787795043 3.88 3.88 3.62 3/4620 91485 | === RUN 5 ===
1787795048 3.81 3.86 3.62 5/4625 91495 | === RUN 5 ===
1787795053 3.83 3.87 3.62 8/4654 91505 | === RUN 5 ===
1787795058 4.08 3.92 3.64 5/4696 91515 | === RUN 5 ===
1787795063 4.00 3.90 3.63 7/4738 91525 | === RUN 5 ===
1787795068 4.00 3.91 3.64 3/4700 91535 | === RUN 5 ===
1787795073 5.20 4.16 3.72 19/4727 91545 | === RUN 5 ===
1787795078 5.50 4.24 3.75 3/4746 91555 | === RUN 5 ===
1787795083 5.30 4.22 3.74 3/4684 91565 | === RUN 5 ===
1787795088 5.12 4.20 3.74 6/4675 91575 | === RUN 5 ===
1787795093 4.79 4.14 3.72 14/4723 91585 | === RUN 5 ===
1787795098 4.88 4.17 3.74 6/4738 91595 | === RUN 5 ===
1787795103 4.73 4.15 3.73 5/4776 91605 | === RUN 5 ===
1787795108 4.83 4.18 3.75 2/4815 91615 | === RUN 5 ===
1787795113 5.01 4.23 3.76 3/4930 91625 | === RUN 5 ===
1787795118 4.85 4.21 3.76 3/4977 91635 | === RUN 5 ===
1787795123 4.70 4.19 3.75 4/5042 91645 | === RUN 5 ===
1787795128 4.56 4.17 3.75 15/4226 91655 | === RUN 5 ===
1787795133 4.44 4.15 3.75 2/4282 91717 | === RUN 6 ===
1787795138 4.40 4.15 3.75 16/4272 91727 | === RUN 6 ===
1787795143 4.29 4.13 3.74 4/4253 91737 | === RUN 6 ===
1787795148 4.19 4.11 3.74 3/4343 91747 | === RUN 6 ===
1787795153 4.09 4.09 3.73 22/4336 91757 | === RUN 6 ===
1787795158 4.08 4.09 3.73 3/4328 91767 | === RUN 6 ===
1787795163 4.16 4.10 3.74 4/4310 91777 | === RUN 6 ===
1787795168 4.06 4.09 3.74 5/4305 91787 | === RUN 6 ===
1787795173 4.06 4.08 3.74 4/4299 91797 | === RUN 6 ===
1787795178 4.05 4.08 3.74 6/4367 91807 | === RUN 6 ===
1787795183 4.05 4.08 3.74 6/4397 91817 | === RUN 6 ===
1787795188 3.97 4.06 3.74 6/4355 91827 | === RUN 6 ===
1787795193 3.97 4.06 3.74 6/4333 91837 | === RUN 6 ===
1787795198 4.13 4.09 3.75 8/4339 91847 | === RUN 6 ===
1787795203 4.04 4.08 3.75 5/4360 91857 | === RUN 6 ===
1787795208 3.88 4.04 3.74 4/4395 91867 | === RUN 6 ===
1787795213 3.73 4.01 3.73 21/4496 91877 | === RUN 6 ===
1787795218 3.67 3.99 3.72 4/4430 91887 | === RUN 6 ===
1787795223 3.78 4.01 3.73 5/4432 91897 | === RUN 6 ===
1787795228 3.63 3.97 3.72 4/4384 91907 | === RUN 6 ===
1787795233 3.50 3.94 3.71 3/4380 91917 | === RUN 6 ===
1787795238 3.38 3.91 3.70 2/4409 91927 | === RUN 6 ===
1787795243 3.27 3.88 3.69 3/4455 91937 | === RUN 6 ===
1787795248 3.33 3.88 3.69 3/4423 91947 | === RUN 6 ===
1787795253 3.22 3.85 3.69 3/4411 91957 | === RUN 6 ===
1787795258 3.04 3.80 3.67 2/4412 91967 | === RUN 6 ===
1787795263 3.04 3.79 3.67 4/4419 91977 | === RUN 6 ===
1787795268 3.04 3.77 3.66 3/4447 91987 | === RUN 6 ===
1787795273 3.11 3.78 3.66 4/4482 91997 | === RUN 6 ===
1787795278 3.10 3.76 3.66 3/4477 92007 | === RUN 6 ===
1787795283 3.10 3.75 3.66 2/4463 92019 | === RUN 6 ===
1787795288 3.09 3.74 3.65 2/4459 92029 | === RUN 6 ===
1787795293 3.00 3.71 3.64 2/4457 92039 | === RUN 6 ===
1787795298 3.00 3.70 3.64 3/4477 92049 | === RUN 6 ===
1787795303 3.00 3.68 3.64 3/4540 92059 | === RUN 6 ===
1787795308 2.92 3.66 3.63 9/4498 92069 | === RUN 6 ===
1787795313 2.85 3.63 3.62 2/4469 92079 | === RUN 6 ===
1787795318 2.86 3.62 3.62 3/4508 92089 | === RUN 6 ===
1787795323 2.71 3.57 3.60 2/4492 92099 | === RUN 6 ===
1787795328 2.81 3.58 3.60 5/4515 92109 | === RUN 6 ===
1787795333 2.75 3.55 3.59 4/4556 92119 | === RUN 6 ===
1787795338 2.69 3.53 3.59 4/4545 92129 | === RUN 6 ===
1787795343 2.55 3.49 3.57 4/4527 92139 | === RUN 6 ===
1787795348 2.59 3.48 3.57 4/4557 92149 | === RUN 6 ===
1787795353 2.54 3.45 3.56 4/4545 92159 | === RUN 6 ===
1787795358 2.74 3.48 3.57 9/4616 92169 | === RUN 6 ===
1787795363 2.68 3.45 3.56 4/4602 92179 | === RUN 6 ===
1787795368 2.62 3.43 3.55 6/4606 92189 | === RUN 6 ===
1787795373 2.65 3.42 3.55 7/4591 92199 | === RUN 6 ===
1787795378 2.60 3.40 3.54 7/4593 92209 | === RUN 6 ===
1787795383 2.55 3.38 3.53 4/4562 92221 | === RUN 6 ===
1787795388 2.51 3.35 3.52 3/4585 92233 | === RUN 6 ===
1787795393 2.55 3.35 3.52 4/4646 92243 | === RUN 6 ===
1787795398 2.91 3.41 3.54 4/4664 92253 | === RUN 6 ===
1787795403 2.75 3.37 3.52 4/4652 92263 | === RUN 6 ===
1787795408 2.61 3.33 3.51 10/4645 92273 | === RUN 6 ===
1787795413 2.56 3.31 3.50 2/4616 92283 | === RUN 6 ===
1787795418 2.44 3.27 3.49 6/4642 92293 | === RUN 6 ===
1787795423 2.48 3.26 3.48 3/4689 92303 | === RUN 6 ===
1787795428 2.44 3.24 3.48 4/4719 92313 | === RUN 6 ===
1787795433 2.49 3.24 3.47 4/4671 92323 | === RUN 6 ===
1787795438 2.45 3.22 3.47 4/4673 92333 | === RUN 6 ===
1787795443 2.57 3.23 3.47 2/4658 92343 | === RUN 6 ===
1787795448 2.61 3.22 3.47 2/4643 92353 | === RUN 6 ===
1787795453 2.48 3.19 3.45 2/4703 92363 | === RUN 6 ===
1787795458 2.44 3.17 3.44 7/4721 92373 | === RUN 6 ===
1787795463 2.40 3.15 3.44 5/4780 92383 | === RUN 6 ===
1787795468 2.45 3.15 3.43 3/4841 92393 | === RUN 6 ===
1787795473 2.42 3.13 3.43 3/4941 92403 | === RUN 6 ===
1787795478 2.46 3.12 3.42 3/5002 92413 | === RUN 6 ===
1787795483 2.43 3.10 3.42 2/5056 92423 | === RUN 6 ===
1787795488 2.39 3.09 3.41 28/4319 92487 | === RUN 7 ===
1787795493 2.44 3.08 3.41 6/4286 92497 | === RUN 7 ===
1787795498 2.48 3.08 3.40 4/4293 92507 | === RUN 7 ===
1787795503 2.61 3.10 3.41 4/4280 92517 | === RUN 7 ===
1787795508 2.64 3.10 3.40 6/4334 92527 | === RUN 7 ===
1787795513 2.67 3.10 3.40 5/4363 92537 | === RUN 7 ===
1787795518 2.77 3.11 3.40 2/4342 92547 | === RUN 7 ===
1787795523 2.71 3.09 3.40 3/4354 92557 | === RUN 7 ===
1787795528 2.65 3.07 3.39 3/4324 92567 | === RUN 7 ===
1787795533 2.60 3.06 3.38 3/4345 92577 | === RUN 7 ===
1787795538 2.71 3.07 3.38 3/4330 92587 | === RUN 7 ===
1787795543 2.74 3.07 3.38 4/4392 92597 | === RUN 7 ===
1787795548 2.76 3.07 3.38 4/4352 92607 | === RUN 7 ===
1787795553 2.86 3.08 3.38 3/4349 92617 | === RUN 7 ===
1787795558 3.43 3.20 3.42 2/4366 92627 | === RUN 7 ===
1787795563 3.32 3.18 3.41 4/4392 92637 | === RUN 7 ===
1787795568 3.37 3.19 3.41 4/4421 92647 | === RUN 7 ===
1787795573 3.26 3.17 3.41 6/4449 92657 | === RUN 7 ===
1787795578 3.16 3.15 3.40 4/4410 92667 | === RUN 7 ===
1787795583 3.15 3.15 3.40 4/4443 92677 | === RUN 7 ===
1787795588 3.22 3.16 3.40 5/4431 92687 | === RUN 7 ===
1787795593 3.36 3.20 3.41 6/4466 92697 | === RUN 7 ===
1787795598 3.33 3.19 3.41 4/4427 92707 | === RUN 7 ===
1787795603 3.46 3.22 3.41 5/4484 92717 | === RUN 7 ===
1787795608 3.43 3.22 3.41 4/4474 92727 | === RUN 7 ===
1787795613 3.71 3.28 3.43 2/4450 92737 | === RUN 7 ===
1787795618 3.66 3.28 3.43 3/4471 92747 | === RUN 7 ===
1787795623 3.60 3.27 3.43 4/4471 92757 | === RUN 7 ===
1787795628 3.47 3.25 3.42 2/4444 92765 | === RUN 7 ===
1787795633 3.28 3.21 3.41 3/4491 92775 | === RUN 7 ===
1787795638 3.25 3.21 3.40 9/4502 92785 | === RUN 7 ===
1787795643 3.39 3.24 3.41 5/4501 92795 | === RUN 7 ===
1787795648 3.28 3.22 3.40 4/4468 92805 | === RUN 7 ===
1787795653 3.42 3.25 3.41 4/4462 92815 | === RUN 7 ===
1787795658 3.39 3.24 3.41 4/4505 92825 | === RUN 7 ===
1787795663 3.44 3.26 3.41 3/4503 92835 | === RUN 7 ===
1787795668 3.48 3.27 3.42 4/4486 92845 | === RUN 7 ===
1787795673 3.44 3.26 3.42 2/4470 92855 | === RUN 7 ===
1787795678 3.65 3.31 3.43 4/4482 92865 | === RUN 7 ===
1787795683 3.68 3.32 3.43 10/4491 92875 | === RUN 7 ===
1787795688 3.62 3.32 3.43 2/4509 92885 | === RUN 7 ===
1787795693 3.65 3.33 3.43 2/4549 92895 | === RUN 7 ===
1787795698 3.60 3.32 3.43 6/4565 92905 | === RUN 7 ===
1787795703 3.47 3.30 3.42 3/4539 92915 | === RUN 7 ===
1787795708 3.35 3.28 3.42 4/4579 92925 | === RUN 7 ===
1787795713 3.25 3.26 3.41 7/4561 92935 | === RUN 7 ===
1787795718 3.06 3.22 3.39 3/4545 92945 | === RUN 7 ===
1787795723 2.90 3.18 3.38 4/4570 92955 | === RUN 7 ===
1787795728 2.83 3.16 3.37 4/4586 92965 | === RUN 7 ===
1787795733 2.76 3.14 3.37 5/4531 92975 | === RUN 7 ===
1787795738 2.94 3.17 3.37 5/4591 92985 | === RUN 7 ===
1787795743 3.03 3.19 3.38 6/4583 92995 | === RUN 7 ===
1787795748 2.86 3.15 3.37 6/4597 93005 | === RUN 7 ===
1787795753 2.71 3.11 3.35 3/4622 93015 | === RUN 7 ===
1787795758 2.66 3.10 3.34 4/4614 93026 | === RUN 7 ===
1787795763 2.68 3.09 3.34 4/4607 93036 | === RUN 7 ===
1787795768 3.43 3.24 3.39 4/4608 93046 | === RUN 7 ===
1787795773 3.40 3.24 3.39 3/4605 93056 | === RUN 7 ===
1787795778 3.20 3.20 3.37 3/4662 93066 | === RUN 7 ===
1787795783 3.11 3.18 3.37 3/4687 93076 | === RUN 7 ===
1787795788 2.94 3.14 3.35 4/4663 93086 | === RUN 7 ===
1787795793 3.02 3.16 3.36 4/4639 93096 | === RUN 7 ===
1787795798 3.18 3.19 3.37 4/4706 93106 | === RUN 7 ===
1787795803 3.09 3.17 3.36 4/4702 93116 | === RUN 7 ===
1787795808 3.08 3.17 3.36 6/4646 93126 | === RUN 7 ===
1787795813 2.91 3.13 3.34 2/4691 93136 | === RUN 7 ===
1787795818 2.76 3.09 3.33 4/4699 93146 | === RUN 7 ===
1787795823 2.62 3.06 3.32 4/4723 93156 | === RUN 7 ===
1787795828 2.65 3.06 3.32 3/4806 93166 | === RUN 7 ===
1787795833 2.52 3.02 3.30 4/4890 93176 | === RUN 7 ===
1787795838 2.48 3.01 3.30 6/4960 93186 | === RUN 7 ===
1787795843 2.52 3.01 3.29 3/5012 93196 | === RUN 7 ===
1787795848 2.48 2.99 3.29 25/4185 93206 | === RUN 7 ===
1787795853 2.44 2.97 3.28 2/4264 93271 | === RUN 8 ===
1787795858 2.40 2.96 3.27 3/4249 93281 | === RUN 8 ===
1787795863 2.45 2.96 3.27 3/4255 93291 | === RUN 8 ===
1787795868 2.33 2.92 3.26 2/4282 93301 | === RUN 8 ===
1787795873 2.39 2.93 3.26 2/4326 93311 | === RUN 8 ===
1787795878 2.44 2.93 3.26 2/4287 93321 | === RUN 8 ===
1787795883 2.40 2.91 3.25 2/4306 93331 | === RUN 8 ===
1787795888 2.29 2.88 3.24 4/4323 93341 | === RUN 8 ===
1787795893 2.19 2.85 3.22 3/4275 93351 | === RUN 8 ===
1787795898 2.33 2.87 3.23 3/4333 93361 | === RUN 8 ===
1787795903 2.31 2.85 3.22 2/4331 93371 | === RUN 8 ===
1787795908 2.36 2.86 3.22 3/4321 93381 | === RUN 8 ===
1787795913 2.33 2.84 3.21 2/4318 93391 | === RUN 8 ===
1787795918 2.47 2.86 3.22 4/4335 93401 | === RUN 8 ===
1787795923 2.51 2.86 3.22 3/4364 93411 | === RUN 8 ===
1787795928 2.39 2.83 3.20 4/4376 93421 | === RUN 8 ===
1787795933 2.44 2.83 3.20 2/4407 93431 | === RUN 8 ===
1787795938 2.40 2.82 3.20 8/4432 93441 | === RUN 8 ===
1787795943 2.45 2.82 3.19 6/4444 93451 | === RUN 8 ===
1787795948 2.41 2.81 3.19 5/4426 93461 | === RUN 8 ===
1787795953 2.38 2.80 3.18 3/4384 93471 | === RUN 8 ===
1787795958 2.43 2.80 3.18 3/4400 93481 | === RUN 8 ===
1787795963 2.48 2.80 3.18 4/4454 93491 | === RUN 8 ===
1787795968 2.52 2.81 3.18 9/4423 93501 | === RUN 8 ===
1787795973 2.64 2.83 3.18 3/4400 93511 | === RUN 8 ===
1787795978 2.59 2.81 3.18 3/4409 93521 | === RUN 8 ===
1787795983 2.54 2.80 3.17 5/4442 93531 | === RUN 8 ===
1787795988 2.50 2.78 3.16 6/4429 93541 | === RUN 8 ===
1787795993 2.37 2.75 3.15 4/4496 93551 | === RUN 8 ===
1787795998 2.59 2.79 3.16 2/4453 93561 | === RUN 8 ===
1787796003 2.54 2.78 3.16 2/4465 93571 | === RUN 8 ===
1787796008 2.49 2.77 3.15 3/4496 93581 | === RUN 8 ===
1787796013 2.37 2.74 3.14 2/4446 93591 | === RUN 8 ===
1787796018 2.26 2.71 3.13 13/4515 93601 | === RUN 8 ===
1787796023 2.16 2.68 3.11 3/4503 93611 | === RUN 8 ===
1787796028 2.23 2.68 3.11 2/4486 93621 | === RUN 8 ===
1787796033 2.21 2.67 3.11 2/4475 93631 | === RUN 8 ===
1787796038 2.35 2.69 3.11 2/4522 93641 | === RUN 8 ===
1787796043 2.41 2.70 3.11 2/4491 93651 | === RUN 8 ===
1787796048 2.29 2.67 3.10 4/4555 93661 | === RUN 8 ===
1787796053 2.43 2.69 3.10 3/4528 93671 | === RUN 8 ===
1787796058 2.40 2.68 3.10 3/4554 93681 | === RUN 8 ===
1787796063 2.44 2.69 3.10 2/4547 93691 | === RUN 8 ===
1787796068 2.49 2.69 3.10 4/4555 93701 | === RUN 8 ===
1787796073 2.45 2.68 3.09 5/4558 93711 | === RUN 8 ===
1787796078 2.33 2.65 3.08 6/4606 93721 | === RUN 8 ===
1787796083 2.39 2.66 3.08 7/4637 93731 | === RUN 8 ===
1787796088 2.36 2.65 3.07 5/4565 93741 | === RUN 8 ===
1787796093 2.49 2.67 3.08 7/4579 93751 | === RUN 8 ===
1787796098 2.45 2.66 3.07 4/4577 93761 | === RUN 8 ===
1787796103 2.57 2.68 3.08 3/4607 93771 | === RUN 8 ===
1787796108 2.53 2.67 3.07 4/4651 93781 | === RUN 8 ===
1787796113 2.56 2.68 3.07 3/4652 93791 | === RUN 8 ===
1787796118 2.68 2.70 3.08 2/4643 93801 | === RUN 8 ===
1787796123 2.63 2.69 3.07 5/4649 93811 | === RUN 8 ===
1787796128 4.90 3.16 3.22 28/4692 93821 | === RUN 8 ===
1787796133 7.15 3.65 3.38 8/4667 93831 | === RUN 8 ===
1787796138 6.74 3.62 3.37 11/4653 93841 | === RUN 8 ===
1787796143 6.52 3.63 3.38 7/4671 93851 | === RUN 8 ===
1787796148 6.15 3.60 3.37 4/4683 93861 | === RUN 8 ===
1787796153 6.22 3.66 3.39 4/4667 93871 | === RUN 8 ===
1787796158 6.20 3.70 3.40 4/4701 93881 | === RUN 8 ===
1787796163 6.59 3.82 3.44 3/4688 93891 | === RUN 8 ===
1787796168 6.46 3.84 3.45 2/4718 93901 | === RUN 8 ===
1787796173 6.18 3.83 3.45 2/4691 93911 | === RUN 8 ===
1787796178 5.85 3.80 3.44 2/4706 93921 | === RUN 8 ===
1787796183 5.70 3.80 3.44 4/4725 93931 | === RUN 8 ===
1787796188 5.56 3.80 3.45 3/4802 93941 | === RUN 8 ===
1787796193 5.44 3.81 3.45 2/4827 93951 | === RUN 8 ===
1787796198 5.24 3.79 3.45 3/4961 93961 | === RUN 8 ===
1787796203 5.14 3.80 3.45 4/4999 93971 | === RUN 8 ===
1787796208 4.89 3.77 3.44 5/5026 93981 | === RUN 8 ===
1787796213 5.38 3.89 3.49 15/4338 94045 | === RUN 9 ===
1787796218 5.11 3.85 3.48 3/4266 94053 | === RUN 9 ===
1787796223 4.86 3.82 3.47 3/4309 94063 | === RUN 9 ===
1787796228 4.71 3.81 3.47 5/4294 94073 | === RUN 9 ===
1787796233 4.57 3.80 3.46 4/4346 94083 | === RUN 9 ===
1787796238 4.69 3.83 3.48 4/4340 94093 | === RUN 9 ===
1787796243 4.63 3.83 3.48 2/4316 94103 | === RUN 9 ===
1787796248 5.54 4.04 3.55 6/4340 94113 | === RUN 9 ===
1787796253 5.26 4.00 3.54 5/4321 94123 | === RUN 9 ===
1787796258 6.12 4.20 3.61 16/4421 94133 | === RUN 9 ===
1787796263 5.87 4.18 3.60 5/4380 94143 | === RUN 9 ===
1787796268 5.56 4.15 3.59 6/4368 94153 | === RUN 9 ===
1787796273 5.19 4.09 3.58 4/4331 94163 | === RUN 9 ===
1787796278 5.10 4.09 3.58 3/4346 94173 | === RUN 9 ===
1787796283 5.01 4.09 3.58 7/4372 94183 | === RUN 9 ===
1787796288 5.01 4.10 3.59 3/4395 94193 | === RUN 9 ===
1787796293 4.85 4.09 3.59 7/4464 94203 | === RUN 9 ===
1787796298 4.54 4.03 3.57 5/4410 94213 | === RUN 9 ===
1787796303 4.42 4.02 3.57 6/4408 94223 | === RUN 9 ===
1787796308 4.30 4.00 3.57 6/4428 94233 | === RUN 9 ===
1787796313 4.12 3.97 3.56 3/4396 94243 | === RUN 9 ===
1787796318 3.95 3.93 3.55 4/4447 94253 | === RUN 9 ===
1787796323 3.79 3.90 3.54 4/4431 94263 | === RUN 9 ===
1787796328 3.73 3.89 3.54 4/4454 94273 | === RUN 9 ===
1787796333 3.67 3.87 3.54 4/4452 94283 | === RUN 9 ===
1787796338 3.62 3.86 3.53 14/4422 94293 | === RUN 9 ===
1787796343 3.49 3.83 3.52 3/4422 94303 | === RUN 9 ===
1787796348 3.45 3.81 3.52 3/4444 94313 | === RUN 9 ===
1787796353 3.33 3.78 3.51 2/4477 94323 | === RUN 9 ===
1787796358 3.30 3.77 3.51 6/4491 94333 | === RUN 9 ===
1787796363 3.28 3.75 3.51 2/4449 94344 | === RUN 9 ===
1787796368 3.18 3.73 3.50 5/4476 94354 | === RUN 9 ===
1787796373 3.48 3.78 3.52 4/4437 94364 | === RUN 9 ===
1787796378 3.60 3.80 3.53 4/4506 94374 | === RUN 9 ===
1787796383 3.48 3.77 3.52 8/4532 94384 | === RUN 9 ===
1787796388 3.36 3.74 3.51 4/4507 94394 | === RUN 9 ===
1787796393 3.17 3.69 3.50 2/4468 94404 | === RUN 9 ===
1787796398 2.99 3.65 3.48 3/4502 94414 | === RUN 9 ===
1787796403 2.83 3.61 3.47 3/4474 94424 | === RUN 9 ===
1787796408 2.69 3.56 3.45 5/4526 94434 | === RUN 9 ===
1787796413 4.23 3.87 3.55 5/4557 94444 | === RUN 9 ===
1787796418 4.22 3.87 3.56 3/4520 94454 | === RUN 9 ===
1787796423 4.12 3.86 3.55 3/4521 94464 | === RUN 9 ===
1787796428 4.11 3.86 3.56 2/4536 94474 | === RUN 9 ===
1787796433 3.94 3.83 3.55 2/4523 94484 | === RUN 9 ===
1787796438 3.78 3.80 3.54 8/4574 94494 | === RUN 9 ===
1787796443 3.72 3.78 3.54 3/4558 94504 | === RUN 9 ===
1787796448 3.74 3.79 3.54 2/4544 94514 | === RUN 9 ===
1787796453 3.60 3.76 3.53 3/4540 94524 | === RUN 9 ===
1787796458 3.56 3.74 3.53 3/4549 94534 | === RUN 9 ===
1787796463 3.43 3.71 3.52 4/4549 94544 | === RUN 9 ===
1787796468 3.48 3.72 3.52 5/4619 94554 | === RUN 9 ===
1787796473 3.28 3.67 3.51 4/4619 94564 | === RUN 9 ===
1787796478 3.66 3.75 3.53 2/4611 94574 | === RUN 9 ===
1787796483 3.44 3.70 3.52 4/4600 94584 | === RUN 9 ===
1787796488 3.41 3.69 3.52 11/4626 94594 | === RUN 9 ===
1787796493 3.21 3.64 3.50 2/4615 94604 | === RUN 9 ===
1787796498 3.04 3.60 3.49 2/4617 94614 | === RUN 9 ===
1787796503 3.11 3.61 3.49 2/4669 94624 | === RUN 9 ===
1787796508 3.02 3.58 3.48 3/4658 94634 | === RUN 9 ===
1787796513 3.02 3.57 3.48 3/4667 94644 | === RUN 9 ===
1787796518 2.94 3.54 3.47 3/4638 94654 | === RUN 9 ===
1787796523 2.94 3.53 3.47 14/4660 94664 | === RUN 9 ===
1787796528 2.87 3.51 3.46 4/4681 94674 | === RUN 9 ===
1787796533 2.88 3.50 3.46 6/4670 94684 | === RUN 9 ===
1787796538 4.57 3.84 3.57 2/4682 94694 | === RUN 9 ===
1787796543 6.61 4.27 3.71 3/4748 94704 | === RUN 9 ===
1787796548 6.24 4.24 3.70 3/4749 94714 | === RUN 9 ===
1787796553 6.14 4.25 3.71 3/4778 94724 | === RUN 9 ===
1787796558 5.89 4.23 3.70 3/4924 94734 | === RUN 9 ===
1787796563 5.50 4.17 3.69 4/4989 94744 | === RUN 9 ===
1787796568 5.22 4.14 3.68 3/5002 94754 | === RUN 9 ===
1787796573 5.04 4.12 3.68 32/4272 94817 | === RUN 10 ===
1787796578 4.79 4.08 3.67 5/4248 94827 | === RUN 10 ===
1787796583 4.57 4.05 3.66 5/4234 94837 | === RUN 10 ===
1787796588 4.52 4.05 3.66 7/4316 94847 | === RUN 10 ===
1787796593 4.24 4.00 3.65 5/4334 94857 | === RUN 10 ===
1787796598 5.26 4.21 3.72 5/4332 94867 | === RUN 10 ===
1787796603 5.00 4.18 3.71 2/4336 94877 | === RUN 10 ===
1787796608 4.76 4.14 3.70 3/4332 94887 | === RUN 10 ===
1787796613 4.54 4.10 3.69 3/4336 94897 | === RUN 10 ===
1787796618 4.26 4.05 3.67 3/4370 94907 | === RUN 10 ===
1787796623 4.00 4.00 3.66 14/4394 94917 | === RUN 10 ===
1787796628 4.00 4.00 3.66 2/4355 94927 | === RUN 10 ===
1787796633 4.48 4.10 3.70 6/4359 94937 | === RUN 10 ===
1787796638 4.28 4.07 3.69 2/4332 94947 | === RUN 10 ===
1787796643 4.10 4.03 3.68 2/4341 94957 | === RUN 10 ===
1787796648 3.93 4.00 3.67 3/4389 94967 | === RUN 10 ===
1787796653 3.77 3.96 3.66 2/4414 94977 | === RUN 10 ===
1787796658 4.67 4.15 3.72 2/4404 94987 | === RUN 10 ===
1787796663 4.78 4.18 3.73 7/4442 94997 | === RUN 10 ===
1787796668 8.72 5.01 4.00 3/4437 95007 | === RUN 10 ===
1787796673 8.34 4.99 4.00 4/4389 95017 | === RUN 10 ===
1787796678 8.15 5.01 4.01 5/4394 95027 | === RUN 10 ===
1787796683 7.82 4.99 4.01 6/4461 95037 | === RUN 10 ===
1787796688 9.04 5.29 4.11 3/4417 95047 | === RUN 10 ===
1787796693 11.36 5.83 4.30 5/4428 95057 | === RUN 10 ===
1787796698 10.93 5.83 4.31 5/4444 95067 | === RUN 10 ===
1787796703 10.21 5.77 4.29 4/4429 95077 | === RUN 10 ===
1787796708 9.55 5.71 4.28 2/4455 95087 | === RUN 10 ===
1787796713 9.19 5.69 4.28 4/4504 95097 | === RUN 10 ===
1787796718 11.58 6.25 4.47 4/4485 95107 | === RUN 10 ===
1787796723 10.89 6.19 4.46 3/4459 95119 | === RUN 10 ===
1787796728 10.10 6.11 4.44 4/4468 95129 | === RUN 10 ===
1787796733 9.53 6.06 4.44 4/4486 95139 | === RUN 10 ===
1787796738 8.93 5.99 4.42 5/4473 95149 | === RUN 10 ===
1787796743 8.29 5.91 4.40 3/4489 95159 | === RUN 10 ===
1787796748 7.87 5.86 4.40 4/4469 95169 | === RUN 10 ===
1787796753 7.48 5.81 4.39 3/4464 95179 | === RUN 10 ===
1787796758 7.76 5.90 4.42 2/4502 95189 | === RUN 10 ===
1787796763 7.14 5.80 4.40 4/4475 95199 | === RUN 10 ===
1787796768 6.81 5.75 4.39 3/4509 95209 | === RUN 10 ===
1787796773 6.34 5.67 4.37 3/4541 95219 | === RUN 10 ===
1787796778 7.35 5.89 4.45 4/4524 95229 | === RUN 10 ===
1787796783 7.01 5.84 4.44 3/4530 95239 | === RUN 10 ===
1787796788 6.77 5.81 4.44 4/4549 95249 | === RUN 10 ===
1787796793 6.46 5.77 4.43 4/4536 95259 | === RUN 10 ===
1787796798 6.19 5.72 4.43 6/4544 95269 | === RUN 10 ===
1787796803 5.85 5.66 4.41 5/4562 95277 | === RUN 10 ===
1787796808 5.46 5.58 4.39 7/4546 95287 | === RUN 10 ===
1787796813 5.18 5.52 4.38 11/4549 95297 | === RUN 10 ===
1787796818 4.93 5.46 4.37 4/4584 95307 | === RUN 10 ===
1787796823 4.61 5.39 4.35 5/4566 95317 | === RUN 10 ===
1787796828 4.48 5.35 4.34 4/4611 95327 | === RUN 10 ===
1787796833 4.21 5.28 4.32 4/4627 95337 | === RUN 10 ===
1787796839 5.23 5.47 4.39 5/4642 95347 | === RUN 10 ===
1787796844 4.89 5.40 4.37 4/4653 95357 | === RUN 10 ===
1787796849 4.66 5.34 4.36 7/4682 95367 | === RUN 10 ===
1787796854 4.45 5.28 4.35 5/4658 95377 | === RUN 10 ===
1787796859 4.25 5.23 4.34 3/4674 95387 | === RUN 10 ===
1787796864 4.15 5.19 4.33 2/4679 95397 | === RUN 10 ===
1787796869 4.22 5.19 4.33 3/4728 95407 | === RUN 10 ===
1787796874 4.12 5.15 4.33 3/4730 95417 | === RUN 10 ===
1787796879 4.03 5.12 4.32 4/4695 95427 | === RUN 10 ===
1787796884 3.87 5.06 4.31 2/4729 95437 | === RUN 10 ===
1787796889 3.72 5.01 4.29 4/4698 95449 | === RUN 10 ===
1787796894 3.58 4.96 4.28 2/4702 95461 | === RUN 10 ===
1787796899 4.57 5.15 4.34 2/4700 95471 | === RUN 10 ===
1787796904 4.69 5.16 4.35 2/4722 95481 | === RUN 10 ===
1787796909 4.47 5.11 4.34 4/4826 95491 | === RUN 10 ===
1787796914 4.28 5.06 4.33 3/4833 95501 | === RUN 10 ===
1787796919 4.17 5.02 4.32 2/4984 95511 | === RUN 10 ===
1787796924 3.84 4.94 4.30 3/5005 95521 | === RUN 10 ===
1787796929 3.69 4.89 4.28 2/5030 95531 | === RUN 10 ===
