1787793328 === RUN 1 ===
1787793328 LOADAVG-AT-MARKER 2.77 3.24 3.14 25/4304 87749
1787793691 === RUN 1: PASS (exit 0) ===
1787793691 LOADAVG-AT-MARKER 3.32 3.56 3.30 26/4281 88615
1787793691 === RUN 2 ===
1787793691 LOADAVG-AT-MARKER 3.32 3.56 3.30 26/4281 88615
1787794048 === RUN 2: PASS (exit 0) ===
1787794048 LOADAVG-AT-MARKER 3.19 3.69 3.50 9/4275 89387
1787794048 === RUN 3 ===
1787794048 LOADAVG-AT-MARKER 3.19 3.69 3.50 14/4275 89387
1787794403 === RUN 3: PASS (exit 0) ===
1787794403 LOADAVG-AT-MARKER 2.55 3.51 3.55 25/4196 90152
1787794403 === RUN 4 ===
1787794403 LOADAVG-AT-MARKER 2.55 3.51 3.55 23/4196 90152
1787794764 === RUN 4: PASS (exit 0) ===
1787794764 LOADAVG-AT-MARKER 2.81 3.07 3.34 19/4213 90927
1787794764 === RUN 5 ===
1787794764 LOADAVG-AT-MARKER 2.81 3.07 3.34 6/4213 90927
1787795129 === RUN 5: PASS (exit 0) ===
1787795129 LOADAVG-AT-MARKER 4.56 4.17 3.75 17/4329 91709
1787795129 === RUN 6 ===
1787795129 LOADAVG-AT-MARKER 4.56 4.17 3.75 22/4329 91709
1787795488 === RUN 6: PASS (exit 0) ===
1787795488 LOADAVG-AT-MARKER 2.39 3.09 3.41 21/4319 92487
1787795488 === RUN 7 ===
1787795488 LOADAVG-AT-MARKER 2.39 3.09 3.41 33/4319 92487
1787795849 === RUN 7: PASS (exit 0) ===
1787795849 LOADAVG-AT-MARKER 2.48 2.99 3.29 22/4272 93263
1787795849 === RUN 8 ===
1787795849 LOADAVG-AT-MARKER 2.48 2.99 3.29 21/4272 93263
1787796212 === RUN 8: PASS (exit 0) ===
1787796212 LOADAVG-AT-MARKER 5.38 3.89 3.49 13/4225 94043
1787796212 === RUN 9 ===
1787796212 LOADAVG-AT-MARKER 5.38 3.89 3.49 17/4225 94043
1787796573 === RUN 9: PASS (exit 0) ===
1787796573 LOADAVG-AT-MARKER 5.04 4.12 3.68 26/4272 94817
1787796573 === RUN 10 ===
1787796573 LOADAVG-AT-MARKER 5.04 4.12 3.68 25/4272 94817
1787796932 === RUN 10: PASS (exit 0) ===
1787796932 LOADAVG-AT-MARKER 3.69 4.89 4.28 30/4166 95546
1787796932 full per-run logs and combined summary log kept in: /tmp/deck-stability.ItoG43
1787796932 10/10 passed
poller done
