=== RUN   TestBlackBoxAssertionsObserveRealSession
--- PASS: TestBlackBoxAssertionsObserveRealSession (1.02s)
=== RUN   TestTokenFormAssertionsResolveThroughPinnedThemeAndCanFail
token-form assertions discriminate: accent=#00ff00
--- PASS: TestTokenFormAssertionsResolveThroughPinnedThemeAndCanFail (0.00s)
=== RUN   TestCoalescedTwoKeystrokesWithNoDelayStillDispatchBoth
--- PASS: TestCoalescedTwoKeystrokesWithNoDelayStillDispatchBoth (0.53s)
=== RUN   TestClientFrameHasNoColourAnywhereCanFail
    color_depth_no_colour_floor_test.go:53: clientFrameHasNoColourAnywhere correctly failed against a colour-enabled client: client "floor-proof" cell at row 0 column 0 has foreground #0d9488 under NO_COLOR, want none
--- PASS: TestClientFrameHasNoColourAnywhereCanFail (0.35s)
=== RUN   TestCreateModalKeyboardOnlyReachesEveryFieldAndExplanation
--- PASS: TestCreateModalKeyboardOnlyReachesEveryFieldAndExplanation (0.53s)
=== RUN   TestCellAttributeAssertionsCanFail
--- PASS: TestCellAttributeAssertionsCanFail (0.00s)
=== RUN   TestNoFeatureFileUsesTheI16RedDemoStep
--- PASS: TestNoFeatureFileUsesTheI16RedDemoStep (0.00s)
=== RUN   TestFingerprintDetectsMutations
=== RUN   TestFingerprintDetectsMutations/content_change
=== RUN   TestFingerprintDetectsMutations/mtime_touch
=== RUN   TestFingerprintDetectsMutations/added_file
=== RUN   TestFingerprintDetectsMutations/mode_change
=== RUN   TestFingerprintDetectsMutations/symlink_target_swap
=== RUN   TestFingerprintDetectsMutations/removed_file
=== RUN   TestFingerprintDetectsMutations/root_directory_mode_change
--- PASS: TestFingerprintDetectsMutations (0.00s)
    --- PASS: TestFingerprintDetectsMutations/content_change (0.00s)
    --- PASS: TestFingerprintDetectsMutations/mtime_touch (0.00s)
    --- PASS: TestFingerprintDetectsMutations/added_file (0.00s)
    --- PASS: TestFingerprintDetectsMutations/mode_change (0.00s)
    --- PASS: TestFingerprintDetectsMutations/symlink_target_swap (0.00s)
    --- PASS: TestFingerprintDetectsMutations/removed_file (0.00s)
    --- PASS: TestFingerprintDetectsMutations/root_directory_mode_change (0.00s)
=== RUN   TestFrameBudgetCanFail
--- PASS: TestFrameBudgetCanFail (0.00s)
=== RUN   TestFeatures
[1;37mFeature:[0m §11.8 mouse bindings and the [ui] mouse / DECK_MOUSE opt-out (requirements 33-37, 41)
  Every gesture below duplicates an existing key -- none is the only way to
  perform its action -- and hit-testing resolves each click through the
  same layout the renderer itself drew from (task 028). With mouse
  reporting off, every one of these gestures is a no-op and only the
  shortcut is lost; the keyboard path underneath keeps working.
=== RUN   TestFeatures/a_sidebar_click_on_the_already-interactive_row_triggers_no_resize

  [1;37mScenario:[0m a sidebar click on the already-interactive row triggers no resize                                                 [1;30m# mouse.feature:93[0m
    [32mGiven[0m [32mdeck client "A" is started[0m                                                                                          [1;30m# assertions_test.go:27 -> github.com/n-orlov/deck/features.startNamedClient[0m
    [32mWhen[0m [32mdeck client "A" creates shell session "retarget-noop-a"[0m                                                              [1;30m# assertions_test.go:52 -> github.com/n-orlov/deck/features.clientCreatesShellSession[0m
    [32mAnd[0m [32mdeck client "A" creates shell session "retarget-noop-b"[0m                                                               [1;30m# assertions_test.go:52 -> github.com/n-orlov/deck/features.clientCreatesShellSession[0m
    [32mAnd[0m [32mwithin one configured reconcile interval deck client "A" screen contains "running"[0m                                    [1;30m# assertions_test.go:30 -> github.com/n-orlov/deck/features.clientScreenContainsWithinReconcileInterval[0m
    [32mAnd[0m [32mdeck client "A" selects session "retarget-noop-a"[0m                                                                     [1;30m# attention_sort_test.go:24 -> github.com/n-orlov/deck/features.clientSelectsSessionByName[0m
    [32mAnd[0m [32mdeck client "A" enters interactive mode[0m                                                                               [1;30m# interactive_focus_test.go:18 -> github.com/n-orlov/deck/features.clientEntersInteractiveMode[0m
    [32mAnd[0m [32m200 milliseconds pass[0m                                                                                                 [1;30m# kill_delete_undo_test.go:29 -> github.com/n-orlov/deck/features.millisecondsPass[0m
    [32mThen[0m [32mdeck client "A" preview top border contains "retarget-noop-a"[0m                                                        [1;30m# interactive_retarget_test.go:25 -> github.com/n-orlov/deck/features.clientPreviewTopBorderContains[0m
    [32mWhen[0m [32mdeck client "A" clicks on the row containing "retarget-noop-b"[0m                                                       [1;30m# mouse_bindings_test.go:20 -> github.com/n-orlov/deck/features.clientClicksOnRowContaining[0m
    [32mAnd[0m [32m200 milliseconds pass[0m                                                                                                 [1;30m# kill_delete_undo_test.go:29 -> github.com/n-orlov/deck/features.millisecondsPass[0m
    [32mThen[0m [32mdeck client "A" has session "retarget-noop-b" selected[0m                                                               [1;30m# attention_sort_test.go:25 -> github.com/n-orlov/deck/features.clientHasSessionSelected[0m
    [32mAnd[0m [32mdeck client "A" preview top border contains "retarget-noop-b"[0m                                                         [1;30m# interactive_retarget_test.go:25 -> github.com/n-orlov/deck/features.clientPreviewTopBorderContains[0m
    [32mAnd[0m [32mthe private tmux window ownership claim for session "retarget-noop-b" is captured as "retarget-noop-b-after-retarget"[0m [1;30m# interactive_retarget_test.go:26 -> github.com/n-orlov/deck/features.privateTMuxWindowOwnershipClaimForSessionIsCapturedAs[0m
    [32mWhen[0m [32mdeck client "A" clicks on the row containing "retarget-noop-b"[0m                                                       [1;30m# mouse_bindings_test.go:20 -> github.com/n-orlov/deck/features.clientClicksOnRowContaining[0m
    [32mAnd[0m [32m200 milliseconds pass[0m                                                                                                 [1;30m# kill_delete_undo_test.go:29 -> github.com/n-orlov/deck/features.millisecondsPass[0m
    [32mThen[0m [32mdeck client "A" has session "retarget-noop-b" selected[0m                                                               [1;30m# attention_sort_test.go:25 -> github.com/n-orlov/deck/features.clientHasSessionSelected[0m
    [32mAnd[0m [32mdeck client "A" preview top border contains "retarget-noop-b"[0m                                                         [1;30m# interactive_retarget_test.go:25 -> github.com/n-orlov/deck/features.clientPreviewTopBorderContains[0m
    [32mAnd[0m [32mthe private tmux window ownership claim for session "retarget-noop-b" still matches "retarget-noop-b-after-retarget"[0m  [1;30m# interactive_retarget_test.go:27 -> github.com/n-orlov/deck/features.privateTMuxWindowOwnershipClaimForSessionStillMatches[0m
    [32mWhen[0m [32mdeck client "A" leaves interactive mode[0m                                                                              [1;30m# interactive_focus_test.go:19 -> github.com/n-orlov/deck/features.clientLeavesInteractiveMode[0m
    [32mThen[0m [32mdeck client "A" screen contains "deck - sessions"[0m                                                                    [1;30m# assertions_test.go:29 -> github.com/n-orlov/deck/features.clientScreenContains[0m
    [32mAnd[0m [32mdeck client "A" exits cleanly[0m                                                                                         [1;30m# assertions_test.go:66 -> github.com/n-orlov/deck/features.clientExitsCleanly[0m

1 scenarios ([32m1 passed[0m)
21 steps ([32m21 passed[0m)
1.544001802s
--- PASS: TestFeatures (1.55s)
    --- PASS: TestFeatures/a_sidebar_click_on_the_already-interactive_row_triggers_no_resize (1.54s)
=== RUN   TestGodogRejectsUndefinedAndFailedSteps
=== RUN   TestGodogRejectsUndefinedAndFailedSteps/undefined
[33mU[0m 1


1 scenarios ([33m1 undefined[0m)
1 steps ([33m1 undefined[0m)
27.373µs

[33mYou can implement step definitions for undefined steps with these snippets:[0m
[33m
func anUnregisteredStep() error {
	return godog.ErrPending
}

func InitializeScenario(ctx *godog.ScenarioContext) {
	ctx.Step(`^an unregistered step$`, anUnregisteredStep)
}
[0m
=== RUN   TestGodogRejectsUndefinedAndFailedSteps/failed
[31mF[0m 1


--- [31mFailed steps:[0m

  [31mScenario: error binding[0m[1;30m # /tmp/TestGodogRejectsUndefinedAndFailedStepsfailed3595707466/001/failure.feature:2[0m
    [31mGiven a failing step[0m[1;30m # /tmp/TestGodogRejectsUndefinedAndFailedStepsfailed3595707466/001/failure.feature:3[0m
      [31mError: [0m[1;31mdeliberate step failure[0m


1 scenarios ([31m1 failed[0m)
1 steps ([31m1 failed[0m)
68.202µs
--- PASS: TestGodogRejectsUndefinedAndFailedSteps (0.00s)
    --- PASS: TestGodogRejectsUndefinedAndFailedSteps/undefined (0.00s)
    --- PASS: TestGodogRejectsUndefinedAndFailedSteps/failed (0.00s)
=== RUN   TestGoldenMinimumFrame
=== RUN   TestGoldenMinimumFrame/run-1
    golden_frame_test.go:75: rendered frame sha256 4c9db23524f49ba578490c9c8f1aeb65e95883da71e37e892dd580d1fb38f7fb (1942 bytes, theme "empire", DECK_COLOR_DEPTH "truecolor")
=== RUN   TestGoldenMinimumFrame/run-2
    golden_frame_test.go:75: rendered frame sha256 4c9db23524f49ba578490c9c8f1aeb65e95883da71e37e892dd580d1fb38f7fb (1942 bytes, theme "empire", DECK_COLOR_DEPTH "truecolor")
--- PASS: TestGoldenMinimumFrame (1.97s)
    --- PASS: TestGoldenMinimumFrame/run-1 (0.99s)
    --- PASS: TestGoldenMinimumFrame/run-2 (0.98s)
=== RUN   TestGoldenMinimumFrameRowCount
--- PASS: TestGoldenMinimumFrameRowCount (0.00s)
=== RUN   TestI1KeystrokeDropReproduction
    i1_repro_test.go:37: opt-in reproduction driver for I-1 (task 004); set DECK_I1_REPRO=1 to run. See docs/reports/phase3d-i1-repro.log for a committed run.
--- SKIP: TestI1KeystrokeDropReproduction (0.00s)
=== RUN   TestInputCountInstrumentCountsRealKeystrokesThroughARealPTY
--- PASS: TestInputCountInstrumentCountsRealKeystrokesThroughARealPTY (0.46s)
=== RUN   TestScenarioHarnessTeardownReportsLeaks
=== RUN   TestScenarioHarnessTeardownReportsLeaks/surviving_child
=== RUN   TestScenarioHarnessTeardownReportsLeaks/responding_socket
=== RUN   TestScenarioHarnessTeardownReportsLeaks/surviving_root
--- PASS: TestScenarioHarnessTeardownReportsLeaks (1.94s)
    --- PASS: TestScenarioHarnessTeardownReportsLeaks/surviving_child (1.37s)
    --- PASS: TestScenarioHarnessTeardownReportsLeaks/responding_socket (0.28s)
    --- PASS: TestScenarioHarnessTeardownReportsLeaks/surviving_root (0.28s)
=== RUN   TestScenarioHarnessSharesIsolationAndCleansUp
--- PASS: TestScenarioHarnessSharesIsolationAndCleansUp (0.36s)
=== RUN   TestMouseReportingEnablesSGRExtendedMode
--- PASS: TestMouseReportingEnablesSGRExtendedMode (0.34s)
=== RUN   TestMouseReportingDisabledOnNormalQuit
--- PASS: TestMouseReportingDisabledOnNormalQuit (0.36s)
=== RUN   TestMouseReportingDisabledOnSignalledExit
--- PASS: TestMouseReportingDisabledOnSignalledExit (0.35s)
=== RUN   TestMouseReportingDisabledOnPanic
--- PASS: TestMouseReportingDisabledOnPanic (0.36s)
=== RUN   TestMouseReportingReenabledAfterAttachDetachCycle
--- PASS: TestMouseReportingReenabledAfterAttachDetachCycle (1.90s)
=== RUN   TestMouseReportingStaysOffAfterAttachDetachWithMouseDisabled
--- PASS: TestMouseReportingStaysOffAfterAttachDetachWithMouseDisabled (1.85s)
=== RUN   TestSGRMouseEncodesColumnsPastX10Ceiling
=== RUN   TestSGRMouseEncodesColumnsPastX10Ceiling/press_at_column_224
=== RUN   TestSGRMouseEncodesColumnsPastX10Ceiling/press_at_column_300
=== RUN   TestSGRMouseEncodesColumnsPastX10Ceiling/release_at_column_224
=== RUN   TestSGRMouseEncodesColumnsPastX10Ceiling/motion_at_column_224
=== RUN   TestSGRMouseEncodesColumnsPastX10Ceiling/wheel_up_at_column_224
--- PASS: TestSGRMouseEncodesColumnsPastX10Ceiling (0.00s)
    --- PASS: TestSGRMouseEncodesColumnsPastX10Ceiling/press_at_column_224 (0.00s)
    --- PASS: TestSGRMouseEncodesColumnsPastX10Ceiling/press_at_column_300 (0.00s)
    --- PASS: TestSGRMouseEncodesColumnsPastX10Ceiling/release_at_column_224 (0.00s)
    --- PASS: TestSGRMouseEncodesColumnsPastX10Ceiling/motion_at_column_224 (0.00s)
    --- PASS: TestSGRMouseEncodesColumnsPastX10Ceiling/wheel_up_at_column_224 (0.00s)
=== RUN   TestNavigationHelperNeverSleeps
--- PASS: TestNavigationHelperNeverSleeps (0.00s)
=== RUN   TestHomeFileLeaksFindsAnUnmaskedControlValueAndIgnoresAnAbsentOne
--- PASS: TestHomeFileLeaksFindsAnUnmaskedControlValueAndIgnoresAnAbsentOne (0.00s)
=== RUN   TestReadPaneHistoryLimitDistinguishesTmuxDefaultFromADeckValue
--- PASS: TestReadPaneHistoryLimitDistinguishesTmuxDefaultFromADeckValue (0.02s)
=== RUN   TestAssertPaneHistoryLimitFailsAgainstTheWrongValue
--- PASS: TestAssertPaneHistoryLimitFailsAgainstTheWrongValue (0.02s)
=== RUN   TestScreenDriverLaunchesDeckAndAnswersTerminalProbes
--- PASS: TestScreenDriverLaunchesDeckAndAnswersTerminalProbes (0.37s)
=== RUN   TestWaitForFrameAppliesADefaultDeadlineWhenTheCallersContextHasNone
--- PASS: TestWaitForFrameAppliesADefaultDeadlineWhenTheCallersContextHasNone (0.40s)
=== RUN   TestNormalizeFrame
=== RUN   TestNormalizeFrame/unfrozen_timestamp_and_just_now
=== RUN   TestNormalizeFrame/unfrozen_numeric_minute_age
=== RUN   TestNormalizeFrame/unfrozen_numeric_hour_age
=== RUN   TestNormalizeFrame/unfrozen_numeric_day_age
=== RUN   TestNormalizeFrame/frozen_values_preserved
--- PASS: TestNormalizeFrame (0.00s)
    --- PASS: TestNormalizeFrame/unfrozen_timestamp_and_just_now (0.00s)
    --- PASS: TestNormalizeFrame/unfrozen_numeric_minute_age (0.00s)
    --- PASS: TestNormalizeFrame/unfrozen_numeric_hour_age (0.00s)
    --- PASS: TestNormalizeFrame/unfrozen_numeric_day_age (0.00s)
    --- PASS: TestNormalizeFrame/frozen_values_preserved (0.00s)
=== RUN   TestRequireRealClaudeHookFieldsIsStrictAboutUpstreamContract
--- PASS: TestRequireRealClaudeHookFieldsIsStrictAboutUpstreamContract (0.00s)
=== RUN   TestSigwinchCountDistinguishesTwoFromThree
--- PASS: TestSigwinchCountDistinguishesTwoFromThree (0.31s)
=== RUN   TestThemeChangesAttributesButNotFrameGeometry
=== RUN   TestThemeChangesAttributesButNotFrameGeometry/unicode
    theme_geometry_test.go:196: themes "cobalt" vs "daylight" differ in colour at 275 of 1920 cells
    theme_geometry_test.go:196: themes "cobalt" vs "empire" differ in colour at 275 of 1920 cells
    theme_geometry_test.go:196: themes "cobalt" vs "matrix" differ in colour at 275 of 1920 cells
    theme_geometry_test.go:196: themes "cobalt" vs "parchment" differ in colour at 275 of 1920 cells
=== RUN   TestThemeChangesAttributesButNotFrameGeometry/ascii
    theme_geometry_test.go:196: themes "cobalt" vs "daylight" differ in colour at 279 of 1920 cells
    theme_geometry_test.go:196: themes "cobalt" vs "empire" differ in colour at 279 of 1920 cells
    theme_geometry_test.go:196: themes "cobalt" vs "matrix" differ in colour at 279 of 1920 cells
    theme_geometry_test.go:196: themes "cobalt" vs "parchment" differ in colour at 279 of 1920 cells
--- PASS: TestThemeChangesAttributesButNotFrameGeometry (1.78s)
    --- PASS: TestThemeChangesAttributesButNotFrameGeometry/unicode (0.74s)
    --- PASS: TestThemeChangesAttributesButNotFrameGeometry/ascii (0.75s)
=== RUN   TestReadTmuxOptionInScopeTreatsBothUnsetShapesAsNone
--- PASS: TestReadTmuxOptionInScopeTreatsBothUnsetShapesAsNone (0.02s)
=== RUN   TestAssertTmuxOptionInScopeDistinguishesGlobalFromWindow
--- PASS: TestAssertTmuxOptionInScopeDistinguishesGlobalFromWindow (0.02s)
=== RUN   TestAssertTmuxOptionInScopeFailsWhenValueIsInTheWrongScope
--- PASS: TestAssertTmuxOptionInScopeFailsWhenValueIsInTheWrongScope (0.03s)
=== RUN   TestAssertTmuxOptionUnsetInScope
--- PASS: TestAssertTmuxOptionUnsetInScope (0.02s)
PASS
ok  	github.com/n-orlov/deck/features	16.877s
