+ deck - sessions -----------------+-------------------------------------------+
| socket: deck_golden_frame_test   | 41x21 of 80x24                            |
| v agent-session-cwd  /tmp/dec... | row 4 of 5..................              |
| > golden starting                | row 5 of 5..................              |
|   [safe] created just now        |                                           |
|                                  |                                           |
|                                  |                                           |
|                                  |                                           |
|                                  |                                           |
|                                  |                                           |
|                                  |                                           |
|                                  |                                           |
|                                  |                                           |
|                                  |                                           |
|                                  |                                           |
|                                  |                                           |
|                                  |                                           |
|                                  |                                           |
|                                  |                                           |
|                                  |                                           |
|                                  |                                           |
|                                  |                                           |
+----------------------------------+-------------------------------------------+
starting - awaiting signal    up/down - Enter attach - Y acknowledge - n new -