    [32mAnd[0m [32mdeck client "A" archives its selected session "filter-archived-row"[0m [1;30m# kill_delete_undo_test.go:43 -> github.com/n-orlov/deck/features.clientArchivesSelectedSession[0m
    [32mThen[0m [32mdeck client "A" screen does not contain "filter-archived-row"[0m      [1;30m# agent_steps_test.go:34 -> github.com/n-orlov/deck/features.clientScreenDoesNotContain[0m
    [32mWhen[0m [32mdeck client "A" opens the list filter[0m                              [1;30m# filter_test.go:16 -> github.com/n-orlov/deck/features.clientOpensListFilter[0m
    [32mAnd[0m [32mdeck client "A" types "filter-archived-row" into the filter field[0m   [1;30m# filter_test.go:17 -> github.com/n-orlov/deck/features.clientTypesIntoFilterField[0m
    [32mThen[0m [32mdeck client "A" screen contains "filter-archived-row"[0m              [1;30m# assertions_test.go:29 -> github.com/n-orlov/deck/features.clientScreenContains[0m
    [32mAnd[0m [32mdeck client "A" screen contains "Filter"[0m                            [1;30m# assertions_test.go:29 -> github.com/n-orlov/deck/features.clientScreenContains[0m
    [32mWhen[0m [32mdeck client "A" clears the list filter with escape[0m                 [1;30m# filter_test.go:20 -> github.com/n-orlov/deck/features.clientClearsListFilterWithEscape[0m
    [32mThen[0m [32mdeck client "A" exits cleanly[0m                                      [1;30m# assertions_test.go:66 -> github.com/n-orlov/deck/features.clientExitsCleanly[0m
=== RUN   TestFeatures/U_inside_the_filter's_results_returns_the_archived_row_to_the_default_list

  [1;37mScenario:[0m U inside the filter's results returns the archived row to the default list [1;30m# filter.feature:59[0m
    [32mGiven[0m [32mdeck client "A" is started[0m                                                   [1;30m# assertions_test.go:27 -> github.com/n-orlov/deck/features.startNamedClient[0m
    [32mAnd[0m [32mdeck client "A" creates shell session "unarchive-bystander"[0m                    [1;30m# assertions_test.go:52 -> github.com/n-orlov/deck/features.clientCreatesShellSession[0m
    [32mAnd[0m [32mdeck client "A" creates shell session "unarchive-target"[0m                       [1;30m# assertions_test.go:52 -> github.com/n-orlov/deck/features.clientCreatesShellSession[0m
    [32mAnd[0m [32mdeck client "A" archives its selected session "unarchive-target"[0m               [1;30m# kill_delete_undo_test.go:43 -> github.com/n-orlov/deck/features.clientArchivesSelectedSession[0m
    [32mThen[0m [32mthe state database session "unarchive-target" is archived[0m                     [1;30m# kill_delete_undo_test.go:44 -> github.com/n-orlov/deck/features.stateDatabaseSessionIsArchived[0m
    [32mAnd[0m [32mdeck client "A" screen contains "unarchive-bystander"[0m                          [1;30m# assertions_test.go:29 -> github.com/n-orlov/deck/features.clientScreenContains[0m
    [32mWhen[0m [32mdeck client "A" opens the list filter[0m                                         [1;30m# filter_test.go:16 -> github.com/n-orlov/deck/features.clientOpensListFilter[0m
    [32mAnd[0m [32mdeck client "A" types "unarchive-target" into the filter field[0m                 [1;30m# filter_test.go:17 -> github.com/n-orlov/deck/features.clientTypesIntoFilterField[0m
    [32mAnd[0m [32mdeck client "A" keeps the filter in force with enter[0m                           [1;30m# filter_test.go:18 -> github.com/n-orlov/deck/features.clientKeepsFilterInForceWithEnter[0m
    [32mThen[0m [32mdeck client "A" screen contains "unarchive-target"[0m                            [1;30m# assertions_test.go:29 -> github.com/n-orlov/deck/features.clientScreenContains[0m
    [32mAnd[0m [32mdeck client "A" screen does not contain "unarchive-bystander"[0m                  [1;30m# agent_steps_test.go:34 -> github.com/n-orlov/deck/features.clientScreenDoesNotContain[0m
    [32mWhen[0m [32mdeck client "A" unarchives its selected session "unarchive-target"[0m            [1;30m# filter_test.go:19 -> github.com/n-orlov/deck/features.clientUnarchivesSelectedSession[0m
    [32mThen[0m [32mthe state database session "unarchive-target" is not archived[0m                 [1;30m# kill_delete_undo_test.go:45 -> github.com/n-orlov/deck/features.stateDatabaseSessionIsNotArchived[0m
    [32mWhen[0m [32mdeck client "A" opens the list filter[0m                                         [1;30m# filter_test.go:16 -> github.com/n-orlov/deck/features.clientOpensListFilter[0m
    [32mAnd[0m [32mdeck client "A" clears the list filter with escape[0m                             [1;30m# filter_test.go:20 -> github.com/n-orlov/deck/features.clientClearsListFilterWithEscape[0m
    [32mThen[0m [32mdeck client "A" screen contains "unarchive-target"[0m                            [1;30m# assertions_test.go:29 -> github.com/n-orlov/deck/features.clientScreenContains[0m
    [32mAnd[0m [32mdeck client "A" screen contains "unarchive-bystander"[0m                          [1;30m# assertions_test.go:29 -> github.com/n-orlov/deck/features.clientScreenContains[0m
    [32mAnd[0m [32mdeck client "A" exits cleanly[0m                                                  [1;30m# assertions_test.go:66 -> github.com/n-orlov/deck/features.clientExitsCleanly[0m

4 scenarios ([32m4 passed[0m)
47 steps ([32m47 passed[0m)
2.769460277s
--- PASS: TestFeatures (2.78s)
    --- PASS: TestFeatures//_filters_the_list_down_to_the_one_row_whose_name_matches (0.81s)
    --- PASS: TestFeatures//_filters_the_list_down_to_the_one_row_whose_cwd_(and_its_default_workspace)_matches (0.66s)
    --- PASS: TestFeatures/the_filter_is_the_only_route_back_to_a_row_hidden_by_A_archive (0.54s)
    --- PASS: TestFeatures/U_inside_the_filter's_results_returns_the_archived_row_to_the_default_list (0.72s)
PASS
ok  	github.com/n-orlov/deck/features	2.792s
