==================
WARNING: DATA RACE
Write at 0x00c00032a008 by goroutine 40:
  github.com/charmbracelet/ultraviolet.(*Buffer).DeleteLineArea()
      /go-cache/mod/github.com/charmbracelet/ultraviolet@v0.0.0-20260303162955-0b88c25f3fff/buffer.go:508 +0x3a4
  github.com/charmbracelet/ultraviolet.(*RenderBuffer).DeleteLineArea()
      /go-cache/mod/github.com/charmbracelet/ultraviolet@v0.0.0-20260303162955-0b88c25f3fff/buffer.go:751 +0x91
  github.com/charmbracelet/x/vt.(*Screen).DeleteLine()
      /go-cache/mod/github.com/charmbracelet/x/vt@v0.0.0-20260816001655-68d539dca504/screen.go:369 +0x391
  github.com/charmbracelet/x/vt.(*Screen).ScrollUp()
      /go-cache/mod/github.com/charmbracelet/x/vt@v0.0.0-20260816001655-68d539dca504/screen.go:303 +0xa4
  github.com/charmbracelet/x/vt.(*Emulator).index()
      /go-cache/mod/github.com/charmbracelet/x/vt@v0.0.0-20260816001655-68d539dca504/cc.go:31 +0x11a
  github.com/charmbracelet/x/vt.(*Emulator).linefeed()
      /go-cache/mod/github.com/charmbracelet/x/vt@v0.0.0-20260816001655-68d539dca504/cc.go:18 +0x2e
  github.com/charmbracelet/x/vt.(*Emulator).registerDefaultCcHandlers.func5()
      /go-cache/mod/github.com/charmbracelet/x/vt@v0.0.0-20260816001655-68d539dca504/handlers.go:252 +0x2e
  github.com/charmbracelet/x/vt.(*handlers).handleCc()
      /go-cache/mod/github.com/charmbracelet/x/vt@v0.0.0-20260816001655-68d539dca504/handlers.go:107 +0xde
  github.com/charmbracelet/x/vt.(*Emulator).handleControl()
      /go-cache/mod/github.com/charmbracelet/x/vt@v0.0.0-20260816001655-68d539dca504/cc.go:11 +0x44
  github.com/charmbracelet/x/vt.(*Emulator).handleControl-fm()
      <autogenerated>:1 +0x3c
  github.com/charmbracelet/x/ansi.(*Parser).performAction()
      /go-cache/mod/github.com/charmbracelet/x/ansi@v0.11.7/parser.go:278 +0x721
  github.com/charmbracelet/x/ansi.(*Parser).advance()
      /go-cache/mod/github.com/charmbracelet/x/ansi@v0.11.7/parser.go:234 +0x1b5
  github.com/charmbracelet/x/ansi.(*Parser).Advance()
      /go-cache/mod/github.com/charmbracelet/x/ansi@v0.11.7/parser.go:166 +0x6c
  github.com/charmbracelet/x/vt.(*Emulator).Write()
      /go-cache/mod/github.com/charmbracelet/x/vt@v0.0.0-20260816001655-68d539dca504/emulator.go:276 +0x10b
  github.com/charmbracelet/x/vt.(*SafeEmulator).Write()
      /go-cache/mod/github.com/charmbracelet/x/vt@v0.0.0-20260816001655-68d539dca504/safe_emulator.go:29 +0x104
  github.com/n-orlov/deck/internal/interactive.(*Session).writeGrid()
      /w/internal/interactive/grid.go:742 +0x49
  github.com/n-orlov/deck/internal/interactive.(*Session).writeNotice()
      /w/internal/interactive/grid.go:711 +0xae
  github.com/n-orlov/deck/internal/interactive.TestConcurrentWritesAndReadsStayConsistent.func2()
      /w/internal/interactive/writestall_test.go:219 +0x95

Previous read at 0x00c00032a008 by goroutine 42:
  github.com/n-orlov/deck/internal/interactive.(*Session).SelectedText()
      /w/internal/interactive/grid.go:1014 +0x67b
  github.com/n-orlov/deck/internal/interactive.TestConcurrentWritesAndReadsStayConsistent.func4()
      /w/internal/interactive/writestall_test.go:240 +0xce

Goroutine 40 (running) created at:
  github.com/n-orlov/deck/internal/interactive.TestConcurrentWritesAndReadsStayConsistent()
      /w/internal/interactive/writestall_test.go:216 +0x35c
  testing.tRunner()
      /usr/local/go/src/testing/testing.go:1934 +0x21c
  testing.(*T).Run.gowrap1()
      /usr/local/go/src/testing/testing.go:1997 +0x44

Goroutine 42 (running) created at:
  github.com/n-orlov/deck/internal/interactive.TestConcurrentWritesAndReadsStayConsistent()
      /w/internal/interactive/writestall_test.go:236 +0x532
  testing.tRunner()
      /usr/local/go/src/testing/testing.go:1934 +0x21c
  testing.(*T).Run.gowrap1()
      /usr/local/go/src/testing/testing.go:1997 +0x44
==================
==================
WARNING: DATA RACE
Write at 0x00c00009a8a0 by goroutine 40:
  github.com/charmbracelet/x/vt.(*Scrollback).Push()
      /go-cache/mod/github.com/charmbracelet/x/vt@v0.0.0-20260816001655-68d539dca504/scrollback.go:54 +0x46a
  github.com/charmbracelet/x/vt.(*Scrollback).PushN()
      /go-cache/mod/github.com/charmbracelet/x/vt@v0.0.0-20260816001655-68d539dca504/scrollback.go:65 +0x187
  github.com/charmbracelet/x/vt.(*Screen).DeleteLine()
      /go-cache/mod/github.com/charmbracelet/x/vt@v0.0.0-20260816001655-68d539dca504/screen.go:366 +0x29c
  github.com/charmbracelet/x/vt.(*Screen).ScrollUp()
      /go-cache/mod/github.com/charmbracelet/x/vt@v0.0.0-20260816001655-68d539dca504/screen.go:303 +0xa4
  github.com/charmbracelet/x/vt.(*Emulator).index()
      /go-cache/mod/github.com/charmbracelet/x/vt@v0.0.0-20260816001655-68d539dca504/cc.go:31 +0x11a
  github.com/charmbracelet/x/vt.(*Emulator).linefeed()
      /go-cache/mod/github.com/charmbracelet/x/vt@v0.0.0-20260816001655-68d539dca504/cc.go:18 +0x2e
  github.com/charmbracelet/x/vt.(*Emulator).registerDefaultCcHandlers.func5()
      /go-cache/mod/github.com/charmbracelet/x/vt@v0.0.0-20260816001655-68d539dca504/handlers.go:252 +0x2e
  github.com/charmbracelet/x/vt.(*handlers).handleCc()
      /go-cache/mod/github.com/charmbracelet/x/vt@v0.0.0-20260816001655-68d539dca504/handlers.go:107 +0xde
  github.com/charmbracelet/x/vt.(*Emulator).handleControl()
      /go-cache/mod/github.com/charmbracelet/x/vt@v0.0.0-20260816001655-68d539dca504/cc.go:11 +0x44
  github.com/charmbracelet/x/vt.(*Emulator).handleControl-fm()
      <autogenerated>:1 +0x3c
  github.com/charmbracelet/x/ansi.(*Parser).performAction()
      /go-cache/mod/github.com/charmbracelet/x/ansi@v0.11.7/parser.go:278 +0x721
  github.com/charmbracelet/x/ansi.(*Parser).advance()
      /go-cache/mod/github.com/charmbracelet/x/ansi@v0.11.7/parser.go:234 +0x1b5
  github.com/charmbracelet/x/ansi.(*Parser).Advance()
      /go-cache/mod/github.com/charmbracelet/x/ansi@v0.11.7/parser.go:166 +0x6c
  github.com/charmbracelet/x/vt.(*Emulator).Write()
      /go-cache/mod/github.com/charmbracelet/x/vt@v0.0.0-20260816001655-68d539dca504/emulator.go:276 +0x10b
  github.com/charmbracelet/x/vt.(*SafeEmulator).Write()
      /go-cache/mod/github.com/charmbracelet/x/vt@v0.0.0-20260816001655-68d539dca504/safe_emulator.go:29 +0x104
  github.com/n-orlov/deck/internal/interactive.(*Session).writeGrid()
      /w/internal/interactive/grid.go:742 +0x49
  github.com/n-orlov/deck/internal/interactive.(*Session).writeNotice()
      /w/internal/interactive/grid.go:711 +0xae
  github.com/n-orlov/deck/internal/interactive.TestConcurrentWritesAndReadsStayConsistent.func2()
      /w/internal/interactive/writestall_test.go:219 +0x95

Previous read at 0x00c00009a8a0 by goroutine 41:
  github.com/charmbracelet/x/vt.(*Scrollback).Line()
      /go-cache/mod/github.com/charmbracelet/x/vt@v0.0.0-20260816001655-68d539dca504/scrollback.go:104 +0x40c
  github.com/n-orlov/deck/internal/interactive.(*Session).RenderRows()
      /w/internal/interactive/grid.go:838 +0x44b
  github.com/n-orlov/deck/internal/interactive.TestConcurrentWritesAndReadsStayConsistent.func3()
      /w/internal/interactive/writestall_test.go:225 +0x104

Goroutine 40 (running) created at:
  github.com/n-orlov/deck/internal/interactive.TestConcurrentWritesAndReadsStayConsistent()
      /w/internal/interactive/writestall_test.go:216 +0x35c
  testing.tRunner()
      /usr/local/go/src/testing/testing.go:1934 +0x21c
  testing.(*T).Run.gowrap1()
      /usr/local/go/src/testing/testing.go:1997 +0x44

Goroutine 41 (running) created at:
  github.com/n-orlov/deck/internal/interactive.TestConcurrentWritesAndReadsStayConsistent()
      /w/internal/interactive/writestall_test.go:222 +0x46a
  testing.tRunner()
      /usr/local/go/src/testing/testing.go:1934 +0x21c
  testing.(*T).Run.gowrap1()
      /usr/local/go/src/testing/testing.go:1997 +0x44
==================
==================
WARNING: DATA RACE
Write at 0x00c00009a8a0 by goroutine 40:
  github.com/charmbracelet/x/vt.(*Scrollback).Push()
      /go-cache/mod/github.com/charmbracelet/x/vt@v0.0.0-20260816001655-68d539dca504/scrollback.go:54 +0x46a
  github.com/charmbracelet/x/vt.(*Scrollback).PushN()
      /go-cache/mod/github.com/charmbracelet/x/vt@v0.0.0-20260816001655-68d539dca504/scrollback.go:65 +0x187
  github.com/charmbracelet/x/vt.(*Screen).DeleteLine()
      /go-cache/mod/github.com/charmbracelet/x/vt@v0.0.0-20260816001655-68d539dca504/screen.go:366 +0x29c
  github.com/charmbracelet/x/vt.(*Screen).ScrollUp()
      /go-cache/mod/github.com/charmbracelet/x/vt@v0.0.0-20260816001655-68d539dca504/screen.go:303 +0xa4
  github.com/charmbracelet/x/vt.(*Emulator).index()
      /go-cache/mod/github.com/charmbracelet/x/vt@v0.0.0-20260816001655-68d539dca504/cc.go:31 +0x11a
  github.com/charmbracelet/x/vt.(*Emulator).linefeed()
      /go-cache/mod/github.com/charmbracelet/x/vt@v0.0.0-20260816001655-68d539dca504/cc.go:18 +0x2e
  github.com/charmbracelet/x/vt.(*Emulator).registerDefaultCcHandlers.func5()
      /go-cache/mod/github.com/charmbracelet/x/vt@v0.0.0-20260816001655-68d539dca504/handlers.go:252 +0x2e
  github.com/charmbracelet/x/vt.(*handlers).handleCc()
      /go-cache/mod/github.com/charmbracelet/x/vt@v0.0.0-20260816001655-68d539dca504/handlers.go:107 +0xde
  github.com/charmbracelet/x/vt.(*Emulator).handleControl()
      /go-cache/mod/github.com/charmbracelet/x/vt@v0.0.0-20260816001655-68d539dca504/cc.go:11 +0x44
  github.com/charmbracelet/x/vt.(*Emulator).handleControl-fm()
      <autogenerated>:1 +0x3c
  github.com/charmbracelet/x/ansi.(*Parser).performAction()
      /go-cache/mod/github.com/charmbracelet/x/ansi@v0.11.7/parser.go:278 +0x721
  github.com/charmbracelet/x/ansi.(*Parser).advance()
      /go-cache/mod/github.com/charmbracelet/x/ansi@v0.11.7/parser.go:234 +0x1b5
  github.com/charmbracelet/x/ansi.(*Parser).Advance()
      /go-cache/mod/github.com/charmbracelet/x/ansi@v0.11.7/parser.go:166 +0x6c
  github.com/charmbracelet/x/vt.(*Emulator).Write()
      /go-cache/mod/github.com/charmbracelet/x/vt@v0.0.0-20260816001655-68d539dca504/emulator.go:276 +0x10b
  github.com/charmbracelet/x/vt.(*SafeEmulator).Write()
      /go-cache/mod/github.com/charmbracelet/x/vt@v0.0.0-20260816001655-68d539dca504/safe_emulator.go:29 +0x104
  github.com/n-orlov/deck/internal/interactive.(*Session).writeGrid()
      /w/internal/interactive/grid.go:742 +0x49
  github.com/n-orlov/deck/internal/interactive.(*Session).writeNotice()
      /w/internal/interactive/grid.go:711 +0xae
  github.com/n-orlov/deck/internal/interactive.TestConcurrentWritesAndReadsStayConsistent.func2()
      /w/internal/interactive/writestall_test.go:219 +0x95

Previous read at 0x00c00009a8a0 by goroutine 41:
  github.com/charmbracelet/x/vt.(*Scrollback).Len()
      /go-cache/mod/github.com/charmbracelet/x/vt@v0.0.0-20260816001655-68d539dca504/scrollback.go:75 +0x13a
  github.com/n-orlov/deck/internal/interactive.(*Session).RenderRows()
      /w/internal/interactive/grid.go:817 +0x134
  github.com/n-orlov/deck/internal/interactive.TestConcurrentWritesAndReadsStayConsistent.func3()
      /w/internal/interactive/writestall_test.go:225 +0x104

Goroutine 40 (running) created at:
  github.com/n-orlov/deck/internal/interactive.TestConcurrentWritesAndReadsStayConsistent()
      /w/internal/interactive/writestall_test.go:216 +0x35c
  testing.tRunner()
      /usr/local/go/src/testing/testing.go:1934 +0x21c
  testing.(*T).Run.gowrap1()
      /usr/local/go/src/testing/testing.go:1997 +0x44

Goroutine 41 (running) created at:
  github.com/n-orlov/deck/internal/interactive.TestConcurrentWritesAndReadsStayConsistent()
      /w/internal/interactive/writestall_test.go:222 +0x46a
  testing.tRunner()
      /usr/local/go/src/testing/testing.go:1934 +0x21c
  testing.(*T).Run.gowrap1()
      /usr/local/go/src/testing/testing.go:1997 +0x44
==================
==================
WARNING: DATA RACE
Write at 0x00c000332608 by goroutine 40:
  github.com/charmbracelet/ultraviolet.Line.Set()
      /go-cache/mod/github.com/charmbracelet/ultraviolet@v0.0.0-20260303162955-0b88c25f3fff/buffer.go:80 +0x293
  github.com/charmbracelet/ultraviolet.(*Buffer).SetCell()
      /go-cache/mod/github.com/charmbracelet/ultraviolet@v0.0.0-20260303162955-0b88c25f3fff/buffer.go:299 +0x245
  github.com/charmbracelet/ultraviolet.(*RenderBuffer).SetCell()
      /go-cache/mod/github.com/charmbracelet/ultraviolet@v0.0.0-20260303162955-0b88c25f3fff/buffer.go:714 +0x76
  github.com/charmbracelet/x/vt.(*Screen).SetCell()
      /go-cache/mod/github.com/charmbracelet/x/vt@v0.0.0-20260816001655-68d539dca504/screen.go:65 +0x689
  github.com/charmbracelet/x/vt.(*Emulator).handleGrapheme()
      /go-cache/mod/github.com/charmbracelet/x/vt@v0.0.0-20260816001655-68d539dca504/utf8.go:88 +0x315
  github.com/charmbracelet/x/vt.(*Emulator).handlePrint()
      /go-cache/mod/github.com/charmbracelet/x/vt@v0.0.0-20260816001655-68d539dca504/utf8.go:17 +0x7b
  github.com/charmbracelet/x/vt.(*Emulator).handlePrint-fm()
      <autogenerated>:1 +0x3b
  github.com/charmbracelet/x/ansi.(*Parser).performAction()
      /go-cache/mod/github.com/charmbracelet/x/ansi@v0.11.7/parser.go:272 +0xf61
  github.com/charmbracelet/x/ansi.(*Parser).advance()
      /go-cache/mod/github.com/charmbracelet/x/ansi@v0.11.7/parser.go:234 +0x1b5
  github.com/charmbracelet/x/ansi.(*Parser).Advance()
      /go-cache/mod/github.com/charmbracelet/x/ansi@v0.11.7/parser.go:166 +0x6c
  github.com/charmbracelet/x/vt.(*Emulator).Write()
      /go-cache/mod/github.com/charmbracelet/x/vt@v0.0.0-20260816001655-68d539dca504/emulator.go:276 +0x10b
  github.com/charmbracelet/x/vt.(*SafeEmulator).Write()
      /go-cache/mod/github.com/charmbracelet/x/vt@v0.0.0-20260816001655-68d539dca504/safe_emulator.go:29 +0x104
  github.com/n-orlov/deck/internal/interactive.(*Session).writeGrid()
      /w/internal/interactive/grid.go:742 +0x49
  github.com/n-orlov/deck/internal/interactive.(*Session).writeNotice()
      /w/internal/interactive/grid.go:711 +0xae
  github.com/n-orlov/deck/internal/interactive.TestConcurrentWritesAndReadsStayConsistent.func2()
      /w/internal/interactive/writestall_test.go:219 +0x95

Previous read at 0x00c000332608 by goroutine 42:
  github.com/n-orlov/deck/internal/interactive.(*Session).SelectedText()
      /w/internal/interactive/grid.go:1014 +0x67b
  github.com/n-orlov/deck/internal/interactive.TestConcurrentWritesAndReadsStayConsistent.func4()
      /w/internal/interactive/writestall_test.go:240 +0xce

Goroutine 40 (running) created at:
  github.com/n-orlov/deck/internal/interactive.TestConcurrentWritesAndReadsStayConsistent()
      /w/internal/interactive/writestall_test.go:216 +0x35c
  testing.tRunner()
      /usr/local/go/src/testing/testing.go:1934 +0x21c
  testing.(*T).Run.gowrap1()
      /usr/local/go/src/testing/testing.go:1997 +0x44

Goroutine 42 (running) created at:
  github.com/n-orlov/deck/internal/interactive.TestConcurrentWritesAndReadsStayConsistent()
      /w/internal/interactive/writestall_test.go:236 +0x532
  testing.tRunner()
      /usr/local/go/src/testing/testing.go:1934 +0x21c
  testing.(*T).Run.gowrap1()
      /usr/local/go/src/testing/testing.go:1997 +0x44
==================
==================
WARNING: DATA RACE
Write at 0x00c000332fa8 by goroutine 40:
  github.com/charmbracelet/ultraviolet.Line.Set()
      /go-cache/mod/github.com/charmbracelet/ultraviolet@v0.0.0-20260303162955-0b88c25f3fff/buffer.go:76 +0x35b
  github.com/charmbracelet/ultraviolet.(*Buffer).SetCell()
      /go-cache/mod/github.com/charmbracelet/ultraviolet@v0.0.0-20260303162955-0b88c25f3fff/buffer.go:299 +0x1e6
  github.com/charmbracelet/ultraviolet.(*Buffer).DeleteLineArea()
      /go-cache/mod/github.com/charmbracelet/ultraviolet@v0.0.0-20260303162955-0b88c25f3fff/buffer.go:515 +0x208
  github.com/charmbracelet/ultraviolet.(*RenderBuffer).DeleteLineArea()
      /go-cache/mod/github.com/charmbracelet/ultraviolet@v0.0.0-20260303162955-0b88c25f3fff/buffer.go:751 +0x91
  github.com/charmbracelet/x/vt.(*Screen).DeleteLine()
      /go-cache/mod/github.com/charmbracelet/x/vt@v0.0.0-20260816001655-68d539dca504/screen.go:369 +0x391
  github.com/charmbracelet/x/vt.(*Screen).ScrollUp()
      /go-cache/mod/github.com/charmbracelet/x/vt@v0.0.0-20260816001655-68d539dca504/screen.go:303 +0xa4
  github.com/charmbracelet/x/vt.(*Emulator).index()
      /go-cache/mod/github.com/charmbracelet/x/vt@v0.0.0-20260816001655-68d539dca504/cc.go:31 +0x11a
  github.com/charmbracelet/x/vt.(*Emulator).linefeed()
      /go-cache/mod/github.com/charmbracelet/x/vt@v0.0.0-20260816001655-68d539dca504/cc.go:18 +0x2e
  github.com/charmbracelet/x/vt.(*Emulator).registerDefaultCcHandlers.func5()
      /go-cache/mod/github.com/charmbracelet/x/vt@v0.0.0-20260816001655-68d539dca504/handlers.go:252 +0x2e
  github.com/charmbracelet/x/vt.(*handlers).handleCc()
      /go-cache/mod/github.com/charmbracelet/x/vt@v0.0.0-20260816001655-68d539dca504/handlers.go:107 +0xde
  github.com/charmbracelet/x/vt.(*Emulator).handleControl()
      /go-cache/mod/github.com/charmbracelet/x/vt@v0.0.0-20260816001655-68d539dca504/cc.go:11 +0x44
  github.com/charmbracelet/x/vt.(*Emulator).handleControl-fm()
      <autogenerated>:1 +0x3c
  github.com/charmbracelet/x/ansi.(*Parser).performAction()
      /go-cache/mod/github.com/charmbracelet/x/ansi@v0.11.7/parser.go:278 +0x721
  github.com/charmbracelet/x/ansi.(*Parser).advance()
      /go-cache/mod/github.com/charmbracelet/x/ansi@v0.11.7/parser.go:234 +0x1b5
  github.com/charmbracelet/x/ansi.(*Parser).Advance()
      /go-cache/mod/github.com/charmbracelet/x/ansi@v0.11.7/parser.go:166 +0x6c
  github.com/charmbracelet/x/vt.(*Emulator).Write()
      /go-cache/mod/github.com/charmbracelet/x/vt@v0.0.0-20260816001655-68d539dca504/emulator.go:276 +0x10b
  github.com/charmbracelet/x/vt.(*SafeEmulator).Write()
      /go-cache/mod/github.com/charmbracelet/x/vt@v0.0.0-20260816001655-68d539dca504/safe_emulator.go:29 +0x104
  github.com/n-orlov/deck/internal/interactive.(*Session).writeGrid()
      /w/internal/interactive/grid.go:742 +0x49
  github.com/n-orlov/deck/internal/interactive.(*Session).writeNotice()
      /w/internal/interactive/grid.go:711 +0xae
  github.com/n-orlov/deck/internal/interactive.TestConcurrentWritesAndReadsStayConsistent.func2()
      /w/internal/interactive/writestall_test.go:219 +0x95

Previous read at 0x00c000332fa8 by goroutine 42:
  github.com/n-orlov/deck/internal/interactive.(*Session).SelectedText()
      /w/internal/interactive/grid.go:1014 +0x67b
  github.com/n-orlov/deck/internal/interactive.TestConcurrentWritesAndReadsStayConsistent.func4()
      /w/internal/interactive/writestall_test.go:240 +0xce

Goroutine 40 (running) created at:
  github.com/n-orlov/deck/internal/interactive.TestConcurrentWritesAndReadsStayConsistent()
      /w/internal/interactive/writestall_test.go:216 +0x35c
  testing.tRunner()
      /usr/local/go/src/testing/testing.go:1934 +0x21c
  testing.(*T).Run.gowrap1()
      /usr/local/go/src/testing/testing.go:1997 +0x44

Goroutine 42 (running) created at:
  github.com/n-orlov/deck/internal/interactive.TestConcurrentWritesAndReadsStayConsistent()
      /w/internal/interactive/writestall_test.go:236 +0x532
  testing.tRunner()
      /usr/local/go/src/testing/testing.go:1934 +0x21c
  testing.(*T).Run.gowrap1()
      /usr/local/go/src/testing/testing.go:1997 +0x44
==================
--- FAIL: TestConcurrentWritesAndReadsStayConsistent (0.12s)
    testing.go:1617: race detected during execution of test
FAIL
FAIL	github.com/n-orlov/deck/internal/interactive	0.131s
FAIL
