token-form assertions discriminate: accent=#00ff00
[1;37mFeature:[0m The create modal's §11.7 directory-only ghost completion (requirement 14)
  With the cursor at the end of the cwd field (there is no other cursor
  position: typing only appends, backspace only trims the end), a UNIQUE
  directory whose name starts with the segment after the field's last "/"
  is shown inline in the theme's dimmed token, and right/end accept it,
  completing to the match plus a trailing "/". Only directories are ever
  candidates -- a same-named file never blocks or substitutes for one. A
  hidden directory is a candidate only when the segment itself starts with
  ".". A leading "~" expands for scanning without being rewritten in what
  is typed or shown.

  [1;37mScenario:[0m a unique directory match ghosts in the dimmed token and right accepts it with a trailing slash                                          [1;30m# create_cwd_ghost.feature:14[0m
    [32mGiven[0m [32ma scratch directory labelled "unique-right" exists[0m                                                                                        [1;30m# create_cwd_ghost_test.go:23 -> github.com/n-orlov/deck/features.scratchDirectoryLabelledExists[0m
    [32mAnd[0m [32ma directory named "uniqueprojright" exists in the scratch directory labelled "unique-right"[0m                                                 [1;30m# create_cwd_ghost_test.go:24 -> github.com/n-orlov/deck/features.directoryExistsInScratch[0m
    [32mAnd[0m [32mdeck client "A" is started with colour enabled[0m                                                                                              [1;30m# cell_attributes_test.go:20 -> github.com/n-orlov/deck/features.startNamedClientWithColour[0m
    [32mWhen[0m [32mdeck client "A" opens the create modal[0m                                                                                                     [1;30m# create_session_test.go:21 -> github.com/n-orlov/deck/features.clientOpensCreateModal[0m
    [32mAnd[0m [32mdeck client "A" types "cwd-ghost-right-session" as the session name[0m                                                                         [1;30m# create_cwd_ghost_test.go:29 -> github.com/n-orlov/deck/features.clientTypesSessionName[0m
    [32mAnd[0m [32mdeck client "A" tabs to the cwd field[0m                                                                                                       [1;30m# create_session_test.go:28 -> github.com/n-orlov/deck/features.clientTabsToCWDField[0m
    [32mAnd[0m [32mdeck client "A" types the scratch directory labelled "unique-right" followed by "uniquep" into the cwd field[0m                                [1;30m# create_cwd_ghost_test.go:27 -> github.com/n-orlov/deck/features.clientTypesScratchDirPlusSegment[0m
    [32mThen[0m [32mdeck client "A" text "rojright/" has foreground token "dimmed"[0m                                                                             [1;30m# cell_attributes_test.go:50 -> github.com/n-orlov/deck/features.textHasForegroundToken[0m
    [32mWhen[0m [32mdeck client "A" presses "right" in the cwd field[0m                                                                                           [1;30m# create_cwd_ghost_test.go:28 -> github.com/n-orlov/deck/features.clientPressesKeyInCWDField[0m
    [32mThen[0m [32mdeck client "A" screen contains "uniqueprojright/"[0m                                                                                         [1;30m# assertions_test.go:29 -> github.com/n-orlov/deck/features.clientScreenContains[0m
    [32mWhen[0m [32mdeck client "A" submits the create modal[0m                                                                                                   [1;30m# create_cwd_ghost_test.go:30 -> github.com/n-orlov/deck/features.clientSubmitsCreateModal[0m
    [32mThen[0m [32mdeck client "A" has session "cwd-ghost-right-session" selected[0m                                                                             [1;30m# attention_sort_test.go:25 -> github.com/n-orlov/deck/features.clientHasSessionSelected[0m
    [32mAnd[0m [32mthe state database session "cwd-ghost-right-session" has cwd exactly the scratch directory labelled "unique-right" plus "/uniqueprojright/"[0m [1;30m# create_cwd_ghost_test.go:31 -> github.com/n-orlov/deck/features.sessionHasCWDExactlyScratchDirPlus[0m
    [32mWhen[0m [32mdeck client "A" exits cleanly[0m                                                                                                              [1;30m# assertions_test.go:66 -> github.com/n-orlov/deck/features.clientExitsCleanly[0m

  [1;37mScenario:[0m end also accepts the ghosted completion                                                                                           [1;30m# create_cwd_ghost.feature:31[0m
    [32mGiven[0m [32ma scratch directory labelled "unique-end" exists[0m                                                                                    [1;30m# create_cwd_ghost_test.go:23 -> github.com/n-orlov/deck/features.scratchDirectoryLabelledExists[0m
    [32mAnd[0m [32ma directory named "uniqueprojend" exists in the scratch directory labelled "unique-end"[0m                                               [1;30m# create_cwd_ghost_test.go:24 -> github.com/n-orlov/deck/features.directoryExistsInScratch[0m
    [32mAnd[0m [32mdeck client "A" is started with colour enabled[0m                                                                                        [1;30m# cell_attributes_test.go:20 -> github.com/n-orlov/deck/features.startNamedClientWithColour[0m
    [32mWhen[0m [32mdeck client "A" opens the create modal[0m                                                                                               [1;30m# create_session_test.go:21 -> github.com/n-orlov/deck/features.clientOpensCreateModal[0m
    [32mAnd[0m [32mdeck client "A" types "cwd-ghost-end-session" as the session name[0m                                                                     [1;30m# create_cwd_ghost_test.go:29 -> github.com/n-orlov/deck/features.clientTypesSessionName[0m
    [32mAnd[0m [32mdeck client "A" tabs to the cwd field[0m                                                                                                 [1;30m# create_session_test.go:28 -> github.com/n-orlov/deck/features.clientTabsToCWDField[0m
    [32mAnd[0m [32mdeck client "A" types the scratch directory labelled "unique-end" followed by "uniquep" into the cwd field[0m                            [1;30m# create_cwd_ghost_test.go:27 -> github.com/n-orlov/deck/features.clientTypesScratchDirPlusSegment[0m
    [32mAnd[0m [32mdeck client "A" presses "end" in the cwd field[0m                                                                                        [1;30m# create_cwd_ghost_test.go:28 -> github.com/n-orlov/deck/features.clientPressesKeyInCWDField[0m
    [32mThen[0m [32mdeck client "A" screen contains "uniqueprojend/"[0m                                                                                     [1;30m# assertions_test.go:29 -> github.com/n-orlov/deck/features.clientScreenContains[0m
    [32mWhen[0m [32mdeck client "A" submits the create modal[0m                                                                                             [1;30m# create_cwd_ghost_test.go:30 -> github.com/n-orlov/deck/features.clientSubmitsCreateModal[0m
    [32mThen[0m [32mdeck client "A" has session "cwd-ghost-end-session" selected[0m                                                                         [1;30m# attention_sort_test.go:25 -> github.com/n-orlov/deck/features.clientHasSessionSelected[0m
    [32mAnd[0m [32mthe state database session "cwd-ghost-end-session" has cwd exactly the scratch directory labelled "unique-end" plus "/uniqueprojend/"[0m [1;30m# create_cwd_ghost_test.go:31 -> github.com/n-orlov/deck/features.sessionHasCWDExactlyScratchDirPlus[0m
    [32mWhen[0m [32mdeck client "A" exits cleanly[0m                                                                                                        [1;30m# assertions_test.go:66 -> github.com/n-orlov/deck/features.clientExitsCleanly[0m

  [1;37mScenario:[0m a hidden directory is a candidate only when the segment starts with a dot                                                            [1;30m# create_cwd_ghost.feature:61[0m
    [32mGiven[0m [32ma scratch directory labelled "hidden-dir" exists[0m                                                                                       [1;30m# create_cwd_ghost_test.go:23 -> github.com/n-orlov/deck/features.scratchDirectoryLabelledExists[0m
    [32mAnd[0m [32ma directory named ".hiddensecret" exists in the scratch directory labelled "hidden-dir"[0m                                                  [1;30m# create_cwd_ghost_test.go:24 -> github.com/n-orlov/deck/features.directoryExistsInScratch[0m
    [32mAnd[0m [32mdeck client "A" is started with colour enabled[0m                                                                                           [1;30m# cell_attributes_test.go:20 -> github.com/n-orlov/deck/features.startNamedClientWithColour[0m
    [32mWhen[0m [32mdeck client "A" opens the create modal[0m                                                                                                  [1;30m# create_session_test.go:21 -> github.com/n-orlov/deck/features.clientOpensCreateModal[0m
    [32mAnd[0m [32mdeck client "A" types "cwd-ghost-hidden-session" as the session name[0m                                                                     [1;30m# create_cwd_ghost_test.go:29 -> github.com/n-orlov/deck/features.clientTypesSessionName[0m
    [32mAnd[0m [32mdeck client "A" tabs to the cwd field[0m                                                                                                    [1;30m# create_session_test.go:28 -> github.com/n-orlov/deck/features.clientTabsToCWDField[0m
    [32mAnd[0m [32mdeck client "A" types the scratch directory labelled "hidden-dir" followed by "" into the cwd field[0m                                      [1;30m# create_cwd_ghost_test.go:27 -> github.com/n-orlov/deck/features.clientTypesScratchDirPlusSegment[0m
    [32mThen[0m [32mdeck client "A" screen does not contain "hiddensecret"[0m                                                                                  [1;30m# agent_steps_test.go:34 -> github.com/n-orlov/deck/features.clientScreenDoesNotContain[0m
    [32mWhen[0m [32mdeck client "A" sends "."[0m                                                                                                               [1;30m# assertions_test.go:28 -> github.com/n-orlov/deck/features.sendClientKeys[0m
    [32mThen[0m [32mdeck client "A" text "hiddensecret/" has foreground token "dimmed"[0m                                                                      [1;30m# cell_attributes_test.go:50 -> github.com/n-orlov/deck/features.textHasForegroundToken[0m
    [32mWhen[0m [32mdeck client "A" presses "right" in the cwd field[0m                                                                                        [1;30m# create_cwd_ghost_test.go:28 -> github.com/n-orlov/deck/features.clientPressesKeyInCWDField[0m
    [32mAnd[0m [32mdeck client "A" submits the create modal[0m                                                                                                 [1;30m# create_cwd_ghost_test.go:30 -> github.com/n-orlov/deck/features.clientSubmitsCreateModal[0m
    [32mThen[0m [32mdeck client "A" has session "cwd-ghost-hidden-session" selected[0m                                                                         [1;30m# attention_sort_test.go:25 -> github.com/n-orlov/deck/features.clientHasSessionSelected[0m
    [32mAnd[0m [32mthe state database session "cwd-ghost-hidden-session" has cwd exactly the scratch directory labelled "hidden-dir" plus "/.hiddensecret/"[0m [1;30m# create_cwd_ghost_test.go:31 -> github.com/n-orlov/deck/features.sessionHasCWDExactlyScratchDirPlus[0m
    [32mWhen[0m [32mdeck client "A" exits cleanly[0m                                                                                                           [1;30m# assertions_test.go:66 -> github.com/n-orlov/deck/features.clientExitsCleanly[0m

  [1;37mScenario:[0m a leading tilde expands for scanning without being rewritten in the field                                   [1;30m# create_cwd_ghost.feature:79[0m
    [32mGiven[0m [32ma directory named "uniquetildehome" exists under the scenario home[0m                                            [1;30m# create_cwd_ghost_test.go:26 -> github.com/n-orlov/deck/features.directoryExistsUnderScenarioHome[0m
    [32mAnd[0m [32mdeck client "A" is started with colour enabled and HOME set to the scenario home[0m                                [1;30m# create_cwd_ghost_test.go:22 -> github.com/n-orlov/deck/features.startNamedClientWithColourAndScenarioHome[0m
    [32mWhen[0m [32mdeck client "A" opens the create modal[0m                                                                         [1;30m# create_session_test.go:21 -> github.com/n-orlov/deck/features.clientOpensCreateModal[0m
    [32mAnd[0m [32mdeck client "A" types "cwd-ghost-tilde-session" as the session name[0m                                             [1;30m# create_cwd_ghost_test.go:29 -> github.com/n-orlov/deck/features.clientTypesSessionName[0m
    [32mAnd[0m [32mdeck client "A" tabs to the cwd field[0m                                                                           [1;30m# create_session_test.go:28 -> github.com/n-orlov/deck/features.clientTabsToCWDField[0m
    [32mAnd[0m [32mdeck client "A" sends "~/uniquet"[0m                                                                               [1;30m# assertions_test.go:28 -> github.com/n-orlov/deck/features.sendClientKeys[0m
    [32mThen[0m [32mdeck client "A" screen contains "~/uniquet"[0m                                                                    [1;30m# assertions_test.go:29 -> github.com/n-orlov/deck/features.clientScreenContains[0m
    [32mAnd[0m [32mdeck client "A" text "ildehome/" has foreground token "dimmed"[0m                                                  [1;30m# cell_attributes_test.go:50 -> github.com/n-orlov/deck/features.textHasForegroundToken[0m
    [32mWhen[0m [32mdeck client "A" presses "right" in the cwd field[0m                                                               [1;30m# create_cwd_ghost_test.go:28 -> github.com/n-orlov/deck/features.clientPressesKeyInCWDField[0m
    [32mThen[0m [32mdeck client "A" screen contains "~/uniquetildehome/"[0m                                                           [1;30m# assertions_test.go:29 -> github.com/n-orlov/deck/features.clientScreenContains[0m
    [32mWhen[0m [32mdeck client "A" submits the create modal[0m                                                                       [1;30m# create_cwd_ghost_test.go:30 -> github.com/n-orlov/deck/features.clientSubmitsCreateModal[0m
    [32mThen[0m [32mdeck client "A" has session "cwd-ghost-tilde-session" selected[0m                                                 [1;30m# attention_sort_test.go:25 -> github.com/n-orlov/deck/features.clientHasSessionSelected[0m
    [32mAnd[0m [32mthe state database session "cwd-ghost-tilde-session" has cwd "uniquetildehome" resolved under the scenario home[0m [1;30m# create_tilde_test.go:23 -> github.com/n-orlov/deck/features.sessionHasCWDUnderScenarioHome[0m
    [32mWhen[0m [32mdeck client "A" exits cleanly[0m                                                                                  [1;30m# assertions_test.go:66 -> github.com/n-orlov/deck/features.clientExitsCleanly[0m

[1;37mFeature:[0m The create modal's cwd field follows bash's tab-completion contract (requirement 16)
  Tab completes to the longest common prefix shared by every directory
  candidate for the segment being completed, when that advances the text
  already typed; when it cannot advance any further and more than one
  candidate remains, tab instead lists the candidates for selection, and
  choosing one puts it in the field.

  [1;37mScenario:[0m tab lists the candidates when it cannot advance the text further, and selecting one fills the field                   [1;30m# create_cwd_tab.feature:26[0m
    [32mGiven[0m [32ma scratch directory labelled "tablist" exists[0m                                                                           [1;30m# create_cwd_ghost_test.go:23 -> github.com/n-orlov/deck/features.scratchDirectoryLabelledExists[0m
    [32mAnd[0m [32ma directory named "prefixaaa" exists in the scratch directory labelled "tablist"[0m                                          [1;30m# create_cwd_ghost_test.go:24 -> github.com/n-orlov/deck/features.directoryExistsInScratch[0m
    [32mAnd[0m [32ma directory named "prefixbbb" exists in the scratch directory labelled "tablist"[0m                                          [1;30m# create_cwd_ghost_test.go:24 -> github.com/n-orlov/deck/features.directoryExistsInScratch[0m
    [32mAnd[0m [32mdeck client "A" is started[0m                                                                                                [1;30m# assertions_test.go:27 -> github.com/n-orlov/deck/features.startNamedClient[0m
    [32mWhen[0m [32mdeck client "A" opens the create modal[0m                                                                                   [1;30m# create_session_test.go:21 -> github.com/n-orlov/deck/features.clientOpensCreateModal[0m
    [32mAnd[0m [32mdeck client "A" types "tab-list-session" as the session name[0m                                                              [1;30m# create_cwd_ghost_test.go:29 -> github.com/n-orlov/deck/features.clientTypesSessionName[0m
    [32mAnd[0m [32mdeck client "A" tabs to the cwd field[0m                                                                                     [1;30m# create_session_test.go:28 -> github.com/n-orlov/deck/features.clientTabsToCWDField[0m
    [32mAnd[0m [32mdeck client "A" types the scratch directory labelled "tablist" followed by "prefix" into the cwd field[0m                    [1;30m# create_cwd_ghost_test.go:27 -> github.com/n-orlov/deck/features.clientTypesScratchDirPlusSegment[0m
    [32mAnd[0m [32mdeck client "A" presses "tab" in the cwd field[0m                                                                            [1;30m# create_cwd_tab_test.go:20 -> github.com/n-orlov/deck/features.clientPressesTabContractKeyInCWDField[0m
    [32mThen[0m [32mdeck client "A" screen contains "prefixaaa/"[0m                                                                             [1;30m# assertions_test.go:29 -> github.com/n-orlov/deck/features.clientScreenContains[0m
    [32mAnd[0m [32mdeck client "A" screen contains "prefixbbb/"[0m                                                                              [1;30m# assertions_test.go:29 -> github.com/n-orlov/deck/features.clientScreenContains[0m
    [32mWhen[0m [32mdeck client "A" presses "down" in the cwd field[0m                                                                          [1;30m# create_cwd_tab_test.go:20 -> github.com/n-orlov/deck/features.clientPressesTabContractKeyInCWDField[0m
    [32mAnd[0m [32mdeck client "A" presses "enter" in the cwd field[0m                                                                          [1;30m# create_cwd_tab_test.go:20 -> github.com/n-orlov/deck/features.clientPressesTabContractKeyInCWDField[0m
    [32mThen[0m [32mdeck client "A" screen contains the scratch directory labelled "tablist" plus "/prefixbbb/"[0m                              [1;30m# create_cwd_tab_test.go:21 -> github.com/n-orlov/deck/features.clientScreenContainsScratchDirPlus[0m
    [32mWhen[0m [32mdeck client "A" submits the create modal[0m                                                                                 [1;30m# create_cwd_ghost_test.go:30 -> github.com/n-orlov/deck/features.clientSubmitsCreateModal[0m
    [32mThen[0m [32mdeck client "A" has session "tab-list-session" selected[0m                                                                  [1;30m# attention_sort_test.go:25 -> github.com/n-orlov/deck/features.clientHasSessionSelected[0m
    [32mAnd[0m [32mthe state database session "tab-list-session" has cwd exactly the scratch directory labelled "tablist" plus "/prefixbbb/"[0m [1;30m# create_cwd_ghost_test.go:31 -> github.com/n-orlov/deck/features.sessionHasCWDExactlyScratchDirPlus[0m
    [32mWhen[0m [32mdeck client "A" exits cleanly[0m                                                                                            [1;30m# assertions_test.go:66 -> github.com/n-orlov/deck/features.clientExitsCleanly[0m

5 scenarios ([32m5 passed[0m)
74 steps ([32m74 passed[0m)
3.398674369s
[33mU[0m 1


1 scenarios ([33m1 undefined[0m)
1 steps ([33m1 undefined[0m)
33.526µs

[33mYou can implement step definitions for undefined steps with these snippets:[0m
[33m
func anUnregisteredStep() error {
	return godog.ErrPending
}

func InitializeScenario(ctx *godog.ScenarioContext) {
	ctx.Step(`^an unregistered step$`, anUnregisteredStep)
}
[0m
[31mF[0m 1


--- [31mFailed steps:[0m

  [31mScenario: error binding[0m[1;30m # /tmp/TestGodogRejectsUndefinedAndFailedStepsfailed1861312690/001/failure.feature:2[0m
    [31mGiven a failing step[0m[1;30m # /tmp/TestGodogRejectsUndefinedAndFailedStepsfailed1861312690/001/failure.feature:3[0m
      [31mError: [0m[1;31mdeliberate step failure[0m


1 scenarios ([31m1 failed[0m)
1 steps ([31m1 failed[0m)
65.212µs
--- FAIL: TestGoldenMinimumFrame (2.04s)
    --- FAIL: TestGoldenMinimumFrame/run-1 (1.00s)
        golden_frame_test.go:74: frame kept changing after the fixture rendered; not settled
            before:
            + deck - sessions -----------------+-------------------------------------------+
            | socket: deck_golden_frame_test   | 41x21 of 80x24                            |
            | v agent-session-cwd  /tmp/dec... | row 4 of 5..................              |
            | > golden starting                | row 5 of 5..................              |
            |   [safe] created just now        |                                           |
            |                                  |                                           |
            |                                  |                                           |
            |                                  |                                           |
            |                                  |                                           |
            |                                  |                                           |
            |                                  |                                           |
            |                                  |                                           |
            |                                  |                                           |
            |                                  |                                           |
            |                                  |                                           |
            |                                  |                                           |
            |                                  |                                           |
            |                                  |                                           |
            |                                  |                                           |
            |                                  |                                           |
            |                                  |                                           |
            |                                  |                                           |
            +----------------------------------+-------------------------------------------+
            starting - awaiting signal    up/down - Enter interactive - a attach - Y acknowl
            after:
            + deck - sessions -----------------+-------------------------------------------+
            | socket: deck_golden_frame_test   | 41x21 of 80x24                            |
            | v agent-session-cwd  /tmp/dec... | row 4 of 5..................              |
            | > golden starting                | row 5 of 5..................              |
            |   [safe] created just now        |                                           |
            |                                  |                                           |
            |                                  |                                           |
            |                                  |                                           |
            |                                  |                                           |
            |                                  |                                           |
            |                                  |                                           |
            |                                  |                                           |
            |                                  |                                           |
            |                                  |                                           |
            |                                  |                                           |
            |                                  |                                           |
            |                                  |                                           |
            |                                  |                                           |
            |                                  |                                           |
            |                                  |                                           |
            |                                  |                                           |
            |                                  |                                           |
            +----------------------------------+-------------------------------------------+
            starting - awaiting signal    up/down - Enter interactive - a attach - Y acknow
        golden_frame_test.go:114: scenario harness teardown: surviving deck client: signal: killed
FAIL
FAIL	github.com/n-orlov/deck/features	18.905s
FAIL
