=== loadavg: 5.82 3.43 2.95 28/4286 8055
=== REVERT: internal/tui/tui.go's `case "U":` block deleted (block saved to /tmp/removed_U_case.txt), everything else at task 007's tree
--- FAIL: TestHelpOverlayKeymapMatchesBoundKeys (0.00s)
    help_keymap_parity_test.go:269: help-overlay entry names key(s) that are not bound: [U]
--- FAIL: TestUnarchiveKeyActsOnAnArchivedRowFoundThroughTheFilter (0.00s)
    unarchive_test.go:64: U inside the filter results issued no command at all
--- FAIL: TestUnarchiveKeyRefusesARowThatIsNotArchived (0.00s)
    unarchive_test.go:151: U on a row that is not archived said "", want it to state the row is not archived
--- FAIL: TestUnarchiveKeyStatesItIsUnavailableWhenUnwired (0.00s)
    unarchive_test.go:169: U with no unarchiver wired said "", want it to state unarchiving is unavailable
FAIL
FAIL	github.com/n-orlov/deck/internal/tui	0.011s
FAIL
[1;37mFeature:[0m The / list filter: by name, workspace and cwd, and the route back to an archived row (I-10, task 123)
  SPEC.md:984/\u00a711.3, requirement 33: `/` filters the sidebar by name,
  workspace and cwd, incrementally as the query is typed, clearing on Esc.
  Archived rows (requirement 27) are hidden from store.ListSessions' own
  default view entirely, so the filter is the only way one is FOUND again
  (phase3-sessions-and-lifecycle.md item 33: "a stated filter term for
  archived, not a separate mode"). It is not the whole way back: SPEC.md
  :323-332 makes archived_at as reversible as deleted_at, so `U` on a row
  surfaced this way clears the flag (R71, issue #8) and returns it to the
  default list -- find it here, then unarchive it.

  [1;37mScenario:[0m U inside the filter's results returns the archived row to the default list [1;30m# filter.feature:59[0m
    [32mGiven[0m [32mdeck client "A" is started[0m                                                   [1;30m# assertions_test.go:27 -> github.com/n-orlov/deck/features.startNamedClient[0m
    [32mAnd[0m [32mdeck client "A" creates shell session "unarchive-bystander"[0m                    [1;30m# assertions_test.go:52 -> github.com/n-orlov/deck/features.clientCreatesShellSession[0m
    [32mAnd[0m [32mdeck client "A" creates shell session "unarchive-target"[0m                       [1;30m# assertions_test.go:52 -> github.com/n-orlov/deck/features.clientCreatesShellSession[0m
    [32mAnd[0m [32mdeck client "A" archives its selected session "unarchive-target"[0m               [1;30m# kill_delete_undo_test.go:43 -> github.com/n-orlov/deck/features.clientArchivesSelectedSession[0m
    [32mThen[0m [32mthe state database session "unarchive-target" is archived[0m                     [1;30m# kill_delete_undo_test.go:44 -> github.com/n-orlov/deck/features.stateDatabaseSessionIsArchived[0m
    [32mAnd[0m [32mdeck client "A" screen contains "unarchive-bystander"[0m                          [1;30m# assertions_test.go:29 -> github.com/n-orlov/deck/features.clientScreenContains[0m
    [32mWhen[0m [32mdeck client "A" opens the list filter[0m                                         [1;30m# filter_test.go:16 -> github.com/n-orlov/deck/features.clientOpensListFilter[0m
    [32mAnd[0m [32mdeck client "A" types "unarchive-target" into the filter field[0m                 [1;30m# filter_test.go:17 -> github.com/n-orlov/deck/features.clientTypesIntoFilterField[0m
    [32mAnd[0m [32mdeck client "A" keeps the filter in force with enter[0m                           [1;30m# filter_test.go:18 -> github.com/n-orlov/deck/features.clientKeepsFilterInForceWithEnter[0m
    [32mThen[0m [32mdeck client "A" screen contains "unarchive-target"[0m                            [1;30m# assertions_test.go:29 -> github.com/n-orlov/deck/features.clientScreenContains[0m
    [32mAnd[0m [32mdeck client "A" screen does not contain "unarchive-bystander"[0m                  [1;30m# agent_steps_test.go:34 -> github.com/n-orlov/deck/features.clientScreenDoesNotContain[0m
    [31mWhen[0m [31mdeck client "A" unarchives its selected session "unarchive-target"[0m            [1;30m# filter_test.go:19 -> github.com/n-orlov/deck/features.clientUnarchivesSelectedSession[0m
    [1;31mafter scenario hook failed: session "unarchive-target" still has archived_at=1787758005587 after U
frame:
+ deck - sessions -----------------+---------------------------------------------------------------+
| socket: deck_test_94_2           | Session is stopped. No live preview to show.                  |
| v walking-skeleton-cwd  /tmp/... |                                                               |
| > unarchive-target stopped [a... |                                                               |
|   created <relative-time>               |                                                               |
|                                  |                                                               |
|                                  |                                                               |
|                                  |                                                               |
|                                  |                                                               |
|                                  |                                                               |
|                                  |                                                               |
|                                  |                                                               |
|                                  |                                                               |
|                                  |                                                               |
|                                  |                                                               |
|                                  |                                                               |
|                                  |                                                               |
|                                  |                                                               |
|                                  |                                                               |
|                                  |                                                               |
|                                  |                                                               |
|                                  |                                                               |
|                                  |                                                               |
|                                  |                                                               |
|                                  |                                                               |
|                                  |                                                               |
|                                  |                                                               |
+----------------------------------+---------------------------------------------------------------+
Filter "unarchive-target" in force (1 matching) — / to change, Esc to clear
stopped - resumable    up/down - Enter interactive - a attach - Y acknowledge - n new - x kill - r r
surviving deck client: hung deck client killed after 1s
sent (input timeline):
  [15:26:45.351] +0 "n"
  [15:26:45.367] +16.795101ms "unarchive-bystander"
  [15:26:45.443] +75.306829ms "\t/tmp/deck-scenario-2416757067/walking-skeleton-cwd\r"
  [15:26:45.467] +24.575915ms "n"
  [15:26:45.484] +16.760368ms "unarchive-target"
  [15:26:45.559] +75.234932ms "\t/tmp/deck-scenario-2416757067/walking-skeleton-cwd\r"
  [15:26:45.584] +24.455355ms "A"
  [15:26:45.601] +17.216954ms "/"
  [15:26:45.616] +14.851107ms "unarchive-target"
  [15:26:45.633] +17.165754ms "\r"
  [15:26:45.650] +17.118376ms "U"
frame:
                                                        /usr/local/go/src/runtime/mgc.go:1373 +0x105

                                                                                                   g
oroutine 135 gp=0xc00044f340 m=nil [GC worker (idle)]:
                                                      runtime.gopark(0x0?, 0x0?, 0x0?, 0x0?, 0x0?)
                                                                                                   /
usr/local/go/src/runtime/proc.go:460 +0xce fp=0xc00045cf38 sp=0xc00045cf18 pc=0x47658e
                                                                                      runtime.gcBgMa
rkWorker(0xc0001c83f0)
                        /usr/local/go/src/runtime/mgc.go:1463 +0xeb fp=0xc00045cfc8 sp=0xc00045cf38
pc=0x423e2b
           runtime.gcBgMarkStartWorkers.gowrap1()
                                                        /usr/local/go/src/runtime/mgc.go:1373 +0x25
fp=0xc00045cfe0 sp=0xc00045cfc8 pc=0x423d05
                                           runtime.goexit({})
                                                                /usr/local/go/src/runtime/asm_amd64.
s:1693 +0x1 fp=0xc00045cfe8 sp=0xc00045cfe0 pc=0x47e0c1
                                                       created by runtime.gcBgMarkStartWorkers in go
routine 1
                /usr/local/go/src/runtime/mgc.go:1373 +0x105

                                                            goroutine 136 gp=0xc00044f500 m=nil [GC
worker (idle)]:
               runtime.gopark(0x0?, 0x0?, 0x0?, 0x0?, 0x0?)
                                                                /usr/local/go/src/runtime/proc.go:46
0 +0xce fp=0xc00045d738 sp=0xc00045d718 pc=0x47658e
                                                   runtime.gcBgMarkWorker(0xc0001c83f0)
                                                                                        /usr/local/g
o/src/runtime/mgc.go:1463 +0xeb fp=0xc00045d7c8 sp=0xc00045d738 pc=0x423e2b
                                                                           runtim
raw (includes a SIGQUIT goroutine dump if the runtime managed to print one before the follow-up SIGKILL): "\x1b]11;?\x1b\\\x1b[6n\x1b[?25l\x1b[?1049h\x1b[2J\x1b[H\x1b[?25l\x1b[?2004h\x1b[?1002h\x1b[?1006h\x1b[H\r+ deck - sessions -----------------+---------------------------------------------------------------+\r\n| socket: deck_test_94_2           | Select or create a session to preview it here.                |\r\n| No sessions yet. Press n to      |                                                               |\r\n| create a session.                |                                         ...[TRUNCATED by task 007: a bubbletea SIGQUIT goroutine dump the harness prints on a timed-out client; the failing assertion is the "still has archived_at" line above]
frame:
+ deck - sessions -----------------+---------------------------------------------------------------+
| socket: deck_test_94_2           | Session is stopped. No live preview to show.                  |
| v walking-skeleton-cwd  /tmp/... |                                                               |
| > unarchive-target stopped [a... |                                                               |
|   created <relative-time>               |                                                               |
|                                  |                                                               |
|                                  |                                                               |
|                                  |                                                               |
|                                  |                                                               |
|                                  |                                                               |
|                                  |                                                               |
|                                  |                                                               |
|                                  |                                                               |
|                                  |                                                               |
|                                  |                                                               |
|                                  |                                                               |
|                                  |                                                               |
|                                  |                                                               |
|                                  |                                                               |
|                                  |                                                               |
|                                  |                                                               |
|                                  |                                                               |
|                                  |                                                               |
|                                  |                                                               |
|                                  |                                                               |
|                                  |                                                               |
|                                  |                                                               |
+----------------------------------+---------------------------------------------------------------+
Filter "unarchive-target" in force (1 matching) — / to change, Esc to clear
stopped - resumable    up/down - Enter interactive - a attach - Y acknowledge - n new - x kill - r r[0m
    [36mThen[0m [36mthe state database session "unarchive-target" is not archived[0m                 [1;30m# kill_delete_undo_test.go:45 -> github.com/n-orlov/deck/features.stateDatabaseSessionIsNotArchived[0m
    [36mWhen[0m [36mdeck client "A" opens the list filter[0m                                         [1;30m# filter_test.go:16 -> github.com/n-orlov/deck/features.clientOpensListFilter[0m
    [36mAnd[0m [36mdeck client "A" clears the list filter with escape[0m                             [1;30m# filter_test.go:20 -> github.com/n-orlov/deck/features.clientClearsListFilterWithEscape[0m
    [36mThen[0m [36mdeck client "A" screen contains "unarchive-target"[0m                            [1;30m# assertions_test.go:29 -> github.com/n-orlov/deck/features.clientScreenContains[0m
    [36mAnd[0m [36mdeck client "A" screen contains "unarchive-bystander"[0m                          [1;30m# assertions_test.go:29 -> github.com/n-orlov/deck/features.clientScreenContains[0m
    [36mAnd[0m [36mdeck client "A" exits cleanly[0m                                                  [1;30m# assertions_test.go:66 -> github.com/n-orlov/deck/features.clientExitsCleanly[0m

--- [31mFailed steps:[0m

  [31mScenario: U inside the filter's results returns the archived row to the default list[0m [1;30m# filter.feature:59[0m
    [31mWhen deck client "A" unarchives its selected session "unarchive-target"[0m [1;30m# filter.feature:75[0m
      [31mError: [0m[1;31mafter scenario hook failed: session "unarchive-target" still has archived_at=1787758005587 after U
frame:
+ deck - sessions -----------------+---------------------------------------------------------------+
| socket: deck_test_94_2           | Session is stopped. No live preview to show.                  |
| v walking-skeleton-cwd  /tmp/... |                                                               |
| > unarchive-target stopped [a... |                                                               |
|   created <relative-time>               |                                                               |
|                                  |                                                               |
|                                  |                                                               |
|                                  |                                                               |
|                                  |                                                               |
|                                  |                                                               |
|                                  |                                                               |
|                                  |                                                               |
|                                  |                                                               |
|                                  |                                                               |
|                                  |                                                               |
|                                  |                                                               |
|                                  |                                                               |
|                                  |                                                               |
|                                  |                                                               |
|                                  |                                                               |
|                                  |                                                               |
|                                  |                                                               |
|                                  |                                                               |
|                                  |                                                               |
|                                  |                                                               |
|                                  |                                                               |
|                                  |                                                               |
+----------------------------------+---------------------------------------------------------------+
Filter "unarchive-target" in force (1 matching) — / to change, Esc to clear
stopped - resumable    up/down - Enter interactive - a attach - Y acknowledge - n new - x kill - r r
surviving deck client: hung deck client killed after 1s
sent (input timeline):
  [15:26:45.351] +0 "n"
  [15:26:45.367] +16.795101ms "unarchive-bystander"
  [15:26:45.443] +75.306829ms "\t/tmp/deck-scenario-2416757067/walking-skeleton-cwd\r"
  [15:26:45.467] +24.575915ms "n"
  [15:26:45.484] +16.760368ms "unarchive-target"
  [15:26:45.559] +75.234932ms "\t/tmp/deck-scenario-2416757067/walking-skeleton-cwd\r"
  [15:26:45.584] +24.455355ms "A"
  [15:26:45.601] +17.216954ms "/"
  [15:26:45.616] +14.851107ms "unarchive-target"
  [15:26:45.633] +17.165754ms "\r"
  [15:26:45.650] +17.118376ms "U"
frame:
                                                        /usr/local/go/src/runtime/mgc.go:1373 +0x105

                                                                                                   g
oroutine 135 gp=0xc00044f340 m=nil [GC worker (idle)]:
                                                      runtime.gopark(0x0?, 0x0?, 0x0?, 0x0?, 0x0?)
                                                                                                   /
usr/local/go/src/runtime/proc.go:460 +0xce fp=0xc00045cf38 sp=0xc00045cf18 pc=0x47658e
                                                                                      runtime.gcBgMa
rkWorker(0xc0001c83f0)
                        /usr/local/go/src/runtime/mgc.go:1463 +0xeb fp=0xc00045cfc8 sp=0xc00045cf38
pc=0x423e2b
           runtime.gcBgMarkStartWorkers.gowrap1()
                                                        /usr/local/go/src/runtime/mgc.go:1373 +0x25
fp=0xc00045cfe0 sp=0xc00045cfc8 pc=0x423d05
                                           runtime.goexit({})
                                                                /usr/local/go/src/runtime/asm_amd64.
s:1693 +0x1 fp=0xc00045cfe8 sp=0xc00045cfe0 pc=0x47e0c1
                                                       created by runtime.gcBgMarkStartWorkers in go
routine 1
                /usr/local/go/src/runtime/mgc.go:1373 +0x105

                                                            goroutine 136 gp=0xc00044f500 m=nil [GC
worker (idle)]:
               runtime.gopark(0x0?, 0x0?, 0x0?, 0x0?, 0x0?)
                                                                /usr/local/go/src/runtime/proc.go:46
0 +0xce fp=0xc00045d738 sp=0xc00045d718 pc=0x47658e
                                                   runtime.gcBgMarkWorker(0xc0001c83f0)
                                                                                        /usr/local/g
o/src/runtime/mgc.go:1463 +0xeb fp=0xc00045d7c8 sp=0xc00045d738 pc=0x423e2b
                                                                           runtim
raw (includes a SIGQUIT goroutine dump if the runtime managed to print one before the follow-up SIGKILL): "\x1b]11;?\x1b\\\x1b[6n\x1b[?25l\x1b[?1049h\x1b[2J\x1b[H\x1b[?25l\x1b[?2004h\x1b[?1002h\x1b[?1006h\x1b[H\r+ deck - sessions -----------------+---------------------------------------------------------------+\r\n| socket: deck_test_94_2           | Select or create a session to preview it here.                |\r\n| No sessions yet. Press n to      |                                                               |\r\n| create a session.                |                                         ...[TRUNCATED by task 007: a bubbletea SIGQUIT goroutine dump the harness prints on a timed-out client; the failing assertion is the "still has archived_at" line above]
frame:
+ deck - sessions -----------------+---------------------------------------------------------------+
| socket: deck_test_94_2           | Session is stopped. No live preview to show.                  |
| v walking-skeleton-cwd  /tmp/... |                                                               |
| > unarchive-target stopped [a... |                                                               |
|   created <relative-time>               |                                                               |
|                                  |                                                               |
|                                  |                                                               |
|                                  |                                                               |
|                                  |                                                               |
|                                  |                                                               |
|                                  |                                                               |
|                                  |                                                               |
|                                  |                                                               |
|                                  |                                                               |
|                                  |                                                               |
|                                  |                                                               |
|                                  |                                                               |
|                                  |                                                               |
|                                  |                                                               |
|                                  |                                                               |
|                                  |                                                               |
|                                  |                                                               |
|                                  |                                                               |
|                                  |                                                               |
|                                  |                                                               |
|                                  |                                                               |
|                                  |                                                               |
+----------------------------------+---------------------------------------------------------------+
Filter "unarchive-target" in force (1 matching) — / to change, Esc to clear
stopped - resumable    up/down - Enter interactive - a attach - Y acknowledge - n new - x kill - r r[0m


1 scenarios ([31m1 failed[0m)
18 steps ([32m11 passed[0m, [31m1 failed[0m, [36m6 skipped[0m)
7.466998549s
--- FAIL: TestFeatures (7.48s)
    --- FAIL: TestFeatures/U_inside_the_filter's_results_returns_the_archived_row_to_the_default_list (7.46s)
        suite.go:640: after scenario hook failed: session "unarchive-target" still has archived_at=1787758005587 after U
            frame:
            + deck - sessions -----------------+---------------------------------------------------------------+
            | socket: deck_test_94_2           | Session is stopped. No live preview to show.                  |
            | v walking-skeleton-cwd  /tmp/... |                                                               |
            | > unarchive-target stopped [a... |                                                               |
            |   created <relative-time>               |                                                               |
            |                                  |                                                               |
            |                                  |                                                               |
            |                                  |                                                               |
            |                                  |                                                               |
            |                                  |                                                               |
            |                                  |                                                               |
            |                                  |                                                               |
            |                                  |                                                               |
            |                                  |                                                               |
            |                                  |                                                               |
            |                                  |                                                               |
            |                                  |                                                               |
            |                                  |                                                               |
            |                                  |                                                               |
            |                                  |                                                               |
            |                                  |                                                               |
            |                                  |                                                               |
            |                                  |                                                               |
            |                                  |                                                               |
            |                                  |                                                               |
            |                                  |                                                               |
            |                                  |                                                               |
            +----------------------------------+---------------------------------------------------------------+
            Filter "unarchive-target" in force (1 matching) — / to change, Esc to clear
            stopped - resumable    up/down - Enter interactive - a attach - Y acknowledge - n new - x kill - r r
            surviving deck client: hung deck client killed after 1s
            sent (input timeline):
              [15:26:45.351] +0 "n"
              [15:26:45.367] +16.795101ms "unarchive-bystander"
              [15:26:45.443] +75.306829ms "\t/tmp/deck-scenario-2416757067/walking-skeleton-cwd\r"
              [15:26:45.467] +24.575915ms "n"
              [15:26:45.484] +16.760368ms "unarchive-target"
              [15:26:45.559] +75.234932ms "\t/tmp/deck-scenario-2416757067/walking-skeleton-cwd\r"
              [15:26:45.584] +24.455355ms "A"
              [15:26:45.601] +17.216954ms "/"
              [15:26:45.616] +14.851107ms "unarchive-target"
              [15:26:45.633] +17.165754ms "\r"
              [15:26:45.650] +17.118376ms "U"
            frame:
                                                                    /usr/local/go/src/runtime/mgc.go:1373 +0x105
            
                                                                                                               g
            oroutine 135 gp=0xc00044f340 m=nil [GC worker (idle)]:
                                                                  runtime.gopark(0x0?, 0x0?, 0x0?, 0x0?, 0x0?)
                                                                                                               /
            usr/local/go/src/runtime/proc.go:460 +0xce fp=0xc00045cf38 sp=0xc00045cf18 pc=0x47658e
                                                                                                  runtime.gcBgMa
            rkWorker(0xc0001c83f0)
                                    /usr/local/go/src/runtime/mgc.go:1463 +0xeb fp=0xc00045cfc8 sp=0xc00045cf38
            pc=0x423e2b
                       runtime.gcBgMarkStartWorkers.gowrap1()
                                                                    /usr/local/go/src/runtime/mgc.go:1373 +0x25
            fp=0xc00045cfe0 sp=0xc00045cfc8 pc=0x423d05
                                                       runtime.goexit({})
                                                                            /usr/local/go/src/runtime/asm_amd64.
            s:1693 +0x1 fp=0xc00045cfe8 sp=0xc00045cfe0 pc=0x47e0c1
                                                                   created by runtime.gcBgMarkStartWorkers in go
            routine 1
                            /usr/local/go/src/runtime/mgc.go:1373 +0x105
            
                                                                        goroutine 136 gp=0xc00044f500 m=nil [GC
            worker (idle)]:
                           runtime.gopark(0x0?, 0x0?, 0x0?, 0x0?, 0x0?)
                                                                            /usr/local/go/src/runtime/proc.go:46
            0 +0xce fp=0xc00045d738 sp=0xc00045d718 pc=0x47658e
                                                               runtime.gcBgMarkWorker(0xc0001c83f0)
                                                                                                    /usr/local/g
            o/src/runtime/mgc.go:1463 +0xeb fp=0xc00045d7c8 sp=0xc00045d738 pc=0x423e2b
                                                                                       runtim
            raw (includes a SIGQUIT goroutine dump if the runtime managed to print one before the follow-up SIGKILL): "\x1b]11;?\x1b\\\x1b[6n\x1b[?25l\x1b[?1049h\x1b[2J\x1b[H\x1b[?25l\x1b[?2004h\x1b[?1002h\x1b[?1006h\x1b[H\r+ deck - sessions -----------------+---------------------------------------------------------------+\r\n| socket: deck_test_94_2           | Select or create a session to preview it here.                |\r\n| No sessions yet. Press n to      |                                                               |\r\n| create a session.                |                             ...[TRUNCATED by task 007: a bubbletea SIGQUIT goroutine dump the harness prints on a timed-out client; the failing assertion is the "still has archived_at" line above]
            frame:
            + deck - sessions -----------------+---------------------------------------------------------------+
            | socket: deck_test_94_2           | Session is stopped. No live preview to show.                  |
            | v walking-skeleton-cwd  /tmp/... |                                                               |
            | > unarchive-target stopped [a... |                                                               |
            |   created <relative-time>               |                                                               |
            |                                  |                                                               |
            |                                  |                                                               |
            |                                  |                                                               |
            |                                  |                                                               |
            |                                  |                                                               |
            |                                  |                                                               |
            |                                  |                                                               |
            |                                  |                                                               |
            |                                  |                                                               |
            |                                  |                                                               |
            |                                  |                                                               |
            |                                  |                                                               |
            |                                  |                                                               |
            |                                  |                                                               |
            |                                  |                                                               |
            |                                  |                                                               |
            |                                  |                                                               |
            |                                  |                                                               |
            |                                  |                                                               |
            |                                  |                                                               |
            |                                  |                                                               |
            |                                  |                                                               |
            +----------------------------------+---------------------------------------------------------------+
            Filter "unarchive-target" in force (1 matching) — / to change, Esc to clear
            stopped - resumable    up/down - Enter interactive - a attach - Y acknowledge - n new - x kill - r r
    godog_test.go:38: godog feature suite failed
FAIL
FAIL	github.com/n-orlov/deck/features	7.487s
FAIL
