1787491699901669827 enter tea.WindowSizeMsg selBefore=0
1787491699901688652 sessions [] selBefore=0
1787491699901949984 enter sessionsLoaded[] selBefore=0
1787491699901960425 sessions [] selBefore=0
1787491699920349881 enter KeyMsg("n") selBefore=0
1787491699920371069 sessions [] selBefore=0
1787491699936753242 enter KeyMsg("bk-one") selBefore=0
1787491699936781952 sessions [] selBefore=0
1787491699936786065 enter KeyMsg("b") selBefore=0
1787491699936788137 sessions [] selBefore=0
1787491699936791637 enter KeyMsg("k") selBefore=0
1787491699936793170 sessions [] selBefore=0
1787491699936795795 enter KeyMsg("-") selBefore=0
1787491699936797583 sessions [] selBefore=0
1787491699936799097 enter KeyMsg("o") selBefore=0
1787491699936800586 sessions [] selBefore=0
1787491699936807380 enter KeyMsg("n") selBefore=0
1787491699936808949 sessions [] selBefore=0
1787491699936811738 enter KeyMsg("e") selBefore=0
1787491699936813293 sessions [] selBefore=0
1787491699952537917 enter tui.previewTick selBefore=0
1787491699952559967 sessions [] selBefore=0
1787491700003299757 enter tui.previewTick selBefore=0
1787491700003328302 sessions [] selBefore=0
1787491700012347881 enter KeyMsg("tab") selBefore=0
1787491700012365113 sessions [] selBefore=0
1787491700012507914 enter KeyMsg("/tmp/deck-scenario-1747268561/fingerprint-scratch/fp-bk-1/cwd") selBefore=0
1787491700012516322 sessions [] selBefore=0
1787491700012522168 enter KeyMsg("/") selBefore=0
1787491700012526305 sessions [] selBefore=0
1787491700012531961 enter KeyMsg("t") selBefore=0
1787491700012535614 sessions [] selBefore=0
1787491700012541985 enter KeyMsg("m") selBefore=0
1787491700012545498 sessions [] selBefore=0
1787491700012551184 enter KeyMsg("p") selBefore=0
1787491700012554903 sessions [] selBefore=0
1787491700012559711 enter KeyMsg("/") selBefore=0
1787491700012563238 sessions [] selBefore=0
1787491700012568207 enter KeyMsg("d") selBefore=0
1787491700012571740 sessions [] selBefore=0
1787491700012576464 enter KeyMsg("e") selBefore=0
1787491700012579891 sessions [] selBefore=0
1787491700012583116 enter KeyMsg("c") selBefore=0
1787491700012586310 sessions [] selBefore=0
1787491700012591715 enter KeyMsg("k") selBefore=0
1787491700012595318 sessions [] selBefore=0
1787491700012600155 enter KeyMsg("-") selBefore=0
1787491700012603622 sessions [] selBefore=0
1787491700012608356 enter KeyMsg("s") selBefore=0
1787491700012611785 sessions [] selBefore=0
1787491700012616551 enter KeyMsg("c") selBefore=0
1787491700012620029 sessions [] selBefore=0
1787491700012625219 enter KeyMsg("e") selBefore=0
1787491700012628806 sessions [] selBefore=0
1787491700012633682 enter KeyMsg("n") selBefore=0
1787491700012637128 sessions [] selBefore=0
1787491700012642178 enter KeyMsg("a") selBefore=0
1787491700012645628 sessions [] selBefore=0
1787491700012650306 enter KeyMsg("r") selBefore=0
1787491700012653707 sessions [] selBefore=0
1787491700012656923 enter KeyMsg("i") selBefore=0
1787491700012660071 sessions [] selBefore=0
1787491700012665531 enter KeyMsg("o") selBefore=0
1787491700012669133 sessions [] selBefore=0
1787491700012673810 enter KeyMsg("-") selBefore=0
1787491700012677187 sessions [] selBefore=0
1787491700012682078 enter KeyMsg("1") selBefore=0
1787491700012685547 sessions [] selBefore=0
1787491700012690435 enter KeyMsg("7") selBefore=0
1787491700012693833 sessions [] selBefore=0
1787491700012702445 enter KeyMsg("4") selBefore=0
1787491700012706094 sessions [] selBefore=0
1787491700012710981 enter KeyMsg("7") selBefore=0
1787491700012714427 sessions [] selBefore=0
1787491700012719227 enter KeyMsg("2") selBefore=0
1787491700012722666 sessions [] selBefore=0
1787491700012728080 enter KeyMsg("6") selBefore=0
1787491700012731647 sessions [] selBefore=0
1787491700012734882 enter KeyMsg("8") selBefore=0
1787491700012738112 sessions [] selBefore=0
1787491700012743226 enter KeyMsg("5") selBefore=0
1787491700012746821 sessions [] selBefore=0
1787491700012751647 enter KeyMsg("6") selBefore=0
1787491700012755085 sessions [] selBefore=0
1787491700012759933 enter KeyMsg("1") selBefore=0
1787491700012763326 sessions [] selBefore=0
1787491700012778811 enter KeyMsg("/") selBefore=0
1787491700012787199 sessions [] selBefore=0
1787491700012801863 enter KeyMsg("f") selBefore=0
1787491700012806190 sessions [] selBefore=0
1787491700012811493 enter KeyMsg("i") selBefore=0
1787491700012815019 sessions [] selBefore=0
1787491700012819988 enter KeyMsg("n") selBefore=0
1787491700012823381 sessions [] selBefore=0
1787491700012828659 enter KeyMsg("g") selBefore=0
1787491700012832245 sessions [] selBefore=0
1787491700012835495 enter KeyMsg("e") selBefore=0
1787491700012838658 sessions [] selBefore=0
1787491700012844966 enter KeyMsg("r") selBefore=0
1787491700012848747 sessions [] selBefore=0
1787491700012853540 enter KeyMsg("p") selBefore=0
1787491700012857060 sessions [] selBefore=0
1787491700012861758 enter KeyMsg("r") selBefore=0
1787491700012865351 sessions [] selBefore=0
1787491700012869994 enter KeyMsg("i") selBefore=0
1787491700012873451 sessions [] selBefore=0
1787491700012879670 enter KeyMsg("n") selBefore=0
1787491700012883398 sessions [] selBefore=0
1787491700012888368 enter KeyMsg("t") selBefore=0
1787491700012891839 sessions [] selBefore=0
1787491700012896807 enter KeyMsg("-") selBefore=0
1787491700012900373 sessions [] selBefore=0
1787491700012905410 enter KeyMsg("s") selBefore=0
1787491700012908841 sessions [] selBefore=0
1787491700012911950 enter KeyMsg("c") selBefore=0
1787491700012915177 sessions [] selBefore=0
1787491700012921374 enter KeyMsg("r") selBefore=0
1787491700012925149 sessions [] selBefore=0
1787491700012929902 enter KeyMsg("a") selBefore=0
1787491700012933407 sessions [] selBefore=0
1787491700012938359 enter KeyMsg("t") selBefore=0
1787491700012941816 sessions [] selBefore=0
1787491700012946674 enter KeyMsg("c") selBefore=0
1787491700012950097 sessions [] selBefore=0
1787491700012956309 enter KeyMsg("h") selBefore=0
1787491700012960123 sessions [] selBefore=0
1787491700012965192 enter KeyMsg("/") selBefore=0
1787491700012968766 sessions [] selBefore=0
1787491700012973608 enter KeyMsg("f") selBefore=0
1787491700012983187 sessions [] selBefore=0
1787491700012988698 enter KeyMsg("p") selBefore=0
1787491700012992308 sessions [] selBefore=0
1787491700012995537 enter KeyMsg("-") selBefore=0
1787491700012998774 sessions [] selBefore=0
1787491700013005084 enter KeyMsg("b") selBefore=0
1787491700013008936 sessions [] selBefore=0
1787491700013013728 enter KeyMsg("k") selBefore=0
1787491700013017220 sessions [] selBefore=0
1787491700013021896 enter KeyMsg("-") selBefore=0
1787491700013034570 sessions [] selBefore=0
1787491700013039581 enter KeyMsg("1") selBefore=0
1787491700013043098 sessions [] selBefore=0
1787491700013049401 enter KeyMsg("/") selBefore=0
1787491700013053237 sessions [] selBefore=0
1787491700013058385 enter KeyMsg("c") selBefore=0
1787491700013061968 sessions [] selBefore=0
1787491700013068363 enter KeyMsg("w") selBefore=0
1787491700013071780 sessions [] selBefore=0
1787491700013076574 enter KeyMsg("d") selBefore=0
1787491700013080000 sessions [] selBefore=0
1787491700013191449 enter KeyMsg("enter") selBefore=0
1787491700013198320 sessions [] selBefore=0
1787491700027059601 enter tui.shellCreated selBefore=0
1787491700027074883 sessions [] selBefore=0
1787491700027335379 enter sessionsLoaded[bk-one:starting@1787491700026] selBefore=0
1787491700027347328 sessions [] selBefore=0
1787491700036893959 enter KeyMsg("n") selBefore=0
1787491700036914965 sessions [0:bk-one:starting@1787491700026] selBefore=0
1787491700053626734 enter KeyMsg("bk-two") selBefore=0
1787491700053665810 sessions [0:bk-one:starting@1787491700026] selBefore=0
1787491700053675507 enter KeyMsg("b") selBefore=0
1787491700053681239 sessions [0:bk-one:starting@1787491700026] selBefore=0
1787491700053687625 enter KeyMsg("k") selBefore=0
1787491700053692317 sessions [0:bk-one:starting@1787491700026] selBefore=0
1787491700053699184 enter KeyMsg("-") selBefore=0
1787491700053703890 sessions [0:bk-one:starting@1787491700026] selBefore=0
1787491700053708804 enter KeyMsg("t") selBefore=0
1787491700053712908 sessions [0:bk-one:starting@1787491700026] selBefore=0
1787491700053723327 enter KeyMsg("w") selBefore=0
1787491700053737912 sessions [0:bk-one:starting@1787491700026] selBefore=0
1787491700053743364 enter KeyMsg("o") selBefore=0
1787491700053747687 sessions [0:bk-one:starting@1787491700026] selBefore=0
1787491700053813090 enter tui.previewTick selBefore=0
1787491700053819830 sessions [0:bk-one:starting@1787491700026] selBefore=0
1787491700062843907 enter tui.previewCaptured selBefore=0
1787491700062869275 sessions [0:bk-one:starting@1787491700026] selBefore=0
1787491700104785834 enter tui.previewTick selBefore=0
1787491700104822832 sessions [0:bk-one:starting@1787491700026] selBefore=0
1787491700113415476 enter tui.previewCaptured selBefore=0
1787491700113442159 sessions [0:bk-one:starting@1787491700026] selBefore=0
1787491700129743901 enter KeyMsg("tab") selBefore=0
1787491700129777571 sessions [0:bk-one:starting@1787491700026] selBefore=0
1787491700129911368 enter KeyMsg("/tmp/deck-scenario-1747268561/fingerprint-scratch/fp-bk-2/cwd") selBefore=0
1787491700129921158 sessions [0:bk-one:starting@1787491700026] selBefore=0
1787491700129927330 enter KeyMsg("/") selBefore=0
1787491700129932462 sessions [0:bk-one:starting@1787491700026] selBefore=0
1787491700129938325 enter KeyMsg("t") selBefore=0
1787491700129942804 sessions [0:bk-one:starting@1787491700026] selBefore=0
1787491700129949531 enter KeyMsg("m") selBefore=0
1787491700129954188 sessions [0:bk-one:starting@1787491700026] selBefore=0
1787491700129959746 enter KeyMsg("p") selBefore=0
1787491700129964211 sessions [0:bk-one:starting@1787491700026] selBefore=0
1787491700129969373 enter KeyMsg("/") selBefore=0
1787491700129973848 sessions [0:bk-one:starting@1787491700026] selBefore=0
1787491700129979923 enter KeyMsg("d") selBefore=0
1787491700129984607 sessions [0:bk-one:starting@1787491700026] selBefore=0
1787491700129988203 enter KeyMsg("e") selBefore=0
1787491700129992228 sessions [0:bk-one:starting@1787491700026] selBefore=0
1787491700129998175 enter KeyMsg("c") selBefore=0
1787491700130002716 sessions [0:bk-one:starting@1787491700026] selBefore=0
1787491700130008522 enter KeyMsg("k") selBefore=0
1787491700130013004 sessions [0:bk-one:starting@1787491700026] selBefore=0
1787491700130018605 enter KeyMsg("-") selBefore=0
1787491700130022997 sessions [0:bk-one:starting@1787491700026] selBefore=0
1787491700130028344 enter KeyMsg("s") selBefore=0
1787491700130032643 sessions [0:bk-one:starting@1787491700026] selBefore=0
1787491700130038336 enter KeyMsg("c") selBefore=0
1787491700130042789 sessions [0:bk-one:starting@1787491700026] selBefore=0
1787491700130048070 enter KeyMsg("e") selBefore=0
1787491700130052462 sessions [0:bk-one:starting@1787491700026] selBefore=0
1787491700130057573 enter KeyMsg("n") selBefore=0
1787491700130061887 sessions [0:bk-one:starting@1787491700026] selBefore=0
1787491700130067019 enter KeyMsg("a") selBefore=0
1787491700130071310 sessions [0:bk-one:starting@1787491700026] selBefore=0
1787491700130074785 enter KeyMsg("r") selBefore=0
1787491700130078821 sessions [0:bk-one:starting@1787491700026] selBefore=0
1787491700130089507 enter KeyMsg("i") selBefore=0
1787491700130094785 sessions [0:bk-one:starting@1787491700026] selBefore=0
1787491700130100627 enter KeyMsg("o") selBefore=0
1787491700130104998 sessions [0:bk-one:starting@1787491700026] selBefore=0
1787491700130110432 enter KeyMsg("-") selBefore=0
1787491700130114839 sessions [0:bk-one:starting@1787491700026] selBefore=0
1787491700130120172 enter KeyMsg("1") selBefore=0
1787491700130124591 sessions [0:bk-one:starting@1787491700026] selBefore=0
1787491700130130434 enter KeyMsg("7") selBefore=0
1787491700130134956 sessions [0:bk-one:starting@1787491700026] selBefore=0
1787491700130140279 enter KeyMsg("4") selBefore=0
1787491700130144554 sessions [0:bk-one:starting@1787491700026] selBefore=0
1787491700130149858 enter KeyMsg("7") selBefore=0
1787491700130154136 sessions [0:bk-one:starting@1787491700026] selBefore=0
1787491700130159233 enter KeyMsg("2") selBefore=0
1787491700130163487 sessions [0:bk-one:starting@1787491700026] selBefore=0
1787491700130172296 enter KeyMsg("6") selBefore=0
1787491700130183414 sessions [0:bk-one:starting@1787491700026] selBefore=0
1787491700130189885 enter KeyMsg("8") selBefore=0
1787491700130196234 sessions [0:bk-one:starting@1787491700026] selBefore=0
1787491700130201844 enter KeyMsg("5") selBefore=0
1787491700130206226 sessions [0:bk-one:starting@1787491700026] selBefore=0
1787491700130215541 enter KeyMsg("6") selBefore=0
1787491700130220160 sessions [0:bk-one:starting@1787491700026] selBefore=0
1787491700130225266 enter KeyMsg("1") selBefore=0
1787491700130229651 sessions [0:bk-one:starting@1787491700026] selBefore=0
1787491700130235516 enter KeyMsg("/") selBefore=0
1787491700130239970 sessions [0:bk-one:starting@1787491700026] selBefore=0
1787491700130245318 enter KeyMsg("f") selBefore=0
1787491700130249721 sessions [0:bk-one:starting@1787491700026] selBefore=0
1787491700130255054 enter KeyMsg("i") selBefore=0
1787491700130259392 sessions [0:bk-one:starting@1787491700026] selBefore=0
1787491700130264727 enter KeyMsg("n") selBefore=0
1787491700130270769 sessions [0:bk-one:starting@1787491700026] selBefore=0
1787491700130274496 enter KeyMsg("g") selBefore=0
1787491700130278535 sessions [0:bk-one:starting@1787491700026] selBefore=0
1787491700130284479 enter KeyMsg("e") selBefore=0
1787491700130288952 sessions [0:bk-one:starting@1787491700026] selBefore=0
1787491700130294390 enter KeyMsg("r") selBefore=0
1787491700130298732 sessions [0:bk-one:starting@1787491700026] selBefore=0
1787491700130303873 enter KeyMsg("p") selBefore=0
1787491700130314947 sessions [0:bk-one:starting@1787491700026] selBefore=0
1787491700130320690 enter KeyMsg("r") selBefore=0
1787491700130325080 sessions [0:bk-one:starting@1787491700026] selBefore=0
1787491700130330924 enter KeyMsg("i") selBefore=0
1787491700130335389 sessions [0:bk-one:starting@1787491700026] selBefore=0
1787491700130340664 enter KeyMsg("n") selBefore=0
1787491700130345009 sessions [0:bk-one:starting@1787491700026] selBefore=0
1787491700130350200 enter KeyMsg("t") selBefore=0
1787491700130354492 sessions [0:bk-one:starting@1787491700026] selBefore=0
1787491700130359622 enter KeyMsg("-") selBefore=0
1787491700130363901 sessions [0:bk-one:starting@1787491700026] selBefore=0
1787491700130367381 enter KeyMsg("s") selBefore=0
1787491700130371430 sessions [0:bk-one:starting@1787491700026] selBefore=0
1787491700130376967 enter KeyMsg("c") selBefore=0
1787491700130381410 sessions [0:bk-one:starting@1787491700026] selBefore=0
1787491700130386803 enter KeyMsg("r") selBefore=0
1787491700130391143 sessions [0:bk-one:starting@1787491700026] selBefore=0
1787491700130396569 enter KeyMsg("a") selBefore=0
1787491700130402664 sessions [0:bk-one:starting@1787491700026] selBefore=0
1787491700130408160 enter KeyMsg("t") selBefore=0
1787491700130412513 sessions [0:bk-one:starting@1787491700026] selBefore=0
1787491700130418052 enter KeyMsg("c") selBefore=0
1787491700130422535 sessions [0:bk-one:starting@1787491700026] selBefore=0
1787491700130427767 enter KeyMsg("h") selBefore=0
1787491700130432144 sessions [0:bk-one:starting@1787491700026] selBefore=0
1787491700130437432 enter KeyMsg("/") selBefore=0
1787491700130441867 sessions [0:bk-one:starting@1787491700026] selBefore=0
1787491700130447165 enter KeyMsg("f") selBefore=0
1787491700130451498 sessions [0:bk-one:starting@1787491700026] selBefore=0
1787491700130454952 enter KeyMsg("p") selBefore=0
1787491700130458976 sessions [0:bk-one:starting@1787491700026] selBefore=0
1787491700130465029 enter KeyMsg("-") selBefore=0
1787491700130469466 sessions [0:bk-one:starting@1787491700026] selBefore=0
1787491700130474660 enter KeyMsg("b") selBefore=0
1787491700130479010 sessions [0:bk-one:starting@1787491700026] selBefore=0
1787491700130484295 enter KeyMsg("k") selBefore=0
1787491700130488626 sessions [0:bk-one:starting@1787491700026] selBefore=0
1787491700130493792 enter KeyMsg("-") selBefore=0
1787491700130498247 sessions [0:bk-one:starting@1787491700026] selBefore=0
1787491700130504127 enter KeyMsg("2") selBefore=0
1787491700130508640 sessions [0:bk-one:starting@1787491700026] selBefore=0
1787491700130518182 enter KeyMsg("/") selBefore=0
1787491700130524256 sessions [0:bk-one:starting@1787491700026] selBefore=0
1787491700130529534 enter KeyMsg("c") selBefore=0
1787491700130533939 sessions [0:bk-one:starting@1787491700026] selBefore=0
1787491700130539218 enter KeyMsg("w") selBefore=0
1787491700130543566 sessions [0:bk-one:starting@1787491700026] selBefore=0
1787491700130547052 enter KeyMsg("d") selBefore=0
1787491700130551086 sessions [0:bk-one:starting@1787491700026] selBefore=0
1787491700130635590 enter KeyMsg("enter") selBefore=0
1787491700130643108 sessions [0:bk-one:starting@1787491700026] selBefore=0
1787491700140140627 enter tui.shellCreated selBefore=0
1787491700140148289 sessions [0:bk-one:starting@1787491700026] selBefore=0
1787491700140302935 enter sessionsLoaded[bk-one:starting@1787491700026 bk-two:starting@1787491700139] selBefore=0
1787491700140307770 sessions [0:bk-one:starting@1787491700026] selBefore=0
1787491700151978754 enter tui.reconcileTick selBefore=0
1787491700152002338 sessions [0:bk-one:starting@1787491700026 1:bk-two:starting@1787491700139] selBefore=0
1787491700153322722 enter KeyMsg("k") selBefore=0
1787491700153343251 sessions [0:bk-one:starting@1787491700026 1:bk-two:starting@1787491700139] selBefore=0
1787491700155186711 enter tui.previewTick selBefore=0
1787491700155205562 sessions [0:bk-one:starting@1787491700026 1:bk-two:starting@1787491700139] selBefore=0
1787491700160731644 enter sessionsLoaded[bk-one:running@1787491700160 bk-two:running@1787491700160] selBefore=0
1787491700160750074 sessions [0:bk-one:starting@1787491700026 1:bk-two:starting@1787491700139] selBefore=0
1787491700163733172 enter tui.previewCaptured selBefore=1
1787491700163746657 sessions [0:bk-two:running@1787491700160 1:bk-one:running@1787491700160] selBefore=1
1787491700205678222 enter tui.previewTick selBefore=1
1787491700205737777 sessions [0:bk-two:running@1787491700160 1:bk-one:running@1787491700160] selBefore=1
1787491700217058793 enter tui.previewCaptured selBefore=1
1787491700217129931 sessions [0:bk-two:running@1787491700160 1:bk-one:running@1787491700160] selBefore=1
1787491700256333336 enter tui.previewTick selBefore=1
1787491700256367001 sessions [0:bk-two:running@1787491700160 1:bk-one:running@1787491700160] selBefore=1
1787491700268166025 enter tui.previewCaptured selBefore=1
1787491700268197893 sessions [0:bk-two:running@1787491700160 1:bk-one:running@1787491700160] selBefore=1
1787491700279539148 enter KeyMsg("m") selBefore=1
1787491700279564817 sessions [0:bk-two:running@1787491700160 1:bk-one:running@1787491700160] selBefore=1
1787491700305268959 enter KeyMsg("j") selBefore=1
1787491700305292612 sessions [0:bk-two:running@1787491700160 1:bk-one:running@1787491700160] selBefore=1
1787491700306848770 enter tui.previewTick selBefore=1
1787491700306868135 sessions [0:bk-two:running@1787491700160 1:bk-one:running@1787491700160] selBefore=1
1787491700316948164 enter tui.previewCaptured selBefore=1
1787491700316966769 sessions [0:bk-two:running@1787491700160 1:bk-one:running@1787491700160] selBefore=1
1787491700357250447 enter tui.previewTick selBefore=1
1787491700357281393 sessions [0:bk-two:running@1787491700160 1:bk-one:running@1787491700160] selBefore=1
1787491700367890943 enter tui.previewCaptured selBefore=1
1787491700367917467 sessions [0:bk-two:running@1787491700160 1:bk-one:running@1787491700160] selBefore=1
1787491700402526107 enter tui.reconcileTick selBefore=1
1787491700402579544 sessions [0:bk-two:running@1787491700160 1:bk-one:running@1787491700160] selBefore=1
1787491700407539347 enter tui.previewTick selBefore=1
1787491700407565424 sessions [0:bk-two:running@1787491700160 1:bk-one:running@1787491700160] selBefore=1
1787491700412607839 enter sessionsLoaded[bk-one:running@1787491700160 bk-two:running@1787491700160] selBefore=1
1787491700412637593 sessions [0:bk-two:running@1787491700160 1:bk-one:running@1787491700160] selBefore=1
1787491700417129667 enter tui.previewCaptured selBefore=1
1787491700417145806 sessions [0:bk-two:running@1787491700160 1:bk-one:running@1787491700160] selBefore=1
1787491700458640387 enter tui.previewTick selBefore=1
1787491700458671185 sessions [0:bk-two:running@1787491700160 1:bk-one:running@1787491700160] selBefore=1
1787491700468282255 enter tui.previewCaptured selBefore=1
1787491700468300754 sessions [0:bk-two:running@1787491700160 1:bk-one:running@1787491700160] selBefore=1
1787491700509833882 enter tui.previewTick selBefore=1
1787491700509916482 sessions [0:bk-two:running@1787491700160 1:bk-one:running@1787491700160] selBefore=1
1787491700522442420 enter tui.previewCaptured selBefore=1
1787491700522475160 sessions [0:bk-two:running@1787491700160 1:bk-one:running@1787491700160] selBefore=1
1787491700560218770 enter tui.previewTick selBefore=1
1787491700560263365 sessions [0:bk-two:running@1787491700160 1:bk-one:running@1787491700160] selBefore=1
1787491700571607730 enter tui.previewCaptured selBefore=1
1787491700571631511 sessions [0:bk-two:running@1787491700160 1:bk-one:running@1787491700160] selBefore=1
1787491700610511056 enter tui.previewTick selBefore=1
1787491700610536315 sessions [0:bk-two:running@1787491700160 1:bk-one:running@1787491700160] selBefore=1
1787491700622121105 enter tui.previewCaptured selBefore=1
1787491700622155906 sessions [0:bk-two:running@1787491700160 1:bk-one:running@1787491700160] selBefore=1
1787491700653597814 enter tui.reconcileTick selBefore=1
1787491700653632166 sessions [0:bk-two:running@1787491700160 1:bk-one:running@1787491700160] selBefore=1
1787491700660683229 enter tui.previewTick selBefore=1
1787491700660705092 sessions [0:bk-two:running@1787491700160 1:bk-one:running@1787491700160] selBefore=1
1787491700661041102 enter sessionsLoaded[bk-one:running@1787491700160 bk-two:running@1787491700160] selBefore=1
1787491700661057306 sessions [0:bk-two:running@1787491700160 1:bk-one:running@1787491700160] selBefore=1
1787491700671219939 enter tui.previewCaptured selBefore=1
1787491700671237586 sessions [0:bk-two:running@1787491700160 1:bk-one:running@1787491700160] selBefore=1
1787491700711738961 enter tui.previewTick selBefore=1
1787491700711772832 sessions [0:bk-two:running@1787491700160 1:bk-one:running@1787491700160] selBefore=1
1787491700724004868 enter tui.previewCaptured selBefore=1
1787491700724028111 sessions [0:bk-two:running@1787491700160 1:bk-one:running@1787491700160] selBefore=1
1787491700762611971 enter tui.previewTick selBefore=1
1787491700762638030 sessions [0:bk-two:running@1787491700160 1:bk-one:running@1787491700160] selBefore=1
1787491700773236523 enter tui.previewCaptured selBefore=1
1787491700773251949 sessions [0:bk-two:running@1787491700160 1:bk-one:running@1787491700160] selBefore=1
1787491700812953218 enter tui.previewTick selBefore=1
1787491700813049399 sessions [0:bk-two:running@1787491700160 1:bk-one:running@1787491700160] selBefore=1
1787491700824998129 enter tui.previewCaptured selBefore=1
1787491700825016998 sessions [0:bk-two:running@1787491700160 1:bk-one:running@1787491700160] selBefore=1
1787491700863740138 enter tui.previewTick selBefore=1
1787491700863766752 sessions [0:bk-two:running@1787491700160 1:bk-one:running@1787491700160] selBefore=1
1787491700874880588 enter tui.previewCaptured selBefore=1
1787491700874904361 sessions [0:bk-two:running@1787491700160 1:bk-one:running@1787491700160] selBefore=1
1787491700904633530 enter tui.reconcileTick selBefore=1
1787491700904672578 sessions [0:bk-two:running@1787491700160 1:bk-one:running@1787491700160] selBefore=1
1787491700913182720 enter sessionsLoaded[bk-one:running@1787491700160 bk-two:running@1787491700160] selBefore=1
1787491700913211673 sessions [0:bk-two:running@1787491700160 1:bk-one:running@1787491700160] selBefore=1
1787491700914098288 enter tui.previewTick selBefore=1
1787491700914134423 sessions [0:bk-two:running@1787491700160 1:bk-one:running@1787491700160] selBefore=1
1787491700923639593 enter tui.previewCaptured selBefore=1
1787491700923659155 sessions [0:bk-two:running@1787491700160 1:bk-one:running@1787491700160] selBefore=1
1787491700964422581 enter tui.previewTick selBefore=1
1787491700964460338 sessions [0:bk-two:running@1787491700160 1:bk-one:running@1787491700160] selBefore=1
1787491700975424547 enter tui.previewCaptured selBefore=1
1787491700975491949 sessions [0:bk-two:running@1787491700160 1:bk-one:running@1787491700160] selBefore=1
1787491701015414807 enter tui.previewTick selBefore=1
1787491701015513494 sessions [0:bk-two:running@1787491700160 1:bk-one:running@1787491700160] selBefore=1
1787491701026853283 enter tui.previewCaptured selBefore=1
1787491701026882557 sessions [0:bk-two:running@1787491700160 1:bk-one:running@1787491700160] selBefore=1
1787491701066583260 enter tui.previewTick selBefore=1
1787491701066620516 sessions [0:bk-two:running@1787491700160 1:bk-one:running@1787491700160] selBefore=1
1787491701078104091 enter tui.previewCaptured selBefore=1
1787491701078124557 sessions [0:bk-two:running@1787491700160 1:bk-one:running@1787491700160] selBefore=1
1787491701116704590 enter tui.previewTick selBefore=1
1787491701116750812 sessions [0:bk-two:running@1787491700160 1:bk-one:running@1787491700160] selBefore=1
1787491701128204711 enter tui.previewCaptured selBefore=1
1787491701128238321 sessions [0:bk-two:running@1787491700160 1:bk-one:running@1787491700160] selBefore=1
1787491701155655952 enter tui.reconcileTick selBefore=1
1787491701155686897 sessions [0:bk-two:running@1787491700160 1:bk-one:running@1787491700160] selBefore=1
1787491701164606252 enter sessionsLoaded[bk-one:running@1787491700160 bk-two:running@1787491700160] selBefore=1
1787491701164628804 sessions [0:bk-two:running@1787491700160 1:bk-one:running@1787491700160] selBefore=1
1787491701167486739 enter tui.previewTick selBefore=1
1787491701167513566 sessions [0:bk-two:running@1787491700160 1:bk-one:running@1787491700160] selBefore=1
1787491701177585697 enter tui.previewCaptured selBefore=1
1787491701177614548 sessions [0:bk-two:running@1787491700160 1:bk-one:running@1787491700160] selBefore=1
1787491701218565361 enter tui.previewTick selBefore=1
1787491701218611856 sessions [0:bk-two:running@1787491700160 1:bk-one:running@1787491700160] selBefore=1
1787491701229956312 enter tui.previewCaptured selBefore=1
1787491701229992250 sessions [0:bk-two:running@1787491700160 1:bk-one:running@1787491700160] selBefore=1
1787491701269606586 enter tui.previewTick selBefore=1
1787491701269637900 sessions [0:bk-two:running@1787491700160 1:bk-one:running@1787491700160] selBefore=1
1787491701282029172 enter tui.previewCaptured selBefore=1
1787491701282058021 sessions [0:bk-two:running@1787491700160 1:bk-one:running@1787491700160] selBefore=1
1787491701320707867 enter tui.previewTick selBefore=1
1787491701320745385 sessions [0:bk-two:running@1787491700160 1:bk-one:running@1787491700160] selBefore=1
1787491701331462477 enter tui.previewCaptured selBefore=1
1787491701331478221 sessions [0:bk-two:running@1787491700160 1:bk-one:running@1787491700160] selBefore=1
1787491701371578911 enter tui.previewTick selBefore=1
1787491701371610422 sessions [0:bk-two:running@1787491700160 1:bk-one:running@1787491700160] selBefore=1
1787491701382053911 enter tui.previewCaptured selBefore=1
1787491701382076088 sessions [0:bk-two:running@1787491700160 1:bk-one:running@1787491700160] selBefore=1
1787491701406625688 enter tui.reconcileTick selBefore=1
1787491701406667308 sessions [0:bk-two:running@1787491700160 1:bk-one:running@1787491700160] selBefore=1
1787491701414591479 enter sessionsLoaded[bk-one:running@1787491700160 bk-two:running@1787491700160] selBefore=1
1787491701414608183 sessions [0:bk-two:running@1787491700160 1:bk-one:running@1787491700160] selBefore=1
1787491701422674107 enter tui.previewTick selBefore=1
1787491701422710758 sessions [0:bk-two:running@1787491700160 1:bk-one:running@1787491700160] selBefore=1
1787491701432393179 enter tui.previewCaptured selBefore=1
1787491701432416635 sessions [0:bk-two:running@1787491700160 1:bk-one:running@1787491700160] selBefore=1
1787491701472946776 enter tui.previewTick selBefore=1
1787491701472981109 sessions [0:bk-two:running@1787491700160 1:bk-one:running@1787491700160] selBefore=1
1787491701484328917 enter tui.previewCaptured selBefore=1
1787491701484366073 sessions [0:bk-two:running@1787491700160 1:bk-one:running@1787491700160] selBefore=1
1787491701523381408 enter tui.previewTick selBefore=1
1787491701523415225 sessions [0:bk-two:running@1787491700160 1:bk-one:running@1787491700160] selBefore=1
1787491701535079357 enter tui.previewCaptured selBefore=1
1787491701535113560 sessions [0:bk-two:running@1787491700160 1:bk-one:running@1787491700160] selBefore=1
1787491701573599392 enter tui.previewTick selBefore=1
1787491701573626724 sessions [0:bk-two:running@1787491700160 1:bk-one:running@1787491700160] selBefore=1
1787491701583807805 enter tui.previewCaptured selBefore=1
1787491701583838582 sessions [0:bk-two:running@1787491700160 1:bk-one:running@1787491700160] selBefore=1
1787491701624405584 enter tui.previewTick selBefore=1
1787491701624483646 sessions [0:bk-two:running@1787491700160 1:bk-one:running@1787491700160] selBefore=1
1787491701635403960 enter tui.previewCaptured selBefore=1
1787491701635433487 sessions [0:bk-two:running@1787491700160 1:bk-one:running@1787491700160] selBefore=1
1787491701657712572 enter tui.reconcileTick selBefore=1
1787491701657741040 sessions [0:bk-two:running@1787491700160 1:bk-one:running@1787491700160] selBefore=1
1787491701665872521 enter sessionsLoaded[bk-one:running@1787491700160 bk-two:running@1787491700160] selBefore=1
1787491701665889314 sessions [0:bk-two:running@1787491700160 1:bk-one:running@1787491700160] selBefore=1
1787491701675179049 enter tui.previewTick selBefore=1
1787491701675205853 sessions [0:bk-two:running@1787491700160 1:bk-one:running@1787491700160] selBefore=1
1787491701686435064 enter tui.previewCaptured selBefore=1
1787491701686469946 sessions [0:bk-two:running@1787491700160 1:bk-one:running@1787491700160] selBefore=1
1787491701726208545 enter tui.previewTick selBefore=1
1787491701726244776 sessions [0:bk-two:running@1787491700160 1:bk-one:running@1787491700160] selBefore=1
1787491701738447865 enter tui.previewCaptured selBefore=1
1787491701738473315 sessions [0:bk-two:running@1787491700160 1:bk-one:running@1787491700160] selBefore=1
1787491701777256473 enter tui.previewTick selBefore=1
1787491701777291668 sessions [0:bk-two:running@1787491700160 1:bk-one:running@1787491700160] selBefore=1
1787491701787899066 enter tui.previewCaptured selBefore=1
1787491701787926090 sessions [0:bk-two:running@1787491700160 1:bk-one:running@1787491700160] selBefore=1
1787491701827679083 enter tui.previewTick selBefore=1
1787491701827731809 sessions [0:bk-two:running@1787491700160 1:bk-one:running@1787491700160] selBefore=1
1787491701839334553 enter tui.previewCaptured selBefore=1
1787491701839362832 sessions [0:bk-two:running@1787491700160 1:bk-one:running@1787491700160] selBefore=1
1787491701877868303 enter tui.previewTick selBefore=1
1787491701877908945 sessions [0:bk-two:running@1787491700160 1:bk-one:running@1787491700160] selBefore=1
1787491701889920608 enter tui.previewCaptured selBefore=1
1787491701889951861 sessions [0:bk-two:running@1787491700160 1:bk-one:running@1787491700160] selBefore=1
1787491701908271425 enter tui.reconcileTick selBefore=1
1787491701908313041 sessions [0:bk-two:running@1787491700160 1:bk-one:running@1787491700160] selBefore=1
1787491701918751125 enter sessionsLoaded[bk-one:running@1787491700160 bk-two:running@1787491700160] selBefore=1
1787491701918778359 sessions [0:bk-two:running@1787491700160 1:bk-one:running@1787491700160] selBefore=1
1787491701928639969 enter tui.previewTick selBefore=1
1787491701928671677 sessions [0:bk-two:running@1787491700160 1:bk-one:running@1787491700160] selBefore=1
1787491701938816919 enter tui.previewCaptured selBefore=1
1787491701938846820 sessions [0:bk-two:running@1787491700160 1:bk-one:running@1787491700160] selBefore=1
1787491701979265934 enter tui.previewTick selBefore=1
1787491701979299765 sessions [0:bk-two:running@1787491700160 1:bk-one:running@1787491700160] selBefore=1
1787491701991336065 enter tui.previewCaptured selBefore=1
1787491701991366526 sessions [0:bk-two:running@1787491700160 1:bk-one:running@1787491700160] selBefore=1
1787491702029898203 enter tui.previewTick selBefore=1
1787491702029936558 sessions [0:bk-two:running@1787491700160 1:bk-one:running@1787491700160] selBefore=1
1787491702041180913 enter tui.previewCaptured selBefore=1
1787491702041207476 sessions [0:bk-two:running@1787491700160 1:bk-one:running@1787491700160] selBefore=1
1787491702080388189 enter tui.previewTick selBefore=1
1787491702080431023 sessions [0:bk-two:running@1787491700160 1:bk-one:running@1787491700160] selBefore=1
1787491702091726974 enter tui.previewCaptured selBefore=1
1787491702091755150 sessions [0:bk-two:running@1787491700160 1:bk-one:running@1787491700160] selBefore=1
1787491702131232184 enter tui.previewTick selBefore=1
1787491702131279066 sessions [0:bk-two:running@1787491700160 1:bk-one:running@1787491700160] selBefore=1
1787491702141297319 enter tui.previewCaptured selBefore=1
1787491702141314153 sessions [0:bk-two:running@1787491700160 1:bk-one:running@1787491700160] selBefore=1
1787491702158523974 enter tui.reconcileTick selBefore=1
1787491702158562251 sessions [0:bk-two:running@1787491700160 1:bk-one:running@1787491700160] selBefore=1
1787491702166966599 enter sessionsLoaded[bk-one:running@1787491700160 bk-two:running@1787491700160] selBefore=1
1787491702166986705 sessions [0:bk-two:running@1787491700160 1:bk-one:running@1787491700160] selBefore=1
1787491702182224158 enter tui.previewTick selBefore=1
1787491702182329316 sessions [0:bk-two:running@1787491700160 1:bk-one:running@1787491700160] selBefore=1
1787491702191354227 enter tui.previewCaptured selBefore=1
1787491702191372705 sessions [0:bk-two:running@1787491700160 1:bk-one:running@1787491700160] selBefore=1
1787491702233345564 enter tui.previewTick selBefore=1
1787491702233420074 sessions [0:bk-two:running@1787491700160 1:bk-one:running@1787491700160] selBefore=1
1787491702243388557 enter tui.previewCaptured selBefore=1
1787491702243411208 sessions [0:bk-two:running@1787491700160 1:bk-one:running@1787491700160] selBefore=1
1787491702284469789 enter tui.previewTick selBefore=1
1787491702284495151 sessions [0:bk-two:running@1787491700160 1:bk-one:running@1787491700160] selBefore=1
1787491702296199786 enter tui.previewCaptured selBefore=1
1787491702296226673 sessions [0:bk-two:running@1787491700160 1:bk-one:running@1787491700160] selBefore=1
1787491702335466560 enter tui.previewTick selBefore=1
1787491702335506658 sessions [0:bk-two:running@1787491700160 1:bk-one:running@1787491700160] selBefore=1
1787491702347691898 enter tui.previewCaptured selBefore=1
1787491702347722871 sessions [0:bk-two:running@1787491700160 1:bk-one:running@1787491700160] selBefore=1
1787491702386375577 enter tui.previewTick selBefore=1
1787491702386411067 sessions [0:bk-two:running@1787491700160 1:bk-one:running@1787491700160] selBefore=1
1787491702397308642 enter tui.previewCaptured selBefore=1
1787491702397335470 sessions [0:bk-two:running@1787491700160 1:bk-one:running@1787491700160] selBefore=1
1787491702409548945 enter tui.reconcileTick selBefore=1
1787491702409599081 sessions [0:bk-two:running@1787491700160 1:bk-one:running@1787491700160] selBefore=1
1787491702419103755 enter sessionsLoaded[bk-one:running@1787491700160 bk-two:running@1787491700160] selBefore=1
1787491702419141327 sessions [0:bk-two:running@1787491700160 1:bk-one:running@1787491700160] selBefore=1
1787491702437286955 enter tui.previewTick selBefore=1
1787491702437318968 sessions [0:bk-two:running@1787491700160 1:bk-one:running@1787491700160] selBefore=1
1787491702448401543 enter tui.previewCaptured selBefore=1
1787491702448424489 sessions [0:bk-two:running@1787491700160 1:bk-one:running@1787491700160] selBefore=1
1787491702487516796 enter tui.previewTick selBefore=1
1787491702487562378 sessions [0:bk-two:running@1787491700160 1:bk-one:running@1787491700160] selBefore=1
1787491702497821106 enter tui.previewCaptured selBefore=1
1787491702497844293 sessions [0:bk-two:running@1787491700160 1:bk-one:running@1787491700160] selBefore=1
1787491702538054985 enter tui.previewTick selBefore=1
1787491702538090573 sessions [0:bk-two:running@1787491700160 1:bk-one:running@1787491700160] selBefore=1
1787491702547775348 enter tui.previewCaptured selBefore=1
1787491702547805738 sessions [0:bk-two:running@1787491700160 1:bk-one:running@1787491700160] selBefore=1
1787491702588319586 enter tui.previewTick selBefore=1
1787491702588360008 sessions [0:bk-two:running@1787491700160 1:bk-one:running@1787491700160] selBefore=1
1787491702599802804 enter tui.previewCaptured selBefore=1
1787491702599821164 sessions [0:bk-two:running@1787491700160 1:bk-one:running@1787491700160] selBefore=1
1787491702638768427 enter tui.previewTick selBefore=1
1787491702638834013 sessions [0:bk-two:running@1787491700160 1:bk-one:running@1787491700160] selBefore=1
1787491702650299452 enter tui.previewCaptured selBefore=1
1787491702650316648 sessions [0:bk-two:running@1787491700160 1:bk-one:running@1787491700160] selBefore=1
1787491702659708771 enter tui.reconcileTick selBefore=1
1787491702659744838 sessions [0:bk-two:running@1787491700160 1:bk-one:running@1787491700160] selBefore=1
1787491702668172003 enter sessionsLoaded[bk-one:running@1787491700160 bk-two:running@1787491700160] selBefore=1
1787491702668190882 sessions [0:bk-two:running@1787491700160 1:bk-one:running@1787491700160] selBefore=1
1787491702689411417 enter tui.previewTick selBefore=1
1787491702689450361 sessions [0:bk-two:running@1787491700160 1:bk-one:running@1787491700160] selBefore=1
1787491702700647789 enter tui.previewCaptured selBefore=1
1787491702700685154 sessions [0:bk-two:running@1787491700160 1:bk-one:running@1787491700160] selBefore=1
1787491702739895142 enter tui.previewTick selBefore=1
1787491702739934933 sessions [0:bk-two:running@1787491700160 1:bk-one:running@1787491700160] selBefore=1
1787491702751839248 enter tui.previewCaptured selBefore=1
1787491702751859341 sessions [0:bk-two:running@1787491700160 1:bk-one:running@1787491700160] selBefore=1
1787491702790255182 enter tui.previewTick selBefore=1
1787491702790313815 sessions [0:bk-two:running@1787491700160 1:bk-one:running@1787491700160] selBefore=1
1787491702801304191 enter tui.previewCaptured selBefore=1
1787491702801325494 sessions [0:bk-two:running@1787491700160 1:bk-one:running@1787491700160] selBefore=1
1787491702841281970 enter tui.previewTick selBefore=1
1787491702841315057 sessions [0:bk-two:running@1787491700160 1:bk-one:running@1787491700160] selBefore=1
1787491702852221201 enter tui.previewCaptured selBefore=1
1787491702852268538 sessions [0:bk-two:running@1787491700160 1:bk-one:running@1787491700160] selBefore=1
1787491702891975418 enter tui.previewTick selBefore=1
1787491702892012856 sessions [0:bk-two:running@1787491700160 1:bk-one:running@1787491700160] selBefore=1
1787491702904284818 enter tui.previewCaptured selBefore=1
1787491702904319466 sessions [0:bk-two:running@1787491700160 1:bk-one:running@1787491700160] selBefore=1
1787491702910355831 enter tui.reconcileTick selBefore=1
1787491702910395650 sessions [0:bk-two:running@1787491700160 1:bk-one:running@1787491700160] selBefore=1
1787491702920080576 enter sessionsLoaded[bk-one:running@1787491700160 bk-two:running@1787491700160] selBefore=1
1787491702920109757 sessions [0:bk-two:running@1787491700160 1:bk-one:running@1787491700160] selBefore=1
1787491702942167620 enter tui.previewTick selBefore=1
1787491702942193816 sessions [0:bk-two:running@1787491700160 1:bk-one:running@1787491700160] selBefore=1
1787491702953165878 enter tui.previewCaptured selBefore=1
1787491702953185026 sessions [0:bk-two:running@1787491700160 1:bk-one:running@1787491700160] selBefore=1
1787491702993101927 enter tui.previewTick selBefore=1
1787491702993157694 sessions [0:bk-two:running@1787491700160 1:bk-one:running@1787491700160] selBefore=1
1787491703003825902 enter tui.previewCaptured selBefore=1
1787491703003850256 sessions [0:bk-two:running@1787491700160 1:bk-one:running@1787491700160] selBefore=1
1787491703043537262 enter tui.previewTick selBefore=1
1787491703043603386 sessions [0:bk-two:running@1787491700160 1:bk-one:running@1787491700160] selBefore=1
1787491703055124375 enter tui.previewCaptured selBefore=1
1787491703055158698 sessions [0:bk-two:running@1787491700160 1:bk-one:running@1787491700160] selBefore=1
1787491703094207228 enter tui.previewTick selBefore=1
1787491703094240175 sessions [0:bk-two:running@1787491700160 1:bk-one:running@1787491700160] selBefore=1
1787491703104075232 enter tui.previewCaptured selBefore=1
1787491703104105371 sessions [0:bk-two:running@1787491700160 1:bk-one:running@1787491700160] selBefore=1
1787491703145118848 enter tui.previewTick selBefore=1
1787491703145150593 sessions [0:bk-two:running@1787491700160 1:bk-one:running@1787491700160] selBefore=1
1787491703156441277 enter tui.previewCaptured selBefore=1
1787491703156474972 sessions [0:bk-two:running@1787491700160 1:bk-one:running@1787491700160] selBefore=1
1787491703160577922 enter tui.reconcileTick selBefore=1
1787491703160612675 sessions [0:bk-two:running@1787491700160 1:bk-one:running@1787491700160] selBefore=1
1787491703169058341 enter sessionsLoaded[bk-one:running@1787491700160 bk-two:running@1787491700160] selBefore=1
1787491703169099744 sessions [0:bk-two:running@1787491700160 1:bk-one:running@1787491700160] selBefore=1
1787491703196069081 enter tui.previewTick selBefore=1
1787491703196107826 sessions [0:bk-two:running@1787491700160 1:bk-one:running@1787491700160] selBefore=1
1787491703206821097 enter tui.previewCaptured selBefore=1
1787491703206841425 sessions [0:bk-two:running@1787491700160 1:bk-one:running@1787491700160] selBefore=1
1787491703246941129 enter tui.previewTick selBefore=1
1787491703246968554 sessions [0:bk-two:running@1787491700160 1:bk-one:running@1787491700160] selBefore=1
1787491703258971920 enter tui.previewCaptured selBefore=1
1787491703258997455 sessions [0:bk-two:running@1787491700160 1:bk-one:running@1787491700160] selBefore=1
1787491703297529276 enter tui.previewTick selBefore=1
1787491703297553334 sessions [0:bk-two:running@1787491700160 1:bk-one:running@1787491700160] selBefore=1
1787491703306954560 enter tui.previewCaptured selBefore=1
1787491703306970740 sessions [0:bk-two:running@1787491700160 1:bk-one:running@1787491700160] selBefore=1
1787491703348184389 enter tui.previewTick selBefore=1
1787491703348220042 sessions [0:bk-two:running@1787491700160 1:bk-one:running@1787491700160] selBefore=1
1787491703359539926 enter tui.previewCaptured selBefore=1
1787491703359569212 sessions [0:bk-two:running@1787491700160 1:bk-one:running@1787491700160] selBefore=1
1787491703399274973 enter tui.previewTick selBefore=1
1787491703399321874 sessions [0:bk-two:running@1787491700160 1:bk-one:running@1787491700160] selBefore=1
1787491703410881232 enter tui.reconcileTick selBefore=1
1787491703410911211 sessions [0:bk-two:running@1787491700160 1:bk-one:running@1787491700160] selBefore=1
1787491703411063708 enter tui.previewCaptured selBefore=1
1787491703411104228 sessions [0:bk-two:running@1787491700160 1:bk-one:running@1787491700160] selBefore=1
1787491703420097688 enter sessionsLoaded[bk-one:running@1787491700160 bk-two:running@1787491700160] selBefore=1
1787491703420125859 sessions [0:bk-two:running@1787491700160 1:bk-one:running@1787491700160] selBefore=1
1787491703450185272 enter tui.previewTick selBefore=1
1787491703450276566 sessions [0:bk-two:running@1787491700160 1:bk-one:running@1787491700160] selBefore=1
1787491703462312233 enter tui.previewCaptured selBefore=1
1787491703462335335 sessions [0:bk-two:running@1787491700160 1:bk-one:running@1787491700160] selBefore=1
1787491703500391295 enter tui.previewTick selBefore=1
1787491703500475067 sessions [0:bk-two:running@1787491700160 1:bk-one:running@1787491700160] selBefore=1
1787491703511547534 enter tui.previewCaptured selBefore=1
1787491703511606623 sessions [0:bk-two:running@1787491700160 1:bk-one:running@1787491700160] selBefore=1
1787491703551400814 enter tui.previewTick selBefore=1
1787491703551468576 sessions [0:bk-two:running@1787491700160 1:bk-one:running@1787491700160] selBefore=1
1787491703562789405 enter tui.previewCaptured selBefore=1
1787491703562813026 sessions [0:bk-two:running@1787491700160 1:bk-one:running@1787491700160] selBefore=1
1787491703601982499 enter tui.previewTick selBefore=1
1787491703602026338 sessions [0:bk-two:running@1787491700160 1:bk-one:running@1787491700160] selBefore=1
1787491703612566107 enter tui.previewCaptured selBefore=1
1787491703612590201 sessions [0:bk-two:running@1787491700160 1:bk-one:running@1787491700160] selBefore=1
1787491703653090347 enter tui.previewTick selBefore=1
1787491703653120042 sessions [0:bk-two:running@1787491700160 1:bk-one:running@1787491700160] selBefore=1
1787491703661822848 enter tui.reconcileTick selBefore=1
1787491703661865218 sessions [0:bk-two:running@1787491700160 1:bk-one:running@1787491700160] selBefore=1
1787491703663207846 enter tui.previewCaptured selBefore=1
1787491703663220266 sessions [0:bk-two:running@1787491700160 1:bk-one:running@1787491700160] selBefore=1
1787491703668329157 enter sessionsLoaded[bk-one:running@1787491700160 bk-two:running@1787491700160] selBefore=1
1787491703668341751 sessions [0:bk-two:running@1787491700160 1:bk-one:running@1787491700160] selBefore=1
1787491703704016868 enter tui.previewTick selBefore=1
1787491703704048838 sessions [0:bk-two:running@1787491700160 1:bk-one:running@1787491700160] selBefore=1
1787491703715651748 enter tui.previewCaptured selBefore=1
1787491703715675728 sessions [0:bk-two:running@1787491700160 1:bk-one:running@1787491700160] selBefore=1
1787491703755081875 enter tui.previewTick selBefore=1
1787491703755191386 sessions [0:bk-two:running@1787491700160 1:bk-one:running@1787491700160] selBefore=1
1787491703767350208 enter tui.previewCaptured selBefore=1
1787491703767373518 sessions [0:bk-two:running@1787491700160 1:bk-one:running@1787491700160] selBefore=1
1787491703805484702 enter tui.previewTick selBefore=1
1787491703805513980 sessions [0:bk-two:running@1787491700160 1:bk-one:running@1787491700160] selBefore=1
1787491703818524687 enter tui.previewCaptured selBefore=1
1787491703818555635 sessions [0:bk-two:running@1787491700160 1:bk-one:running@1787491700160] selBefore=1
1787491703856310212 enter tui.previewTick selBefore=1
1787491703856355279 sessions [0:bk-two:running@1787491700160 1:bk-one:running@1787491700160] selBefore=1
1787491703867273019 enter tui.previewCaptured selBefore=1
1787491703867297546 sessions [0:bk-two:running@1787491700160 1:bk-one:running@1787491700160] selBefore=1
1787491703907436257 enter tui.previewTick selBefore=1
1787491703907525138 sessions [0:bk-two:running@1787491700160 1:bk-one:running@1787491700160] selBefore=1
1787491703912025348 enter tui.reconcileTick selBefore=1
1787491703912056844 sessions [0:bk-two:running@1787491700160 1:bk-one:running@1787491700160] selBefore=1
1787491703918680486 enter tui.previewCaptured selBefore=1
1787491703918707921 sessions [0:bk-two:running@1787491700160 1:bk-one:running@1787491700160] selBefore=1
1787491703920849616 enter sessionsLoaded[bk-one:running@1787491700160 bk-two:running@1787491700160] selBefore=1
1787491703920864220 sessions [0:bk-two:running@1787491700160 1:bk-one:running@1787491700160] selBefore=1
1787491703958412071 enter tui.previewTick selBefore=1
1787491703958451390 sessions [0:bk-two:running@1787491700160 1:bk-one:running@1787491700160] selBefore=1
1787491703969003516 enter tui.previewCaptured selBefore=1
1787491703969019849 sessions [0:bk-two:running@1787491700160 1:bk-one:running@1787491700160] selBefore=1
1787491704008860594 enter tui.previewTick selBefore=1
1787491704008899616 sessions [0:bk-two:running@1787491700160 1:bk-one:running@1787491700160] selBefore=1
1787491704020464248 enter tui.previewCaptured selBefore=1
1787491704020484384 sessions [0:bk-two:running@1787491700160 1:bk-one:running@1787491700160] selBefore=1
1787491704059289752 enter tui.previewTick selBefore=1
1787491704059318049 sessions [0:bk-two:running@1787491700160 1:bk-one:running@1787491700160] selBefore=1
1787491704070292791 enter tui.previewCaptured selBefore=1
1787491704070319902 sessions [0:bk-two:running@1787491700160 1:bk-one:running@1787491700160] selBefore=1
1787491704110359509 enter tui.previewTick selBefore=1
1787491704110396405 sessions [0:bk-two:running@1787491700160 1:bk-one:running@1787491700160] selBefore=1
1787491704121822964 enter tui.previewCaptured selBefore=1
1787491704121867792 sessions [0:bk-two:running@1787491700160 1:bk-one:running@1787491700160] selBefore=1
1787491704160512965 enter tui.previewTick selBefore=1
1787491704160549718 sessions [0:bk-two:running@1787491700160 1:bk-one:running@1787491700160] selBefore=1
1787491704162999011 enter tui.reconcileTick selBefore=1
1787491704163029920 sessions [0:bk-two:running@1787491700160 1:bk-one:running@1787491700160] selBefore=1
1787491704170962075 enter sessionsLoaded[bk-one:running@1787491700160 bk-two:running@1787491700160] selBefore=1
1787491704170987248 sessions [0:bk-two:running@1787491700160 1:bk-one:running@1787491700160] selBefore=1
1787491704171341456 enter tui.previewCaptured selBefore=1
1787491704171364731 sessions [0:bk-two:running@1787491700160 1:bk-one:running@1787491700160] selBefore=1
1787491704211134833 enter tui.previewTick selBefore=1
1787491704211170954 sessions [0:bk-two:running@1787491700160 1:bk-one:running@1787491700160] selBefore=1
1787491704222329225 enter tui.previewCaptured selBefore=1
1787491704222346882 sessions [0:bk-two:running@1787491700160 1:bk-one:running@1787491700160] selBefore=1
1787491704261882410 enter tui.previewTick selBefore=1
1787491704261912101 sessions [0:bk-two:running@1787491700160 1:bk-one:running@1787491700160] selBefore=1
1787491704271874533 enter tui.previewCaptured selBefore=1
1787491704271891949 sessions [0:bk-two:running@1787491700160 1:bk-one:running@1787491700160] selBefore=1
1787491704312228545 enter tui.previewTick selBefore=1
1787491704312254368 sessions [0:bk-two:running@1787491700160 1:bk-one:running@1787491700160] selBefore=1
1787491704323274025 enter tui.previewCaptured selBefore=1
1787491704323294896 sessions [0:bk-two:running@1787491700160 1:bk-one:running@1787491700160] selBefore=1
1787491704362820903 enter tui.previewTick selBefore=1
1787491704362853712 sessions [0:bk-two:running@1787491700160 1:bk-one:running@1787491700160] selBefore=1
1787491704373183040 enter tui.previewCaptured selBefore=1
1787491704373208950 sessions [0:bk-two:running@1787491700160 1:bk-one:running@1787491700160] selBefore=1
1787491704413843995 enter tui.reconcileTick selBefore=1
1787491704413884178 sessions [0:bk-two:running@1787491700160 1:bk-one:running@1787491700160] selBefore=1
1787491704413960549 enter tui.previewTick selBefore=1
1787491704413967235 sessions [0:bk-two:running@1787491700160 1:bk-one:running@1787491700160] selBefore=1
1787491704423349192 enter sessionsLoaded[bk-one:running@1787491700160 bk-two:running@1787491700160] selBefore=1
1787491704423369162 sessions [0:bk-two:running@1787491700160 1:bk-one:running@1787491700160] selBefore=1
1787491704425731307 enter tui.previewCaptured selBefore=1
1787491704425761187 sessions [0:bk-two:running@1787491700160 1:bk-one:running@1787491700160] selBefore=1
1787491704464406974 enter tui.previewTick selBefore=1
1787491704464439375 sessions [0:bk-two:running@1787491700160 1:bk-one:running@1787491700160] selBefore=1
1787491704476029382 enter tui.previewCaptured selBefore=1
1787491704476063838 sessions [0:bk-two:running@1787491700160 1:bk-one:running@1787491700160] selBefore=1
1787491704515427565 enter tui.previewTick selBefore=1
1787491704515455562 sessions [0:bk-two:running@1787491700160 1:bk-one:running@1787491700160] selBefore=1
1787491704526753936 enter tui.previewCaptured selBefore=1
1787491704526773811 sessions [0:bk-two:running@1787491700160 1:bk-one:running@1787491700160] selBefore=1
1787491704565675287 enter tui.previewTick selBefore=1
1787491704565714830 sessions [0:bk-two:running@1787491700160 1:bk-one:running@1787491700160] selBefore=1
1787491704576553407 enter tui.previewCaptured selBefore=1
1787491704576584570 sessions [0:bk-two:running@1787491700160 1:bk-one:running@1787491700160] selBefore=1
1787491704616502072 enter tui.previewTick selBefore=1
1787491704616536447 sessions [0:bk-two:running@1787491700160 1:bk-one:running@1787491700160] selBefore=1
1787491704628524001 enter tui.previewCaptured selBefore=1
1787491704628559669 sessions [0:bk-two:running@1787491700160 1:bk-one:running@1787491700160] selBefore=1
1787491704664115333 enter tui.reconcileTick selBefore=1
1787491704664164981 sessions [0:bk-two:running@1787491700160 1:bk-one:running@1787491700160] selBefore=1
1787491704666749190 enter tui.previewTick selBefore=1
1787491704666770733 sessions [0:bk-two:running@1787491700160 1:bk-one:running@1787491700160] selBefore=1
1787491704673006754 enter sessionsLoaded[bk-one:running@1787491700160 bk-two:running@1787491700160] selBefore=1
1787491704673027859 sessions [0:bk-two:running@1787491700160 1:bk-one:running@1787491700160] selBefore=1
1787491704676534903 enter tui.previewCaptured selBefore=1
1787491704676557537 sessions [0:bk-two:running@1787491700160 1:bk-one:running@1787491700160] selBefore=1
1787491704717585327 enter tui.previewTick selBefore=1
1787491704717613046 sessions [0:bk-two:running@1787491700160 1:bk-one:running@1787491700160] selBefore=1
1787491704727331196 enter tui.previewCaptured selBefore=1
1787491704727354254 sessions [0:bk-two:running@1787491700160 1:bk-one:running@1787491700160] selBefore=1
1787491704768165005 enter tui.previewTick selBefore=1
1787491704768242567 sessions [0:bk-two:running@1787491700160 1:bk-one:running@1787491700160] selBefore=1
1787491704779326649 enter tui.previewCaptured selBefore=1
1787491704779349488 sessions [0:bk-two:running@1787491700160 1:bk-one:running@1787491700160] selBefore=1
1787491704819125399 enter tui.previewTick selBefore=1
1787491704819164229 sessions [0:bk-two:running@1787491700160 1:bk-one:running@1787491700160] selBefore=1
1787491704830701855 enter tui.previewCaptured selBefore=1
1787491704830721573 sessions [0:bk-two:running@1787491700160 1:bk-one:running@1787491700160] selBefore=1
1787491704869565688 enter tui.previewTick selBefore=1
1787491704869617170 sessions [0:bk-two:running@1787491700160 1:bk-one:running@1787491700160] selBefore=1
1787491704879361812 enter tui.previewCaptured selBefore=1
1787491704879381179 sessions [0:bk-two:running@1787491700160 1:bk-one:running@1787491700160] selBefore=1
1787491704914509473 enter tui.reconcileTick selBefore=1
1787491704914549024 sessions [0:bk-two:running@1787491700160 1:bk-one:running@1787491700160] selBefore=1
1787491704920464599 enter tui.previewTick selBefore=1
1787491704920493649 sessions [0:bk-two:running@1787491700160 1:bk-one:running@1787491700160] selBefore=1
1787491704923241436 enter sessionsLoaded[bk-one:running@1787491700160 bk-two:running@1787491700160] selBefore=1
1787491704923260277 sessions [0:bk-two:running@1787491700160 1:bk-one:running@1787491700160] selBefore=1
1787491704930663187 enter tui.previewCaptured selBefore=1
1787491704930684889 sessions [0:bk-two:running@1787491700160 1:bk-one:running@1787491700160] selBefore=1
1787491704971462578 enter tui.previewTick selBefore=1
1787491704971493924 sessions [0:bk-two:running@1787491700160 1:bk-one:running@1787491700160] selBefore=1
1787491704982556268 enter tui.previewCaptured selBefore=1
1787491704982571285 sessions [0:bk-two:running@1787491700160 1:bk-one:running@1787491700160] selBefore=1
1787491705022473769 enter tui.previewTick selBefore=1
1787491705022501396 sessions [0:bk-two:running@1787491700160 1:bk-one:running@1787491700160] selBefore=1
1787491705032236916 enter tui.previewCaptured selBefore=1
1787491705032272440 sessions [0:bk-two:running@1787491700160 1:bk-one:running@1787491700160] selBefore=1
1787491705073294276 enter tui.previewTick selBefore=1
1787491705073325057 sessions [0:bk-two:running@1787491700160 1:bk-one:running@1787491700160] selBefore=1
1787491705084977511 enter tui.previewCaptured selBefore=1
1787491705085012601 sessions [0:bk-two:running@1787491700160 1:bk-one:running@1787491700160] selBefore=1
1787491705123629356 enter tui.previewTick selBefore=1
1787491705123668655 sessions [0:bk-two:running@1787491700160 1:bk-one:running@1787491700160] selBefore=1
1787491705135080471 enter tui.previewCaptured selBefore=1
1787491705135110065 sessions [0:bk-two:running@1787491700160 1:bk-one:running@1787491700160] selBefore=1
1787491705165347710 enter tui.reconcileTick selBefore=1
1787491705165380104 sessions [0:bk-two:running@1787491700160 1:bk-one:running@1787491700160] selBefore=1
1787491705173901572 enter tui.previewTick selBefore=1
1787491705173934418 sessions [0:bk-two:running@1787491700160 1:bk-one:running@1787491700160] selBefore=1
1787491705174113552 enter sessionsLoaded[bk-one:running@1787491700160 bk-two:running@1787491700160] selBefore=1
1787491705174128760 sessions [0:bk-two:running@1787491700160 1:bk-one:running@1787491700160] selBefore=1
1787491705184066201 enter tui.previewCaptured selBefore=1
1787491705184099472 sessions [0:bk-two:running@1787491700160 1:bk-one:running@1787491700160] selBefore=1
1787491705224559095 enter tui.previewTick selBefore=1
1787491705224606398 sessions [0:bk-two:running@1787491700160 1:bk-one:running@1787491700160] selBefore=1
1787491705233916730 enter tui.previewCaptured selBefore=1
1787491705233958747 sessions [0:bk-two:running@1787491700160 1:bk-one:running@1787491700160] selBefore=1
1787491705275809234 enter tui.previewTick selBefore=1
1787491705275837890 sessions [0:bk-two:running@1787491700160 1:bk-one:running@1787491700160] selBefore=1
1787491705289249871 enter tui.previewCaptured selBefore=1
1787491705289349678 sessions [0:bk-two:running@1787491700160 1:bk-one:running@1787491700160] selBefore=1
1787491705326735314 enter tui.previewTick selBefore=1
1787491705326773295 sessions [0:bk-two:running@1787491700160 1:bk-one:running@1787491700160] selBefore=1
1787491705336925508 enter tui.previewCaptured selBefore=1
1787491705336950052 sessions [0:bk-two:running@1787491700160 1:bk-one:running@1787491700160] selBefore=1
1787491705377282203 enter tui.previewTick selBefore=1
1787491705377322752 sessions [0:bk-two:running@1787491700160 1:bk-one:running@1787491700160] selBefore=1
1787491705388465365 enter tui.previewCaptured selBefore=1
1787491705388499862 sessions [0:bk-two:running@1787491700160 1:bk-one:running@1787491700160] selBefore=1
1787491705415895113 enter tui.reconcileTick selBefore=1
1787491705415921551 sessions [0:bk-two:running@1787491700160 1:bk-one:running@1787491700160] selBefore=1
1787491705425214971 enter sessionsLoaded[bk-one:running@1787491700160 bk-two:running@1787491700160] selBefore=1
1787491705425247006 sessions [0:bk-two:running@1787491700160 1:bk-one:running@1787491700160] selBefore=1
1787491705428234367 enter tui.previewTick selBefore=1
1787491705428255870 sessions [0:bk-two:running@1787491700160 1:bk-one:running@1787491700160] selBefore=1
1787491705437879950 enter tui.previewCaptured selBefore=1
1787491705437914662 sessions [0:bk-two:running@1787491700160 1:bk-one:running@1787491700160] selBefore=1
1787491705478625237 enter tui.previewTick selBefore=1
1787491705478664718 sessions [0:bk-two:running@1787491700160 1:bk-one:running@1787491700160] selBefore=1
1787491705489677814 enter tui.previewCaptured selBefore=1
1787491705489707833 sessions [0:bk-two:running@1787491700160 1:bk-one:running@1787491700160] selBefore=1
1787491705529238778 enter tui.previewTick selBefore=1
1787491705529268499 sessions [0:bk-two:running@1787491700160 1:bk-one:running@1787491700160] selBefore=1
1787491705540909723 enter tui.previewCaptured selBefore=1
1787491705540939594 sessions [0:bk-two:running@1787491700160 1:bk-one:running@1787491700160] selBefore=1
1787491705579484075 enter tui.previewTick selBefore=1
1787491705579519720 sessions [0:bk-two:running@1787491700160 1:bk-one:running@1787491700160] selBefore=1
1787491705592463034 enter tui.previewCaptured selBefore=1
1787491705592503707 sessions [0:bk-two:running@1787491700160 1:bk-one:running@1787491700160] selBefore=1
1787491705630299546 enter tui.previewTick selBefore=1
1787491705630338680 sessions [0:bk-two:running@1787491700160 1:bk-one:running@1787491700160] selBefore=1
1787491705641700270 enter tui.previewCaptured selBefore=1
1787491705641726957 sessions [0:bk-two:running@1787491700160 1:bk-one:running@1787491700160] selBefore=1
1787491705666971866 enter tui.reconcileTick selBefore=1
1787491705667000228 sessions [0:bk-two:running@1787491700160 1:bk-one:running@1787491700160] selBefore=1
1787491705674787550 enter sessionsLoaded[bk-one:running@1787491700160 bk-two:running@1787491700160] selBefore=1
1787491705674815478 sessions [0:bk-two:running@1787491700160 1:bk-one:running@1787491700160] selBefore=1
1787491705680661490 enter tui.previewTick selBefore=1
1787491705680689861 sessions [0:bk-two:running@1787491700160 1:bk-one:running@1787491700160] selBefore=1
1787491705690919141 enter tui.previewCaptured selBefore=1
1787491705690942116 sessions [0:bk-two:running@1787491700160 1:bk-one:running@1787491700160] selBefore=1
1787491705731455757 enter tui.previewTick selBefore=1
1787491705731487297 sessions [0:bk-two:running@1787491700160 1:bk-one:running@1787491700160] selBefore=1
1787491705741173694 enter tui.previewCaptured selBefore=1
1787491705741202231 sessions [0:bk-two:running@1787491700160 1:bk-one:running@1787491700160] selBefore=1
1787491705781740596 enter tui.previewTick selBefore=1
1787491705781777778 sessions [0:bk-two:running@1787491700160 1:bk-one:running@1787491700160] selBefore=1
1787491705792973959 enter tui.previewCaptured selBefore=1
1787491705793010451 sessions [0:bk-two:running@1787491700160 1:bk-one:running@1787491700160] selBefore=1
1787491705832569365 enter tui.previewTick selBefore=1
1787491705832613888 sessions [0:bk-two:running@1787491700160 1:bk-one:running@1787491700160] selBefore=1
1787491705843514906 enter tui.previewCaptured selBefore=1
1787491705843547564 sessions [0:bk-two:running@1787491700160 1:bk-one:running@1787491700160] selBefore=1
1787491705883013358 enter tui.previewTick selBefore=1
1787491705883043732 sessions [0:bk-two:running@1787491700160 1:bk-one:running@1787491700160] selBefore=1
1787491705895383691 enter tui.previewCaptured selBefore=1
1787491705895411777 sessions [0:bk-two:running@1787491700160 1:bk-one:running@1787491700160] selBefore=1
1787491705917812418 enter tui.reconcileTick selBefore=1
1787491705917897558 sessions [0:bk-two:running@1787491700160 1:bk-one:running@1787491700160] selBefore=1
1787491705927585065 enter sessionsLoaded[bk-one:running@1787491700160 bk-two:running@1787491700160] selBefore=1
1787491705927616950 sessions [0:bk-two:running@1787491700160 1:bk-one:running@1787491700160] selBefore=1
1787491705933374941 enter tui.previewTick selBefore=1
1787491705933394057 sessions [0:bk-two:running@1787491700160 1:bk-one:running@1787491700160] selBefore=1
1787491705944471718 enter tui.previewCaptured selBefore=1
1787491705944496680 sessions [0:bk-two:running@1787491700160 1:bk-one:running@1787491700160] selBefore=1
1787491705983938180 enter tui.previewTick selBefore=1
1787491705983962826 sessions [0:bk-two:running@1787491700160 1:bk-one:running@1787491700160] selBefore=1
1787491705994995935 enter tui.previewCaptured selBefore=1
1787491705995022848 sessions [0:bk-two:running@1787491700160 1:bk-one:running@1787491700160] selBefore=1
1787491706034423118 enter tui.previewTick selBefore=1
1787491706034460202 sessions [0:bk-two:running@1787491700160 1:bk-one:running@1787491700160] selBefore=1
1787491706045439040 enter tui.previewCaptured selBefore=1
1787491706045466487 sessions [0:bk-two:running@1787491700160 1:bk-one:running@1787491700160] selBefore=1
1787491706085259591 enter tui.previewTick selBefore=1
1787491706085293695 sessions [0:bk-two:running@1787491700160 1:bk-one:running@1787491700160] selBefore=1
1787491706095879814 enter tui.previewCaptured selBefore=1
1787491706095899434 sessions [0:bk-two:running@1787491700160 1:bk-one:running@1787491700160] selBefore=1
1787491706135626348 enter tui.previewTick selBefore=1
1787491706135663302 sessions [0:bk-two:running@1787491700160 1:bk-one:running@1787491700160] selBefore=1
1787491706146312554 enter tui.previewCaptured selBefore=1
1787491706146340527 sessions [0:bk-two:running@1787491700160 1:bk-one:running@1787491700160] selBefore=1
1787491706168659706 enter tui.reconcileTick selBefore=1
1787491706168679274 sessions [0:bk-two:running@1787491700160 1:bk-one:running@1787491700160] selBefore=1
1787491706177339394 enter sessionsLoaded[bk-one:running@1787491700160 bk-two:running@1787491700160] selBefore=1
1787491706177354634 sessions [0:bk-two:running@1787491700160 1:bk-one:running@1787491700160] selBefore=1
1787491706186385709 enter tui.previewTick selBefore=1
1787491706186422121 sessions [0:bk-two:running@1787491700160 1:bk-one:running@1787491700160] selBefore=1
1787491706196506241 enter tui.previewCaptured selBefore=1
1787491706196527406 sessions [0:bk-two:running@1787491700160 1:bk-one:running@1787491700160] selBefore=1
1787491706237419562 enter tui.previewTick selBefore=1
1787491706237481502 sessions [0:bk-two:running@1787491700160 1:bk-one:running@1787491700160] selBefore=1
1787491706247842051 enter tui.previewCaptured selBefore=1
1787491706247858552 sessions [0:bk-two:running@1787491700160 1:bk-one:running@1787491700160] selBefore=1
1787491706288546005 enter tui.previewTick selBefore=1
1787491706288571489 sessions [0:bk-two:running@1787491700160 1:bk-one:running@1787491700160] selBefore=1
1787491706299786026 enter tui.previewCaptured selBefore=1
1787491706299804372 sessions [0:bk-two:running@1787491700160 1:bk-one:running@1787491700160] selBefore=1
