1787491707031679551 enter tea.WindowSizeMsg selBefore=0
1787491707031698388 sessions [] selBefore=0
1787491707031888243 enter sessionsLoaded[] selBefore=0
1787491707031909210 sessions [] selBefore=0
1787491707051062222 enter KeyMsg("n") selBefore=0
1787491707051090370 sessions [] selBefore=0
1787491707067211930 enter KeyMsg("bk-one") selBefore=0
1787491707067260293 sessions [] selBefore=0
1787491707067267423 enter KeyMsg("b") selBefore=0
1787491707067272031 sessions [] selBefore=0
1787491707067277996 enter KeyMsg("k") selBefore=0
1787491707067281754 sessions [] selBefore=0
1787491707067286709 enter KeyMsg("-") selBefore=0
1787491707067290263 sessions [] selBefore=0
1787491707067293375 enter KeyMsg("o") selBefore=0
1787491707067296488 sessions [] selBefore=0
1787491707067304989 enter KeyMsg("n") selBefore=0
1787491707067309100 sessions [] selBefore=0
1787491707067317252 enter KeyMsg("e") selBefore=0
1787491707067320954 sessions [] selBefore=0
1787491707082374426 enter tui.previewTick selBefore=0
1787491707082413565 sessions [] selBefore=0
1787491707133293007 enter tui.previewTick selBefore=0
1787491707133317441 sessions [] selBefore=0
1787491707142868417 enter KeyMsg("tab") selBefore=0
1787491707142895227 sessions [] selBefore=0
1787491707143039342 enter KeyMsg("/tmp/deck-scenario-2467627207/fingerprint-scratch/fp-bk-1/cwd") selBefore=0
1787491707143048010 sessions [] selBefore=0
1787491707143051955 enter KeyMsg("/") selBefore=0
1787491707143055767 sessions [] selBefore=0
1787491707143063445 enter KeyMsg("t") selBefore=0
1787491707143067490 sessions [] selBefore=0
1787491707143072254 enter KeyMsg("m") selBefore=0
1787491707143075809 sessions [] selBefore=0
1787491707143080276 enter KeyMsg("p") selBefore=0
1787491707143086994 sessions [] selBefore=0
1787491707143092409 enter KeyMsg("/") selBefore=0
1787491707143096250 sessions [] selBefore=0
1787491707143114074 enter KeyMsg("d") selBefore=0
1787491707143118330 sessions [] selBefore=0
1787491707143123667 enter KeyMsg("e") selBefore=0
1787491707143127602 sessions [] selBefore=0
1787491707143132721 enter KeyMsg("c") selBefore=0
1787491707143136591 sessions [] selBefore=0
1787491707143141578 enter KeyMsg("k") selBefore=0
1787491707143145390 sessions [] selBefore=0
1787491707143149074 enter KeyMsg("-") selBefore=0
1787491707143152610 sessions [] selBefore=0
1787491707143159394 enter KeyMsg("s") selBefore=0
1787491707143163443 sessions [] selBefore=0
1787491707143168552 enter KeyMsg("c") selBefore=0
1787491707143172392 sessions [] selBefore=0
1787491707143181661 enter KeyMsg("e") selBefore=0
1787491707143185781 sessions [] selBefore=0
1787491707143190915 enter KeyMsg("n") selBefore=0
1787491707143194778 sessions [] selBefore=0
1787491707143201372 enter KeyMsg("a") selBefore=0
1787491707143205544 sessions [] selBefore=0
1787491707143210674 enter KeyMsg("r") selBefore=0
1787491707143214531 sessions [] selBefore=0
1787491707143219600 enter KeyMsg("i") selBefore=0
1787491707143223328 sessions [] selBefore=0
1787491707143228554 enter KeyMsg("o") selBefore=0
1787491707143232297 sessions [] selBefore=0
1787491707143235824 enter KeyMsg("-") selBefore=0
1787491707143239347 sessions [] selBefore=0
1787491707143245996 enter KeyMsg("2") selBefore=0
1787491707143250072 sessions [] selBefore=0
1787491707143255221 enter KeyMsg("4") selBefore=0
1787491707143259080 sessions [] selBefore=0
1787491707143264278 enter KeyMsg("6") selBefore=0
1787491707143268074 sessions [] selBefore=0
1787491707143273032 enter KeyMsg("7") selBefore=0
1787491707143276801 sessions [] selBefore=0
1787491707143283303 enter KeyMsg("6") selBefore=0
1787491707143287395 sessions [] selBefore=0
1787491707143292497 enter KeyMsg("2") selBefore=0
1787491707143296228 sessions [] selBefore=0
1787491707143301462 enter KeyMsg("7") selBefore=0
1787491707143305210 sessions [] selBefore=0
1787491707143310223 enter KeyMsg("2") selBefore=0
1787491707143314025 sessions [] selBefore=0
1787491707143317486 enter KeyMsg("0") selBefore=0
1787491707143320937 sessions [] selBefore=0
1787491707143327491 enter KeyMsg("7") selBefore=0
1787491707143331554 sessions [] selBefore=0
1787491707143343482 enter KeyMsg("/") selBefore=0
1787491707143352362 sessions [] selBefore=0
1787491707143357699 enter KeyMsg("f") selBefore=0
1787491707143361711 sessions [] selBefore=0
1787491707143366761 enter KeyMsg("i") selBefore=0
1787491707143370524 sessions [] selBefore=0
1787491707143377598 enter KeyMsg("n") selBefore=0
1787491707143381758 sessions [] selBefore=0
1787491707143387098 enter KeyMsg("g") selBefore=0
1787491707143390893 sessions [] selBefore=0
1787491707143395990 enter KeyMsg("e") selBefore=0
1787491707143399797 sessions [] selBefore=0
1787491707143404882 enter KeyMsg("r") selBefore=0
1787491707143408632 sessions [] selBefore=0
1787491707143412122 enter KeyMsg("p") selBefore=0
1787491707143415662 sessions [] selBefore=0
1787491707143422462 enter KeyMsg("r") selBefore=0
1787491707143426507 sessions [] selBefore=0
1787491707143432875 enter KeyMsg("i") selBefore=0
1787491707143436697 sessions [] selBefore=0
1787491707143441581 enter KeyMsg("n") selBefore=0
1787491707143445365 sessions [] selBefore=0
1787491707143450292 enter KeyMsg("t") selBefore=0
1787491707143454022 sessions [] selBefore=0
1787491707143464186 enter KeyMsg("-") selBefore=0
1787491707143468338 sessions [] selBefore=0
1787491707143475372 enter KeyMsg("s") selBefore=0
1787491707143479269 sessions [] selBefore=0
1787491707143484372 enter KeyMsg("c") selBefore=0
1787491707143488207 sessions [] selBefore=0
1787491707143493285 enter KeyMsg("r") selBefore=0
1787491707143497040 sessions [] selBefore=0
1787491707143500511 enter KeyMsg("a") selBefore=0
1787491707143504076 sessions [] selBefore=0
1787491707143510789 enter KeyMsg("t") selBefore=0
1787491707143514871 sessions [] selBefore=0
1787491707143519965 enter KeyMsg("c") selBefore=0
1787491707143523858 sessions [] selBefore=0
1787491707143528943 enter KeyMsg("h") selBefore=0
1787491707143532732 sessions [] selBefore=0
1787491707143537937 enter KeyMsg("/") selBefore=0
1787491707143541696 sessions [] selBefore=0
1787491707143548447 enter KeyMsg("f") selBefore=0
1787491707143552569 sessions [] selBefore=0
1787491707143557743 enter KeyMsg("p") selBefore=0
1787491707143561531 sessions [] selBefore=0
1787491707143566567 enter KeyMsg("-") selBefore=0
1787491707143570314 sessions [] selBefore=0
1787491707143575591 enter KeyMsg("b") selBefore=0
1787491707143579396 sessions [] selBefore=0
1787491707143582891 enter KeyMsg("k") selBefore=0
1787491707143586408 sessions [] selBefore=0
1787491707143594170 enter KeyMsg("-") selBefore=0
1787491707143598353 sessions [] selBefore=0
1787491707143603263 enter KeyMsg("1") selBefore=0
1787491707143607066 sessions [] selBefore=0
1787491707143612170 enter KeyMsg("/") selBefore=0
1787491707143615942 sessions [] selBefore=0
1787491707143620917 enter KeyMsg("c") selBefore=0
1787491707143624719 sessions [] selBefore=0
1787491707143631534 enter KeyMsg("w") selBefore=0
1787491707143635673 sessions [] selBefore=0
1787491707143640961 enter KeyMsg("d") selBefore=0
1787491707143644749 sessions [] selBefore=0
1787491707143743524 enter KeyMsg("enter") selBefore=0
1787491707143754241 sessions [] selBefore=0
1787491707158405343 enter tui.shellCreated selBefore=0
1787491707158420060 sessions [] selBefore=0
1787491707158664466 enter sessionsLoaded[bk-one:starting@1787491707158] selBefore=0
1787491707158675773 sessions [] selBefore=0
1787491707166402845 enter KeyMsg("n") selBefore=0
1787491707166422696 sessions [0:bk-one:starting@1787491707158] selBefore=0
1787491707183556722 enter tui.previewTick selBefore=0
1787491707183579758 sessions [0:bk-one:starting@1787491707158] selBefore=0
1787491707183780785 enter KeyMsg("bk-two") selBefore=0
1787491707183795117 sessions [0:bk-one:starting@1787491707158] selBefore=0
1787491707183798827 enter KeyMsg("b") selBefore=0
1787491707183800980 sessions [0:bk-one:starting@1787491707158] selBefore=0
1787491707183804155 enter KeyMsg("k") selBefore=0
1787491707183806085 sessions [0:bk-one:starting@1787491707158] selBefore=0
1787491707183807644 enter KeyMsg("-") selBefore=0
1787491707183809281 sessions [0:bk-one:starting@1787491707158] selBefore=0
1787491707183815891 enter KeyMsg("t") selBefore=0
1787491707183823715 sessions [0:bk-one:starting@1787491707158] selBefore=0
1787491707183826088 enter KeyMsg("w") selBefore=0
1787491707183827803 sessions [0:bk-one:starting@1787491707158] selBefore=0
1787491707183830213 enter KeyMsg("o") selBefore=0
1787491707183832017 sessions [0:bk-one:starting@1787491707158] selBefore=0
1787491707191527817 enter tui.previewCaptured selBefore=0
1787491707191549272 sessions [0:bk-one:starting@1787491707158] selBefore=0
1787491707234460776 enter tui.previewTick selBefore=0
1787491707234482206 sessions [0:bk-one:starting@1787491707158] selBefore=0
1787491707243424661 enter tui.previewCaptured selBefore=0
1787491707243451471 sessions [0:bk-one:starting@1787491707158] selBefore=0
1787491707258885710 enter KeyMsg("tab") selBefore=0
1787491707258910446 sessions [0:bk-one:starting@1787491707158] selBefore=0
1787491707259003814 enter KeyMsg("/tmp/deck-scenario-2467627207/fingerprint-scratch/fp-bk-2/cwd") selBefore=0
1787491707259007862 sessions [0:bk-one:starting@1787491707158] selBefore=0
1787491707259010794 enter KeyMsg("/") selBefore=0
1787491707259012915 sessions [0:bk-one:starting@1787491707158] selBefore=0
1787491707259015858 enter KeyMsg("t") selBefore=0
1787491707259017568 sessions [0:bk-one:starting@1787491707158] selBefore=0
1787491707259025964 enter KeyMsg("m") selBefore=0
1787491707259027843 sessions [0:bk-one:starting@1787491707158] selBefore=0
1787491707259030363 enter KeyMsg("p") selBefore=0
1787491707259034565 sessions [0:bk-one:starting@1787491707158] selBefore=0
1787491707259036923 enter KeyMsg("/") selBefore=0
1787491707259038704 sessions [0:bk-one:starting@1787491707158] selBefore=0
1787491707259041203 enter KeyMsg("d") selBefore=0
1787491707259042927 sessions [0:bk-one:starting@1787491707158] selBefore=0
1787491707259044432 enter KeyMsg("e") selBefore=0
1787491707259046111 sessions [0:bk-one:starting@1787491707158] selBefore=0
1787491707259048722 enter KeyMsg("c") selBefore=0
1787491707259050486 sessions [0:bk-one:starting@1787491707158] selBefore=0
1787491707259052760 enter KeyMsg("k") selBefore=0
1787491707259054474 sessions [0:bk-one:starting@1787491707158] selBefore=0
1787491707259057026 enter KeyMsg("-") selBefore=0
1787491707259058762 sessions [0:bk-one:starting@1787491707158] selBefore=0
1787491707259061337 enter KeyMsg("s") selBefore=0
1787491707259063050 sessions [0:bk-one:starting@1787491707158] selBefore=0
1787491707259069194 enter KeyMsg("c") selBefore=0
1787491707259070965 sessions [0:bk-one:starting@1787491707158] selBefore=0
1787491707259073343 enter KeyMsg("e") selBefore=0
1787491707259075054 sessions [0:bk-one:starting@1787491707158] selBefore=0
1787491707259077336 enter KeyMsg("n") selBefore=0
1787491707259079037 sessions [0:bk-one:starting@1787491707158] selBefore=0
1787491707259081290 enter KeyMsg("a") selBefore=0
1787491707259099491 sessions [0:bk-one:starting@1787491707158] selBefore=0
1787491707259101290 enter KeyMsg("r") selBefore=0
1787491707259103098 sessions [0:bk-one:starting@1787491707158] selBefore=0
1787491707259105635 enter KeyMsg("i") selBefore=0
1787491707259107356 sessions [0:bk-one:starting@1787491707158] selBefore=0
1787491707259109677 enter KeyMsg("o") selBefore=0
1787491707259111406 sessions [0:bk-one:starting@1787491707158] selBefore=0
1787491707259113661 enter KeyMsg("-") selBefore=0
1787491707259115367 sessions [0:bk-one:starting@1787491707158] selBefore=0
1787491707259117620 enter KeyMsg("2") selBefore=0
1787491707259119371 sessions [0:bk-one:starting@1787491707158] selBefore=0
1787491707259122010 enter KeyMsg("4") selBefore=0
1787491707259123749 sessions [0:bk-one:starting@1787491707158] selBefore=0
1787491707259126066 enter KeyMsg("6") selBefore=0
1787491707259127805 sessions [0:bk-one:starting@1787491707158] selBefore=0
1787491707259132251 enter KeyMsg("7") selBefore=0
1787491707259133912 sessions [0:bk-one:starting@1787491707158] selBefore=0
1787491707259136161 enter KeyMsg("6") selBefore=0
1787491707259137821 sessions [0:bk-one:starting@1787491707158] selBefore=0
1787491707259143206 enter KeyMsg("2") selBefore=0
1787491707259150993 sessions [0:bk-one:starting@1787491707158] selBefore=0
1787491707259158529 enter KeyMsg("7") selBefore=0
1787491707259160360 sessions [0:bk-one:starting@1787491707158] selBefore=0
1787491707259162607 enter KeyMsg("2") selBefore=0
1787491707259164331 sessions [0:bk-one:starting@1787491707158] selBefore=0
1787491707259166558 enter KeyMsg("0") selBefore=0
1787491707259168307 sessions [0:bk-one:starting@1787491707158] selBefore=0
1787491707259170556 enter KeyMsg("7") selBefore=0
1787491707259172317 sessions [0:bk-one:starting@1787491707158] selBefore=0
1787491707259177208 enter KeyMsg("/") selBefore=0
1787491707259179070 sessions [0:bk-one:starting@1787491707158] selBefore=0
1787491707259181653 enter KeyMsg("f") selBefore=0
1787491707259183395 sessions [0:bk-one:starting@1787491707158] selBefore=0
1787491707259185826 enter KeyMsg("i") selBefore=0
1787491707259187527 sessions [0:bk-one:starting@1787491707158] selBefore=0
1787491707259190000 enter KeyMsg("n") selBefore=0
1787491707259191764 sessions [0:bk-one:starting@1787491707158] selBefore=0
1787491707259193276 enter KeyMsg("g") selBefore=0
1787491707259195052 sessions [0:bk-one:starting@1787491707158] selBefore=0
1787491707259200708 enter KeyMsg("e") selBefore=0
1787491707259202687 sessions [0:bk-one:starting@1787491707158] selBefore=0
1787491707259205005 enter KeyMsg("r") selBefore=0
1787491707259206922 sessions [0:bk-one:starting@1787491707158] selBefore=0
1787491707259209244 enter KeyMsg("p") selBefore=0
1787491707259211035 sessions [0:bk-one:starting@1787491707158] selBefore=0
1787491707259213420 enter KeyMsg("r") selBefore=0
1787491707259215255 sessions [0:bk-one:starting@1787491707158] selBefore=0
1787491707259218317 enter KeyMsg("i") selBefore=0
1787491707259225276 sessions [0:bk-one:starting@1787491707158] selBefore=0
1787491707259227608 enter KeyMsg("n") selBefore=0
1787491707259229337 sessions [0:bk-one:starting@1787491707158] selBefore=0
1787491707259231660 enter KeyMsg("t") selBefore=0
1787491707259233377 sessions [0:bk-one:starting@1787491707158] selBefore=0
1787491707259235754 enter KeyMsg("-") selBefore=0
1787491707259237419 sessions [0:bk-one:starting@1787491707158] selBefore=0
1787491707259238794 enter KeyMsg("s") selBefore=0
1787491707259240452 sessions [0:bk-one:starting@1787491707158] selBefore=0
1787491707259243651 enter KeyMsg("c") selBefore=0
1787491707259245361 sessions [0:bk-one:starting@1787491707158] selBefore=0
1787491707259247557 enter KeyMsg("r") selBefore=0
1787491707259249202 sessions [0:bk-one:starting@1787491707158] selBefore=0
1787491707259251584 enter KeyMsg("a") selBefore=0
1787491707259253236 sessions [0:bk-one:starting@1787491707158] selBefore=0
1787491707259255360 enter KeyMsg("t") selBefore=0
1787491707259257048 sessions [0:bk-one:starting@1787491707158] selBefore=0
1787491707259260067 enter KeyMsg("c") selBefore=0
1787491707259261786 sessions [0:bk-one:starting@1787491707158] selBefore=0
1787491707259264124 enter KeyMsg("h") selBefore=0
1787491707259265831 sessions [0:bk-one:starting@1787491707158] selBefore=0
1787491707259268280 enter KeyMsg("/") selBefore=0
1787491707259269945 sessions [0:bk-one:starting@1787491707158] selBefore=0
1787491707259272235 enter KeyMsg("f") selBefore=0
1787491707259273909 sessions [0:bk-one:starting@1787491707158] selBefore=0
1787491707259275320 enter KeyMsg("p") selBefore=0
1787491707259276980 sessions [0:bk-one:starting@1787491707158] selBefore=0
1787491707259280127 enter KeyMsg("-") selBefore=0
1787491707259281823 sessions [0:bk-one:starting@1787491707158] selBefore=0
1787491707259284043 enter KeyMsg("b") selBefore=0
1787491707259285692 sessions [0:bk-one:starting@1787491707158] selBefore=0
1787491707259287864 enter KeyMsg("k") selBefore=0
1787491707259289498 sessions [0:bk-one:starting@1787491707158] selBefore=0
1787491707259291646 enter KeyMsg("-") selBefore=0
1787491707259293324 sessions [0:bk-one:starting@1787491707158] selBefore=0
1787491707259296389 enter KeyMsg("2") selBefore=0
1787491707259298103 sessions [0:bk-one:starting@1787491707158] selBefore=0
1787491707259301703 enter KeyMsg("/") selBefore=0
1787491707259304111 sessions [0:bk-one:starting@1787491707158] selBefore=0
1787491707259306416 enter KeyMsg("c") selBefore=0
1787491707259308123 sessions [0:bk-one:starting@1787491707158] selBefore=0
1787491707259311636 enter KeyMsg("w") selBefore=0
1787491707259313359 sessions [0:bk-one:starting@1787491707158] selBefore=0
1787491707259314753 enter KeyMsg("d") selBefore=0
1787491707259316407 sessions [0:bk-one:starting@1787491707158] selBefore=0
1787491707259363588 enter KeyMsg("enter") selBefore=0
1787491707259365798 sessions [0:bk-one:starting@1787491707158] selBefore=0
1787491707268810046 enter tui.shellCreated selBefore=0
1787491707268818881 sessions [0:bk-one:starting@1787491707158] selBefore=0
1787491707268972390 enter sessionsLoaded[bk-one:starting@1787491707158 bk-two:starting@1787491707268] selBefore=0
1787491707268977704 sessions [0:bk-one:starting@1787491707158] selBefore=0
1787491707282046766 enter tui.reconcileTick selBefore=0
1787491707282103718 sessions [0:bk-one:starting@1787491707158 1:bk-two:starting@1787491707268] selBefore=0
1787491707283277500 enter KeyMsg("k") selBefore=0
1787491707283312332 sessions [0:bk-one:starting@1787491707158 1:bk-two:starting@1787491707268] selBefore=0
1787491707284564081 enter tui.previewTick selBefore=0
1787491707284576277 sessions [0:bk-one:starting@1787491707158 1:bk-two:starting@1787491707268] selBefore=0
1787491707292039114 enter sessionsLoaded[bk-one:running@1787491707291 bk-two:running@1787491707291] selBefore=0
1787491707292058716 sessions [0:bk-one:starting@1787491707158 1:bk-two:starting@1787491707268] selBefore=0
1787491707294308953 enter tui.previewCaptured selBefore=1
1787491707294332738 sessions [0:bk-two:running@1787491707291 1:bk-one:running@1787491707291] selBefore=1
1787491707335275675 enter tui.previewTick selBefore=1
1787491707335308026 sessions [0:bk-two:running@1787491707291 1:bk-one:running@1787491707291] selBefore=1
1787491707347896451 enter tui.previewCaptured selBefore=1
1787491707347925017 sessions [0:bk-two:running@1787491707291 1:bk-one:running@1787491707291] selBefore=1
1787491707385675528 enter tui.previewTick selBefore=1
1787491707385711736 sessions [0:bk-two:running@1787491707291 1:bk-one:running@1787491707291] selBefore=1
1787491707397408774 enter tui.previewCaptured selBefore=1
1787491707397441273 sessions [0:bk-two:running@1787491707291 1:bk-one:running@1787491707291] selBefore=1
1787491707409667179 enter KeyMsg("m") selBefore=1
1787491707409707551 sessions [0:bk-two:running@1787491707291 1:bk-one:running@1787491707291] selBefore=1
1787491707435440308 enter KeyMsg("j") selBefore=1
1787491707435466846 sessions [0:bk-two:running@1787491707291 1:bk-one:running@1787491707291] selBefore=1
1787491707436327553 enter tui.previewTick selBefore=1
1787491707436351655 sessions [0:bk-two:running@1787491707291 1:bk-one:running@1787491707291] selBefore=1
1787491707446618939 enter tui.previewCaptured selBefore=1
1787491707446642038 sessions [0:bk-two:running@1787491707291 1:bk-one:running@1787491707291] selBefore=1
1787491707486824543 enter tui.previewTick selBefore=1
1787491707486909368 sessions [0:bk-two:running@1787491707291 1:bk-one:running@1787491707291] selBefore=1
1787491707499346389 enter tui.previewCaptured selBefore=1
1787491707499378176 sessions [0:bk-two:running@1787491707291 1:bk-one:running@1787491707291] selBefore=1
1787491707533237211 enter tui.reconcileTick selBefore=1
1787491707533274151 sessions [0:bk-two:running@1787491707291 1:bk-one:running@1787491707291] selBefore=1
1787491707537012099 enter tui.previewTick selBefore=1
1787491707537041094 sessions [0:bk-two:running@1787491707291 1:bk-one:running@1787491707291] selBefore=1
1787491707543058069 enter sessionsLoaded[bk-one:running@1787491707291 bk-two:running@1787491707291] selBefore=1
1787491707543098810 sessions [0:bk-two:running@1787491707291 1:bk-one:running@1787491707291] selBefore=1
1787491707547068386 enter tui.previewCaptured selBefore=1
1787491707547107100 sessions [0:bk-two:running@1787491707291 1:bk-one:running@1787491707291] selBefore=1
1787491707588101217 enter tui.previewTick selBefore=1
1787491707588151624 sessions [0:bk-two:running@1787491707291 1:bk-one:running@1787491707291] selBefore=1
1787491707599847072 enter tui.previewCaptured selBefore=1
1787491707599873542 sessions [0:bk-two:running@1787491707291 1:bk-one:running@1787491707291] selBefore=1
1787491707638578389 enter tui.previewTick selBefore=1
1787491707638627972 sessions [0:bk-two:running@1787491707291 1:bk-one:running@1787491707291] selBefore=1
1787491707649360951 enter tui.previewCaptured selBefore=1
1787491707649388994 sessions [0:bk-two:running@1787491707291 1:bk-one:running@1787491707291] selBefore=1
1787491707689156409 enter tui.previewTick selBefore=1
1787491707689216010 sessions [0:bk-two:running@1787491707291 1:bk-one:running@1787491707291] selBefore=1
1787491707700490016 enter tui.previewCaptured selBefore=1
1787491707700512795 sessions [0:bk-two:running@1787491707291 1:bk-one:running@1787491707291] selBefore=1
1787491707739326374 enter tui.previewTick selBefore=1
1787491707739353665 sessions [0:bk-two:running@1787491707291 1:bk-one:running@1787491707291] selBefore=1
1787491707751066446 enter tui.previewCaptured selBefore=1
1787491707751096289 sessions [0:bk-two:running@1787491707291 1:bk-one:running@1787491707291] selBefore=1
1787491707783718277 enter tui.reconcileTick selBefore=1
1787491707783750055 sessions [0:bk-two:running@1787491707291 1:bk-one:running@1787491707291] selBefore=1
1787491707789589309 enter tui.previewTick selBefore=1
1787491707789624306 sessions [0:bk-two:running@1787491707291 1:bk-one:running@1787491707291] selBefore=1
1787491707792866186 enter sessionsLoaded[bk-one:running@1787491707291 bk-two:running@1787491707291] selBefore=1
1787491707792898416 sessions [0:bk-two:running@1787491707291 1:bk-one:running@1787491707291] selBefore=1
1787491707800343431 enter tui.previewCaptured selBefore=1
1787491707800366530 sessions [0:bk-two:running@1787491707291 1:bk-one:running@1787491707291] selBefore=1
1787491707840279399 enter tui.previewTick selBefore=1
1787491707840312993 sessions [0:bk-two:running@1787491707291 1:bk-one:running@1787491707291] selBefore=1
1787491707851941423 enter tui.previewCaptured selBefore=1
1787491707851958153 sessions [0:bk-two:running@1787491707291 1:bk-one:running@1787491707291] selBefore=1
1787491707890937262 enter tui.previewTick selBefore=1
1787491707890973763 sessions [0:bk-two:running@1787491707291 1:bk-one:running@1787491707291] selBefore=1
1787491707900864872 enter tui.previewCaptured selBefore=1
1787491707900887066 sessions [0:bk-two:running@1787491707291 1:bk-one:running@1787491707291] selBefore=1
1787491707941630143 enter tui.previewTick selBefore=1
1787491707941667756 sessions [0:bk-two:running@1787491707291 1:bk-one:running@1787491707291] selBefore=1
1787491707952836792 enter tui.previewCaptured selBefore=1
1787491707952861228 sessions [0:bk-two:running@1787491707291 1:bk-one:running@1787491707291] selBefore=1
1787491707992738171 enter tui.previewTick selBefore=1
1787491707992810450 sessions [0:bk-two:running@1787491707291 1:bk-one:running@1787491707291] selBefore=1
1787491708004988732 enter tui.previewCaptured selBefore=1
1787491708005012169 sessions [0:bk-two:running@1787491707291 1:bk-one:running@1787491707291] selBefore=1
1787491708034511113 enter tui.reconcileTick selBefore=1
1787491708034574715 sessions [0:bk-two:running@1787491707291 1:bk-one:running@1787491707291] selBefore=1
1787491708043278344 enter tui.previewTick selBefore=1
1787491708043299849 sessions [0:bk-two:running@1787491707291 1:bk-one:running@1787491707291] selBefore=1
1787491708043956194 enter sessionsLoaded[bk-one:running@1787491707291 bk-two:running@1787491707291] selBefore=1
1787491708043972202 sessions [0:bk-two:running@1787491707291 1:bk-one:running@1787491707291] selBefore=1
1787491708053880995 enter tui.previewCaptured selBefore=1
1787491708053913049 sessions [0:bk-two:running@1787491707291 1:bk-one:running@1787491707291] selBefore=1
1787491708093677922 enter tui.previewTick selBefore=1
1787491708093727792 sessions [0:bk-two:running@1787491707291 1:bk-one:running@1787491707291] selBefore=1
1787491708104879091 enter tui.previewCaptured selBefore=1
1787491708104899200 sessions [0:bk-two:running@1787491707291 1:bk-one:running@1787491707291] selBefore=1
1787491708144628153 enter tui.previewTick selBefore=1
1787491708144660131 sessions [0:bk-two:running@1787491707291 1:bk-one:running@1787491707291] selBefore=1
1787491708156461717 enter tui.previewCaptured selBefore=1
1787491708156487276 sessions [0:bk-two:running@1787491707291 1:bk-one:running@1787491707291] selBefore=1
1787491708195117020 enter tui.previewTick selBefore=1
1787491708195153841 sessions [0:bk-two:running@1787491707291 1:bk-one:running@1787491707291] selBefore=1
1787491708205735435 enter tui.previewCaptured selBefore=1
1787491708205758531 sessions [0:bk-two:running@1787491707291 1:bk-one:running@1787491707291] selBefore=1
1787491708245452160 enter tui.previewTick selBefore=1
1787491708245491742 sessions [0:bk-two:running@1787491707291 1:bk-one:running@1787491707291] selBefore=1
1787491708256830703 enter tui.previewCaptured selBefore=1
1787491708256852761 sessions [0:bk-two:running@1787491707291 1:bk-one:running@1787491707291] selBefore=1
1787491708285402887 enter tui.reconcileTick selBefore=1
1787491708285425101 sessions [0:bk-two:running@1787491707291 1:bk-one:running@1787491707291] selBefore=1
1787491708293996945 enter sessionsLoaded[bk-one:running@1787491707291 bk-two:running@1787491707291] selBefore=1
1787491708294023490 sessions [0:bk-two:running@1787491707291 1:bk-one:running@1787491707291] selBefore=1
1787491708295843099 enter tui.previewTick selBefore=1
1787491708295909842 sessions [0:bk-two:running@1787491707291 1:bk-one:running@1787491707291] selBefore=1
1787491708306382835 enter tui.previewCaptured selBefore=1
1787491708306401163 sessions [0:bk-two:running@1787491707291 1:bk-one:running@1787491707291] selBefore=1
1787491708347061083 enter tui.previewTick selBefore=1
1787491708347098367 sessions [0:bk-two:running@1787491707291 1:bk-one:running@1787491707291] selBefore=1
1787491708358332740 enter tui.previewCaptured selBefore=1
1787491708358362163 sessions [0:bk-two:running@1787491707291 1:bk-one:running@1787491707291] selBefore=1
1787491708397846784 enter tui.previewTick selBefore=1
1787491708397933550 sessions [0:bk-two:running@1787491707291 1:bk-one:running@1787491707291] selBefore=1
1787491708410315742 enter tui.previewCaptured selBefore=1
1787491708410337962 sessions [0:bk-two:running@1787491707291 1:bk-one:running@1787491707291] selBefore=1
1787491708448889278 enter tui.previewTick selBefore=1
1787491708448936734 sessions [0:bk-two:running@1787491707291 1:bk-one:running@1787491707291] selBefore=1
1787491708459625979 enter tui.previewCaptured selBefore=1
1787491708459646856 sessions [0:bk-two:running@1787491707291 1:bk-one:running@1787491707291] selBefore=1
1787491708499610715 enter tui.previewTick selBefore=1
1787491708499650061 sessions [0:bk-two:running@1787491707291 1:bk-one:running@1787491707291] selBefore=1
1787491708510683152 enter tui.previewCaptured selBefore=1
1787491708510708025 sessions [0:bk-two:running@1787491707291 1:bk-one:running@1787491707291] selBefore=1
1787491708535463328 enter tui.reconcileTick selBefore=1
1787491708535496591 sessions [0:bk-two:running@1787491707291 1:bk-one:running@1787491707291] selBefore=1
1787491708545208384 enter sessionsLoaded[bk-one:running@1787491707291 bk-two:running@1787491707291] selBefore=1
1787491708545232078 sessions [0:bk-two:running@1787491707291 1:bk-one:running@1787491707291] selBefore=1
1787491708550198508 enter tui.previewTick selBefore=1
1787491708550219425 sessions [0:bk-two:running@1787491707291 1:bk-one:running@1787491707291] selBefore=1
1787491708561039278 enter tui.previewCaptured selBefore=1
1787491708561060175 sessions [0:bk-two:running@1787491707291 1:bk-one:running@1787491707291] selBefore=1
1787491708600297669 enter tui.previewTick selBefore=1
1787491708600320996 sessions [0:bk-two:running@1787491707291 1:bk-one:running@1787491707291] selBefore=1
1787491708612058666 enter tui.previewCaptured selBefore=1
1787491708612086769 sessions [0:bk-two:running@1787491707291 1:bk-one:running@1787491707291] selBefore=1
1787491708650881331 enter tui.previewTick selBefore=1
1787491708650903789 sessions [0:bk-two:running@1787491707291 1:bk-one:running@1787491707291] selBefore=1
1787491708661298220 enter tui.previewCaptured selBefore=1
1787491708661324586 sessions [0:bk-two:running@1787491707291 1:bk-one:running@1787491707291] selBefore=1
1787491708701869267 enter tui.previewTick selBefore=1
1787491708701943869 sessions [0:bk-two:running@1787491707291 1:bk-one:running@1787491707291] selBefore=1
1787491708713818891 enter tui.previewCaptured selBefore=1
1787491708713842776 sessions [0:bk-two:running@1787491707291 1:bk-one:running@1787491707291] selBefore=1
1787491708752360358 enter tui.previewTick selBefore=1
1787491708752384270 sessions [0:bk-two:running@1787491707291 1:bk-one:running@1787491707291] selBefore=1
1787491708763793918 enter tui.previewCaptured selBefore=1
1787491708763812787 sessions [0:bk-two:running@1787491707291 1:bk-one:running@1787491707291] selBefore=1
1787491708786632281 enter tui.reconcileTick selBefore=1
1787491708786704115 sessions [0:bk-two:running@1787491707291 1:bk-one:running@1787491707291] selBefore=1
1787491708795078760 enter sessionsLoaded[bk-one:running@1787491707291 bk-two:running@1787491707291] selBefore=1
1787491708795109323 sessions [0:bk-two:running@1787491707291 1:bk-one:running@1787491707291] selBefore=1
1787491708803295644 enter tui.previewTick selBefore=1
1787491708803311514 sessions [0:bk-two:running@1787491707291 1:bk-one:running@1787491707291] selBefore=1
1787491708814223070 enter tui.previewCaptured selBefore=1
1787491708814242620 sessions [0:bk-two:running@1787491707291 1:bk-one:running@1787491707291] selBefore=1
1787491708854411760 enter tui.previewTick selBefore=1
1787491708854506841 sessions [0:bk-two:running@1787491707291 1:bk-one:running@1787491707291] selBefore=1
1787491708865756133 enter tui.previewCaptured selBefore=1
1787491708865824747 sessions [0:bk-two:running@1787491707291 1:bk-one:running@1787491707291] selBefore=1
1787491708905530517 enter tui.previewTick selBefore=1
1787491708905584202 sessions [0:bk-two:running@1787491707291 1:bk-one:running@1787491707291] selBefore=1
1787491708918068256 enter tui.previewCaptured selBefore=1
1787491708918112211 sessions [0:bk-two:running@1787491707291 1:bk-one:running@1787491707291] selBefore=1
1787491708955948470 enter tui.previewTick selBefore=1
1787491708955975946 sessions [0:bk-two:running@1787491707291 1:bk-one:running@1787491707291] selBefore=1
1787491708966122979 enter tui.previewCaptured selBefore=1
1787491708966142315 sessions [0:bk-two:running@1787491707291 1:bk-one:running@1787491707291] selBefore=1
1787491709006864243 enter tui.previewTick selBefore=1
1787491709006893822 sessions [0:bk-two:running@1787491707291 1:bk-one:running@1787491707291] selBefore=1
1787491709018998741 enter tui.previewCaptured selBefore=1
1787491709019014080 sessions [0:bk-two:running@1787491707291 1:bk-one:running@1787491707291] selBefore=1
1787491709037451777 enter tui.reconcileTick selBefore=1
1787491709037470932 sessions [0:bk-two:running@1787491707291 1:bk-one:running@1787491707291] selBefore=1
1787491709046013864 enter sessionsLoaded[bk-one:running@1787491707291 bk-two:running@1787491707291] selBefore=1
1787491709046043229 sessions [0:bk-two:running@1787491707291 1:bk-one:running@1787491707291] selBefore=1
1787491709057193966 enter tui.previewTick selBefore=1
1787491709057222326 sessions [0:bk-two:running@1787491707291 1:bk-one:running@1787491707291] selBefore=1
1787491709067252517 enter tui.previewCaptured selBefore=1
1787491709067268023 sessions [0:bk-two:running@1787491707291 1:bk-one:running@1787491707291] selBefore=1
1787491709108017566 enter tui.previewTick selBefore=1
1787491709108054088 sessions [0:bk-two:running@1787491707291 1:bk-one:running@1787491707291] selBefore=1
1787491709120653688 enter tui.previewCaptured selBefore=1
1787491709120687248 sessions [0:bk-two:running@1787491707291 1:bk-one:running@1787491707291] selBefore=1
1787491709158320778 enter tui.previewTick selBefore=1
1787491709158363155 sessions [0:bk-two:running@1787491707291 1:bk-one:running@1787491707291] selBefore=1
1787491709169193808 enter tui.previewCaptured selBefore=1
1787491709169220104 sessions [0:bk-two:running@1787491707291 1:bk-one:running@1787491707291] selBefore=1
1787491709208692674 enter tui.previewTick selBefore=1
1787491709208734665 sessions [0:bk-two:running@1787491707291 1:bk-one:running@1787491707291] selBefore=1
1787491709219124472 enter tui.previewCaptured selBefore=1
1787491709219142989 sessions [0:bk-two:running@1787491707291 1:bk-one:running@1787491707291] selBefore=1
1787491709259701105 enter tui.previewTick selBefore=1
1787491709259739779 sessions [0:bk-two:running@1787491707291 1:bk-one:running@1787491707291] selBefore=1
1787491709270644276 enter tui.previewCaptured selBefore=1
1787491709270662389 sessions [0:bk-two:running@1787491707291 1:bk-one:running@1787491707291] selBefore=1
1787491709288116654 enter tui.reconcileTick selBefore=1
1787491709288153030 sessions [0:bk-two:running@1787491707291 1:bk-one:running@1787491707291] selBefore=1
1787491709297429394 enter sessionsLoaded[bk-one:running@1787491707291 bk-two:running@1787491707291] selBefore=1
1787491709297449262 sessions [0:bk-two:running@1787491707291 1:bk-one:running@1787491707291] selBefore=1
1787491709310471485 enter tui.previewTick selBefore=1
1787491709310489500 sessions [0:bk-two:running@1787491707291 1:bk-one:running@1787491707291] selBefore=1
1787491709321913710 enter tui.previewCaptured selBefore=1
1787491709321945719 sessions [0:bk-two:running@1787491707291 1:bk-one:running@1787491707291] selBefore=1
1787491709361369103 enter tui.previewTick selBefore=1
1787491709361419872 sessions [0:bk-two:running@1787491707291 1:bk-one:running@1787491707291] selBefore=1
1787491709372826357 enter tui.previewCaptured selBefore=1
1787491709372845942 sessions [0:bk-two:running@1787491707291 1:bk-one:running@1787491707291] selBefore=1
1787491709412440642 enter tui.previewTick selBefore=1
1787491709412475053 sessions [0:bk-two:running@1787491707291 1:bk-one:running@1787491707291] selBefore=1
1787491709423740103 enter tui.previewCaptured selBefore=1
1787491709423772409 sessions [0:bk-two:running@1787491707291 1:bk-one:running@1787491707291] selBefore=1
1787491709463400426 enter tui.previewTick selBefore=1
1787491709463435598 sessions [0:bk-two:running@1787491707291 1:bk-one:running@1787491707291] selBefore=1
1787491709474534903 enter tui.previewCaptured selBefore=1
1787491709474564477 sessions [0:bk-two:running@1787491707291 1:bk-one:running@1787491707291] selBefore=1
1787491709514466678 enter tui.previewTick selBefore=1
1787491709514502640 sessions [0:bk-two:running@1787491707291 1:bk-one:running@1787491707291] selBefore=1
1787491709525731452 enter tui.previewCaptured selBefore=1
1787491709525775458 sessions [0:bk-two:running@1787491707291 1:bk-one:running@1787491707291] selBefore=1
1787491709539031166 enter tui.reconcileTick selBefore=1
1787491709539066213 sessions [0:bk-two:running@1787491707291 1:bk-one:running@1787491707291] selBefore=1
1787491709547561403 enter sessionsLoaded[bk-one:running@1787491707291 bk-two:running@1787491707291] selBefore=1
1787491709547588109 sessions [0:bk-two:running@1787491707291 1:bk-one:running@1787491707291] selBefore=1
1787491709565585682 enter tui.previewTick selBefore=1
1787491709565608745 sessions [0:bk-two:running@1787491707291 1:bk-one:running@1787491707291] selBefore=1
1787491709575734828 enter tui.previewCaptured selBefore=1
1787491709575754101 sessions [0:bk-two:running@1787491707291 1:bk-one:running@1787491707291] selBefore=1
1787491709616521483 enter tui.previewTick selBefore=1
1787491709616550895 sessions [0:bk-two:running@1787491707291 1:bk-one:running@1787491707291] selBefore=1
1787491709628130461 enter tui.previewCaptured selBefore=1
1787491709628160453 sessions [0:bk-two:running@1787491707291 1:bk-one:running@1787491707291] selBefore=1
1787491709666649747 enter tui.previewTick selBefore=1
1787491709666685121 sessions [0:bk-two:running@1787491707291 1:bk-one:running@1787491707291] selBefore=1
1787491709677736963 enter tui.previewCaptured selBefore=1
1787491709677769779 sessions [0:bk-two:running@1787491707291 1:bk-one:running@1787491707291] selBefore=1
1787491709717524049 enter tui.previewTick selBefore=1
1787491709717571027 sessions [0:bk-two:running@1787491707291 1:bk-one:running@1787491707291] selBefore=1
1787491709729350500 enter tui.previewCaptured selBefore=1
1787491709729368103 sessions [0:bk-two:running@1787491707291 1:bk-one:running@1787491707291] selBefore=1
1787491709768473341 enter tui.previewTick selBefore=1
1787491709768510509 sessions [0:bk-two:running@1787491707291 1:bk-one:running@1787491707291] selBefore=1
1787491709780314715 enter tui.previewCaptured selBefore=1
1787491709780335033 sessions [0:bk-two:running@1787491707291 1:bk-one:running@1787491707291] selBefore=1
1787491709789659942 enter tui.reconcileTick selBefore=1
1787491709789699374 sessions [0:bk-two:running@1787491707291 1:bk-one:running@1787491707291] selBefore=1
1787491709799282943 enter sessionsLoaded[bk-one:running@1787491707291 bk-two:running@1787491707291] selBefore=1
1787491709799312269 sessions [0:bk-two:running@1787491707291 1:bk-one:running@1787491707291] selBefore=1
1787491709819361238 enter tui.previewTick selBefore=1
1787491709819399616 sessions [0:bk-two:running@1787491707291 1:bk-one:running@1787491707291] selBefore=1
1787491709830433491 enter tui.previewCaptured selBefore=1
1787491709830455636 sessions [0:bk-two:running@1787491707291 1:bk-one:running@1787491707291] selBefore=1
1787491709870266422 enter tui.previewTick selBefore=1
1787491709870297664 sessions [0:bk-two:running@1787491707291 1:bk-one:running@1787491707291] selBefore=1
1787491709881586420 enter tui.previewCaptured selBefore=1
1787491709881616896 sessions [0:bk-two:running@1787491707291 1:bk-one:running@1787491707291] selBefore=1
1787491709921237233 enter tui.previewTick selBefore=1
1787491709921274282 sessions [0:bk-two:running@1787491707291 1:bk-one:running@1787491707291] selBefore=1
1787491709933301646 enter tui.previewCaptured selBefore=1
1787491709933329388 sessions [0:bk-two:running@1787491707291 1:bk-one:running@1787491707291] selBefore=1
1787491709971698118 enter tui.previewTick selBefore=1
1787491709971734066 sessions [0:bk-two:running@1787491707291 1:bk-one:running@1787491707291] selBefore=1
1787491709981902716 enter tui.previewCaptured selBefore=1
1787491709981917979 sessions [0:bk-two:running@1787491707291 1:bk-one:running@1787491707291] selBefore=1
1787491710021787006 enter tui.previewTick selBefore=1
1787491710021826693 sessions [0:bk-two:running@1787491707291 1:bk-one:running@1787491707291] selBefore=1
1787491710034657461 enter tui.previewCaptured selBefore=1
1787491710034684448 sessions [0:bk-two:running@1787491707291 1:bk-one:running@1787491707291] selBefore=1
1787491710040646501 enter tui.reconcileTick selBefore=1
1787491710040661535 sessions [0:bk-two:running@1787491707291 1:bk-one:running@1787491707291] selBefore=1
1787491710048254608 enter sessionsLoaded[bk-one:running@1787491707291 bk-two:running@1787491707291] selBefore=1
1787491710048277307 sessions [0:bk-two:running@1787491707291 1:bk-one:running@1787491707291] selBefore=1
1787491710072309440 enter tui.previewTick selBefore=1
1787491710072361000 sessions [0:bk-two:running@1787491707291 1:bk-one:running@1787491707291] selBefore=1
1787491710084020498 enter tui.previewCaptured selBefore=1
1787491710084043862 sessions [0:bk-two:running@1787491707291 1:bk-one:running@1787491707291] selBefore=1
1787491710122689180 enter tui.previewTick selBefore=1
1787491710122718937 sessions [0:bk-two:running@1787491707291 1:bk-one:running@1787491707291] selBefore=1
1787491710133278236 enter tui.previewCaptured selBefore=1
1787491710133310122 sessions [0:bk-two:running@1787491707291 1:bk-one:running@1787491707291] selBefore=1
1787491710173647186 enter tui.previewTick selBefore=1
1787491710173673409 sessions [0:bk-two:running@1787491707291 1:bk-one:running@1787491707291] selBefore=1
1787491710184190400 enter tui.previewCaptured selBefore=1
1787491710184215475 sessions [0:bk-two:running@1787491707291 1:bk-one:running@1787491707291] selBefore=1
1787491710224618679 enter tui.previewTick selBefore=1
1787491710224654533 sessions [0:bk-two:running@1787491707291 1:bk-one:running@1787491707291] selBefore=1
1787491710236744603 enter tui.previewCaptured selBefore=1
1787491710236767539 sessions [0:bk-two:running@1787491707291 1:bk-one:running@1787491707291] selBefore=1
1787491710275502240 enter tui.previewTick selBefore=1
1787491710275542913 sessions [0:bk-two:running@1787491707291 1:bk-one:running@1787491707291] selBefore=1
1787491710286837191 enter tui.previewCaptured selBefore=1
1787491710286867851 sessions [0:bk-two:running@1787491707291 1:bk-one:running@1787491707291] selBefore=1
1787491710290893156 enter tui.reconcileTick selBefore=1
1787491710290927921 sessions [0:bk-two:running@1787491707291 1:bk-one:running@1787491707291] selBefore=1
1787491710299965820 enter sessionsLoaded[bk-one:running@1787491707291 bk-two:running@1787491707291] selBefore=1
1787491710299987305 sessions [0:bk-two:running@1787491707291 1:bk-one:running@1787491707291] selBefore=1
1787491710326032350 enter tui.previewTick selBefore=1
1787491710326065790 sessions [0:bk-two:running@1787491707291 1:bk-one:running@1787491707291] selBefore=1
1787491710337801989 enter tui.previewCaptured selBefore=1
1787491710337824571 sessions [0:bk-two:running@1787491707291 1:bk-one:running@1787491707291] selBefore=1
1787491710376509110 enter tui.previewTick selBefore=1
1787491710376537014 sessions [0:bk-two:running@1787491707291 1:bk-one:running@1787491707291] selBefore=1
1787491710387852474 enter tui.previewCaptured selBefore=1
1787491710387874110 sessions [0:bk-two:running@1787491707291 1:bk-one:running@1787491707291] selBefore=1
1787491710427643199 enter tui.previewTick selBefore=1
1787491710427690048 sessions [0:bk-two:running@1787491707291 1:bk-one:running@1787491707291] selBefore=1
1787491710438258676 enter tui.previewCaptured selBefore=1
1787491710438288896 sessions [0:bk-two:running@1787491707291 1:bk-one:running@1787491707291] selBefore=1
1787491710478802840 enter tui.previewTick selBefore=1
1787491710478906333 sessions [0:bk-two:running@1787491707291 1:bk-one:running@1787491707291] selBefore=1
1787491710490837791 enter tui.previewCaptured selBefore=1
1787491710490865967 sessions [0:bk-two:running@1787491707291 1:bk-one:running@1787491707291] selBefore=1
1787491710529488365 enter tui.previewTick selBefore=1
1787491710529512834 sessions [0:bk-two:running@1787491707291 1:bk-one:running@1787491707291] selBefore=1
1787491710540762560 enter tui.previewCaptured selBefore=1
1787491710540787223 sessions [0:bk-two:running@1787491707291 1:bk-one:running@1787491707291] selBefore=1
1787491710541920443 enter tui.reconcileTick selBefore=1
1787491710542001491 sessions [0:bk-two:running@1787491707291 1:bk-one:running@1787491707291] selBefore=1
1787491710550108785 enter sessionsLoaded[bk-one:running@1787491707291 bk-two:running@1787491707291] selBefore=1
1787491710550134555 sessions [0:bk-two:running@1787491707291 1:bk-one:running@1787491707291] selBefore=1
1787491710580270752 enter tui.previewTick selBefore=1
1787491710580307768 sessions [0:bk-two:running@1787491707291 1:bk-one:running@1787491707291] selBefore=1
1787491710590917718 enter tui.previewCaptured selBefore=1
1787491710590947072 sessions [0:bk-two:running@1787491707291 1:bk-one:running@1787491707291] selBefore=1
1787491710630695558 enter tui.previewTick selBefore=1
1787491710630726014 sessions [0:bk-two:running@1787491707291 1:bk-one:running@1787491707291] selBefore=1
1787491710640776507 enter tui.previewCaptured selBefore=1
1787491710640798375 sessions [0:bk-two:running@1787491707291 1:bk-one:running@1787491707291] selBefore=1
1787491710681503783 enter tui.previewTick selBefore=1
1787491710681542027 sessions [0:bk-two:running@1787491707291 1:bk-one:running@1787491707291] selBefore=1
1787491710692748440 enter tui.previewCaptured selBefore=1
1787491710692780652 sessions [0:bk-two:running@1787491707291 1:bk-one:running@1787491707291] selBefore=1
1787491710732491246 enter tui.previewTick selBefore=1
1787491710732543808 sessions [0:bk-two:running@1787491707291 1:bk-one:running@1787491707291] selBefore=1
1787491710744349631 enter tui.previewCaptured selBefore=1
1787491710744379940 sessions [0:bk-two:running@1787491707291 1:bk-one:running@1787491707291] selBefore=1
1787491710783621969 enter tui.previewTick selBefore=1
1787491710783691698 sessions [0:bk-two:running@1787491707291 1:bk-one:running@1787491707291] selBefore=1
1787491710792179438 enter tui.reconcileTick selBefore=1
1787491710792201483 sessions [0:bk-two:running@1787491707291 1:bk-one:running@1787491707291] selBefore=1
1787491710795056428 enter tui.previewCaptured selBefore=1
1787491710795074251 sessions [0:bk-two:running@1787491707291 1:bk-one:running@1787491707291] selBefore=1
1787491710800216784 enter sessionsLoaded[bk-one:running@1787491707291 bk-two:running@1787491707291] selBefore=1
1787491710800235990 sessions [0:bk-two:running@1787491707291 1:bk-one:running@1787491707291] selBefore=1
1787491710834538153 enter tui.previewTick selBefore=1
1787491710834591661 sessions [0:bk-two:running@1787491707291 1:bk-one:running@1787491707291] selBefore=1
1787491710845742985 enter tui.previewCaptured selBefore=1
1787491710845764633 sessions [0:bk-two:running@1787491707291 1:bk-one:running@1787491707291] selBefore=1
1787491710884685754 enter tui.previewTick selBefore=1
1787491710884719308 sessions [0:bk-two:running@1787491707291 1:bk-one:running@1787491707291] selBefore=1
1787491710896128033 enter tui.previewCaptured selBefore=1
1787491710896154245 sessions [0:bk-two:running@1787491707291 1:bk-one:running@1787491707291] selBefore=1
1787491710935817436 enter tui.previewTick selBefore=1
1787491710935855274 sessions [0:bk-two:running@1787491707291 1:bk-one:running@1787491707291] selBefore=1
1787491710947846623 enter tui.previewCaptured selBefore=1
1787491710947878551 sessions [0:bk-two:running@1787491707291 1:bk-one:running@1787491707291] selBefore=1
1787491710986530549 enter tui.previewTick selBefore=1
1787491710986573084 sessions [0:bk-two:running@1787491707291 1:bk-one:running@1787491707291] selBefore=1
1787491710998297269 enter tui.previewCaptured selBefore=1
1787491710998326033 sessions [0:bk-two:running@1787491707291 1:bk-one:running@1787491707291] selBefore=1
1787491711036860459 enter tui.previewTick selBefore=1
1787491711036904322 sessions [0:bk-two:running@1787491707291 1:bk-one:running@1787491707291] selBefore=1
1787491711042499450 enter tui.reconcileTick selBefore=1
1787491711042521381 sessions [0:bk-two:running@1787491707291 1:bk-one:running@1787491707291] selBefore=1
1787491711048377083 enter tui.previewCaptured selBefore=1
1787491711048390804 sessions [0:bk-two:running@1787491707291 1:bk-one:running@1787491707291] selBefore=1
1787491711051327794 enter sessionsLoaded[bk-one:running@1787491707291 bk-two:running@1787491707291] selBefore=1
1787491711051339258 sessions [0:bk-two:running@1787491707291 1:bk-one:running@1787491707291] selBefore=1
1787491711087921449 enter tui.previewTick selBefore=1
1787491711087974918 sessions [0:bk-two:running@1787491707291 1:bk-one:running@1787491707291] selBefore=1
1787491711099704467 enter tui.previewCaptured selBefore=1
1787491711099729287 sessions [0:bk-two:running@1787491707291 1:bk-one:running@1787491707291] selBefore=1
1787491711139004925 enter tui.previewTick selBefore=1
1787491711139030820 sessions [0:bk-two:running@1787491707291 1:bk-one:running@1787491707291] selBefore=1
1787491711151023623 enter tui.previewCaptured selBefore=1
1787491711151040561 sessions [0:bk-two:running@1787491707291 1:bk-one:running@1787491707291] selBefore=1
1787491711189679239 enter tui.previewTick selBefore=1
1787491711189710346 sessions [0:bk-two:running@1787491707291 1:bk-one:running@1787491707291] selBefore=1
1787491711201553317 enter tui.previewCaptured selBefore=1
1787491711201583428 sessions [0:bk-two:running@1787491707291 1:bk-one:running@1787491707291] selBefore=1
1787491711240255807 enter tui.previewTick selBefore=1
1787491711240292518 sessions [0:bk-two:running@1787491707291 1:bk-one:running@1787491707291] selBefore=1
1787491711252734308 enter tui.previewCaptured selBefore=1
1787491711252770935 sessions [0:bk-two:running@1787491707291 1:bk-one:running@1787491707291] selBefore=1
1787491711290504120 enter tui.previewTick selBefore=1
1787491711290543333 sessions [0:bk-two:running@1787491707291 1:bk-one:running@1787491707291] selBefore=1
1787491711293017084 enter tui.reconcileTick selBefore=1
1787491711293037769 sessions [0:bk-two:running@1787491707291 1:bk-one:running@1787491707291] selBefore=1
1787491711301543057 enter sessionsLoaded[bk-one:running@1787491707291 bk-two:running@1787491707291] selBefore=1
1787491711301571904 sessions [0:bk-two:running@1787491707291 1:bk-one:running@1787491707291] selBefore=1
1787491711301636669 enter tui.previewCaptured selBefore=1
1787491711301644119 sessions [0:bk-two:running@1787491707291 1:bk-one:running@1787491707291] selBefore=1
1787491711341269911 enter tui.previewTick selBefore=1
1787491711341306461 sessions [0:bk-two:running@1787491707291 1:bk-one:running@1787491707291] selBefore=1
1787491711352045241 enter tui.previewCaptured selBefore=1
1787491711352076301 sessions [0:bk-two:running@1787491707291 1:bk-one:running@1787491707291] selBefore=1
1787491711391803182 enter tui.previewTick selBefore=1
1787491711391836576 sessions [0:bk-two:running@1787491707291 1:bk-one:running@1787491707291] selBefore=1
1787491711402963590 enter tui.previewCaptured selBefore=1
1787491711402997315 sessions [0:bk-two:running@1787491707291 1:bk-one:running@1787491707291] selBefore=1
1787491711442905053 enter tui.previewTick selBefore=1
1787491711442941053 sessions [0:bk-two:running@1787491707291 1:bk-one:running@1787491707291] selBefore=1
1787491711453730086 enter tui.previewCaptured selBefore=1
1787491711453762252 sessions [0:bk-two:running@1787491707291 1:bk-one:running@1787491707291] selBefore=1
1787491711493561247 enter tui.previewTick selBefore=1
1787491711493622749 sessions [0:bk-two:running@1787491707291 1:bk-one:running@1787491707291] selBefore=1
1787491711505832554 enter tui.previewCaptured selBefore=1
1787491711505853159 sessions [0:bk-two:running@1787491707291 1:bk-one:running@1787491707291] selBefore=1
1787491711543414965 enter tui.reconcileTick selBefore=1
1787491711543495258 sessions [0:bk-two:running@1787491707291 1:bk-one:running@1787491707291] selBefore=1
1787491711543826614 enter tui.previewTick selBefore=1
1787491711543846900 sessions [0:bk-two:running@1787491707291 1:bk-one:running@1787491707291] selBefore=1
1787491711552912625 enter sessionsLoaded[bk-one:running@1787491707291 bk-two:running@1787491707291] selBefore=1
1787491711552933312 sessions [0:bk-two:running@1787491707291 1:bk-one:running@1787491707291] selBefore=1
1787491711555554966 enter tui.previewCaptured selBefore=1
1787491711555587661 sessions [0:bk-two:running@1787491707291 1:bk-one:running@1787491707291] selBefore=1
1787491711594476305 enter tui.previewTick selBefore=1
1787491711594512121 sessions [0:bk-two:running@1787491707291 1:bk-one:running@1787491707291] selBefore=1
1787491711606109074 enter tui.previewCaptured selBefore=1
1787491711606128460 sessions [0:bk-two:running@1787491707291 1:bk-one:running@1787491707291] selBefore=1
1787491711645516156 enter tui.previewTick selBefore=1
1787491711645570260 sessions [0:bk-two:running@1787491707291 1:bk-one:running@1787491707291] selBefore=1
1787491711657252253 enter tui.previewCaptured selBefore=1
1787491711657285146 sessions [0:bk-two:running@1787491707291 1:bk-one:running@1787491707291] selBefore=1
1787491711695643360 enter tui.previewTick selBefore=1
1787491711695707759 sessions [0:bk-two:running@1787491707291 1:bk-one:running@1787491707291] selBefore=1
1787491711705862471 enter tui.previewCaptured selBefore=1
1787491711705892045 sessions [0:bk-two:running@1787491707291 1:bk-one:running@1787491707291] selBefore=1
1787491711746452003 enter tui.previewTick selBefore=1
1787491711746486861 sessions [0:bk-two:running@1787491707291 1:bk-one:running@1787491707291] selBefore=1
1787491711758655638 enter tui.previewCaptured selBefore=1
1787491711758669969 sessions [0:bk-two:running@1787491707291 1:bk-one:running@1787491707291] selBefore=1
1787491711794378991 enter tui.reconcileTick selBefore=1
1787491711794417221 sessions [0:bk-two:running@1787491707291 1:bk-one:running@1787491707291] selBefore=1
1787491711796901485 enter tui.previewTick selBefore=1
1787491711796960632 sessions [0:bk-two:running@1787491707291 1:bk-one:running@1787491707291] selBefore=1
1787491711803841412 enter sessionsLoaded[bk-one:running@1787491707291 bk-two:running@1787491707291] selBefore=1
1787491711803863887 sessions [0:bk-two:running@1787491707291 1:bk-one:running@1787491707291] selBefore=1
1787491711807368393 enter tui.previewCaptured selBefore=1
1787491711807385974 sessions [0:bk-two:running@1787491707291 1:bk-one:running@1787491707291] selBefore=1
1787491711847076029 enter tui.previewTick selBefore=1
1787491711847113172 sessions [0:bk-two:running@1787491707291 1:bk-one:running@1787491707291] selBefore=1
1787491711860516016 enter tui.previewCaptured selBefore=1
1787491711860545932 sessions [0:bk-two:running@1787491707291 1:bk-one:running@1787491707291] selBefore=1
1787491711897306753 enter tui.previewTick selBefore=1
1787491711897334393 sessions [0:bk-two:running@1787491707291 1:bk-one:running@1787491707291] selBefore=1
1787491711907925721 enter tui.previewCaptured selBefore=1
1787491711907954326 sessions [0:bk-two:running@1787491707291 1:bk-one:running@1787491707291] selBefore=1
1787491711948335553 enter tui.previewTick selBefore=1
1787491711948358317 sessions [0:bk-two:running@1787491707291 1:bk-one:running@1787491707291] selBefore=1
1787491711959814431 enter tui.previewCaptured selBefore=1
1787491711959846724 sessions [0:bk-two:running@1787491707291 1:bk-one:running@1787491707291] selBefore=1
1787491711998460475 enter tui.previewTick selBefore=1
1787491711998505312 sessions [0:bk-two:running@1787491707291 1:bk-one:running@1787491707291] selBefore=1
1787491712010891974 enter tui.previewCaptured selBefore=1
1787491712010910732 sessions [0:bk-two:running@1787491707291 1:bk-one:running@1787491707291] selBefore=1
1787491712044677551 enter tui.reconcileTick selBefore=1
1787491712044711264 sessions [0:bk-two:running@1787491707291 1:bk-one:running@1787491707291] selBefore=1
1787491712048523165 enter tui.previewTick selBefore=1
1787491712048551612 sessions [0:bk-two:running@1787491707291 1:bk-one:running@1787491707291] selBefore=1
1787491712054536416 enter sessionsLoaded[bk-one:running@1787491707291 bk-two:running@1787491707291] selBefore=1
1787491712054566024 sessions [0:bk-two:running@1787491707291 1:bk-one:running@1787491707291] selBefore=1
1787491712059655256 enter tui.previewCaptured selBefore=1
1787491712059685344 sessions [0:bk-two:running@1787491707291 1:bk-one:running@1787491707291] selBefore=1
1787491712098899130 enter tui.previewTick selBefore=1
1787491712098929327 sessions [0:bk-two:running@1787491707291 1:bk-one:running@1787491707291] selBefore=1
1787491712111210760 enter tui.previewCaptured selBefore=1
1787491712111231052 sessions [0:bk-two:running@1787491707291 1:bk-one:running@1787491707291] selBefore=1
1787491712149923830 enter tui.previewTick selBefore=1
1787491712149945416 sessions [0:bk-two:running@1787491707291 1:bk-one:running@1787491707291] selBefore=1
1787491712161832422 enter tui.previewCaptured selBefore=1
1787491712161861124 sessions [0:bk-two:running@1787491707291 1:bk-one:running@1787491707291] selBefore=1
1787491712201072106 enter tui.previewTick selBefore=1
1787491712201115424 sessions [0:bk-two:running@1787491707291 1:bk-one:running@1787491707291] selBefore=1
1787491712213676895 enter tui.previewCaptured selBefore=1
1787491712213692318 sessions [0:bk-two:running@1787491707291 1:bk-one:running@1787491707291] selBefore=1
1787491712251695278 enter tui.previewTick selBefore=1
1787491712251739985 sessions [0:bk-two:running@1787491707291 1:bk-one:running@1787491707291] selBefore=1
1787491712263121643 enter tui.previewCaptured selBefore=1
1787491712263150322 sessions [0:bk-two:running@1787491707291 1:bk-one:running@1787491707291] selBefore=1
1787491712295931193 enter tui.reconcileTick selBefore=1
1787491712296080712 sessions [0:bk-two:running@1787491707291 1:bk-one:running@1787491707291] selBefore=1
1787491712302080285 enter tui.previewTick selBefore=1
1787491712302112887 sessions [0:bk-two:running@1787491707291 1:bk-one:running@1787491707291] selBefore=1
1787491712305548599 enter sessionsLoaded[bk-one:running@1787491707291 bk-two:running@1787491707291] selBefore=1
1787491712305569666 sessions [0:bk-two:running@1787491707291 1:bk-one:running@1787491707291] selBefore=1
1787491712312657444 enter tui.previewCaptured selBefore=1
1787491712312677184 sessions [0:bk-two:running@1787491707291 1:bk-one:running@1787491707291] selBefore=1
1787491712352635524 enter tui.previewTick selBefore=1
1787491712352672484 sessions [0:bk-two:running@1787491707291 1:bk-one:running@1787491707291] selBefore=1
1787491712365066730 enter tui.previewCaptured selBefore=1
1787491712365096614 sessions [0:bk-two:running@1787491707291 1:bk-one:running@1787491707291] selBefore=1
1787491712403651394 enter tui.previewTick selBefore=1
1787491712403742125 sessions [0:bk-two:running@1787491707291 1:bk-one:running@1787491707291] selBefore=1
1787491712415605591 enter tui.previewCaptured selBefore=1
1787491712415630449 sessions [0:bk-two:running@1787491707291 1:bk-one:running@1787491707291] selBefore=1
1787491712454334346 enter tui.previewTick selBefore=1
1787491712454361297 sessions [0:bk-two:running@1787491707291 1:bk-one:running@1787491707291] selBefore=1
1787491712465671694 enter tui.previewCaptured selBefore=1
1787491712465695779 sessions [0:bk-two:running@1787491707291 1:bk-one:running@1787491707291] selBefore=1
1787491712504575508 enter tui.previewTick selBefore=1
1787491712504609803 sessions [0:bk-two:running@1787491707291 1:bk-one:running@1787491707291] selBefore=1
1787491712516215921 enter tui.previewCaptured selBefore=1
1787491712516244236 sessions [0:bk-two:running@1787491707291 1:bk-one:running@1787491707291] selBefore=1
1787491712546477910 enter tui.reconcileTick selBefore=1
1787491712546508443 sessions [0:bk-two:running@1787491707291 1:bk-one:running@1787491707291] selBefore=1
1787491712555422773 enter tui.previewTick selBefore=1
1787491712555468925 sessions [0:bk-two:running@1787491707291 1:bk-one:running@1787491707291] selBefore=1
1787491712556109752 enter sessionsLoaded[bk-one:running@1787491707291 bk-two:running@1787491707291] selBefore=1
1787491712556123548 sessions [0:bk-two:running@1787491707291 1:bk-one:running@1787491707291] selBefore=1
1787491712565351908 enter tui.previewCaptured selBefore=1
1787491712565369333 sessions [0:bk-two:running@1787491707291 1:bk-one:running@1787491707291] selBefore=1
1787491712605782672 enter tui.previewTick selBefore=1
1787491712605890164 sessions [0:bk-two:running@1787491707291 1:bk-one:running@1787491707291] selBefore=1
1787491712617897507 enter tui.previewCaptured selBefore=1
1787491712617926184 sessions [0:bk-two:running@1787491707291 1:bk-one:running@1787491707291] selBefore=1
1787491712656359914 enter tui.previewTick selBefore=1
1787491712656389888 sessions [0:bk-two:running@1787491707291 1:bk-one:running@1787491707291] selBefore=1
1787491712667460283 enter tui.previewCaptured selBefore=1
1787491712667486899 sessions [0:bk-two:running@1787491707291 1:bk-one:running@1787491707291] selBefore=1
1787491712707239033 enter tui.previewTick selBefore=1
1787491712707272844 sessions [0:bk-two:running@1787491707291 1:bk-one:running@1787491707291] selBefore=1
1787491712718285347 enter tui.previewCaptured selBefore=1
1787491712718304684 sessions [0:bk-two:running@1787491707291 1:bk-one:running@1787491707291] selBefore=1
1787491712758225547 enter tui.previewTick selBefore=1
1787491712758268786 sessions [0:bk-two:running@1787491707291 1:bk-one:running@1787491707291] selBefore=1
1787491712769860325 enter tui.previewCaptured selBefore=1
1787491712769884525 sessions [0:bk-two:running@1787491707291 1:bk-one:running@1787491707291] selBefore=1
1787491712797338454 enter tui.reconcileTick selBefore=1
1787491712797367658 sessions [0:bk-two:running@1787491707291 1:bk-one:running@1787491707291] selBefore=1
1787491712806526666 enter sessionsLoaded[bk-one:running@1787491707291 bk-two:running@1787491707291] selBefore=1
1787491712806556482 sessions [0:bk-two:running@1787491707291 1:bk-one:running@1787491707291] selBefore=1
1787491712808346164 enter tui.previewTick selBefore=1
1787491712808368316 sessions [0:bk-two:running@1787491707291 1:bk-one:running@1787491707291] selBefore=1
1787491712818998947 enter tui.previewCaptured selBefore=1
1787491712819024053 sessions [0:bk-two:running@1787491707291 1:bk-one:running@1787491707291] selBefore=1
1787491712859329170 enter tui.previewTick selBefore=1
1787491712859361712 sessions [0:bk-two:running@1787491707291 1:bk-one:running@1787491707291] selBefore=1
1787491712870267659 enter tui.previewCaptured selBefore=1
1787491712870297768 sessions [0:bk-two:running@1787491707291 1:bk-one:running@1787491707291] selBefore=1
1787491712910045360 enter tui.previewTick selBefore=1
1787491712910093926 sessions [0:bk-two:running@1787491707291 1:bk-one:running@1787491707291] selBefore=1
1787491712921666464 enter tui.previewCaptured selBefore=1
1787491712921682562 sessions [0:bk-two:running@1787491707291 1:bk-one:running@1787491707291] selBefore=1
1787491712960525769 enter tui.previewTick selBefore=1
1787491712960563616 sessions [0:bk-two:running@1787491707291 1:bk-one:running@1787491707291] selBefore=1
1787491712972026350 enter tui.previewCaptured selBefore=1
1787491712972053305 sessions [0:bk-two:running@1787491707291 1:bk-one:running@1787491707291] selBefore=1
1787491713011594765 enter tui.previewTick selBefore=1
1787491713011640543 sessions [0:bk-two:running@1787491707291 1:bk-one:running@1787491707291] selBefore=1
1787491713022590735 enter tui.previewCaptured selBefore=1
1787491713022621781 sessions [0:bk-two:running@1787491707291 1:bk-one:running@1787491707291] selBefore=1
1787491713048058227 enter tui.reconcileTick selBefore=1
1787491713048116898 sessions [0:bk-two:running@1787491707291 1:bk-one:running@1787491707291] selBefore=1
1787491713057777135 enter sessionsLoaded[bk-one:running@1787491707291 bk-two:running@1787491707291] selBefore=1
1787491713057796679 sessions [0:bk-two:running@1787491707291 1:bk-one:running@1787491707291] selBefore=1
1787491713062696902 enter tui.previewTick selBefore=1
1787491713062719998 sessions [0:bk-two:running@1787491707291 1:bk-one:running@1787491707291] selBefore=1
1787491713072353175 enter tui.previewCaptured selBefore=1
1787491713072375374 sessions [0:bk-two:running@1787491707291 1:bk-one:running@1787491707291] selBefore=1
1787491713113040956 enter tui.previewTick selBefore=1
1787491713113080895 sessions [0:bk-two:running@1787491707291 1:bk-one:running@1787491707291] selBefore=1
1787491713126038621 enter tui.previewCaptured selBefore=1
1787491713126065494 sessions [0:bk-two:running@1787491707291 1:bk-one:running@1787491707291] selBefore=1
1787491713163336789 enter tui.previewTick selBefore=1
1787491713163375733 sessions [0:bk-two:running@1787491707291 1:bk-one:running@1787491707291] selBefore=1
1787491713174262187 enter tui.previewCaptured selBefore=1
1787491713174288201 sessions [0:bk-two:running@1787491707291 1:bk-one:running@1787491707291] selBefore=1
1787491713213979862 enter tui.previewTick selBefore=1
1787491713214017248 sessions [0:bk-two:running@1787491707291 1:bk-one:running@1787491707291] selBefore=1
1787491713225557240 enter tui.previewCaptured selBefore=1
1787491713225589061 sessions [0:bk-two:running@1787491707291 1:bk-one:running@1787491707291] selBefore=1
1787491713264070212 enter tui.previewTick selBefore=1
1787491713264101475 sessions [0:bk-two:running@1787491707291 1:bk-one:running@1787491707291] selBefore=1
1787491713275098713 enter tui.previewCaptured selBefore=1
1787491713275117315 sessions [0:bk-two:running@1787491707291 1:bk-one:running@1787491707291] selBefore=1
1787491713298558630 enter tui.reconcileTick selBefore=1
1787491713298591102 sessions [0:bk-two:running@1787491707291 1:bk-one:running@1787491707291] selBefore=1
1787491713307232590 enter sessionsLoaded[bk-one:running@1787491707291 bk-two:running@1787491707291] selBefore=1
1787491713307262423 sessions [0:bk-two:running@1787491707291 1:bk-one:running@1787491707291] selBefore=1
1787491713314184974 enter tui.previewTick selBefore=1
1787491713314218731 sessions [0:bk-two:running@1787491707291 1:bk-one:running@1787491707291] selBefore=1
1787491713325332454 enter tui.previewCaptured selBefore=1
1787491713325361897 sessions [0:bk-two:running@1787491707291 1:bk-one:running@1787491707291] selBefore=1
1787491713364915933 enter tui.previewTick selBefore=1
1787491713364951050 sessions [0:bk-two:running@1787491707291 1:bk-one:running@1787491707291] selBefore=1
1787491713376558994 enter tui.previewCaptured selBefore=1
1787491713376592491 sessions [0:bk-two:running@1787491707291 1:bk-one:running@1787491707291] selBefore=1
1787491713415303643 enter tui.previewTick selBefore=1
1787491713415334093 sessions [0:bk-two:running@1787491707291 1:bk-one:running@1787491707291] selBefore=1
1787491713426534200 enter tui.previewCaptured selBefore=1
1787491713426561903 sessions [0:bk-two:running@1787491707291 1:bk-one:running@1787491707291] selBefore=1
