1787490231.618402357 0
1787490231.655406106 0
1787490231.693155358 0
1787490231.732441146 0
1787490231.770666435 0
1787490231.809236182 0
1787490231.848457592 0
1787490231.886764409 0
1787490231.924329190 0
1787490231.962095708 0
1787490232.002076121 0
1787490232.040633534 0
1787490232.078703055 0
1787490232.117796556 0
1787490232.157285387 0
1787490232.195095760 1
1787490232.232967099 7
1787490232.272229901 7
1787490232.310386753 71
1787490232.349578232 77
1787490232.389675952 77
1787490232.426962043 141
1787490232.464741507 141
1787490232.503843387 141
1787490232.542329648 141
1787490232.581202957 143
1787490232.620488994 143
1787490232.660313945 143
1787490232.698329811 143
1787490232.736823396 143
1787490232.776044916 143
1787490232.814780744 143
1787490232.854375021 143
1787490232.894905016 143
1787490232.932684135 143
1787490232.971114983 143
1787490233.010564821 143
1787490233.048703558 143
1787490233.087244303 143
1787490233.127056126 143
1787490233.165175905 143
1787490233.203465404 143
1787490233.241635715 143
1787490233.281124718 143
1787490233.319078451 143
1787490233.358341639 143
1787490233.397914274 143
1787490233.435957732 143
1787490233.474050176 143
1787490233.512408122 143
1787490233.550995604 143
1787490233.590449825 143
1787490233.630315703 143
1787490233.669043149 143
1787490233.706872733 143
1787490233.745788552 143
1787490233.785171364 143
1787490233.824379487 143
1787490233.863453569 143
1787490233.902627320 143
1787490233.940179463 143
1787490233.978401491 143
1787490234.017435048 143
1787490234.055574314 143
1787490234.094994744 143
1787490234.134290043 143
1787490234.173820844 143
1787490234.211658827 143
1787490234.251423709 143
1787490234.290275836 143
1787490234.329763026 143
1787490234.370514462 143
1787490234.409878325 143
1787490234.447845431 143
1787490234.487224518 143
1787490234.526588360 143
1787490234.565217920 143
1787490234.604436541 143
1787490234.643144632 143
1787490234.680772272 143
1787490234.718834386 143
1787490234.757568307 143
1787490234.796340414 143
1787490234.835743962 143
1787490234.875064121 143
1787490234.913972589 143
1787490234.952412424 143
1787490234.992440932 143
1787490235.031299758 143
1787490235.069883423 143
1787490235.109032786 143
1787490235.148739919 143
1787490235.186143757 143
1787490235.224454006 143
1787490235.263575670 143
1787490235.302648306 143
1787490235.341240173 143
1787490235.380072040 143
1787490235.419284295 143
1787490235.458249943 143
1787490235.497356544 143
1787490235.536467283 143
1787490235.575389969 143
1787490235.615712165 143
1787490235.656410979 143
1787490235.694387926 143
1787490235.732275379 143
1787490235.771433423 143
1787490235.809671483 143
1787490235.848393064 143
1787490235.888020288 143
1787490235.927059578 143
1787490235.965196300 143
1787490236.005238591 143
1787490236.044281945 143
1787490236.082634522 143
1787490236.121821378 143
1787490236.161009456 143
1787490236.198182087 143
1787490236.237372129 143
1787490236.277186061 143
1787490236.316115135 143
1787490236.355225132 143
1787490236.394373442 143
1787490236.431865009 143
1787490236.470737658 143
1787490236.510793805 143
1787490236.549737375 143
1787490236.589484241 143
1787490236.629476158 143
1787490236.669110844 143
1787490236.706771981 143
1787490236.745508004 143
1787490236.784998279 143
1787490236.823988050 143
1787490236.864238590 143
1787490236.903808314 143
1787490236.941411272 143
1787490236.980941482 143
1787490237.020056819 143
1787490237.058730434 143
1787490237.097277868 143
1787490237.136980626 143
1787490237.175956986 143
1787490237.213613687 143
1787490237.252811353 143
1787490237.292780615 143
1787490237.331748292 143
1787490237.371000087 143
1787490237.410112497 143
1787490237.448001040 143
1787490237.487160184 143
1787490237.527518621 143
1787490237.566349490 143
1787490237.606011486 143
1787490237.645487717 143
1787490237.684077792 143
1787490237.722317800 143
1787490237.761488334 143
1787490237.800569663 143
1787490237.839429726 143
1787490237.878358183 143
1787490237.916596595 143
1787490237.954092840 143
1787490237.992761550 143
1787490238.031533132 143
1787490238.070607614 143
1787490238.109305513 143
1787490238.148388518 143
1787490238.186962587 143
1787490238.225433869 143
1787490238.264374578 143
1787490238.302811428 143
1787490238.341170278 143
1787490238.379555203 143
1787490238.417473756 143
1787490238.455399386 143
1787490238.495160360 143
1787490238.534266114 143
1787490238.572700777 143
1787490238.612153469 143
1787490238.651683241 143
1787490238.690316945 143
1787490238.728824453 143
1787490238.766918453 143
1787490238.803802429 143
1787490238.840977420 143
1787490238.878763066 143
1787490238.915941191 143
1787490238.952381740 143
1787490238.990476503 143
1787490239.028702140 143
1787490239.065917792 143
