1787772301 3.88 4.09 3.64 4/4115 23454 | pre-start
1787772306 6.46 4.62 3.81 5/4219 23506 | === RUN 1 ===
1787772311 6.42 4.64 3.83 4/4260 23512 | === RUN 1 ===
1787772316 7.27 4.85 3.90 3/4221 23518 | === RUN 1 ===
1787772321 7.17 4.87 3.91 2/4211 23525 | === RUN 1 ===
1787772326 6.91 4.85 3.91 4/4261 23533 | === RUN 1 ===
1787772331 6.84 4.87 3.92 19/4301 23539 | === RUN 1 ===
1787772336 7.09 4.96 3.95 3/4235 23545 | === RUN 1 ===
1787772341 6.84 4.94 3.95 25/4350 23551 | === RUN 1 ===
1787772346 6.54 4.91 3.95 21/4299 23557 | === RUN 1 ===
1787772351 7.13 5.06 4.00 5/4245 23563 | === RUN 1 ===
1787772356 6.88 5.04 4.00 8/4288 23569 | === RUN 1 ===
1787772361 6.57 5.01 4.00 17/4260 23575 | === RUN 1 ===
1787772366 6.45 5.01 4.00 5/4276 23581 | === RUN 1 ===
1787772371 7.69 5.29 4.10 3/4340 23587 | === RUN 1 ===
1787772376 7.48 5.29 4.10 2/4280 23593 | === RUN 1 ===
1787772381 9.12 5.66 4.23 16/4322 23599 | === RUN 1 ===
1787772386 11.67 6.25 4.43 42/4324 23621 | === RUN 1 ===
1787772391 12.18 6.45 4.50 7/4356 23627 | === RUN 1 ===
1787772396 13.93 6.90 4.66 3/4308 23638 | === RUN 1 ===
1787772401 12.89 6.81 4.64 2/4326 23644 | === RUN 1 ===
1787772406 12.10 6.74 4.63 2/4332 23650 | === RUN 1 ===
1787772411 12.81 6.98 4.72 23/4389 23664 | === RUN 1 ===
1787772416 14.11 7.34 4.85 21/4324 23682 | === RUN 1 ===
1787772421 14.98 7.64 4.96 3/4333 23698 | === RUN 1 ===
1787772426 14.02 7.56 4.95 3/4338 23714 | === RUN 1 ===
1787772431 14.18 7.70 5.01 10/4371 23730 | === RUN 1 ===
1787772436 13.20 7.61 4.99 3/4336 23746 | === RUN 1 ===
1787772441 12.55 7.56 4.99 4/4328 23762 | === RUN 1 ===
1787772446 11.70 7.47 4.98 4/4330 23778 | === RUN 1 ===
1787772451 11.17 7.43 4.98 2/4336 23794 | === RUN 1 ===
1787772456 10.59 7.37 4.97 3/4385 23810 | === RUN 1 ===
1787772461 9.74 7.25 4.95 2/4394 23826 | === RUN 1 ===
1787772466 9.04 7.15 4.92 4/4412 23842 | === RUN 1 ===
1787772471 8.40 7.04 4.90 3/4351 23858 | === RUN 1 ===
1787772476 8.05 6.99 4.90 2/4365 23874 | === RUN 1 ===
1787772481 7.64 6.93 4.89 2/4373 23890 | === RUN 1 ===
1787772486 7.19 6.84 4.87 3/4366 23906 | === RUN 1 ===
1787772491 6.77 6.76 4.86 2/4390 23922 | === RUN 1 ===
1787772496 6.31 6.67 4.84 1/4402 23938 | === RUN 1 ===
1787772501 5.81 6.56 4.81 2/4389 23954 | === RUN 1 ===
1787772506 5.42 6.46 4.79 2/4388 23970 | === RUN 1 ===
1787772511 5.15 6.39 4.77 1/4403 23986 | === RUN 1 ===
1787772516 5.21 6.38 4.78 2/4416 24002 | === RUN 1 ===
1787772521 4.80 6.28 4.75 2/4436 24018 | === RUN 1 ===
1787772526 4.81 6.26 4.76 3/4503 24034 | === RUN 1 ===
1787772531 4.51 6.17 4.74 1/4486 24050 | === RUN 1 ===
1787772536 4.39 6.12 4.73 5/4492 24066 | === RUN 1 ===
1787772541 4.36 6.08 4.72 2/4508 24082 | === RUN 1 ===
1787772546 4.25 6.03 4.71 5/4559 24098 | === RUN 1 ===
1787772551 4.23 6.00 4.71 2/4523 24114 | === RUN 1 ===
1787772556 4.37 6.00 4.72 1/4510 24130 | === RUN 1 ===
1787772561 4.18 5.93 4.70 3/4508 24146 | === RUN 1 ===
1787772566 4.08 5.88 4.69 3/4486 24162 | === RUN 1 ===
1787772571 3.92 5.82 4.68 2/4496 24178 | === RUN 1 ===
1787772576 3.92 5.79 4.67 4/4556 24195 | === RUN 1 ===
1787772581 3.69 5.71 4.65 2/4539 24211 | === RUN 1 ===
1787772586 5.56 6.06 4.77 3/4555 24227 | === RUN 1 ===
1787772591 5.35 6.01 4.76 3/4544 24243 | === RUN 1 ===
1787772596 5.16 5.96 4.75 5/4626 24259 | === RUN 1 ===
1787772601 5.07 5.93 4.75 3/4591 24275 | === RUN 1 ===
1787772606 5.14 5.93 4.76 4/4665 24291 | === RUN 1 ===
1787772611 4.89 5.86 4.74 5/4607 24307 | === RUN 1 ===
1787772616 4.74 5.81 4.73 7/4629 24323 | === RUN 1 ===
1787772621 5.64 5.98 4.79 5/4597 24339 | === RUN 1 ===
1787772626 6.47 6.15 4.85 8/4564 24355 | === RUN 1 ===
1787772631 6.19 6.10 4.84 4/4573 24371 | === RUN 1 ===
1787772636 6.98 6.26 4.90 22/4612 24387 | === RUN 1 ===
1787772641 6.58 6.19 4.89 5/4626 24403 | === RUN 1 ===
1787772646 6.61 6.20 4.90 23/4760 24419 | === RUN 1 ===
1787772651 8.01 6.50 5.00 31/4700 24435 | === RUN 1 ===
1787772657 8.97 6.72 5.08 3/4863 24451 | === RUN 1 ===
1787772662 8.25 6.61 5.05 3/4908 24467 | === RUN 1 ===
1787772667 7.83 6.55 5.04 3/4946 24483 | === RUN 1 ===
1787772672 7.44 6.49 5.03 26/4294 24554 | === RUN 2 ===
1787772677 8.69 6.77 5.13 3/4245 24570 | === RUN 2 ===
1787772682 8.15 6.69 5.11 6/4267 24586 | === RUN 2 ===
1787772687 7.82 6.64 5.11 5/4233 24602 | === RUN 2 ===
1787772692 7.43 6.58 5.09 1/4275 24618 | === RUN 2 ===
1787772697 7.00 6.51 5.08 3/4288 24634 | === RUN 2 ===
1787772702 6.52 6.41 5.05 4/4293 24650 | === RUN 2 ===
1787772707 6.16 6.34 5.04 4/4293 24666 | === RUN 2 ===
1787772712 5.98 6.30 5.03 2/4240 24682 | === RUN 2 ===
1787772717 5.74 6.25 5.02 5/4239 24698 | === RUN 2 ===
1787772722 5.36 6.16 5.00 3/4289 24714 | === RUN 2 ===
1787772727 5.17 6.11 4.99 5/4317 24730 | === RUN 2 ===
1787772732 4.92 6.04 4.97 4/4268 24746 | === RUN 2 ===
1787772737 4.69 5.97 4.96 3/4347 24762 | === RUN 2 ===
1787772742 4.47 5.90 4.94 4/4265 24778 | === RUN 2 ===
1787772747 4.35 5.86 4.93 13/4272 24794 | === RUN 2 ===
1787772752 4.24 5.81 4.92 3/4287 24810 | === RUN 2 ===
1787772757 5.59 6.06 5.00 2/4304 24824 | === RUN 2 ===
1787772762 5.22 5.98 4.98 21/4312 24840 | === RUN 2 ===
1787772767 6.32 6.19 5.06 29/4380 24856 | === RUN 2 ===
1787772772 7.02 6.34 5.11 2/4297 24872 | === RUN 2 ===
1787772777 6.70 6.28 5.10 26/4400 24888 | === RUN 2 ===
1787772782 7.92 6.54 5.19 16/4388 24904 | === RUN 2 ===
1787772787 8.81 6.75 5.27 29/4414 24920 | === RUN 2 ===
1787772792 9.22 6.87 5.31 18/4315 24936 | === RUN 2 ===
1787772797 9.53 6.97 5.35 10/4303 24952 | === RUN 2 ===
1787772802 9.32 6.97 5.36 12/4286 24968 | === RUN 2 ===
1787772807 8.90 6.93 5.36 4/4299 24984 | === RUN 2 ===
1787772812 8.43 6.86 5.34 3/4347 25000 | === RUN 2 ===
1787772817 7.99 6.80 5.33 4/4419 25016 | === RUN 2 ===
1787772822 7.43 6.70 5.31 3/4351 25032 | === RUN 2 ===
1787772827 7.16 6.65 5.30 3/4362 25048 | === RUN 2 ===
1787772832 6.74 6.58 5.28 2/4344 25064 | === RUN 2 ===
1787772837 6.76 6.58 5.29 3/4352 25080 | === RUN 2 ===
1787772842 6.30 6.49 5.27 3/4365 25096 | === RUN 2 ===
1787772847 6.20 6.47 5.27 4/4411 25112 | === RUN 2 ===
1787772852 6.10 6.44 5.26 3/4393 25128 | === RUN 2 ===
1787772857 5.93 6.40 5.26 15/4485 25144 | === RUN 2 ===
1787772862 7.94 6.81 5.40 16/4462 25160 | === RUN 2 ===
1787772867 8.83 7.01 5.47 3/4409 25176 | === RUN 2 ===
1787772872 8.36 6.94 5.46 17/4389 25192 | === RUN 2 ===
1787772877 7.93 6.88 5.44 7/4454 25208 | === RUN 2 ===
1787772882 8.90 7.10 5.52 3/4445 25224 | === RUN 2 ===
1787772887 8.42 7.03 5.51 6/4508 25240 | === RUN 2 ===
1787772892 9.19 7.21 5.57 3/4433 25256 | === RUN 2 ===
1787772897 8.78 7.16 5.57 5/4461 25272 | === RUN 2 ===
1787772902 8.23 7.07 5.55 21/4585 25288 | === RUN 2 ===
1787772907 7.81 7.00 5.53 4/4491 25304 | === RUN 2 ===
1787772912 7.43 6.94 5.52 3/4510 25320 | === RUN 2 ===
1787772917 7.15 6.89 5.51 3/4509 25336 | === RUN 2 ===
1787772922 7.22 6.91 5.52 5/4512 25352 | === RUN 2 ===
1787772927 7.28 6.93 5.54 32/4561 25368 | === RUN 2 ===
1787772932 7.74 7.03 5.58 3/4470 25384 | === RUN 2 ===
1787772937 9.52 7.41 5.71 4/4533 25400 | === RUN 2 ===
1787772942 9.08 7.35 5.70 6/4545 25417 | === RUN 2 ===
1787772947 8.75 7.31 5.70 23/4580 25433 | === RUN 2 ===
1787772952 10.54 7.71 5.83 16/4595 25449 | === RUN 2 ===
1787772957 11.61 7.98 5.93 24/4549 25465 | === RUN 2 ===
1787772962 12.93 8.31 6.05 36/4560 25481 | === RUN 2 ===
1787772967 13.97 8.60 6.16 23/4551 25497 | === RUN 2 ===
1787772972 13.74 8.64 6.18 7/4524 25513 | === RUN 2 ===
1787772977 12.88 8.55 6.16 2/4541 25529 | === RUN 2 ===
1787772982 11.92 8.42 6.14 4/4533 25545 | === RUN 2 ===
1787772987 11.13 8.32 6.11 3/4544 25561 | === RUN 2 ===
1787772992 10.40 8.21 6.09 3/4588 25577 | === RUN 2 ===
1787772997 9.65 8.09 6.06 3/4616 25593 | === RUN 2 ===
1787773002 8.95 7.97 6.04 2/4608 25609 | === RUN 2 ===
1787773007 8.32 7.86 6.01 4/4623 25625 | === RUN 2 ===
1787773012 7.89 7.78 5.99 2/4590 25641 | === RUN 2 ===
1787773017 7.42 7.68 5.97 2/4618 25657 | === RUN 2 ===
1787773022 6.90 7.57 5.94 1/4645 25673 | === RUN 2 ===
1787773027 6.67 7.51 5.93 3/4718 25689 | === RUN 2 ===
1787773032 6.46 7.45 5.92 4/4717 25705 | === RUN 2 ===
1787773037 6.10 7.36 5.90 2/4846 25721 | === RUN 2 ===
1787773042 5.61 7.24 5.87 1/4873 25737 | === RUN 2 ===
1787773047 5.24 7.13 5.84 3/4937 25753 | === RUN 2 ===
1787773052 5.06 7.06 5.83 2/4221 25824 | === RUN 3 ===
1787773057 4.90 7.00 5.81 3/4157 25840 | === RUN 3 ===
1787773062 4.82 6.95 5.80 2/4215 25856 | === RUN 3 ===
1787773067 4.68 6.88 5.79 2/4197 25872 | === RUN 3 ===
1787773072 4.62 6.83 5.78 3/4207 25888 | === RUN 3 ===
1787773077 4.49 6.77 5.76 4/4234 25904 | === RUN 3 ===
1787773082 4.37 6.71 5.75 2/4238 25920 | === RUN 3 ===
1787773087 4.10 6.61 5.72 4/4251 25936 | === RUN 3 ===
1787773092 3.85 6.52 5.70 2/4260 25952 | === RUN 3 ===
1787773097 3.70 6.44 5.68 2/4225 25968 | === RUN 3 ===
1787773102 3.49 6.35 5.65 3/4260 25984 | === RUN 3 ===
1787773107 4.09 6.43 5.68 25/4240 26000 | === RUN 3 ===
1787773112 4.00 6.37 5.66 2/4287 26016 | === RUN 3 ===
1787773117 3.76 6.28 5.64 1/4271 26032 | === RUN 3 ===
1787773122 3.54 6.19 5.61 3/4310 26048 | === RUN 3 ===
1787773127 3.50 6.14 5.60 5/4293 26064 | === RUN 3 ===
1787773132 3.30 6.06 5.58 2/4296 26080 | === RUN 3 ===
1787773137 3.43 6.04 5.57 4/4312 26096 | === RUN 3 ===
1787773142 3.32 5.97 5.55 2/4345 26112 | === RUN 3 ===
1787773147 3.37 5.94 5.54 3/4309 26128 | === RUN 3 ===
1787773152 3.18 5.86 5.52 13/4340 26144 | === RUN 3 ===
1787773157 3.17 5.81 5.51 4/4296 26160 | === RUN 3 ===
1787773162 2.99 5.73 5.48 4/4317 26176 | === RUN 3 ===
1787773167 2.91 5.67 5.46 6/4453 26192 | === RUN 3 ===
1787773172 3.24 5.69 5.47 4/4392 26208 | === RUN 3 ===
1787773177 3.38 5.68 5.47 3/4384 26224 | === RUN 3 ===
1787773182 3.27 5.62 5.45 5/4411 26240 | === RUN 3 ===
1787773187 3.33 5.59 5.44 5/4404 26256 | === RUN 3 ===
1787773192 3.38 5.56 5.43 5/4423 26272 | === RUN 3 ===
1787773197 3.51 5.55 5.43 1/4419 26288 | === RUN 3 ===
1787773202 3.47 5.51 5.42 1/4442 26304 | === RUN 3 ===
1787773207 3.43 5.47 5.40 3/4410 26320 | === RUN 3 ===
1787773212 3.48 5.44 5.40 5/4433 26336 | === RUN 3 ===
1787773217 3.44 5.40 5.38 4/4379 26352 | === RUN 3 ===
1787773222 3.25 5.33 5.36 2/4382 26368 | === RUN 3 ===
1787773227 3.39 5.32 5.36 6/4391 26384 | === RUN 3 ===
1787773232 3.35 5.28 5.34 4/4377 26400 | === RUN 3 ===
1787773237 3.41 5.26 5.34 19/4459 26416 | === RUN 3 ===
1787773242 3.77 5.31 5.35 5/4425 26432 | === RUN 3 ===
1787773247 3.87 5.30 5.35 25/4508 26448 | === RUN 3 ===
1787773252 4.04 5.31 5.35 4/4439 26464 | === RUN 3 ===
1787773257 4.12 5.31 5.35 7/4498 26480 | === RUN 3 ===
1787773262 4.43 5.35 5.37 2/4475 26496 | === RUN 3 ===
1787773267 4.64 5.38 5.37 6/4467 26512 | === RUN 3 ===
1787773272 4.59 5.36 5.37 6/4468 26528 | === RUN 3 ===
1787773277 4.62 5.35 5.36 4/4516 26544 | === RUN 3 ===
1787773282 4.73 5.36 5.37 14/4464 26560 | === RUN 3 ===
1787773287 4.67 5.34 5.36 26/4513 26576 | === RUN 3 ===
1787773292 5.66 5.53 5.42 15/4541 26592 | === RUN 3 ===
1787773297 6.97 5.81 5.51 15/4490 26608 | === RUN 3 ===
1787773302 7.61 5.96 5.56 3/4478 26624 | === RUN 3 ===
1787773307 7.16 5.89 5.54 4/4490 26640 | === RUN 3 ===
1787773312 6.83 5.85 5.53 5/4520 26656 | === RUN 3 ===
1787773317 6.44 5.78 5.51 23/4601 26673 | === RUN 3 ===
1787773322 7.21 5.95 5.57 31/4602 26691 | === RUN 3 ===
1787773327 7.91 6.12 5.62 14/4603 26707 | === RUN 3 ===
1787773332 8.24 6.22 5.66 19/4627 26723 | === RUN 3 ===
1787773337 9.26 6.46 5.74 23/4587 26739 | === RUN 3 ===
1787773342 9.24 6.51 5.76 37/4617 26755 | === RUN 3 ===
1787773347 10.02 6.71 5.83 31/4630 26771 | === RUN 3 ===
1787773352 10.42 6.85 5.88 20/4586 26787 | === RUN 3 ===
1787773357 11.59 7.15 5.98 9/4547 26803 | === RUN 3 ===
1787773362 11.22 7.15 5.99 10/4591 26819 | === RUN 3 ===
1787773367 11.28 7.23 6.02 3/4561 26835 | === RUN 3 ===
1787773372 10.62 7.16 6.00 3/4596 26851 | === RUN 3 ===
1787773377 10.01 7.09 5.99 1/4597 26867 | === RUN 3 ===
1787773382 9.21 6.97 5.96 3/4565 26883 | === RUN 3 ===
1787773387 8.79 6.92 5.95 4/4580 26899 | === RUN 3 ===
1787773392 8.25 6.84 5.92 3/4605 26915 | === RUN 3 ===
1787773397 7.75 6.76 5.90 2/4612 26931 | === RUN 3 ===
1787773402 7.20 6.66 5.88 2/4852 26947 | === RUN 3 ===
1787773407 6.71 6.57 5.85 3/4816 26963 | === RUN 3 ===
1787773412 6.25 6.48 5.82 2/4864 26979 | === RUN 3 ===
1787773417 5.83 6.39 5.80 2/4910 26995 | === RUN 3 ===
1787773422 5.36 6.28 5.77 23/4135 27068 | === RUN 4 ===
1787773427 6.93 6.59 5.87 4/4204 27084 | === RUN 4 ===
1787773432 6.62 6.53 5.85 2/4189 27100 | === RUN 4 ===
1787773437 6.25 6.45 5.83 2/4219 27116 | === RUN 4 ===
1787773442 6.07 6.41 5.82 4/4241 27132 | === RUN 4 ===
1787773447 5.66 6.32 5.80 2/4227 27148 | === RUN 4 ===
1787773452 5.21 6.22 5.76 3/4256 27164 | === RUN 4 ===
1787773457 4.87 6.13 5.74 1/4243 27180 | === RUN 4 ===
1787773462 4.56 6.05 5.71 2/4234 27196 | === RUN 4 ===
1787773467 4.28 5.96 5.69 4/4272 27212 | === RUN 4 ===
1787773472 4.17 5.91 5.67 2/4242 27228 | === RUN 4 ===
1787773477 3.92 5.83 5.65 1/4275 27244 | === RUN 4 ===
1787773482 3.77 5.77 5.63 2/4274 27260 | === RUN 4 ===
1787773487 3.70 5.72 5.61 3/4274 27276 | === RUN 4 ===
1787773492 3.65 5.67 5.60 4/4322 27292 | === RUN 4 ===
1787773497 3.51 5.61 5.58 2/4304 27308 | === RUN 4 ===
1787773502 3.23 5.52 5.55 3/4321 27324 | === RUN 4 ===
1787773507 3.13 5.46 5.53 3/4348 27340 | === RUN 4 ===
1787773512 3.20 5.44 5.52 3/4325 27356 | === RUN 4 ===
1787773517 3.19 5.40 5.51 2/4324 27372 | === RUN 4 ===
1787773522 2.93 5.31 5.48 15/4333 27388 | === RUN 4 ===
1787773527 2.94 5.27 5.46 4/4336 27404 | === RUN 4 ===
1787773532 2.78 5.20 5.44 4/4319 27420 | === RUN 4 ===
1787773537 2.64 5.13 5.42 2/4350 27436 | === RUN 4 ===
1787773542 2.59 5.08 5.40 5/4358 27452 | === RUN 4 ===
1787773547 2.54 5.02 5.38 4/4340 27468 | === RUN 4 ===
1787773552 2.66 5.01 5.37 3/4337 27484 | === RUN 4 ===
1787773557 3.01 5.04 5.38 2/4362 27500 | === RUN 4 ===
1787773562 2.93 4.99 5.36 6/4405 27516 | === RUN 4 ===
1787773567 2.85 4.91 5.33 1/4364 27532 | === RUN 4 ===
1787773572 2.70 4.84 5.31 2/4373 27548 | === RUN 4 ===
1787773577 2.49 4.76 5.28 1/4362 27565 | === RUN 4 ===
1787773582 2.53 4.73 5.27 4/4364 27581 | === RUN 4 ===
1787773587 2.40 4.67 5.24 2/4426 27597 | === RUN 4 ===
1787773592 2.29 4.61 5.22 2/4392 27613 | === RUN 4 ===
1787773597 2.11 4.53 5.19 1/4391 27629 | === RUN 4 ===
1787773602 2.02 4.47 5.17 2/4412 27645 | === RUN 4 ===
1787773607 1.94 4.41 5.15 2/4405 27661 | === RUN 4 ===
1787773612 2.02 4.39 5.13 2/4407 27675 | === RUN 4 ===
1787773617 2.02 4.35 5.12 2/4432 27691 | === RUN 4 ===
1787773622 2.26 4.36 5.12 3/4465 27707 | === RUN 4 ===
1787773627 2.32 4.34 5.10 5/4467 27723 | === RUN 4 ===
1787773632 2.37 4.32 5.09 3/4451 27739 | === RUN 4 ===
1787773637 2.26 4.26 5.07 1/4450 27755 | === RUN 4 ===
1787773642 2.16 4.21 5.05 9/4469 27771 | === RUN 4 ===
1787773647 2.07 4.15 5.03 3/4492 27787 | === RUN 4 ===
1787773652 2.06 4.12 5.01 7/4488 27803 | === RUN 4 ===
1787773657 2.46 4.17 5.02 5/4513 27819 | === RUN 4 ===
1787773662 2.50 4.15 5.01 7/4509 27835 | === RUN 4 ===
1787773667 2.30 4.08 4.98 4/4499 27851 | === RUN 4 ===
1787773672 2.28 4.04 4.97 3/4501 27867 | === RUN 4 ===
1787773677 2.33 4.02 4.95 1/4499 27883 | === RUN 4 ===
1787773682 2.23 3.97 4.93 3/4509 27899 | === RUN 4 ===
1787773687 2.13 3.92 4.91 2/4513 27915 | === RUN 4 ===
1787773692 2.04 3.88 4.89 1/4547 27931 | === RUN 4 ===
1787773697 1.87 3.81 4.86 1/4558 27947 | === RUN 4 ===
1787773702 1.88 3.78 4.85 2/4540 27963 | === RUN 4 ===
1787773707 1.73 3.72 4.82 2/4559 27979 | === RUN 4 ===
1787773712 1.67 3.67 4.80 1/4565 27995 | === RUN 4 ===
1787773717 1.70 3.64 4.79 3/4617 28011 | === RUN 4 ===
1787773722 1.64 3.60 4.77 3/4606 28027 | === RUN 4 ===
1787773727 1.51 3.54 4.74 1/4597 28043 | === RUN 4 ===
1787773732 1.55 3.52 4.72 3/4560 28059 | === RUN 4 ===
1787773737 1.59 3.49 4.71 5/4600 28075 | === RUN 4 ===
1787773742 1.62 3.46 4.70 2/4625 28091 | === RUN 4 ===
1787773747 1.73 3.46 4.69 1/4691 28107 | === RUN 4 ===
1787773752 1.83 3.45 4.68 3/4724 28123 | === RUN 4 ===
1787773757 1.69 3.39 4.65 3/4851 28139 | === RUN 4 ===
1787773762 1.63 3.35 4.63 2/4871 28155 | === RUN 4 ===
1787773767 1.58 3.31 4.61 3/4935 28171 | === RUN 4 ===
1787773772 1.61 3.29 4.60 13/4213 28245 | === RUN 5 ===
1787773777 1.56 3.25 4.58 2/4126 28261 | === RUN 5 ===
1787773782 1.52 3.21 4.56 5/4186 28277 | === RUN 5 ===
1787773787 1.48 3.18 4.54 2/4216 28293 | === RUN 5 ===
1787773792 1.76 3.21 4.54 1/4184 28309 | === RUN 5 ===
1787773797 1.70 3.17 4.52 2/4220 28325 | === RUN 5 ===
1787773802 1.64 3.13 4.50 5/4236 28341 | === RUN 5 ===
1787773807 1.51 3.08 4.48 2/4228 28357 | === RUN 5 ===
1787773812 1.47 3.05 4.46 2/4239 28373 | === RUN 5 ===
1787773817 1.59 3.05 4.45 6/4274 28389 | === RUN 5 ===
1787773822 1.54 3.01 4.43 3/4234 28405 | === RUN 5 ===
1787773827 1.50 2.98 4.41 3/4239 28421 | === RUN 5 ===
1787773832 1.54 2.96 4.40 2/4241 28437 | === RUN 5 ===
1787773837 1.50 2.93 4.38 1/4273 28453 | === RUN 5 ===
1787773842 1.62 2.93 4.38 3/4273 28469 | === RUN 5 ===
1787773847 1.81 2.95 4.37 3/4315 28485 | === RUN 5 ===
1787773852 1.90 2.95 4.37 3/4290 28501 | === RUN 5 ===
1787773857 2.07 2.97 4.36 2/4309 28517 | === RUN 5 ===
1787773862 2.07 2.95 4.35 3/4343 28533 | === RUN 5 ===
1787773867 2.30 2.99 4.35 1/4311 28549 | === RUN 5 ===
1787773873 2.68 3.05 4.37 4/4307 28565 | === RUN 5 ===
1787773878 2.94 3.10 4.38 4/4312 28581 | === RUN 5 ===
1787773883 2.95 3.10 4.37 4/4338 28597 | === RUN 5 ===
1787773888 3.11 3.13 4.37 2/4316 28613 | === RUN 5 ===
1787773893 3.02 3.11 4.36 2/4364 28629 | === RUN 5 ===
1787773898 2.94 3.09 4.35 4/4354 28645 | === RUN 5 ===
1787773903 2.95 3.09 4.34 2/4352 28661 | === RUN 5 ===
1787773908 2.79 3.06 4.32 6/4404 28677 | === RUN 5 ===
1787773913 2.89 3.07 4.32 4/4370 28693 | === RUN 5 ===
1787773918 2.90 3.07 4.31 3/4349 28709 | === RUN 5 ===
1787773923 3.23 3.14 4.33 2/4388 28726 | === RUN 5 ===
1787773928 2.97 3.08 4.30 1/4360 28742 | === RUN 5 ===
1787773933 2.89 3.07 4.29 3/4360 28758 | === RUN 5 ===
1787773938 2.90 3.07 4.28 3/4399 28774 | === RUN 5 ===
1787773943 2.75 3.03 4.27 2/4373 28790 | === RUN 5 ===
1787773948 2.61 3.00 4.25 4/4387 28806 | === RUN 5 ===
1787773953 2.48 2.96 4.23 4/4422 28822 | === RUN 5 ===
1787773958 2.28 2.91 4.21 3/4406 28838 | === RUN 5 ===
1787773963 2.26 2.90 4.20 3/4438 28854 | === RUN 5 ===
1787773968 2.16 2.87 4.18 1/4421 28870 | === RUN 5 ===
1787773973 2.14 2.85 4.17 4/4435 28886 | === RUN 5 ===
1787773978 2.21 2.85 4.16 4/4452 28902 | === RUN 5 ===
1787773983 2.27 2.86 4.15 7/4438 28918 | === RUN 5 ===
1787773988 2.41 2.88 4.15 2/4430 28934 | === RUN 5 ===
1787773993 2.54 2.90 4.15 3/4472 28950 | === RUN 5 ===
1787773998 2.34 2.85 4.13 4/4443 28966 | === RUN 5 ===
1787774003 2.31 2.83 4.12 4/4427 28982 | === RUN 5 ===
1787774008 2.12 2.79 4.09 23/4453 28998 | === RUN 5 ===
1787774013 1.95 2.74 4.07 3/4460 29014 | === RUN 5 ===
1787774018 2.04 2.74 4.07 1/4486 29030 | === RUN 5 ===
1787774023 2.03 2.73 4.06 2/4490 29046 | === RUN 5 ===
1787774028 1.95 2.70 4.04 2/4526 29062 | === RUN 5 ===
1787774033 2.12 2.72 4.04 2/4502 29078 | === RUN 5 ===
1787774038 2.19 2.73 4.03 1/4514 29094 | === RUN 5 ===
1787774043 2.33 2.75 4.03 3/4541 29110 | === RUN 5 ===
1787774048 2.31 2.74 4.02 1/4540 29126 | === RUN 5 ===
1787774053 2.28 2.72 4.01 1/4546 29142 | === RUN 5 ===
1787774058 2.10 2.68 3.99 2/4571 29158 | === RUN 5 ===
1787774063 2.25 2.70 3.99 3/4589 29174 | === RUN 5 ===
1787774068 2.47 2.74 3.99 5/4599 29190 | === RUN 5 ===
1787774073 2.43 2.73 3.98 1/4597 29206 | === RUN 5 ===
1787774078 2.32 2.70 3.97 1/4578 29222 | === RUN 5 ===
1787774083 2.29 2.69 3.96 2/4599 29238 | === RUN 5 ===
1787774088 2.19 2.66 3.94 2/4625 29254 | === RUN 5 ===
1787774093 2.17 2.65 3.93 2/4684 29270 | === RUN 5 ===
1787774098 2.16 2.64 3.92 1/4720 29286 | === RUN 5 ===
1787774103 2.15 2.63 3.91 2/4854 29302 | === RUN 5 ===
1787774108 2.13 2.61 3.90 1/4884 29318 | === RUN 5 ===
1787774113 2.12 2.60 3.89 1/4922 29334 | === RUN 5 ===
1787774118 3.15 2.81 3.95 14/4256 29408 | === RUN 6 ===
1787774123 3.22 2.83 3.95 2/4136 29424 | === RUN 6 ===
1787774128 3.04 2.80 3.93 1/4172 29440 | === RUN 6 ===
1787774133 2.80 2.75 3.91 2/4177 29456 | === RUN 6 ===
1787774138 2.66 2.72 3.89 2/4220 29472 | === RUN 6 ===
1787774143 2.52 2.69 3.88 2/4202 29488 | === RUN 6 ===
1787774148 2.32 2.65 3.86 1/4250 29504 | === RUN 6 ===
1787774153 2.54 2.69 3.86 3/4212 29520 | === RUN 6 ===
1787774158 2.33 2.64 3.84 2/4260 29536 | === RUN 6 ===
1787774163 2.31 2.63 3.83 4/4264 29552 | === RUN 6 ===
1787774168 2.12 2.59 3.81 3/4241 29568 | === RUN 6 ===
1787774173 2.19 2.60 3.81 3/4243 29584 | === RUN 6 ===
1787774178 2.02 2.55 3.79 4/4280 29600 | === RUN 6 ===
1787774183 2.01 2.54 3.78 4/4241 29616 | === RUN 6 ===
1787774188 2.09 2.55 3.77 1/4265 29632 | === RUN 6 ===
1787774193 2.00 2.53 3.76 3/4317 29648 | === RUN 6 ===
1787774198 2.00 2.52 3.75 1/4300 29664 | === RUN 6 ===
1787774203 2.08 2.52 3.74 21/4322 29680 | === RUN 6 ===
1787774208 2.00 2.50 3.73 2/4341 29696 | === RUN 6 ===
1787774213 1.92 2.47 3.71 1/4309 29712 | === RUN 6 ===
1787774218 2.00 2.48 3.71 2/4336 29728 | === RUN 6 ===
1787774223 1.92 2.46 3.69 3/4312 29744 | === RUN 6 ===
1787774228 1.85 2.43 3.68 2/4334 29760 | === RUN 6 ===
1787774233 1.94 2.44 3.68 2/4304 29776 | === RUN 6 ===
1787774238 1.95 2.44 3.67 1/4304 29792 | === RUN 6 ===
1787774243 1.87 2.41 3.65 3/4327 29808 | === RUN 6 ===
1787774248 1.96 2.42 3.65 1/4340 29824 | === RUN 6 ===
1787774253 1.80 2.38 3.63 2/4393 29840 | === RUN 6 ===
1787774258 1.74 2.36 3.61 2/4372 29856 | === RUN 6 ===
1787774263 1.68 2.34 3.60 3/4371 29872 | === RUN 6 ===
1787774268 1.55 2.30 3.58 1/4374 29889 | === RUN 6 ===
1787774273 1.50 2.27 3.57 3/4392 29905 | === RUN 6 ===
1787774278 1.46 2.25 3.55 1/4387 29921 | === RUN 6 ===
1787774283 1.58 2.27 3.55 2/4392 29937 | === RUN 6 ===
1787774288 1.46 2.23 3.53 2/4384 29953 | === RUN 6 ===
1787774293 1.34 2.19 3.51 1/4378 29969 | === RUN 6 ===
1787774298 1.31 2.17 3.50 1/4366 29985 | === RUN 6 ===
1787774303 1.29 2.15 3.48 2/4379 30001 | === RUN 6 ===
1787774308 1.34 2.15 3.47 2/4428 30017 | === RUN 6 ===
1787774313 1.48 2.16 3.47 2/4414 30033 | === RUN 6 ===
1787774318 1.44 2.14 3.46 1/4429 30049 | === RUN 6 ===
1787774323 1.56 2.16 3.45 2/4437 30065 | === RUN 6 ===
1787774328 1.52 2.14 3.44 2/4442 30081 | === RUN 6 ===
1787774333 1.48 2.12 3.43 2/4452 30097 | === RUN 6 ===
1787774338 2.16 2.25 3.46 4/4463 30113 | === RUN 6 ===
1787774343 2.15 2.25 3.45 10/4514 30129 | === RUN 6 ===
1787774348 2.45 2.31 3.47 5/4509 30145 | === RUN 6 ===
1787774353 2.34 2.29 3.45 3/4449 30161 | === RUN 6 ===
1787774358 2.23 2.26 3.44 3/4490 30177 | === RUN 6 ===
1787774363 2.21 2.26 3.43 5/4496 30193 | === RUN 6 ===
1787774368 2.20 2.26 3.43 2/4489 30209 | === RUN 6 ===
1787774373 2.10 2.23 3.41 3/4518 30225 | === RUN 6 ===
1787774378 2.01 2.21 3.40 3/4532 30241 | === RUN 6 ===
1787774383 2.17 2.24 3.40 3/4521 30257 | === RUN 6 ===
1787774388 2.32 2.27 3.41 6/4536 30274 | === RUN 6 ===
1787774393 2.29 2.27 3.40 3/4532 30290 | === RUN 6 ===
1787774398 3.63 2.55 3.48 4/4551 30306 | === RUN 6 ===
1787774403 3.66 2.57 3.49 5/4622 30322 | === RUN 6 ===
1787774408 3.37 2.53 3.47 5/4594 30338 | === RUN 6 ===
1787774413 3.42 2.55 3.47 3/4624 30354 | === RUN 6 ===
1787774418 3.30 2.54 3.46 3/4605 30370 | === RUN 6 ===
1787774423 3.28 2.55 3.46 3/4565 30386 | === RUN 6 ===
1787774428 3.10 2.52 3.44 3/4581 30402 | === RUN 6 ===
1787774433 3.25 2.57 3.45 3/4623 30418 | === RUN 6 ===
1787774438 3.07 2.54 3.44 2/4635 30434 | === RUN 6 ===
1787774443 2.98 2.53 3.43 4/4731 30450 | === RUN 6 ===
1787774448 2.74 2.49 3.41 3/4833 30466 | === RUN 6 ===
1787774453 2.52 2.45 3.39 2/4876 30482 | === RUN 6 ===
1787774458 2.32 2.41 3.38 3/4932 30498 | === RUN 6 ===
1787774463 2.30 2.40 3.37 28/4129 30534 | === RUN 7 ===
1787774468 2.11 2.36 3.35 4/4207 30585 | === RUN 7 ===
1787774473 2.02 2.34 3.34 1/4194 30601 | === RUN 7 ===
1787774478 2.18 2.36 3.34 3/4192 30617 | === RUN 7 ===
1787774483 2.25 2.37 3.34 3/4196 30633 | === RUN 7 ===
1787774488 2.47 2.42 3.35 4/4230 30649 | === RUN 7 ===
1787774493 2.27 2.38 3.33 1/4245 30665 | === RUN 7 ===
1787774498 2.09 2.34 3.31 3/4259 30681 | === RUN 7 ===
1787774503 2.08 2.33 3.31 5/4266 30697 | === RUN 7 ===
1787774508 1.99 2.31 3.29 4/4253 30713 | === RUN 7 ===
1787774513 1.91 2.29 3.28 4/4277 30729 | === RUN 7 ===
1787774518 1.92 2.28 3.27 3/4257 30745 | === RUN 7 ===
1787774523 2.09 2.31 3.28 4/4314 30761 | === RUN 7 ===
1787774528 2.00 2.29 3.26 2/4278 30777 | === RUN 7 ===
1787774533 1.92 2.27 3.25 3/4309 30791 | === RUN 7 ===
1787774538 1.77 2.23 3.23 1/4290 30807 | === RUN 7 ===
1787774543 1.87 2.24 3.23 2/4291 30823 | === RUN 7 ===
1787774548 1.72 2.21 3.22 5/4316 30839 | === RUN 7 ===
1787774553 1.66 2.19 3.20 2/4356 30855 | === RUN 7 ===
1787774558 1.77 2.20 3.20 1/4318 30871 | === RUN 7 ===
1787774563 1.79 2.20 3.19 4/4338 30887 | === RUN 7 ===
1787774568 1.88 2.21 3.19 5/4372 30903 | === RUN 7 ===
1787774573 2.45 2.32 3.22 1/4322 30919 | === RUN 7 ===
1787774578 2.26 2.28 3.21 5/4364 30935 | === RUN 7 ===
1787774583 2.16 2.26 3.19 3/4378 30951 | === RUN 7 ===
1787774588 2.30 2.29 3.20 4/4408 30967 | === RUN 7 ===
1787774593 2.20 2.27 3.19 1/4377 30983 | === RUN 7 ===
1787774598 2.02 2.23 3.17 4/4363 30999 | === RUN 7 ===
1787774603 1.94 2.21 3.16 13/4385 31015 | === RUN 7 ===
1787774608 2.03 2.22 3.16 2/4372 31031 | === RUN 7 ===
1787774613 1.94 2.20 3.14 9/4414 31047 | === RUN 7 ===
1787774618 1.95 2.20 3.14 2/4392 31063 | === RUN 7 ===
1787774623 1.95 2.20 3.13 2/4386 31079 | === RUN 7 ===
1787774628 1.96 2.19 3.13 2/4397 31095 | === RUN 7 ===
1787774633 1.96 2.19 3.12 1/4392 31111 | === RUN 7 ===
1787774638 1.80 2.15 3.10 2/4397 31127 | === RUN 7 ===
1787774643 1.82 2.15 3.10 2/4407 31143 | === RUN 7 ===
1787774648 2.71 2.33 3.15 3/4439 31159 | === RUN 7 ===
1787774653 2.74 2.34 3.15 1/4424 31175 | === RUN 7 ===
1787774658 2.52 2.30 3.13 4/4474 31191 | === RUN 7 ===
1787774663 2.40 2.28 3.12 2/4442 31207 | === RUN 7 ===
1787774668 2.20 2.24 3.10 3/4446 31223 | === RUN 7 ===
1787774673 2.11 2.22 3.09 1/4455 31239 | === RUN 7 ===
1787774678 2.26 2.25 3.10 3/4468 31255 | === RUN 7 ===
1787774683 2.24 2.25 3.09 4/4461 31271 | === RUN 7 ===
1787774688 2.06 2.21 3.07 4/4461 31287 | === RUN 7 ===
1787774693 1.89 2.17 3.06 4/4464 31303 | === RUN 7 ===
1787774698 1.82 2.15 3.05 4/4493 31319 | === RUN 7 ===
1787774703 1.84 2.15 3.04 4/4497 31335 | === RUN 7 ===
1787774708 1.93 2.16 3.04 3/4507 31351 | === RUN 7 ===
1787774713 2.18 2.21 3.05 1/4519 31367 | === RUN 7 ===
1787774718 2.16 2.21 3.04 2/4513 31383 | === RUN 7 ===
1787774723 2.63 2.30 3.07 6/4558 31399 | === RUN 7 ===
1787774728 2.66 2.32 3.07 4/4528 31415 | === RUN 7 ===
1787774733 2.85 2.36 3.08 1/4548 31431 | === RUN 7 ===
1787774738 3.34 2.47 3.11 3/4556 31447 | === RUN 7 ===
1787774743 3.23 2.46 3.11 3/4545 31463 | === RUN 7 ===
1787774748 2.97 2.42 3.09 4/4601 31479 | === RUN 7 ===
1787774753 2.98 2.43 3.09 2/4562 31495 | === RUN 7 ===
1787774758 2.90 2.42 3.08 5/4604 31511 | === RUN 7 ===
1787774763 2.91 2.43 3.08 3/4601 31527 | === RUN 7 ===
1787774768 2.83 2.43 3.08 2/4598 31543 | === RUN 7 ===
1787774773 2.69 2.40 3.07 3/4554 31559 | === RUN 7 ===
1787774778 2.47 2.36 3.05 2/4604 31575 | === RUN 7 ===
1787774783 2.43 2.36 3.04 1/4612 31591 | === RUN 7 ===
1787774788 2.32 2.33 3.03 2/4678 31607 | === RUN 7 ===
1787774793 2.13 2.29 3.02 3/4714 31623 | === RUN 7 ===
1787774798 1.96 2.26 3.00 2/4852 31639 | === RUN 7 ===
1787774803 2.04 2.27 3.00 1/4870 31655 | === RUN 7 ===
1787774808 1.88 2.23 2.98 7/4941 31671 | === RUN 7 ===
1787774813 2.21 2.29 3.00 3/4211 31741 | === RUN 8 ===
1787774818 2.11 2.27 2.99 4/4131 31757 | === RUN 8 ===
1787774823 2.18 2.28 2.99 4/4206 31776 | === RUN 8 ===
1787774828 2.41 2.33 3.00 2/4174 31792 | === RUN 8 ===
1787774833 2.30 2.31 2.99 1/4167 31808 | === RUN 8 ===
1787774838 2.11 2.27 2.97 3/4179 31824 | === RUN 8 ===
1787774843 2.02 2.25 2.96 2/4214 31840 | === RUN 8 ===
1787774848 1.94 2.23 2.95 3/4204 31856 | === RUN 8 ===
1787774853 2.43 2.32 2.98 2/4218 31872 | === RUN 8 ===
1787774858 2.39 2.32 2.97 18/4248 31888 | === RUN 8 ===
1787774863 2.84 2.41 3.00 4/4270 31904 | === RUN 8 ===
1787774868 2.61 2.37 2.98 5/4257 31920 | === RUN 8 ===
1787774873 2.48 2.35 2.97 4/4289 31936 | === RUN 8 ===
1787774878 2.45 2.34 2.97 2/4246 31952 | === RUN 8 ===
1787774883 2.65 2.39 2.98 2/4302 31968 | === RUN 8 ===
1787774888 2.52 2.36 2.97 3/4272 31984 | === RUN 8 ===
1787774893 2.48 2.36 2.96 2/4269 32000 | === RUN 8 ===
1787774898 2.52 2.37 2.96 5/4303 32016 | === RUN 8 ===
1787774903 2.64 2.40 2.97 22/4307 32032 | === RUN 8 ===
1787774908 2.75 2.42 2.98 3/4291 32048 | === RUN 8 ===
1787774913 2.85 2.45 2.98 4/4326 32064 | === RUN 8 ===
1787774918 3.10 2.51 3.00 3/4341 32080 | === RUN 8 ===
1787774923 3.17 2.53 3.00 2/4321 32096 | === RUN 8 ===
1787774928 3.24 2.56 3.01 3/4302 32112 | === RUN 8 ===
1787774933 3.14 2.55 3.00 1/4316 32128 | === RUN 8 ===
1787774938 3.37 2.61 3.02 3/4319 32144 | === RUN 8 ===
1787774943 3.26 2.60 3.01 1/4332 32160 | === RUN 8 ===
1787774948 3.16 2.58 3.01 3/4363 32176 | === RUN 8 ===
1787774953 2.98 2.56 3.00 3/4347 32192 | === RUN 8 ===
1787774958 2.75 2.52 2.98 2/4358 32208 | === RUN 8 ===
1787774963 4.61 2.91 3.10 1/4353 32225 | === RUN 8 ===
1787774968 4.24 2.86 3.09 12/4346 32241 | === RUN 8 ===
1787774973 3.90 2.81 3.07 2/4368 32257 | === RUN 8 ===
1787774978 3.59 2.76 3.05 3/4427 32273 | === RUN 8 ===
1787774983 3.62 2.78 3.06 11/4397 32289 | === RUN 8 ===
1787774988 3.41 2.75 3.05 2/4397 32305 | === RUN 8 ===
1787774993 3.22 2.72 3.04 2/4418 32321 | === RUN 8 ===
1787774998 3.60 2.81 3.06 5/4397 32337 | === RUN 8 ===
1787775003 3.71 2.85 3.08 1/4418 32353 | === RUN 8 ===
1787775008 4.06 2.94 3.10 5/4417 32369 | === RUN 8 ===
1787775013 3.73 2.89 3.08 1/4423 32385 | === RUN 8 ===
1787775018 3.51 2.85 3.07 21/4444 32401 | === RUN 8 ===
1787775023 3.31 2.82 3.06 3/4448 32417 | === RUN 8 ===
1787775028 3.05 2.78 3.05 2/4437 32433 | === RUN 8 ===
1787775033 2.96 2.76 3.04 2/4434 32449 | === RUN 8 ===
1787775038 2.72 2.72 3.02 3/4491 32465 | === RUN 8 ===
1787775043 2.59 2.69 3.01 4/4484 32481 | === RUN 8 ===
1787775048 2.46 2.66 3.00 3/4481 32497 | === RUN 8 ===
1787775053 2.42 2.65 3.00 1/4456 32513 | === RUN 8 ===
1787775058 2.31 2.62 2.98 6/4520 32529 | === RUN 8 ===
1787775063 2.28 2.61 2.98 3/4494 32545 | === RUN 8 ===
1787775068 2.10 2.57 2.96 4/4539 32561 | === RUN 8 ===
1787775073 2.09 2.56 2.96 4/4527 32577 | === RUN 8 ===
1787775078 1.92 2.51 2.94 12/4524 32593 | === RUN 8 ===
1787775083 1.85 2.49 2.93 10/4556 32609 | === RUN 8 ===
1787775088 1.70 2.45 2.91 6/4544 32625 | === RUN 8 ===
1787775093 1.64 2.42 2.90 8/4599 32641 | === RUN 8 ===
1787775098 1.51 2.38 2.89 3/4610 32657 | === RUN 8 ===
1787775103 1.63 2.39 2.89 2/4566 32673 | === RUN 8 ===
1787775108 1.98 2.45 2.91 3/4586 32689 | === RUN 8 ===
1787775113 1.90 2.43 2.90 4/4611 32705 | === RUN 8 ===
1787775118 1.83 2.40 2.89 4/4550 32721 | === RUN 8 ===
1787775123 1.92 2.41 2.89 2/4568 32737 | === RUN 8 ===
1787775128 1.93 2.41 2.88 2/4585 32753 | === RUN 8 ===
1787775134 2.02 2.42 2.88 3/4610 32769 | === RUN 8 ===
1787775139 1.93 2.39 2.87 2/4709 32785 | === RUN 8 ===
1787775144 1.86 2.37 2.86 1/4728 32801 | === RUN 8 ===
1787775149 1.71 2.33 2.85 4/4846 32817 | === RUN 8 ===
1787775154 1.57 2.29 2.83 2/4883 32833 | === RUN 8 ===
1787775159 1.45 2.25 2.82 2/4954 32849 | === RUN 8 ===
1787775164 1.49 2.25 2.81 1/4228 32921 | === RUN 9 ===
1787775169 1.45 2.23 2.80 2/4186 32937 | === RUN 9 ===
1787775174 1.33 2.19 2.79 2/4174 32953 | === RUN 9 ===
1787775179 1.31 2.17 2.78 3/4195 32969 | === RUN 9 ===
1787775184 1.36 2.17 2.77 4/4219 32985 | === RUN 9 ===
1787775189 1.25 2.13 2.76 2/4195 33001 | === RUN 9 ===
1787775194 1.23 2.11 2.75 5/4201 33017 | === RUN 9 ===
1787775199 1.21 2.09 2.74 2/4226 33033 | === RUN 9 ===
1787775204 1.44 2.13 2.74 3/4233 33049 | === RUN 9 ===
1787775209 1.48 2.12 2.74 4/4242 33065 | === RUN 9 ===
1787775214 1.44 2.10 2.73 2/4228 33081 | === RUN 9 ===
1787775219 1.41 2.09 2.72 4/4237 33097 | === RUN 9 ===
1787775224 1.54 2.10 2.72 4/4276 33113 | === RUN 9 ===
1787775229 1.41 2.07 2.71 2/4305 33129 | === RUN 9 ===
1787775234 1.46 2.07 2.70 2/4295 33145 | === RUN 9 ===
1787775239 1.42 2.05 2.69 4/4298 33161 | === RUN 9 ===
1787775244 1.55 2.06 2.70 2/4296 33183 | === RUN 9 ===
1787775249 1.43 2.03 2.68 5/4317 33199 | === RUN 9 ===
1787775254 1.47 2.03 2.68 3/4303 33215 | === RUN 9 ===
1787775259 1.59 2.04 2.68 4/4304 33231 | === RUN 9 ===
1787775264 1.55 2.03 2.67 2/4334 33247 | === RUN 9 ===
1787775269 1.50 2.01 2.66 1/4317 33263 | === RUN 9 ===
1787775274 1.46 1.99 2.65 7/4374 33279 | === RUN 9 ===
1787775279 1.42 1.98 2.64 3/4391 33295 | === RUN 9 ===
1787775284 1.47 1.98 2.64 1/4377 33311 | === RUN 9 ===
1787775289 1.51 1.98 2.63 3/4414 33327 | === RUN 9 ===
1787775294 1.39 1.94 2.62 2/4387 33343 | === RUN 9 ===
1787775299 1.28 1.91 2.61 4/4367 33359 | === RUN 9 ===
1787775304 1.26 1.90 2.60 3/4391 33375 | === RUN 9 ===
1787775309 1.80 2.00 2.63 3/4363 33391 | === RUN 9 ===
1787775314 3.34 2.31 2.73 3/4396 33409 | === RUN 9 ===
1787775319 3.15 2.29 2.72 4/4418 33425 | === RUN 9 ===
1787775324 3.62 2.40 2.75 23/4378 33441 | === RUN 9 ===
1787775329 3.33 2.36 2.74 1/4372 33457 | === RUN 9 ===
1787775334 3.14 2.34 2.73 2/4401 33473 | === RUN 9 ===
1787775339 4.33 2.60 2.81 24/4387 33489 | === RUN 9 ===
1787775344 4.06 2.57 2.80 2/4404 33505 | === RUN 9 ===
1787775349 4.06 2.60 2.81 1/4400 33521 | === RUN 9 ===
1787775354 4.05 2.62 2.81 1/4410 33537 | === RUN 9 ===
1787775359 3.89 2.61 2.81 2/4420 33553 | === RUN 9 ===
1787775364 3.66 2.58 2.80 1/4434 33569 | === RUN 9 ===
1787775369 3.52 2.57 2.79 1/4429 33585 | === RUN 9 ===
1787775374 3.40 2.56 2.79 3/4443 33601 | === RUN 9 ===
1787775379 3.37 2.57 2.79 18/4482 33617 | === RUN 9 ===
1787775384 3.50 2.61 2.80 2/4481 33633 | === RUN 9 ===
1787775389 3.38 2.60 2.80 2/4431 33649 | === RUN 9 ===
1787775394 3.11 2.56 2.78 1/4450 33665 | === RUN 9 ===
1787775399 3.02 2.55 2.78 4/4492 33681 | === RUN 9 ===
1787775404 3.10 2.57 2.79 3/4440 33697 | === RUN 9 ===
1787775409 2.93 2.55 2.78 3/4485 33713 | === RUN 9 ===
1787775414 3.18 2.60 2.79 2/4494 33729 | === RUN 9 ===
1787775419 3.00 2.58 2.78 3/4527 33745 | === RUN 9 ===
1787775424 3.00 2.59 2.79 1/4508 33761 | === RUN 9 ===
1787775429 3.00 2.59 2.79 3/4539 33777 | === RUN 9 ===
1787775434 3.16 2.63 2.80 3/4531 33793 | === RUN 9 ===
1787775439 3.07 2.62 2.79 7/4570 33809 | === RUN 9 ===
1787775444 3.22 2.66 2.81 4/4548 33825 | === RUN 9 ===
1787775449 3.04 2.63 2.80 3/4565 33841 | === RUN 9 ===
1787775454 2.88 2.61 2.79 2/4583 33857 | === RUN 9 ===
1787775459 2.73 2.58 2.78 2/4571 33873 | === RUN 9 ===
1787775464 2.67 2.57 2.77 2/4571 33887 | === RUN 9 ===
1787775469 2.70 2.58 2.77 1/4592 33903 | === RUN 9 ===
1787775474 2.56 2.55 2.77 1/4572 33919 | === RUN 9 ===
1787775479 2.36 2.51 2.75 2/4585 33935 | === RUN 9 ===
1787775484 2.41 2.52 2.75 2/4627 33951 | === RUN 9 ===
1787775489 2.37 2.51 2.75 1/4661 33967 | === RUN 9 ===
1787775494 2.50 2.53 2.75 1/4719 33983 | === RUN 9 ===
1787775499 2.38 2.51 2.74 4/4841 33999 | === RUN 9 ===
1787775504 2.35 2.50 2.74 1/4874 34015 | === RUN 9 ===
1787775509 2.16 2.46 2.72 4/4910 34031 | === RUN 9 ===
1787775514 3.59 2.75 2.82 20/4256 34104 | === RUN 10 ===
1787775519 3.31 2.70 2.80 3/4167 34120 | === RUN 10 ===
1787775524 3.28 2.71 2.80 1/4178 34136 | === RUN 10 ===
1787775529 3.18 2.70 2.80 1/4212 34152 | === RUN 10 ===
1787775534 2.92 2.65 2.78 1/4231 34168 | === RUN 10 ===
1787775539 2.77 2.62 2.77 2/4210 34184 | === RUN 10 ===
1787775544 2.79 2.63 2.78 2/4248 34200 | === RUN 10 ===
1787775549 2.64 2.60 2.77 1/4208 34216 | === RUN 10 ===
1787775554 2.59 2.59 2.76 1/4210 34232 | === RUN 10 ===
1787775559 2.78 2.63 2.77 7/4242 34248 | === RUN 10 ===
1787775564 2.64 2.60 2.76 2/4262 34264 | === RUN 10 ===
1787775569 2.67 2.61 2.77 33/4254 34280 | === RUN 10 ===
1787775574 2.62 2.60 2.76 3/4249 34296 | === RUN 10 ===
1787775579 2.41 2.56 2.75 2/4267 34312 | === RUN 10 ===
1787775584 2.37 2.55 2.74 1/4264 34328 | === RUN 10 ===
1787775589 2.18 2.51 2.73 1/4296 34344 | === RUN 10 ===
1787775594 2.09 2.48 2.72 4/4306 34360 | === RUN 10 ===
1787775599 2.00 2.45 2.71 6/4338 34376 | === RUN 10 ===
1787775604 2.00 2.45 2.70 22/4358 34392 | === RUN 10 ===
1787775609 1.84 2.41 2.69 4/4336 34408 | === RUN 10 ===
1787775614 1.69 2.37 2.68 4/4303 34424 | === RUN 10 ===
1787775619 1.72 2.36 2.67 3/4311 34440 | === RUN 10 ===
1787775624 1.74 2.35 2.67 3/4339 34456 | === RUN 10 ===
1787775629 1.76 2.35 2.66 3/4317 34472 | === RUN 10 ===
1787775634 2.34 2.46 2.70 3/4336 34488 | === RUN 10 ===
1787775639 2.15 2.42 2.68 5/4342 34504 | === RUN 10 ===
1787775644 2.14 2.41 2.68 2/4326 34520 | === RUN 10 ===
1787775649 2.85 2.55 2.72 15/4361 34536 | === RUN 10 ===
1787775654 2.70 2.53 2.71 6/4371 34552 | === RUN 10 ===
1787775659 2.65 2.52 2.71 7/4429 34568 | === RUN 10 ===
1787775664 2.75 2.54 2.72 6/4419 34584 | === RUN 10 ===
1787775669 2.85 2.57 2.73 5/4409 34600 | === RUN 10 ===
1787775674 2.63 2.52 2.71 4/4402 34616 | === RUN 10 ===
1787775679 2.41 2.48 2.70 4/4435 34632 | === RUN 10 ===
1787775684 2.38 2.47 2.69 8/4450 34648 | === RUN 10 ===
1787775689 2.27 2.45 2.68 2/4388 34664 | === RUN 10 ===
1787775694 2.17 2.42 2.67 4/4423 34680 | === RUN 10 ===
1787775699 1.99 2.38 2.66 11/4457 34696 | === RUN 10 ===
1787775704 1.91 2.36 2.65 3/4403 34712 | === RUN 10 ===
1787775709 1.92 2.35 2.65 3/4476 34728 | === RUN 10 ===
1787775714 1.85 2.33 2.64 3/4449 34744 | === RUN 10 ===
1787775719 1.78 2.31 2.63 6/4431 34760 | === RUN 10 ===
1787775724 1.72 2.29 2.62 3/4470 34776 | === RUN 10 ===
1787775729 1.58 2.25 2.60 22/4466 34792 | === RUN 10 ===
1787775734 1.53 2.23 2.60 2/4443 34808 | === RUN 10 ===
1787775739 1.41 2.19 2.58 3/4469 34824 | === RUN 10 ===
1787775744 1.54 2.20 2.58 4/4469 34840 | === RUN 10 ===
1787775749 1.97 2.28 2.61 3/4459 34856 | === RUN 10 ===
1787775754 1.98 2.28 2.60 3/4513 34872 | === RUN 10 ===
1787775759 1.90 2.26 2.60 9/4481 34888 | === RUN 10 ===
1787775764 1.91 2.25 2.59 6/4480 34904 | === RUN 10 ===
1787775769 1.75 2.22 2.58 4/4509 34920 | === RUN 10 ===
1787775774 1.61 2.18 2.56 3/4510 34936 | === RUN 10 ===
1787775779 1.48 2.14 2.55 6/4519 34952 | === RUN 10 ===
1787775784 2.41 2.32 2.61 5/4555 34969 | === RUN 10 ===
1787775789 2.29 2.30 2.60 4/4544 34985 | === RUN 10 ===
1787775794 2.11 2.26 2.58 4/4539 35001 | === RUN 10 ===
1787775799 2.02 2.24 2.57 4/4564 35017 | === RUN 10 ===
1787775804 2.18 2.27 2.58 3/4567 35033 | === RUN 10 ===
1787775809 2.08 2.25 2.57 2/4548 35049 | === RUN 10 ===
1787775814 2.08 2.25 2.57 1/4587 35065 | === RUN 10 ===
1787775819 2.31 2.29 2.58 2/4583 35081 | === RUN 10 ===
1787775824 2.29 2.29 2.58 3/4537 35097 | === RUN 10 ===
1787775829 2.18 2.26 2.57 1/4594 35113 | === RUN 10 ===
1787775834 2.09 2.24 2.56 1/4619 35129 | === RUN 10 ===
1787775839 2.00 2.22 2.55 3/4684 35145 | === RUN 10 ===
1787775844 2.00 2.22 2.55 4/4742 35161 | === RUN 10 ===
1787775849 1.84 2.18 2.54 2/4854 35177 | === RUN 10 ===
1787775854 1.69 2.14 2.52 3/4859 35193 | === RUN 10 ===
1787775859 1.56 2.11 2.51 3/4941 35209 | === RUN 10 ===
1787775864 1.59 2.11 2.51 3/4071 35239 | === RUN 10: PASS (exit 0) ===
1787775869 1.46 2.07 2.49 1/4053 35255 | === RUN 10: PASS (exit 0) ===
1787775874 1.43 2.05 2.48 3/4067 35271 | === RUN 10: PASS (exit 0) ===
1787775879 1.39 2.04 2.47 2/4067 35287 | === RUN 10: PASS (exit 0) ===
1787775884 1.44 2.04 2.47 2/4047 35303 | === RUN 10: PASS (exit 0) ===
1787775889 1.49 2.03 2.47 4/4078 35319 | === RUN 10: PASS (exit 0) ===
1787775894 1.37 2.00 2.46 3/4075 35335 | === RUN 10: PASS (exit 0) ===
1787775899 1.50 2.02 2.46 2/4075 35351 | === RUN 10: PASS (exit 0) ===
1787775904 1.46 2.00 2.45 2/4109 35367 | === RUN 10: PASS (exit 0) ===
1787775909 1.42 1.98 2.44 2/4100 35383 | === RUN 10: PASS (exit 0) ===
1787775914 1.39 1.97 2.43 2/4068 35399 | === RUN 10: PASS (exit 0) ===
1787775919 1.36 1.95 2.43 4/4085 35415 | === RUN 10: PASS (exit 0) ===
1787775924 1.33 1.93 2.42 3/4076 35434 | === RUN 10: PASS (exit 0) ===
