=== task 038 commit A push ===
date: 2026-08-27T03:04:48Z
$ git push origin main
To https://github.com/n-orlov/deck.git
   84b26a9..47d4164  main -> main
(exit 0)

$ git log origin/main..HEAD --oneline
(entries: 0)

$ git status --short
?? docs/reports/phase3f-038-closeout/push.log
(entries: 1)

$ git rev-parse HEAD origin/main
47d41644df781a24fa768349546922ee2f796d9a
47d41644df781a24fa768349546922ee2f796d9a

$ git reflog show refs/remotes/origin/main --date=iso | head -2
47d4164 refs/remotes/origin/main@{2026-08-27 03:04:50 +0000}: update by push
84b26a9 refs/remotes/origin/main@{2026-08-27 02:58:45 +0000}: update by push
$ total origin/main reflog entries: 449
$ forced-update count: 0

$ git log --format=%H bce80ea..HEAD -- SPEC.md prds/ ci/Dockerfile ci/SPIKE.md   (re-audit after commit A)
60c2c56af9b7456df81c7408e7ca812a9434701a
c80a14cd13110d884bc7a79cb1c8de0619f58610
