=== RUN   TestFeatures
[1;37mFeature:[0m Interactive mode's own bounded scrollback (Part II, requirement 51)
  The grid keeps its own bounded scrollback, and the wheel and
  Shift+PgUp/PgDn scroll it (docs/reports/phase3b.md's II-51 section,
  internal/interactive.ScrollbackMaxLines). This proves the scrolling
  itself against a real tmux pane, real deck client and real terminal
  input, not merely the internal RenderRows/offset arithmetic
  internal/interactive's own unit tests already cover: content genuinely
  scrolled off the live screen becomes visible again once scrolled back
  to, by both input methods, and disappears again once scrolled back down
  to the live view.
=== RUN   TestFeatures/Shift+PgUp/PgDn_scroll_the_interactive_grid's_own_scrollback

  [1;37mScenario:[0m Shift+PgUp/PgDn scroll the interactive grid's own scrollback                                           [1;30m# interactive_scroll.feature:14[0m
    [32mGiven[0m [32mdeck client "A" is started[0m                                                                               [1;30m# assertions_test.go:27 -> github.com/n-orlov/deck/features.startNamedClient[0m
    [32mWhen[0m [32mdeck client "A" creates shell session "scroll-target"[0m                                                     [1;30m# assertions_test.go:52 -> github.com/n-orlov/deck/features.clientCreatesShellSession[0m
    [32mThen[0m [32mdeck client "A" screen contains "scroll-target"[0m                                                           [1;30m# assertions_test.go:29 -> github.com/n-orlov/deck/features.clientScreenContains[0m
    [32mAnd[0m [32mdeck client "A" selects session "scroll-target"[0m                                                            [1;30m# attention_sort_test.go:24 -> github.com/n-orlov/deck/features.clientSelectsSessionByName[0m
    [32mWhen[0m [32mdeck client "A" enters interactive mode[0m                                                                   [1;30m# interactive_focus_test.go:18 -> github.com/n-orlov/deck/features.clientEntersInteractiveMode[0m
    [32mAnd[0m [32mdeck client "A" types a 60-line numbered loop labelled "INTERACTIVE_SCROLL_LINE" into the interactive pane[0m [1;30m# interactive_scroll_test.go:17 -> github.com/n-orlov/deck/features.clientTypesNumberedLoopIntoInteractivePane[0m
    [32mThen[0m [32mdeck client "A" screen contains "INTERACTIVE_SCROLL_LINE_60"[0m                                              [1;30m# assertions_test.go:29 -> github.com/n-orlov/deck/features.clientScreenContains[0m
    [32mAnd[0m [32mdeck client "A" screen does not contain "INTERACTIVE_SCROLL_LINE_1 "[0m                                       [1;30m# agent_steps_test.go:34 -> github.com/n-orlov/deck/features.clientScreenDoesNotContain[0m
    [32mWhen[0m [32mdeck client "A" sends shift+pgup 3 times[0m                                                                  [1;30m# interactive_scroll_test.go:19 -> github.com/n-orlov/deck/features.clientSendsShiftPgUpNTimes[0m
    [32mThen[0m [32mdeck client "A" screen contains "INTERACTIVE_SCROLL_LINE_1 "[0m                                              [1;30m# assertions_test.go:29 -> github.com/n-orlov/deck/features.clientScreenContains[0m
    [32mWhen[0m [32mdeck client "A" sends shift+pgdown 3 times[0m                                                                [1;30m# interactive_scroll_test.go:20 -> github.com/n-orlov/deck/features.clientSendsShiftPgDownNTimes[0m
    [32mThen[0m [32mdeck client "A" screen does not contain "INTERACTIVE_SCROLL_LINE_1 "[0m                                      [1;30m# agent_steps_test.go:34 -> github.com/n-orlov/deck/features.clientScreenDoesNotContain[0m
    [32mAnd[0m [32mdeck client "A" screen contains "INTERACTIVE_SCROLL_LINE_60"[0m                                               [1;30m# assertions_test.go:29 -> github.com/n-orlov/deck/features.clientScreenContains[0m
    [32mWhen[0m [32mdeck client "A" leaves interactive mode[0m                                                                   [1;30m# interactive_focus_test.go:19 -> github.com/n-orlov/deck/features.clientLeavesInteractiveMode[0m
    [32mThen[0m [32mdeck client "A" screen contains "deck - sessions"[0m                                                         [1;30m# assertions_test.go:29 -> github.com/n-orlov/deck/features.clientScreenContains[0m
    [32mAnd[0m [32mdeck client "A" exits cleanly[0m                                                                              [1;30m# assertions_test.go:66 -> github.com/n-orlov/deck/features.clientExitsCleanly[0m
=== RUN   TestFeatures/the_mouse_wheel_over_the_preview_panel_scrolls_the_interactive_grid's_own_scrollback

  [1;37mScenario:[0m the mouse wheel over the preview panel scrolls the interactive grid's own scrollback                     [1;30m# interactive_scroll.feature:33[0m
    [32mGiven[0m [32mdeck client "A" is started[0m                                                                                 [1;30m# assertions_test.go:27 -> github.com/n-orlov/deck/features.startNamedClient[0m
    [32mWhen[0m [32mdeck client "A" creates shell session "wheel-scroll-target"[0m                                                 [1;30m# assertions_test.go:52 -> github.com/n-orlov/deck/features.clientCreatesShellSession[0m
    [32mThen[0m [32mdeck client "A" screen contains "wheel-scroll-target"[0m                                                       [1;30m# assertions_test.go:29 -> github.com/n-orlov/deck/features.clientScreenContains[0m
    [32mAnd[0m [32mdeck client "A" selects session "wheel-scroll-target"[0m                                                        [1;30m# attention_sort_test.go:24 -> github.com/n-orlov/deck/features.clientSelectsSessionByName[0m
    [32mWhen[0m [32mdeck client "A" enters interactive mode[0m                                                                     [1;30m# interactive_focus_test.go:18 -> github.com/n-orlov/deck/features.clientEntersInteractiveMode[0m
    [32mAnd[0m [32mdeck client "A" types a 60-line numbered loop labelled "WHEEL_SCROLL_LINE" into the interactive pane[0m         [1;30m# interactive_scroll_test.go:17 -> github.com/n-orlov/deck/features.clientTypesNumberedLoopIntoInteractivePane[0m
    [32mThen[0m [32mdeck client "A" screen contains "WHEEL_SCROLL_LINE_60"[0m                                                      [1;30m# assertions_test.go:29 -> github.com/n-orlov/deck/features.clientScreenContains[0m
    [32mAnd[0m [32mdeck client "A" screen does not contain "WHEEL_SCROLL_LINE_1 "[0m                                               [1;30m# agent_steps_test.go:34 -> github.com/n-orlov/deck/features.clientScreenDoesNotContain[0m
    [32mWhen[0m [32mdeck client "A" scrolls the interactive wheel up 20 times over the line containing "WHEEL_SCROLL_LINE_60"[0m   [1;30m# interactive_scroll_test.go:21 -> github.com/n-orlov/deck/features.clientScrollsInteractiveWheelUpOverLineContaining[0m
    [32mThen[0m [32mdeck client "A" screen contains "WHEEL_SCROLL_LINE_1 "[0m                                                      [1;30m# assertions_test.go:29 -> github.com/n-orlov/deck/features.clientScreenContains[0m
    [32mWhen[0m [32mdeck client "A" scrolls the interactive wheel down 20 times over the line containing "WHEEL_SCROLL_LINE_1 "[0m [1;30m# interactive_scroll_test.go:22 -> github.com/n-orlov/deck/features.clientScrollsInteractiveWheelDownOverLineContaining[0m
    [32mThen[0m [32mdeck client "A" screen does not contain "WHEEL_SCROLL_LINE_1 "[0m                                              [1;30m# agent_steps_test.go:34 -> github.com/n-orlov/deck/features.clientScreenDoesNotContain[0m
    [32mWhen[0m [32mdeck client "A" leaves interactive mode[0m                                                                     [1;30m# interactive_focus_test.go:19 -> github.com/n-orlov/deck/features.clientLeavesInteractiveMode[0m
    [32mThen[0m [32mdeck client "A" screen contains "deck - sessions"[0m                                                           [1;30m# assertions_test.go:29 -> github.com/n-orlov/deck/features.clientScreenContains[0m
    [32mAnd[0m [32mdeck client "A" exits cleanly[0m                                                                                [1;30m# assertions_test.go:66 -> github.com/n-orlov/deck/features.clientExitsCleanly[0m
=== RUN   TestFeatures/typing_while_scrolled_back_snaps_the_view_back_to_the_live_bottom

  [1;37mScenario:[0m typing while scrolled back snaps the view back to the live bottom                               [1;30m# interactive_scroll.feature:51[0m
    [32mGiven[0m [32mdeck client "A" is started[0m                                                                        [1;30m# assertions_test.go:27 -> github.com/n-orlov/deck/features.startNamedClient[0m
    [32mWhen[0m [32mdeck client "A" creates shell session "scroll-snap-target"[0m                                         [1;30m# assertions_test.go:52 -> github.com/n-orlov/deck/features.clientCreatesShellSession[0m
    [32mThen[0m [32mdeck client "A" screen contains "scroll-snap-target"[0m                                               [1;30m# assertions_test.go:29 -> github.com/n-orlov/deck/features.clientScreenContains[0m
    [32mAnd[0m [32mdeck client "A" selects session "scroll-snap-target"[0m                                                [1;30m# attention_sort_test.go:24 -> github.com/n-orlov/deck/features.clientSelectsSessionByName[0m
    [32mWhen[0m [32mdeck client "A" enters interactive mode[0m                                                            [1;30m# interactive_focus_test.go:18 -> github.com/n-orlov/deck/features.clientEntersInteractiveMode[0m
    [32mAnd[0m [32mdeck client "A" types a 60-line numbered loop labelled "SNAP_SCROLL_LINE" into the interactive pane[0m [1;30m# interactive_scroll_test.go:17 -> github.com/n-orlov/deck/features.clientTypesNumberedLoopIntoInteractivePane[0m
    [32mThen[0m [32mdeck client "A" screen contains "SNAP_SCROLL_LINE_60"[0m                                              [1;30m# assertions_test.go:29 -> github.com/n-orlov/deck/features.clientScreenContains[0m
    [32mWhen[0m [32mdeck client "A" sends shift+pgup 3 times[0m                                                           [1;30m# interactive_scroll_test.go:19 -> github.com/n-orlov/deck/features.clientSendsShiftPgUpNTimes[0m
    [32mThen[0m [32mdeck client "A" screen contains "SNAP_SCROLL_LINE_1 "[0m                                              [1;30m# assertions_test.go:29 -> github.com/n-orlov/deck/features.clientScreenContains[0m
    [32mWhen[0m [32mdeck client "A" types "echo AFTER_SNAP" and Enter into the interactive pane[0m                        [1;30m# interactive_scroll_test.go:18 -> github.com/n-orlov/deck/features.clientTypesTextAndEnterIntoInteractivePane[0m
    [32mThen[0m [32mdeck client "A" screen contains "AFTER_SNAP"[0m                                                       [1;30m# assertions_test.go:29 -> github.com/n-orlov/deck/features.clientScreenContains[0m
    [32mAnd[0m [32mdeck client "A" screen does not contain "SNAP_SCROLL_LINE_1 "[0m                                       [1;30m# agent_steps_test.go:34 -> github.com/n-orlov/deck/features.clientScreenDoesNotContain[0m
    [32mWhen[0m [32mdeck client "A" leaves interactive mode[0m                                                            [1;30m# interactive_focus_test.go:19 -> github.com/n-orlov/deck/features.clientLeavesInteractiveMode[0m
    [32mThen[0m [32mdeck client "A" screen contains "deck - sessions"[0m                                                  [1;30m# assertions_test.go:29 -> github.com/n-orlov/deck/features.clientScreenContains[0m
    [32mAnd[0m [32mdeck client "A" exits cleanly[0m                                                                       [1;30m# assertions_test.go:66 -> github.com/n-orlov/deck/features.clientExitsCleanly[0m

3 scenarios ([32m3 passed[0m)
46 steps ([32m46 passed[0m)
4.886345579s
--- PASS: TestFeatures (4.89s)
    --- PASS: TestFeatures/Shift+PgUp/PgDn_scroll_the_interactive_grid's_own_scrollback (1.75s)
    --- PASS: TestFeatures/the_mouse_wheel_over_the_preview_panel_scrolls_the_interactive_grid's_own_scrollback (1.50s)
    --- PASS: TestFeatures/typing_while_scrolled_back_snaps_the_view_back_to_the_live_bottom (1.62s)
PASS
ok  	github.com/n-orlov/deck/features	4.908s
