# mutation A: case "A" replaced its canArchive(...) call with an equivalent inline
#   `m.sessions[m.selected].ArchivedAt != 0` (behaviourally identical today).
$ ci/run.sh go test -count=1 -v -run 'TestArchive' ./internal/tui/
=== RUN   TestArchiveKeyOpensAConfirmAndWritesNothing
--- PASS: TestArchiveKeyOpensAConfirmAndWritesNothing (0.00s)
=== RUN   TestArchiveConfirmSubmitArchivesExactlyTheRowItNamed
--- PASS: TestArchiveConfirmSubmitArchivesExactlyTheRowItNamed (0.00s)
=== RUN   TestArchiveConfirmEscCancelsWithoutWritingAnything
--- PASS: TestArchiveConfirmEscCancelsWithoutWritingAnything (0.00s)
=== RUN   TestArchiveConfirmSuppressesTheBareLetterKeymap
--- PASS: TestArchiveConfirmSuppressesTheBareLetterKeymap (0.00s)
=== RUN   TestArchiveConfirmOnAStoppedRowPromisesNoKill
--- PASS: TestArchiveConfirmOnAStoppedRowPromisesNoKill (0.00s)
=== RUN   TestArchiveConfirmFailedSubmitStaysOpenAndSaysWhy
--- PASS: TestArchiveConfirmFailedSubmitStaysOpenAndSaysWhy (0.00s)
=== RUN   TestArchiveKeyStatesItIsUnavailableWhenUnwired
--- PASS: TestArchiveKeyStatesItIsUnavailableWhenUnwired (0.00s)
=== RUN   TestArchiveConfirmStyledBodyMatchesPlainBodyOnceStripped
--- PASS: TestArchiveConfirmStyledBodyMatchesPlainBodyOnceStripped (0.00s)
=== RUN   TestArchiveConfirmTokensMatchSpec
--- PASS: TestArchiveConfirmTokensMatchSpec (0.00s)
=== RUN   TestArchiveConfirmOnAStoppedRowHasNoWarning
--- PASS: TestArchiveConfirmOnAStoppedRowHasNoWarning (0.00s)
=== RUN   TestArchiveConfirmNoteIsError
--- PASS: TestArchiveConfirmNoteIsError (0.00s)
=== RUN   TestArchiveKeyOnAnArchivedRowRefusesAndNamesU
--- PASS: TestArchiveKeyOnAnArchivedRowRefusesAndNamesU (0.00s)
=== RUN   TestArchiveKeyHandlerCallsTheFooterPredicateByName
    archive_eligibility_test.go:161: case "A" in tui.go's list-mode key switch does not call canArchive(), the predicate footerLegend's own A entry names: the footer and the key handler must consult one definition of A's eligibility (review finding 2/R80, SPEC §11.3), never two that merely agree.
        case "A" arm (comments stripped):
        		case "A":
        			
        			
        			
        			
        			
        			
        			
        			
        			
        			
        			
        			
        			
        			if m.archiveSvc == nil || len(m.sessions) == 0 {
        				if len(m.sessions) > 0 {
        					m.attachError = "Archiving is unavailable"
        				}
        				return m, nil
        			}
        			
        			
        			
        			
        			
        			
        			
        			
        			if m.sessions[m.selected].ArchivedAt != 0 {
        				m.attachError = "Cannot archive: session is already archived; press U to unarchive"
        				return m, nil
        			}
        			m.archiveConfirming = true
        			m.archiveNote = ""
        			return m, nil
    archive_eligibility_test.go:164: case "A" in tui.go's list-mode key switch reads ArchivedAt itself: that is a second copy of canArchive()'s logic, which is exactly the parallel definition review finding 2/R80 rejects -- call canArchive() instead.
        case "A" arm (comments stripped):
        		case "A":
        			
        			
        			
        			
        			
        			
        			
        			
        			
        			
        			
        			
        			
        			if m.archiveSvc == nil || len(m.sessions) == 0 {
        				if len(m.sessions) > 0 {
        					m.attachError = "Archiving is unavailable"
        				}
        				return m, nil
        			}
        			
        			
        			
        			
        			
        			
        			
        			
        			if m.sessions[m.selected].ArchivedAt != 0 {
        				m.attachError = "Cannot archive: session is already archived; press U to unarchive"
        				return m, nil
        			}
        			m.archiveConfirming = true
        			m.archiveNote = ""
        			return m, nil
--- FAIL: TestArchiveKeyHandlerCallsTheFooterPredicateByName (0.00s)
=== RUN   TestArchiveKeyEligibilityMatchesFooterPredicate
--- PASS: TestArchiveKeyEligibilityMatchesFooterPredicate (0.00s)
=== RUN   TestArchiveUndoPressingUUnarchivesTheRowAndClearsTheToast
--- PASS: TestArchiveUndoPressingUUnarchivesTheRowAndClearsTheToast (0.00s)
=== RUN   TestArchiveUndoWindowExpiresLikeItsSiblings
--- PASS: TestArchiveUndoWindowExpiresLikeItsSiblings (0.00s)
=== RUN   TestArchiveUndoIsCheckedBehindTheKillAndDeleteUndoTrios
--- PASS: TestArchiveUndoIsCheckedBehindTheKillAndDeleteUndoTrios (0.00s)
=== RUN   TestArchiveUndoWithNoUnarchiverWiredIsANoOp
--- PASS: TestArchiveUndoWithNoUnarchiverWiredIsANoOp (0.00s)
=== RUN   TestArchivePurgeAndRefusalMessagesStayWithinFrameBudgetAtEveryLayoutMode
=== RUN   TestArchivePurgeAndRefusalMessagesStayWithinFrameBudgetAtEveryLayoutMode/Cannot_archive:_session_is_already_archived/auto
=== RUN   TestArchivePurgeAndRefusalMessagesStayWithinFrameBudgetAtEveryLayoutMode/Cannot_archive:_session_is_already_archived/side-by-side
=== RUN   TestArchivePurgeAndRefusalMessagesStayWithinFrameBudgetAtEveryLayoutMode/Cannot_archive:_session_is_already_archived/stacked
=== RUN   TestArchivePurgeAndRefusalMessagesStayWithinFrameBudgetAtEveryLayoutMode/Cannot_archive:_session_is_already_archived/collapsed
=== RUN   TestArchivePurgeAndRefusalMessagesStayWithinFrameBudgetAtEveryLayoutMode/Archiving_is_unavailable/auto
=== RUN   TestArchivePurgeAndRefusalMessagesStayWithinFrameBudgetAtEveryLayoutMode/Archiving_is_unavailable/side-by-side
=== RUN   TestArchivePurgeAndRefusalMessagesStayWithinFrameBudgetAtEveryLayoutMode/Archiving_is_unavailable/stacked
=== RUN   TestArchivePurgeAndRefusalMessagesStayWithinFrameBudgetAtEveryLayoutMode/Archiving_is_unavailable/collapsed
=== RUN   TestArchivePurgeAndRefusalMessagesStayWithinFrameBudgetAtEveryLayoutMode/Deleted,_but_purge_failed:_no_such_file_or_directory/auto
=== RUN   TestArchivePurgeAndRefusalMessagesStayWithinFrameBudgetAtEveryLayoutMode/Deleted,_but_purge_failed:_no_such_file_or_directory/side-by-side
=== RUN   TestArchivePurgeAndRefusalMessagesStayWithinFrameBudgetAtEveryLayoutMode/Deleted,_but_purge_failed:_no_such_file_or_directory/stacked
=== RUN   TestArchivePurgeAndRefusalMessagesStayWithinFrameBudgetAtEveryLayoutMode/Deleted,_but_purge_failed:_no_such_file_or_directory/collapsed
=== RUN   TestArchivePurgeAndRefusalMessagesStayWithinFrameBudgetAtEveryLayoutMode/Cannot_kill:_session_is_already_stopped/auto
=== RUN   TestArchivePurgeAndRefusalMessagesStayWithinFrameBudgetAtEveryLayoutMode/Cannot_kill:_session_is_already_stopped/side-by-side
=== RUN   TestArchivePurgeAndRefusalMessagesStayWithinFrameBudgetAtEveryLayoutMode/Cannot_kill:_session_is_already_stopped/stacked
=== RUN   TestArchivePurgeAndRefusalMessagesStayWithinFrameBudgetAtEveryLayoutMode/Cannot_kill:_session_is_already_stopped/collapsed
--- PASS: TestArchivePurgeAndRefusalMessagesStayWithinFrameBudgetAtEveryLayoutMode (0.00s)
    --- PASS: TestArchivePurgeAndRefusalMessagesStayWithinFrameBudgetAtEveryLayoutMode/Cannot_archive:_session_is_already_archived/auto (0.00s)
    --- PASS: TestArchivePurgeAndRefusalMessagesStayWithinFrameBudgetAtEveryLayoutMode/Cannot_archive:_session_is_already_archived/side-by-side (0.00s)
    --- PASS: TestArchivePurgeAndRefusalMessagesStayWithinFrameBudgetAtEveryLayoutMode/Cannot_archive:_session_is_already_archived/stacked (0.00s)
    --- PASS: TestArchivePurgeAndRefusalMessagesStayWithinFrameBudgetAtEveryLayoutMode/Cannot_archive:_session_is_already_archived/collapsed (0.00s)
    --- PASS: TestArchivePurgeAndRefusalMessagesStayWithinFrameBudgetAtEveryLayoutMode/Archiving_is_unavailable/auto (0.00s)
    --- PASS: TestArchivePurgeAndRefusalMessagesStayWithinFrameBudgetAtEveryLayoutMode/Archiving_is_unavailable/side-by-side (0.00s)
    --- PASS: TestArchivePurgeAndRefusalMessagesStayWithinFrameBudgetAtEveryLayoutMode/Archiving_is_unavailable/stacked (0.00s)
    --- PASS: TestArchivePurgeAndRefusalMessagesStayWithinFrameBudgetAtEveryLayoutMode/Archiving_is_unavailable/collapsed (0.00s)
    --- PASS: TestArchivePurgeAndRefusalMessagesStayWithinFrameBudgetAtEveryLayoutMode/Deleted,_but_purge_failed:_no_such_file_or_directory/auto (0.00s)
    --- PASS: TestArchivePurgeAndRefusalMessagesStayWithinFrameBudgetAtEveryLayoutMode/Deleted,_but_purge_failed:_no_such_file_or_directory/side-by-side (0.00s)
    --- PASS: TestArchivePurgeAndRefusalMessagesStayWithinFrameBudgetAtEveryLayoutMode/Deleted,_but_purge_failed:_no_such_file_or_directory/stacked (0.00s)
    --- PASS: TestArchivePurgeAndRefusalMessagesStayWithinFrameBudgetAtEveryLayoutMode/Deleted,_but_purge_failed:_no_such_file_or_directory/collapsed (0.00s)
    --- PASS: TestArchivePurgeAndRefusalMessagesStayWithinFrameBudgetAtEveryLayoutMode/Cannot_kill:_session_is_already_stopped/auto (0.00s)
    --- PASS: TestArchivePurgeAndRefusalMessagesStayWithinFrameBudgetAtEveryLayoutMode/Cannot_kill:_session_is_already_stopped/side-by-side (0.00s)
    --- PASS: TestArchivePurgeAndRefusalMessagesStayWithinFrameBudgetAtEveryLayoutMode/Cannot_kill:_session_is_already_stopped/stacked (0.00s)
    --- PASS: TestArchivePurgeAndRefusalMessagesStayWithinFrameBudgetAtEveryLayoutMode/Cannot_kill:_session_is_already_stopped/collapsed (0.00s)
FAIL
FAIL	github.com/n-orlov/deck/internal/tui	0.008s
FAIL
