Files scanned: 25
  docs/reports/phase3e-302-r52-godog/README.md
  docs/reports/phase3e-307-r53-orders/README.md
  docs/reports/phase3e-328-closeout/README.md
  docs/reports/phase3e-334-navigation-settle/README.md
  docs/reports/phase3e-401-r54-noop-discriminator/README.md
  docs/reports/phase3e-402-r54-noop-sidebar-scoped-click/README.md
  docs/reports/phase3e-403-r54-noop-observable-settles/README.md
  docs/reports/phase3e-404-r57-seam-body-cell/README.md
  docs/reports/phase3e-405-r55-hittargetnone-noop/README.md
  docs/reports/phase3e-406-mouse-off-frame-race/README.md
  docs/reports/phase3e-406-mouse-off-frame-race/attach-scroll-regression-check/README.md
  docs/reports/phase3e-406-mouse-off-frame-race/post-fix-sweep-scoped/README.md
  docs/reports/phase3e-406-mouse-off-frame-race/post-fix-sweep-scoped/loadavg-redo/README.md
  docs/reports/phase3e-406-mouse-off-frame-race/pre-fix-repro/README.md
  docs/reports/phase3e-406-mouse-off-frame-race/pre-fix-repro/loadavg-redo/README.md
  docs/reports/phase3e-406-mouse-off-frame-race/tmuxwrap-experiment/README.md
  docs/reports/phase3e-407-whole-suite-at-75861e0/README.md
  docs/reports/phase3e-408-stability-10-at-75861e0/README.md
  docs/reports/phase3e-409-findings-4a-correction/README.md
  docs/reports/phase3e-410-closeout/README.md
  docs/reports/phase3e-411-locatetext-preview-region/README.md
  docs/reports/phase3e-findings.md
  docs/reports/phase3e-fullsuite/README.md
  docs/reports/phase3e-stability/README.md
  docs/reports/phase3e.md

Total distinct shas cited: 44
Sha resolution failures: 0

Total distinct link targets cited (excluding external): 44
Link resolution failures: 0
