=== RUN   TestReviewNoColorCaptureCannotLeakIntoFrame
=== RUN   TestReviewNoColorCaptureCannotLeakIntoFrame/side-by-side
    review_nocolor_capture_test.go:22: deck right border inherits captured background "#445566" under NO_COLOR
    review_nocolor_capture_test.go:23: deck right border inherits captured foreground "#112233" under NO_COLOR
=== RUN   TestReviewNoColorCaptureCannotLeakIntoFrame/stacked
    review_nocolor_capture_test.go:22: deck right border inherits captured background "#445566" under NO_COLOR
    review_nocolor_capture_test.go:23: deck right border inherits captured foreground "#112233" under NO_COLOR
--- FAIL: TestReviewNoColorCaptureCannotLeakIntoFrame (0.00s)
    --- FAIL: TestReviewNoColorCaptureCannotLeakIntoFrame/side-by-side (0.00s)
    --- FAIL: TestReviewNoColorCaptureCannotLeakIntoFrame/stacked (0.00s)
=== RUN   TestReviewNoColorRealCaptureIsolation
    review_nocolor_live_test.go:33: real capture prefix: "\x1b[38;2;17;34;51m\x1b[48;2;68;85;102mXXXXXXXXXXXXXXXXXXXXXXXXXXXXXXXXXXXXXXXXXXXXXXXXXXXXXXXXXXXXXXXXXXXXXXXXXXXXXXXX\n\n\n\n\n\n\n\n\n\n\n\n\n\n\n\n\n\n\n\n\n\n\n\n"
=== RUN   TestReviewNoColorRealCaptureIsolation/side-by-side/NO_COLOR
    review_nocolor_live_test.go:47: real capture leaked background #445566 into deck border at (119,1) color=false
=== RUN   TestReviewNoColorRealCaptureIsolation/side-by-side/color-control
=== RUN   TestReviewNoColorRealCaptureIsolation/stacked/NO_COLOR
    review_nocolor_live_test.go:47: real capture leaked background #445566 into deck border at (119,13) color=false
=== RUN   TestReviewNoColorRealCaptureIsolation/stacked/color-control
--- FAIL: TestReviewNoColorRealCaptureIsolation (0.03s)
    --- FAIL: TestReviewNoColorRealCaptureIsolation/side-by-side/NO_COLOR (0.00s)
    --- PASS: TestReviewNoColorRealCaptureIsolation/side-by-side/color-control (0.00s)
    --- FAIL: TestReviewNoColorRealCaptureIsolation/stacked/NO_COLOR (0.00s)
    --- PASS: TestReviewNoColorRealCaptureIsolation/stacked/color-control (0.00s)
FAIL
FAIL	github.com/n-orlov/deck/internal/tui	0.042s
FAIL
