1787935768 3.59 3.72 3.60 3/4312 7523
1787935773 3.47 3.69 3.59 4/4397 7529
1787935778 3.35 3.66 3.59 3/4401 7532
1787935783 3.40 3.67 3.59 2/4364 7535
1787935788 3.61 3.70 3.60 4/4421 7538
1787935793 3.48 3.68 3.59 3/4404 7541
1787935798 3.44 3.66 3.59 5/4424 7544
1787935803 4.05 3.79 3.63 3/4477 7547
1787935808 4.36 3.86 3.65 3/4505 7550
1787935813 4.17 3.83 3.64 5/4492 7553
1787935818 3.92 3.78 3.63 5/4542 7556
1787935823 3.85 3.77 3.63 2/4510 7559
1787935828 3.62 3.72 3.61 7/4555 7562
1787935833 3.49 3.69 3.60 6/4518 7565
1787935838 3.37 3.66 3.59 6/4535 7568
1787935843 3.34 3.65 3.59 4/4460 7571
1787935848 3.31 3.64 3.59 4/4501 7574
1787935853 3.37 3.65 3.59 9/4496 7577
1787935858 3.34 3.64 3.59 3/4484 7580
1787935863 3.39 3.64 3.59 6/4513 7583
1787935868 3.36 3.63 3.58 6/4522 7586
1787935873 3.17 3.59 3.57 12/4540 7589
1787935878 3.16 3.58 3.57 7/4508 7592
1787935883 3.14 3.57 3.56 7/4534 7595
1787935888 3.13 3.56 3.56 9/4546 7598
1787935893 3.04 3.53 3.55 9/4547 7601
1787935898 3.52 3.62 3.58 3/4550 7604
1787935903 3.48 3.61 3.58 4/4547 7607
1787935908 3.28 3.57 3.56 9/4564 7610
1787935913 3.50 3.61 3.58 6/4582 7613
1787935918 4.74 3.86 3.66 6/4556 7616
1787935923 4.84 3.90 3.67 6/4612 7619
1787935928 4.85 3.92 3.68 4/4601 7622
1787935933 4.86 3.94 3.69 5/4622 7625
1787935938 4.80 3.94 3.69 3/4586 7628
1787935943 4.73 3.94 3.69 5/4563 7631
1787935948 4.59 3.92 3.69 6/4623 7634
1787935953 4.54 3.93 3.69 4/4616 7637
1787935958 4.42 3.91 3.68 3/4705 7640
1787935963 4.15 3.86 3.67 7/4639 7643
1787935968 4.13 3.86 3.67 9/4625 7646
1787935973 3.96 3.83 3.66 2/4625 7649
1787935978 3.97 3.84 3.66 5/4706 7652
1787935983 4.13 3.87 3.68 4/4735 7655
1787935988 4.20 3.89 3.68 5/4707 7658
1787935993 4.18 3.89 3.69 3/4686 7661
1787935998 4.09 3.88 3.68 4/4704 7664
1787936003 4.08 3.88 3.68 2/4695 7667
1787936008 4.07 3.88 3.69 5/4712 7670
1787936013 3.99 3.87 3.68 9/4774 7674
1787936018 4.07 3.89 3.69 4/4737 7679
1787936023 4.14 3.91 3.70 5/4676 7682
1787936028 4.05 3.89 3.69 7/4710 7685
1787936033 3.89 3.86 3.68 6/4711 7688
1787936038 3.74 3.83 3.68 14/4744 7691
1787936043 3.76 3.83 3.68 10/4769 7694
1787936048 4.58 4.00 3.73 5/4770 7697
1787936053 4.69 4.03 3.75 4/4736 7700
1787936058 4.56 4.02 3.74 3/4748 7703
1787936063 4.59 4.03 3.75 5/4776 7706
1787936068 4.62 4.05 3.75 4/4778 7709
1787936073 4.65 4.06 3.76 7/4819 7712
1787936078 4.76 4.10 3.77 3/4803 7715
1787936083 4.70 4.09 3.77 4/4785 7718
1787936088 4.73 4.11 3.78 4/4803 7721
1787936093 4.67 4.11 3.78 2/4757 7724
1787936098 5.01 4.19 3.81 7/4762 7727
1787936103 5.57 4.32 3.86 6/4881 7730
1787936108 5.45 4.31 3.86 3/4904 7733
1787936113 5.17 4.27 3.85 4/4914 7736
1787936119 4.92 4.24 3.84 3/4965 7739
1787936124 4.68 4.20 3.83 5/5056 7742
1787936129 4.55 4.18 3.82 5/5141 7745
1787936134 4.50 4.18 3.82 3/5259 7748
1787936139 4.54 4.19 3.83 9/4452 7805
1787936144 4.90 4.27 3.86 7/4426 7808
1787936149 5.07 4.32 3.87 4/4444 7811
1787936154 5.30 4.38 3.90 3/4432 7814
1787936159 5.12 4.35 3.89 25/4458 7817
1787936164 4.95 4.33 3.89 4/4476 7820
1787936169 5.11 4.38 3.90 4/4486 7823
1787936174 5.02 4.37 3.90 10/4447 7826
1787936179 4.86 4.35 3.90 7/4435 7829
1787936184 4.87 4.36 3.91 5/4431 7832
1787936189 4.72 4.33 3.90 7/4431 7835
1787936194 4.66 4.33 3.90 7/4489 7838
1787936199 4.69 4.34 3.91 5/4506 7841
1787936204 4.96 4.40 3.93 4/4473 7844
1787936209 5.04 4.43 3.94 9/4575 7847
1787936214 5.12 4.45 3.95 4/4516 7850
1787936219 5.19 4.48 3.96 4/4588 7853
1787936224 5.09 4.47 3.96 8/4566 7856
1787936229 5.09 4.48 3.97 4/4535 7859
1787936234 5.00 4.47 3.97 4/4552 7862
1787936239 5.40 4.56 4.00 6/4568 7865
1787936244 5.29 4.55 4.00 6/4513 7868
1787936249 5.10 4.53 4.00 4/4512 7871
1787936254 5.02 4.52 4.00 21/4562 7874
1787936259 4.85 4.49 3.99 6/4636 7877
1787936264 5.75 4.69 4.06 4/4613 7880
1787936269 5.37 4.62 4.04 3/4574 7883
1787936274 5.10 4.58 4.03 6/4596 7886
1787936279 4.93 4.55 4.02 4/4581 7889
1787936284 4.77 4.53 4.02 2/4626 7892
1787936289 4.71 4.52 4.02 4/4617 7895
1787936294 5.30 4.64 4.06 6/4621 7898
1787936299 5.43 4.68 4.08 5/4642 7901
1787936304 5.24 4.65 4.07 3/4569 7904
1787936309 5.22 4.66 4.08 5/4581 7907
1787936314 5.20 4.67 4.08 5/4640 7910
1787936319 5.75 4.79 4.12 4/4613 7913
1787936324 5.61 4.78 4.12 5/4621 7918
1787936329 5.48 4.76 4.12 5/4599 7921
1787936334 5.44 4.77 4.13 5/4601 7924
1787936339 6.12 4.92 4.18 4/4660 7927
1787936344 5.79 4.87 4.17 5/4649 7930
1787936349 5.49 4.82 4.16 5/4716 7933
1787936354 5.29 4.79 4.15 10/4668 7936
1787936359 5.35 4.81 4.16 7/4640 7939
1787936364 5.16 4.78 4.15 5/4623 7942
1787936369 5.07 4.77 4.15 9/4676 7945
1787936374 5.06 4.77 4.16 9/4675 7948
1787936379 4.97 4.76 4.16 6/4665 7951
1787936384 4.98 4.77 4.16 5/4735 7954
1787936389 4.90 4.75 4.16 5/4746 7957
1787936394 6.27 5.04 4.26 9/4666 7960
1787936399 6.17 5.04 4.26 4/4679 7963
1787936404 6.15 5.05 4.27 4/4752 7966
1787936409 6.38 5.12 4.30 4/4733 7969
1787936414 6.19 5.10 4.30 7/4782 7972
1787936419 6.17 5.12 4.31 5/4757 7975
1787936424 6.16 5.13 4.31 3/4736 7978
1787936429 6.07 5.13 4.32 4/4728 7981
1787936434 5.98 5.13 4.32 6/4773 7984
1787936439 6.38 5.22 4.36 7/4856 7987
1787936444 6.51 5.27 4.38 30/4762 7990
1787936449 6.15 5.22 4.37 14/4800 7993
1787936454 6.06 5.21 4.37 5/4821 7996
1787936459 6.30 5.27 4.39 8/4839 7999
1787936464 6.11 5.25 4.39 8/4940 8002
1787936469 5.86 5.22 4.38 7/4834 8005
1787936474 5.95 5.25 4.40 7/4784 8008
1787936479 5.88 5.24 4.40 7/4870 8011
1787936484 5.65 5.20 4.39 4/4891 8014
1787936489 5.35 5.15 4.38 4/4850 8017
1787936494 5.33 5.15 4.38 3/5009 8020
1787936499 5.38 5.16 4.39 3/5026 8023
1787936504 5.35 5.16 4.40 3/5092 8026
1787936509 5.16 5.12 4.39 2/5138 8029
1787936514 5.07 5.10 4.39 5/5172 8032
1787936519 4.82 5.05 4.37 6/4347 8035
1787936524 4.68 5.02 4.36 2/4476 8091
1787936529 4.62 5.00 4.36 5/4394 8094
1787936534 4.49 4.97 4.35 4/4388 8097
1787936539 4.37 4.93 4.35 5/4386 8100
1787936544 4.42 4.94 4.35 4/4394 8103
1787936549 4.47 4.94 4.35 3/4411 8106
1787936554 4.51 4.94 4.36 4/4450 8109
1787936559 4.39 4.91 4.35 4/4451 8112
1787936564 4.52 4.92 4.36 4/4463 8115
1787936569 7.28 5.49 4.55 5/4473 8118
1787936574 7.10 5.48 4.55 4/4550 8121
1787936579 6.93 5.47 4.55 7/4497 8124
1787936584 6.77 5.47 4.55 3/4499 8127
1787936589 6.63 5.46 4.56 4/4473 8130
1787936594 7.30 5.62 4.61 7/4435 8133
1787936599 7.04 5.59 4.61 3/4479 8136
1787936604 7.03 5.61 4.62 4/4469 8139
1787936609 6.63 5.55 4.61 10/4556 8142
1787936614 6.42 5.53 4.61 9/4578 8145
1787936619 6.07 5.47 4.59 4/4527 8148
1787936624 5.74 5.41 4.58 6/4582 8151
1787936629 7.92 5.87 4.73 7/4597 8154
1787936634 7.53 5.82 4.72 4/4516 8157
1787936639 7.41 5.83 4.73 4/4527 8160
1787936644 6.89 5.74 4.71 5/4555 8163
1787936649 6.58 5.70 4.70 7/4537 8166
1787936654 6.37 5.67 4.69 7/4499 8169
1787936659 6.10 5.63 4.68 6/4511 8172
1787936664 5.85 5.58 4.68 5/4529 8175
1787936669 5.71 5.56 4.67 6/4551 8178
1787936674 5.81 5.58 4.68 3/4564 8181
1787936679 5.58 5.54 4.67 6/4613 8184
1787936684 5.30 5.48 4.66 4/4565 8187
1787936689 5.11 5.44 4.65 4/4564 8190
1787936694 4.86 5.38 4.64 4/4595 8193
1787936699 4.63 5.32 4.62 4/4576 8196
1787936704 4.42 5.27 4.61 3/4614 8199
1787936709 4.23 5.21 4.59 3/4619 8202
1787936714 4.05 5.16 4.58 3/4588 8205
1787936719 3.89 5.11 4.57 5/4598 8208
1787936724 3.97 5.10 4.57 4/4593 8211
1787936729 3.90 5.07 4.56 4/4632 8214
1787936734 4.15 5.10 4.57 9/4627 8217
1787936739 4.05 5.07 4.56 5/4654 8220
1787936744 3.97 5.03 4.55 23/4632 8223
1787936749 3.81 4.98 4.54 4/4624 8226
1787936754 3.99 5.00 4.55 7/4631 8229
1787936759 4.07 5.00 4.55 7/4670 8232
1787936764 4.30 5.03 4.56 4/4656 8235
1787936769 4.28 5.02 4.56 2/4668 8238
1787936774 4.26 5.00 4.56 3/4678 8241
1787936779 4.16 4.96 4.55 4/4626 8244
1787936784 3.98 4.92 4.53 6/4653 8247
1787936789 4.14 4.93 4.54 5/4667 8250
1787936794 4.13 4.92 4.54 3/4707 8253
1787936799 4.04 4.89 4.53 3/4708 8256
1787936804 4.04 4.87 4.53 9/4729 8259
1787936809 3.95 4.84 4.52 4/4724 8262
1787936814 3.80 4.79 4.51 10/4716 8265
1787936819 3.65 4.75 4.49 3/4709 8268
1787936824 4.72 4.95 4.56 3/4763 8271
1787936829 4.50 4.90 4.55 4/4791 8274
1787936834 4.38 4.87 4.54 5/4765 8277
1787936839 4.43 4.87 4.54 3/4777 8280
1787936844 4.24 4.82 4.53 2/4763 8283
1787936849 4.14 4.79 4.52 3/4766 8286
1787936854 4.13 4.78 4.52 6/4749 8289
1787936859 4.12 4.77 4.51 2/4797 8292
1787936864 3.87 4.70 4.49 3/4803 8295
1787936869 3.72 4.66 4.48 4/4846 8298
1787936874 3.58 4.61 4.47 4/4923 8301
1787936879 3.45 4.57 4.45 3/5018 8304
1787936884 3.34 4.53 4.44 2/5085 8307
1787936889 3.23 4.49 4.43 3/5124 8310
1787936894 3.05 4.43 4.41 5/5159 8313
1787936899 3.05 4.40 4.40 4/4331 8370
1787936904 2.96 4.36 4.39 4/4297 8373
1787936909 2.88 4.32 4.37 5/4323 8376
1787936914 2.97 4.32 4.37 9/4381 8379
1787936919 3.06 4.31 4.37 5/4415 8382
1787936924 2.97 4.27 4.36 4/4377 8387
1787936929 3.05 4.27 4.35 4/4374 8392
1787936934 3.13 4.26 4.35 3/4403 8395
1787936939 3.04 4.23 4.34 2/4386 8398
1787936944 2.96 4.19 4.33 3/4408 8401
1787936949 3.28 4.24 4.34 4/4421 8404
1787936954 3.42 4.25 4.34 6/4394 8407
1787936959 4.19 4.39 4.39 7/4420 8410
1787936964 4.01 4.35 4.38 2/4564 8413
1787936969 3.85 4.31 4.37 3/4441 8416
1787936974 3.70 4.28 4.35 8/4620 8419
1787936979 3.56 4.24 4.34 4/4491 8422
1787936984 3.44 4.20 4.33 3/4646 8425
1787936989 4.45 4.40 4.39 4/4645 8428
1787936994 4.49 4.41 4.39 2/4620 8431
1787936999 4.53 4.42 4.40 12/4575 8434
1787937004 4.57 4.43 4.40 19/4672 8437
1787937009 4.36 4.39 4.39 4/4702 8440
1787937014 4.09 4.33 4.37 5/4685 8443
1787937019 4.25 4.36 4.38 4/4631 8446
1787937024 4.31 4.37 4.38 5/4520 8449
1787937029 5.88 4.69 4.49 5/4655 8452
1787937034 5.73 4.68 4.48 13/4697 8455
1787937039 5.67 4.69 4.49 6/4727 8458
1787937044 5.54 4.68 4.48 4/4698 8461
1787937049 5.50 4.68 4.49 6/4685 8464
1787937054 5.30 4.65 4.48 3/4682 8467
1787937059 5.11 4.63 4.47 4/4691 8470
1787937064 4.78 4.57 4.45 4/4722 8473
1787937069 5.04 4.62 4.47 10/4690 8476
1787937074 4.88 4.60 4.46 2/4709 8479
1787937079 4.81 4.58 4.46 2/4715 8482
1787937084 4.50 4.53 4.44 6/4700 8485
1787937089 4.30 4.48 4.43 7/4710 8488
1787937094 4.28 4.47 4.42 3/4742 8491
1787937099 4.09 4.43 4.41 4/4758 8494
1787937104 4.08 4.43 4.41 6/4763 8497
1787937109 3.84 4.37 4.39 3/4749 8500
1787937114 3.85 4.36 4.39 3/4789 8503
1787937119 3.86 4.36 4.38 10/4757 8506
1787937124 3.63 4.30 4.37 6/4809 8509
1787937129 3.82 4.33 4.37 4/4800 8512
1787937134 3.68 4.29 4.36 3/4822 8515
1787937139 3.78 4.30 4.37 8/4777 8518
1787937144 3.56 4.25 4.35 4/4817 8521
1787937149 3.68 4.26 4.35 2/4766 8524
1787937154 3.70 4.25 4.35 6/4801 8527
1787937159 3.57 4.22 4.34 3/4823 8530
1787937164 3.60 4.21 4.33 4/4803 8533
1787937169 3.63 4.21 4.33 4/4817 8536
1787937174 3.74 4.22 4.34 5/4803 8539
1787937179 3.60 4.19 4.32 3/4834 8542
1787937184 4.04 4.27 4.35 2/4871 8545
1787937189 4.19 4.29 4.36 2/4879 8548
1787937194 4.34 4.32 4.37 5/4882 8551
1787937199 4.23 4.30 4.36 4/4869 8554
1787937204 4.13 4.28 4.35 4/4882 8557
1787937209 4.12 4.27 4.35 3/4870 8560
1787937214 4.27 4.30 4.36 8/4919 8563
1787937219 4.65 4.38 4.39 5/4924 8566
1787937224 4.76 4.41 4.39 3/4905 8569
1787937229 4.62 4.38 4.39 3/4877 8572
1787937234 4.49 4.36 4.38 6/4904 8575
1787937239 4.21 4.31 4.36 4/4932 8578
1787937244 4.27 4.32 4.36 3/4971 8581
1787937249 4.17 4.29 4.36 3/5059 8584
1787937254 4.24 4.31 4.36 7/5061 8587
1787937259 4.06 4.27 4.35 3/5168 8590
1787937264 3.97 4.25 4.34 3/5052 8593
1787937269 3.89 4.23 4.33 3/5274 8596
1787937274 3.90 4.22 4.33 5/4577 8654
1787937279 4.23 4.28 4.35 3/4530 8657
1787937284 4.37 4.31 4.36 7/4548 8660
1787937289 4.26 4.29 4.35 2/4519 8663
1787937294 4.32 4.30 4.36 3/4541 8666
1787937299 4.30 4.30 4.35 8/4558 8669
1787937304 4.27 4.29 4.35 5/4592 8672
1787937309 4.17 4.27 4.35 4/4575 8675
1787937314 4.40 4.32 4.36 5/4544 8678
1787937319 4.20 4.28 4.35 5/4575 8681
1787937324 4.35 4.31 4.36 3/4596 8684
1787937329 4.16 4.27 4.34 3/4594 8687
1787937334 3.99 4.23 4.33 4/4634 8690
1787937339 3.99 4.23 4.33 4/4656 8693
1787937344 3.91 4.21 4.32 4/4706 8696
1787937349 4.48 4.32 4.36 10/4727 8699
1787937354 4.52 4.33 4.36 4/4707 8702
1787937359 4.40 4.31 4.35 4/4722 8705
1787937364 4.69 4.37 4.37 6/4729 8708
1787937369 5.19 4.48 4.41 5/4610 8711
1787937374 5.18 4.49 4.41 9/4731 8714
1787937379 4.92 4.45 4.40 4/4730 8717
1787937384 4.77 4.42 4.39 6/4701 8720
1787937389 5.83 4.65 4.47 8/4701 8723
1787937394 5.60 4.62 4.46 5/4671 8726
1787937399 5.23 4.56 4.44 6/4668 8729
1787937404 5.05 4.53 4.43 5/4622 8732
1787937409 4.97 4.52 4.43 3/4732 8735
1787937414 4.73 4.48 4.41 5/4684 8738
1787937419 4.75 4.49 4.42 3/4692 8741
1787937424 4.61 4.47 4.41 4/4716 8744
1787937429 4.48 4.44 4.40 5/4715 8747
1787937434 6.05 4.77 4.51 3/4745 8750
1787937439 5.64 4.70 4.49 3/4601 8753
1787937444 5.35 4.66 4.48 3/4564 8756
1787937449 5.16 4.63 4.47 4/4577 8759
1787937454 4.99 4.60 4.46 3/4562 8762
1787937459 4.99 4.61 4.46 5/4614 8765
1787937464 4.67 4.55 4.44 4/4631 8768
1787937469 4.45 4.51 4.43 4/4662 8771
1787937474 4.50 4.52 4.43 6/4599 8774
1787937479 4.30 4.47 4.42 5/4605 8777
1787937484 4.27 4.47 4.42 7/4645 8780
1787937489 4.25 4.46 4.41 5/4639 8783
1787937494 4.23 4.45 4.41 3/4690 8786
1787937499 4.05 4.41 4.40 4/4696 8789
1787937504 3.81 4.35 4.38 4/4686 8792
1787937509 3.66 4.31 4.37 13/4735 8795
1787937514 3.61 4.29 4.36 3/4718 8798
1787937519 3.56 4.27 4.35 3/4705 8801
1787937524 3.92 4.33 4.37 4/4706 8804
1787937529 4.08 4.36 4.38 4/4708 8810
1787937534 4.08 4.35 4.38 6/4760 8813
1787937539 4.31 4.40 4.39 4/4744 8816
1787937544 4.45 4.42 4.40 2/4769 8819
1787937549 4.41 4.42 4.40 4/4801 8822
1787937554 4.22 4.38 4.39 5/4806 8825
1787937559 4.04 4.34 4.37 4/4759 8828
1787937564 3.96 4.31 4.37 3/4726 8831
1787937569 3.80 4.28 4.35 3/4779 8834
1787937574 3.73 4.25 4.34 7/4766 8837
1787937579 3.52 4.20 4.33 3/4844 8840
1787937584 3.47 4.18 4.32 3/4869 8843
1787937589 3.36 4.14 4.31 5/4823 8846
1787937594 3.41 4.14 4.30 7/4832 8849
1787937599 3.86 4.22 4.33 4/4796 8852
1787937604 4.43 4.33 4.37 3/4760 8855
1787937609 4.63 4.38 4.38 5/4824 8858
1787937614 4.58 4.37 4.38 8/4830 8861
1787937619 4.54 4.37 4.38 4/4786 8864
1787937624 4.57 4.38 4.38 5/4907 8867
1787937629 4.85 4.44 4.40 3/4924 8870
1787937634 5.10 4.50 4.42 3/5029 8873
1787937639 5.09 4.51 4.42 2/5122 8876
1787937644 5.08 4.51 4.42 4/5184 8879
1787937649 4.84 4.47 4.41 3/4383 8935
1787937654 4.53 4.41 4.39 3/4364 8938
1787937659 4.33 4.37 4.38 7/4407 8941
1787937664 4.14 4.33 4.37 10/4391 8944
1787937669 4.05 4.31 4.36 4/4457 8947
1787937674 4.04 4.31 4.36 3/4435 8950
1787937679 3.88 4.27 4.34 2/4400 8953
1787937684 4.05 4.30 4.35 5/4454 8956
1787937689 4.05 4.29 4.35 3/4455 8959
1787937694 3.88 4.25 4.34 4/4418 8962
1787937699 3.73 4.22 4.33 4/4496 8965
1787937704 3.59 4.18 4.31 3/4523 8968
1787937709 3.95 4.24 4.33 4/4475 8971
1787937714 3.79 4.20 4.32 4/4459 8974
1787937719 3.57 4.15 4.30 4/4454 8977
1787937724 3.68 4.17 4.31 6/4464 8980
1787937729 3.55 4.13 4.29 3/4521 8983
1787937734 3.50 4.11 4.29 4/4547 8986
1787937739 3.38 4.08 4.27 29/4513 8989
1787937744 3.59 4.11 4.28 7/4524 8992
1787937749 3.62 4.11 4.28 6/4682 8995
1787937754 3.57 4.09 4.27 9/4550 8998
1787937759 3.45 4.05 4.26 7/4772 9001
1787937764 3.81 4.12 4.28 4/4611 9004
1787937769 4.39 4.23 4.32 4/4673 9007
1787937774 4.36 4.23 4.32 5/4688 9010
1787937779 4.25 4.21 4.31 4/4696 9013
1787937784 4.07 4.17 4.30 5/4692 9016
1787937789 4.06 4.17 4.29 5/4766 9019
1787937794 6.22 4.61 4.44 5/4755 9022
1787937799 5.96 4.59 4.43 6/4645 9025
1787937804 6.04 4.63 4.44 6/4748 9028
1787937809 5.96 4.63 4.45 8/4659 9031
1787937814 6.04 4.67 4.46 12/4771 9034
1787937819 5.96 4.68 4.46 3/4765 9037
1787937824 5.80 4.67 4.46 6/4786 9040
1787937829 5.50 4.62 4.45 3/4794 9043
1787937834 5.62 4.66 4.46 6/4761 9046
1787937839 5.25 4.60 4.44 3/4748 9049
1787937844 4.91 4.54 4.42 9/4788 9052
1787937849 4.92 4.55 4.43 8/4807 9055
1787937854 5.40 4.66 4.46 5/4680 9058
1787937859 5.13 4.61 4.45 5/4796 9061
1787937864 4.96 4.59 4.44 7/4797 9064
1787937869 4.80 4.56 4.43 4/4800 9067
1787937874 4.74 4.55 4.43 5/4791 9070
1787937879 4.92 4.59 4.45 4/4818 9073
1787937884 4.85 4.58 4.44 4/4873 9076
1787937889 5.34 4.69 4.48 6/4849 9079
1787937894 5.07 4.64 4.47 9/4840 9082
1787937899 4.99 4.63 4.46 3/4823 9085
1787937904 5.15 4.67 4.48 4/4689 9088
1787937909 4.89 4.63 4.46 6/4856 9091
1787937914 4.74 4.60 4.45 5/4948 9094
1787937919 4.76 4.61 4.46 5/4934 9097
1787937924 4.70 4.60 4.45 4/4901 9100
1787937929 4.57 4.57 4.45 2/4917 9103
1787937934 4.52 4.56 4.44 4/4879 9106
1787937939 4.56 4.57 4.45 8/4808 9109
1787937944 4.43 4.54 4.44 6/5004 9112
1787937949 4.16 4.48 4.42 6/4953 9115
1787937954 3.99 4.44 4.41 6/4945 9118
1787937959 3.99 4.43 4.41 3/4944 9121
1787937964 3.75 4.37 4.39 6/4927 9124
1787937969 3.61 4.34 4.37 6/4978 9127
1787937974 3.56 4.31 4.37 4/5046 9130
1787937979 3.67 4.32 4.37 2/4946 9133
1787937984 4.18 4.42 4.40 2/4960 9136
1787937989 3.93 4.36 4.38 5/4977 9139
1787937994 3.85 4.34 4.37 6/4967 9142
1787937999 3.78 4.32 4.37 4/5094 9145
1787938004 4.04 4.36 4.38 2/5167 9148
1787938009 3.88 4.32 4.37 3/5300 9151
1787938014 3.81 4.30 4.36 4/5299 9154
1787938019 3.90 4.31 4.36 4/5364 9157
1787938024 4.31 4.39 4.39 4/4621 9213
1787938029 4.13 4.35 4.37 4/4543 9216
1787938034 3.96 4.31 4.36 9/4572 9219
1787938039 4.52 4.42 4.40 4/4605 9222
1787938044 4.24 4.36 4.38 3/4565 9225
1787938049 4.06 4.33 4.37 5/4575 9228
1787938054 3.89 4.29 4.35 3/4557 9231
1787938059 3.90 4.28 4.35 4/4595 9234
1787938064 3.83 4.26 4.34 3/4629 9237
1787938069 3.60 4.21 4.33 8/4651 9240
1787938074 3.55 4.19 4.32 2/4610 9243
1787938079 3.51 4.17 4.31 5/4657 9246
1787938084 3.47 4.15 4.30 2/4608 9249
1787938089 3.51 4.14 4.30 6/4626 9252
1787938094 3.55 4.14 4.30 4/4687 9255
1787938099 3.59 4.14 4.30 6/4685 9258
1787938104 3.54 4.12 4.29 4/4675 9261
1787938109 3.58 4.12 4.29 4/4698 9264
1787938114 3.53 4.10 4.28 3/4642 9267
1787938119 3.81 4.15 4.30 2/4691 9270
1787938124 3.74 4.13 4.29 4/4730 9273
1787938129 4.65 4.31 4.35 8/4665 9277
1787938134 4.75 4.34 4.35 6/4761 9282
1787938139 4.45 4.28 4.34 5/4735 9285
1787938145 4.26 4.24 4.32 6/4772 9288
1787938150 4.56 4.31 4.34 5/4754 9291
1787938155 4.35 4.27 4.33 5/4788 9294
1787938160 4.16 4.23 4.32 9/4795 9297
1787938165 4.31 4.26 4.33 3/4779 9300
1787938170 4.13 4.22 4.32 7/4804 9303
1787938175 4.92 4.38 4.37 9/4650 9307
1787938180 4.84 4.38 4.37 8/4833 9310
1787938185 4.86 4.39 4.37 4/4811 9313
1787938190 4.79 4.38 4.37 4/4799 9316
1787938195 4.64 4.36 4.36 5/4794 9319
1787938200 4.51 4.33 4.35 8/4776 9322
1787938205 4.31 4.30 4.34 6/4737 9325
1787938210 4.85 4.41 4.37 4/4750 9328
1787938215 4.54 4.35 4.36 5/4607 9331
1787938220 4.41 4.33 4.35 3/4694 9334
1787938225 4.30 4.31 4.34 4/4734 9337
1787938230 4.36 4.32 4.35 6/4641 9340
1787938235 4.41 4.33 4.35 5/4673 9343
1787938240 4.46 4.34 4.35 6/4661 9346
1787938245 4.42 4.33 4.35 10/4678 9349
1787938250 4.31 4.31 4.34 7/4755 9352
1787938255 4.12 4.27 4.33 5/4726 9355
1787938260 4.19 4.29 4.33 3/4678 9358
1787938265 4.26 4.30 4.34 3/4717 9361
1787938270 4.48 4.34 4.35 5/4739 9364
1787938275 4.36 4.32 4.35 5/4648 9367
1787938280 4.25 4.30 4.34 5/4766 9370
1787938285 4.15 4.28 4.33 5/4786 9373
1787938290 4.22 4.29 4.34 3/4684 9376
1787938295 4.12 4.27 4.33 4/4728 9379
1787938300 4.11 4.26 4.33 5/4748 9382
1787938305 4.26 4.29 4.34 6/4738 9385
1787938310 4.48 4.34 4.35 2/4854 9388
1787938315 4.60 4.36 4.36 4/4860 9391
1787938320 4.80 4.41 4.37 2/4784 9394
1787938325 4.57 4.37 4.36 9/4794 9397
1787938330 4.45 4.35 4.35 5/4836 9400
1787938335 4.33 4.32 4.35 4/4744 9403
1787938340 4.14 4.28 4.33 4/4831 9406
1787938345 4.29 4.31 4.34 1/4811 9409
1787938350 4.35 4.33 4.35 3/4705 9412
1787938355 4.24 4.30 4.34 3/4707 9415
1787938360 4.22 4.30 4.34 2/4749 9418
1787938365 4.28 4.31 4.34 3/4732 9421
1787938370 4.10 4.27 4.33 5/4925 9424
1787938375 4.09 4.27 4.33 3/4943 9427
1787938380 4.00 4.24 4.32 3/4966 9430
1787938385 3.76 4.19 4.30 2/4993 9433
1787938390 3.62 4.15 4.29 4/5030 9436
1787938395 3.57 4.13 4.28 6/4344 9494
1787938400 3.45 4.10 4.27 6/4436 9497
1787938405 3.41 4.08 4.26 3/4359 9500
1787938410 3.38 4.06 4.25 5/4299 9503
1787938415 3.35 4.04 4.25 3/4314 9506
1787938420 3.16 3.99 4.23 6/4367 9509
1787938425 3.07 3.96 4.22 2/4387 9512
1787938430 3.14 3.96 4.22 5/4470 9515
1787938435 3.13 3.94 4.21 6/4480 9518
1787938440 3.28 3.96 4.21 3/4372 9521
1787938445 3.10 3.91 4.20 3/4404 9524
1787938450 3.01 3.88 4.18 4/4385 9527
1787938455 3.01 3.87 4.18 2/4371 9530
1787938460 2.85 3.82 4.16 3/4469 9533
1787938465 2.62 3.75 4.14 3/4489 9536
1787938470 2.81 3.78 4.14 3/4395 9539
1787938475 3.63 3.93 4.19 3/4386 9542
1787938480 3.41 3.88 4.17 3/4413 9545
1787938485 3.46 3.88 4.17 3/4418 9548
1787938490 3.18 3.82 4.15 7/4544 9551
1787938495 3.09 3.79 4.14 5/4556 9554
1787938500 2.92 3.74 4.12 5/4493 9557
1787938505 2.85 3.71 4.11 3/4479 9560
1787938510 2.78 3.68 4.10 6/4452 9563
1787938515 2.88 3.69 4.10 23/4480 9566
1787938520 2.73 3.64 4.08 3/4577 9569
1787938525 2.59 3.60 4.06 6/4580 9572
1787938530 2.54 3.57 4.05 6/4547 9575
1787938535 2.58 3.56 4.05 5/4572 9578
1787938540 2.53 3.54 4.03 2/4558 9581
1787938545 2.41 3.49 4.02 3/4564 9584
1787938550 2.22 3.44 4.00 3/4604 9587
1787938555 2.12 3.40 3.98 7/4612 9590
1787938560 2.11 3.37 3.97 3/4557 9593
1787938565 2.10 3.35 3.96 1/4536 9596
1787938570 2.09 3.33 3.95 3/4549 9599
1787938575 2.08 3.30 3.94 22/4538 9602
1787938580 2.16 3.30 3.93 1/4535 9605
1787938585 2.14 3.28 3.92 1/4571 9608
1787938590 1.97 3.22 3.90 2/4554 9611
1787938595 2.54 3.32 3.93 4/4554 9614
1787938600 3.13 3.43 3.96 3/4585 9617
1787938605 3.04 3.41 3.95 5/4578 9620
1787938610 2.80 3.35 3.93 4/4630 9623
1787938615 2.73 3.33 3.92 5/4633 9626
1787938620 2.76 3.32 3.91 1/4648 9629
1787938625 2.94 3.35 3.92 1/4648 9632
1787938630 2.94 3.34 3.91 4/4655 9635
1787938635 3.03 3.35 3.91 3/4662 9638
1787938640 3.10 3.37 3.91 1/4646 9641
1787938645 2.86 3.31 3.89 4/4647 9644
1787938650 2.63 3.25 3.87 3/4684 9647
1787938655 2.50 3.22 3.85 3/4636 9650
1787938660 2.70 3.25 3.86 4/4656 9653
1787938665 2.64 3.22 3.85 2/4671 9656
1787938670 2.67 3.22 3.85 20/4673 9659
1787938675 3.02 3.28 3.86 4/4686 9662
1787938680 3.02 3.28 3.86 5/4687 9665
1787938685 3.33 3.34 3.88 3/4687 9668
1787938690 3.15 3.30 3.86 3/4688 9671
1787938695 3.70 3.41 3.89 3/4660 9674
1787938700 3.56 3.39 3.88 6/4688 9677
1787938705 3.27 3.33 3.86 9/4752 9680
1787938710 3.17 3.31 3.85 3/4703 9683
1787938715 3.16 3.31 3.85 3/4634 9686
1787938720 3.15 3.30 3.84 2/4656 9689
1787938725 3.05 3.28 3.83 1/4670 9692
1787938730 2.97 3.26 3.82 3/4703 9695
1787938735 2.97 3.25 3.82 2/4855 9701
1787938740 2.89 3.23 3.81 2/4876 9704
1787938745 2.90 3.23 3.80 4/4954 9707
1787938750 2.83 3.21 3.79 4/5001 9710
1787938755 2.92 3.22 3.79 5/5018 9713
1787938760 2.85 3.20 3.78 4/4266 9769
1787938765 2.70 3.16 3.77 5/4309 9772
1787938770 2.48 3.11 3.75 4/4282 9775
1787938775 2.69 3.14 3.76 2/4267 9778
1787938780 3.03 3.21 3.77 2/4291 9781
1787938785 3.43 3.29 3.80 1/4264 9784
1787938790 3.24 3.25 3.78 4/4296 9787
1787938795 3.06 3.21 3.77 2/4337 9790
1787938800 2.81 3.16 3.75 3/4359 9793
1787938805 2.75 3.14 3.74 2/4312 9796
1787938810 2.93 3.17 3.74 3/4326 9799
1787938815 3.01 3.18 3.74 4/4345 9802
1787938820 2.93 3.16 3.73 1/4304 9805
1787938825 3.02 3.18 3.74 1/4360 9808
1787938830 2.86 3.14 3.72 4/4359 9811
1787938835 2.87 3.14 3.72 3/4375 9814
1787938840 3.04 3.17 3.72 9/4438 9817
1787938845 3.44 3.25 3.75 4/4411 9820
1787938850 3.48 3.26 3.75 3/4412 9823
1787938855 3.44 3.26 3.74 2/4430 9826
1787938860 3.49 3.27 3.75 3/4452 9829
1787938865 3.53 3.28 3.75 3/4423 9832
1787938870 3.65 3.31 3.75 10/4403 9835
1787938875 3.76 3.34 3.76 14/4398 9838
1787938880 4.42 3.48 3.81 3/4390 9841
1787938885 4.22 3.46 3.80 2/4420 9844
1787938890 4.04 3.43 3.79 5/4432 9847
1787938895 3.88 3.41 3.78 6/4416 9850
1787938900 3.65 3.37 3.76 4/4429 9853
1787938905 3.44 3.33 3.75 3/4417 9856
1787938910 3.40 3.33 3.74 5/4422 9859
1787938915 3.37 3.32 3.74 3/4482 9862
1787938920 3.10 3.26 3.72 2/4484 9865
1787938925 2.93 3.23 3.70 6/4486 9868
1787938930 2.78 3.19 3.69 7/4468 9871
1787938935 2.95 3.22 3.69 6/4453 9874
1787938940 2.72 3.17 3.67 3/4436 9877
1787938945 2.58 3.13 3.66 5/4479 9880
1787938950 2.45 3.09 3.64 4/4508 9883
1787938955 2.66 3.13 3.65 37/4447 9886
1787938960 2.68 3.12 3.65 3/4487 9889
1787938965 2.79 3.14 3.65 5/4522 9892
1787938970 2.65 3.10 3.64 5/4523 9895
1787938975 2.83 3.13 3.64 2/4560 9898
1787938980 3.01 3.17 3.65 2/4559 9901
1787938985 2.93 3.15 3.64 2/4527 9904
1787938990 3.01 3.16 3.64 8/4521 9907
1787938995 3.09 3.17 3.65 4/4546 9910
1787939000 3.08 3.17 3.64 2/4527 9913
1787939005 2.84 3.12 3.62 1/4570 9916
1787939010 3.01 3.15 3.63 4/4593 9919
1787939015 3.01 3.15 3.63 16/4637 9922
1787939020 3.17 3.18 3.63 3/4672 9925
1787939025 3.24 3.19 3.64 2/4636 9928
1787939030 3.22 3.19 3.63 5/4668 9931
1787939035 3.44 3.24 3.65 3/4650 9934
1787939040 4.05 3.36 3.69 3/4662 9937
1787939045 4.04 3.37 3.69 2/4611 9940
1787939050 3.96 3.37 3.68 4/4676 9943
1787939055 3.80 3.35 3.67 6/4685 9946
1787939060 3.58 3.31 3.66 9/4678 9949
1787939065 3.37 3.27 3.64 1/4706 9952
1787939070 3.18 3.23 3.63 4/4711 9955
1787939075 3.25 3.24 3.63 5/4682 9958
1787939080 3.15 3.22 3.62 2/4628 9961
1787939085 3.13 3.22 3.62 1/4666 9964
1787939090 2.96 3.18 3.61 3/4655 9967
1787939095 2.89 3.16 3.60 2/4697 9970
1787939100 2.73 3.12 3.58 1/4828 9973
1787939105 2.60 3.09 3.57 4/4858 9976
1787939110 2.55 3.07 3.56 3/4986 9979
1787939115 2.50 3.05 3.55 2/4999 9982
1787939120 2.46 3.04 3.54 2/5047 9985
1787939125 2.59 3.05 3.55 4/4334 10041
1787939130 2.70 3.07 3.55 2/4247 10044
1787939135 2.72 3.07 3.54 2/4246 10047
1787939140 2.75 3.06 3.54 13/4258 10050
1787939145 2.77 3.06 3.54 3/4259 10053
1787939150 2.63 3.03 3.53 5/4248 10056
1787939155 2.66 3.03 3.52 2/4329 10059
1787939160 2.52 2.99 3.51 2/4320 10062
1787939165 2.64 3.01 3.51 2/4283 10065
1787939170 2.51 2.98 3.50 6/4278 10068
1787939175 2.39 2.94 3.48 7/4319 10071
1787939180 2.28 2.91 3.47 4/4275 10074
1787939185 2.09 2.86 3.45 5/4368 10077
1787939190 2.33 2.90 3.46 8/4384 10080
1787939195 2.38 2.90 3.46 4/4343 10083
1787939200 2.27 2.87 3.44 3/4336 10086
1787939205 2.25 2.85 3.44 2/4369 10089
1787939210 2.15 2.82 3.42 3/4346 10092
1787939215 2.06 2.79 3.41 5/4399 10095
1787939220 2.13 2.80 3.41 3/4436 10098
1787939225 2.28 2.82 3.41 6/4385 10101
1787939230 2.74 2.90 3.44 9/4420 10104
1787939235 2.84 2.92 3.44 5/4413 10107
1787939240 2.93 2.94 3.44 7/4420 10110
1787939245 2.94 2.94 3.44 4/4465 10113
1787939250 3.02 2.96 3.44 3/4443 10116
1787939255 3.02 2.96 3.44 5/4411 10119
1787939260 3.26 3.01 3.45 6/4472 10122
1787939265 3.16 2.99 3.45 6/4469 10125
1787939270 2.99 2.96 3.43 12/4479 10128
1787939275 2.99 2.96 3.43 3/4488 10131
1787939280 3.55 3.08 3.47 3/4498 10134
1787939285 3.51 3.08 3.46 2/4453 10137
1787939290 3.30 3.04 3.45 3/4456 10140
1787939295 3.28 3.04 3.45 1/4459 10143
1787939300 3.18 3.02 3.44 1/4453 10146
1787939305 3.32 3.06 3.45 1/4505 10149
1787939310 3.14 3.02 3.44 3/4516 10152
1787939315 2.97 2.99 3.42 2/4518 10155
1787939320 2.97 2.99 3.42 6/4507 10158
1787939325 3.13 3.02 3.43 4/4515 10161
1787939330 2.96 2.99 3.42 4/4514 10164
1787939335 2.96 2.99 3.41 2/4560 10168
1787939340 2.81 2.96 3.40 2/4601 10173
1787939345 2.66 2.92 3.39 3/4552 10176
1787939350 2.85 2.96 3.40 6/4582 10179
1787939355 2.78 2.94 3.39 5/4535 10182
1787939360 2.96 2.98 3.40 3/4531 10185
1787939365 2.96 2.98 3.39 7/4595 10188
1787939370 3.13 3.01 3.40 2/4579 10191
1787939375 3.04 2.99 3.39 3/4548 10194
1787939380 3.19 3.03 3.40 3/4584 10197
1787939385 3.26 3.04 3.41 3/4614 10200
1787939390 3.24 3.04 3.40 4/4601 10203
1787939395 3.14 3.03 3.40 2/4662 10206
1787939400 2.97 2.99 3.38 1/4653 10209
1787939405 2.81 2.96 3.37 4/4662 10212
1787939410 2.82 2.96 3.37 3/4639 10215
1787939415 3.08 3.01 3.38 1/4636 10218
1787939420 2.99 2.99 3.37 3/4647 10221
1787939425 2.83 2.96 3.36 3/4729 10224
1787939430 2.77 2.94 3.35 8/4697 10227
1787939435 2.62 2.91 3.34 4/4711 10230
1787939440 2.81 2.95 3.35 3/4764 10233
1787939445 2.83 2.95 3.35 3/4714 10236
1787939450 2.84 2.95 3.35 5/4744 10239
1787939455 2.78 2.93 3.34 5/4755 10242
1787939460 2.71 2.92 3.33 5/4776 10245
1787939465 2.82 2.93 3.34 4/4814 10248
1787939470 3.47 3.07 3.38 6/4845 10251
1787939475 3.43 3.07 3.37 4/4950 10254
1787939480 3.32 3.05 3.37 3/4988 10257
1787939485 3.29 3.05 3.36 3/5095 10260
