poll at Sat Sep  5 23:21:05 UTC 2026
=== RUN 1 ===
exitstatus: 0
poll at Sat Sep  5 23:23:10 UTC 2026
=== RUN 1 ===
exitstatus mtime: 2026-09-05 23:16:50.745117446 +0000
poll at Sat Sep  5 23:25:20 UTC 2026: === RUN 1 ===
poll at Sat Sep  5 23:27:20 UTC 2026: === RUN 2 ===
poll at Sat Sep  5 23:29:20 UTC 2026: === RUN 2 ===
poll at Sat Sep  5 23:31:20 UTC 2026: === RUN 2 ===
poll at Sat Sep  5 23:33:20 UTC 2026: === RUN 3 ===
poll at Sat Sep  5 23:35:23 UTC 2026: === RUN 3 ===
poll at Sat Sep  5 23:37:23 UTC 2026: === RUN 3 ===
poll at Sat Sep  5 23:39:23 UTC 2026: === RUN 4 ===
poll at Sat Sep  5 23:41:23 UTC 2026: === RUN 4 ===
poll at Sat Sep  5 23:43:23 UTC 2026: === RUN 4 ===
poll at Sat Sep  5 23:45:26 UTC 2026: === RUN 5 ===
poll at Sat Sep  5 23:47:26 UTC 2026: === RUN 5 ===
poll at Sat Sep  5 23:49:26 UTC 2026: === RUN 5 ===
poll at Sat Sep  5 23:51:26 UTC 2026: === RUN 5 ===
poll at Sat Sep  5 23:53:26 UTC 2026: === RUN 6 ===
poll at Sat Sep  5 23:55:28 UTC 2026: === RUN 6 ===
poll at Sat Sep  5 23:57:28 UTC 2026: === RUN 6 ===
poll at Sat Sep  5 23:59:28 UTC 2026: === RUN 7 ===
poll at Sun Sep  6 00:01:28 UTC 2026: === RUN 7 ===
poll at Sun Sep  6 00:03:28 UTC 2026: === RUN 7 ===
poll at Sun Sep  6 00:05:31 UTC 2026: === RUN 8 ===
poll at Sun Sep  6 00:07:31 UTC 2026: === RUN 8 ===
poll at Sun Sep  6 00:09:31 UTC 2026: === RUN 8 ===
poll at Sun Sep  6 00:11:31 UTC 2026: === RUN 9 ===
poll at Sun Sep  6 00:13:31 UTC 2026: === RUN 9 ===
poll at Sun Sep  6 00:15:33 UTC 2026: === RUN 9 ===
poll at Sun Sep  6 00:17:33 UTC 2026: === RUN 9 ===
poll at Sun Sep  6 00:19:33 UTC 2026: === RUN 10 ===
poll at Sun Sep  6 00:21:33 UTC 2026: === RUN 10 ===
poll at Sun Sep  6 00:23:33 UTC 2026: === RUN 10 ===
poll at Sun Sep  6 00:25:36 UTC 2026: 10/10 passed
