=== RUN   TestFeatures
[1;37mFeature:[0m §11.8 mouse bindings and the [ui] mouse / DECK_MOUSE opt-out (requirements 33-37, 41)
  Every gesture below duplicates an existing key -- none is the only way to
  perform its action -- and hit-testing resolves each click through the
  same layout the renderer itself drew from (task 028). With mouse
  reporting off, every one of these gestures is a no-op and only the
  shortcut is lost; the keyboard path underneath keeps working.
=== RUN   TestFeatures/DECK_MOUSE=0_disables_every_mouse_gesture,_and_only_the_shortcut_is_lost

  [1;37mScenario:[0m DECK_MOUSE=0 disables every mouse gesture, and only the shortcut is lost     [1;30m# mouse.feature:243[0m
    [32mGiven[0m [32mthe deck config disables mouse reporting[0m                                       [1;30m# mouse_control_test.go:20 -> github.com/n-orlov/deck/features.deckConfigDisablesMouse[0m
    [32mAnd[0m [32mdeck client "A" is started[0m                                                       [1;30m# assertions_test.go:27 -> github.com/n-orlov/deck/features.startNamedClient[0m
    [32mWhen[0m [32mdeck client "A" creates shell session "mouse-off-alpha"[0m                         [1;30m# assertions_test.go:52 -> github.com/n-orlov/deck/features.clientCreatesShellSession[0m
    [32mAnd[0m [32mdeck client "A" creates shell session "mouse-off-bravo"[0m                          [1;30m# assertions_test.go:52 -> github.com/n-orlov/deck/features.clientCreatesShellSession[0m
    [32mAnd[0m [32mthe state database session "mouse-off-alpha" has status "idle" 20 seconds ago[0m    [1;30m# attention_sort_test.go:22 -> github.com/n-orlov/deck/features.setSessionStatusSecondsAgo[0m
    [32mAnd[0m [32mthe state database session "mouse-off-bravo" has status "idle" 10 seconds ago[0m    [1;30m# attention_sort_test.go:22 -> github.com/n-orlov/deck/features.setSessionStatusSecondsAgo[0m
    [32mThen[0m [32mwithin one configured reconcile interval deck client "A" screen contains "idle"[0m [1;30m# assertions_test.go:30 -> github.com/n-orlov/deck/features.clientScreenContainsWithinReconcileInterval[0m
    [32mAnd[0m [32mdeck client "A" captures its settled frame as "before-mouse-off-click"[0m           [1;30m# mouse_synthesis_test.go:121 -> github.com/n-orlov/deck/features.clientCapturesSettledFrameAs[0m
    [32mAnd[0m [32mdeck client "A" clicks on the row containing "mouse-off-bravo"[0m                   [1;30m# mouse_bindings_test.go:20 -> github.com/n-orlov/deck/features.clientClicksOnRowContaining[0m
    [32mThen[0m [32mdeck client "A" frame still matches the captured "before-mouse-off-click" frame[0m [1;30m# mouse_synthesis_test.go:122 -> github.com/n-orlov/deck/features.clientFrameStillMatchesCaptured[0m
    [32mWhen[0m [32mdeck client "A" selects session "mouse-off-bravo"[0m                               [1;30m# attention_sort_test.go:24 -> github.com/n-orlov/deck/features.clientSelectsSessionByName[0m
    [32mThen[0m [32mdeck client "A" has session "mouse-off-bravo" selected[0m                          [1;30m# attention_sort_test.go:25 -> github.com/n-orlov/deck/features.clientHasSessionSelected[0m
    [32mWhen[0m [32mdeck client "A" exits cleanly[0m                                                   [1;30m# assertions_test.go:66 -> github.com/n-orlov/deck/features.clientExitsCleanly[0m

1 scenarios ([32m1 passed[0m)
13 steps ([32m13 passed[0m)
1.640397761s
--- PASS: TestFeatures (1.65s)
    --- PASS: TestFeatures/DECK_MOUSE=0_disables_every_mouse_gesture,_and_only_the_shortcut_is_lost (1.63s)
PASS
ok  	github.com/n-orlov/deck/features	1.662s
