=== RUN   TestBulkDeleteConfirmStaysWithinFrameBudgetAt80x24
--- PASS: TestBulkDeleteConfirmStaysWithinFrameBudgetAt80x24 (0.00s)
=== RUN   TestBulkDeleteConfirmSubmitLineVisibleForAnOrdinaryMarkSet
--- PASS: TestBulkDeleteConfirmSubmitLineVisibleForAnOrdinaryMarkSet (0.00s)
=== RUN   TestBulkDeleteConfirmSubmitLinePinnedWhileTheMarkListScrolls
--- PASS: TestBulkDeleteConfirmSubmitLinePinnedWhileTheMarkListScrolls (0.00s)
=== RUN   TestCreateViewStaysWithinFrameBudgetAt80x24
--- PASS: TestCreateViewStaysWithinFrameBudgetAt80x24 (0.00s)
=== RUN   TestCreateViewSubmitLineReachableViaPgDown
--- PASS: TestCreateViewSubmitLineReachableViaPgDown (0.00s)
=== RUN   TestEnvViewStaysWithinFrameBudgetAt80x24
--- PASS: TestEnvViewStaysWithinFrameBudgetAt80x24 (0.00s)
=== RUN   TestEnvViewClosingHintReachableViaPgDown
--- PASS: TestEnvViewClosingHintReachableViaPgDown (0.00s)
=== RUN   TestEnvViewEditPromptAndSubmitLineVisibleWhenListOverflows
--- PASS: TestEnvViewEditPromptAndSubmitLineVisibleWhenListOverflows (0.00s)
=== RUN   TestHelpOverlayStaysWithinFrameBudgetAt80x24
--- PASS: TestHelpOverlayStaysWithinFrameBudgetAt80x24 (0.00s)
=== RUN   TestEventLogStaysWithinFrameBudgetAt80x24
--- PASS: TestEventLogStaysWithinFrameBudgetAt80x24 (0.02s)
=== RUN   TestDetailViewStaysWithinFrameBudgetAt80x24
--- PASS: TestDetailViewStaysWithinFrameBudgetAt80x24 (0.00s)
PASS
ok  	github.com/n-orlov/deck/internal/tui	0.042s
