$ python3 docs/reports/phase3g-606-guards/citation_sweep.py
=== 1. sha citations (single-backtick spans only; fenced blocks excluded) ===
96 unique candidate shas across both files
non-resolving shas: (none)

=== 2. markdown link targets ===
114 link targets checked
unresolved: (none)

=== 3. backtick-quoted repository paths (single-backtick spans only) ===
347 candidate backtick paths checked
unresolved by the fixed base-directory list: ['001-202.md', 'citation-sweep.log', 'citation_sweep.py', 'criterion-a-greps.log', 'dialog-contrast-v.log', 'features-go-test.log', 'full-suite-verbose.log', 'full-suite.log', 'full-target-suite.log', 'go-test-features.log', 'go-test-overlay-line-scroll-verbose.log', 'go-test-parity-verbose.log', 'go-test-tui.log', 'godog-run.log', 'gotest-output-buffering-probe.log', 'green-1.log', 'green-2.log', 'green-3.log', 'green-80x24-bounds.log', 'green-after-fix-feature.log', 'green-after-fix-unit.log', 'green-after-fix.log', 'green-dialogs-feature.log', 'green-filter-feature.log', 'green-footer-eligibility.log', 'green-internal-tui.log', 'green-lease-release-failure.log', 'green-run-1.log', 'green-run1.log', 'green-run2.log', 'green-run3.log', 'green-service-cleanup-present.log', 'green-store-archived.log', 'green-store-last-create-agent.log', 'green-store-service-packages.log', 'green-tui-last-used-agent.log', 'green.log', 'inject.go', 'internal-tui-go-test.log', 'internal-tui-tests.log', 'main.go', 'mutation-rectangular.log', 'mutation-renderer-noop.log', 'mutation-unrendered-note.log', 'negative-recorded-ratio-drift-fails.log', 'negative-unlisted-pair-fails.log', 'no_leak_scan.log', 'notes.md', 'original-assertion-red.log', 'overlays-and-parity-green.log', 'positive-control-red.log', 'prds/phase3g-residuals-and-suite-determinism.md', 'preview-floor-assertion-forced-red.log', 'protected-path-all-refs.log', 'protected-path-check.log', 'receiver.go:222', 'red-2-spent-verdicts-refreeze.log', 'red-P-added-back.log', 'red-before-fix-feature.log', 'red-comma-removed.log', 'red-disabled-clear-loadbearing.log', 'red-feature-summary.log', 'red-feature-tail.log', 'settings-go-untouched.log', 'targeted-suite-tui.log', 'task010-bounded-batch-mutation-red.log', 'task010-frozen-clock-mutation-red.log', 'task011-callsite-removed-mutation-red.log', 'task011-green-store-service-cmd-deck.log', 'tasks.json', 'theme-suite-green.log']

=== 3b. manual disposition of every string unresolved above ===
(class E: recursively search docs/reports/ for a same-named file, since
 the surrounding prose names a specific report subdirectory a few words
 earlier that the fixed base-directory list above does not try; classes
 B/C/D/F: known, hardcoded, deliberate non-resolutions)

  DELIBERATE  '001-202.md': class F (new) -- not a repository file at all: the identifier of an operator ruling delivered to this run outside the repository. phase3g-findings.md's own F33 names it plainly ('operator ruling identified as `001-202`... delivered to this run outside the repository, not part of the tracked record, so not linked here'); phase3g.md's task-202 table row and its prose two lines later abbreviate the same identifier with a `.md` suffix and no repeated disclosure at that exact sentence. The disclosure exists elsewhere in the same two-file record (findings.md F33), so the citation is deliberate and accounted for, not silently missing.
  RESOLVED    'citation-sweep.log': found at ['docs/reports/phase3e-409-findings-4a-correction/citation-sweep.log', 'docs/reports/phase3e-410-closeout/citation-sweep.log', 'docs/reports/phase3f-027-closeout/citation-sweep.log', 'docs/reports/phase3f-038-closeout/citation-sweep.log', 'docs/reports/phase3g-113-closeout/citation-sweep.log', 'docs/reports/phase3g-504-report-update/citation-sweep.log'] (class D/E: bare abbreviation of a file the surrounding prose names in full a few words earlier)
  RESOLVED    'citation_sweep.py': found at ['docs/reports/phase3e-410-closeout/citation_sweep.py', 'docs/reports/phase3f-027-closeout/citation_sweep.py', 'docs/reports/phase3g-113-closeout/citation_sweep.py', 'docs/reports/phase3g-606-guards/citation_sweep.py'] (class D/E: bare abbreviation of a file the surrounding prose names in full a few words earlier)
  RESOLVED    'criterion-a-greps.log': found at ['docs/reports/phase3g-108-r86-proof/criterion-a-greps.log'] (class D/E: bare abbreviation of a file the surrounding prose names in full a few words earlier)
  RESOLVED    'dialog-contrast-v.log': found at ['docs/reports/phase3g-106-contrast-floor/dialog-contrast-v.log'] (class D/E: bare abbreviation of a file the surrounding prose names in full a few words earlier)
  RESOLVED    'features-go-test.log': found at ['docs/reports/phase3g-107-dialog-degradation-net/features-go-test.log'] (class D/E: bare abbreviation of a file the surrounding prose names in full a few words earlier)
  RESOLVED    'full-suite-verbose.log': found at ['docs/reports/phase3g-508-fullsuite/full-suite-verbose.log'] (class D/E: bare abbreviation of a file the surrounding prose names in full a few words earlier)
  RESOLVED    'full-suite.log': found at ['docs/reports/phase3g-111-fullsuite/full-suite.log', 'docs/reports/phase3g-508-fullsuite/full-suite.log', 'docs/reports/phase3g-604-fullsuite/full-suite.log', 'docs/reports/phase3g-604-fullsuite/superseded-2f0ef61/full-suite.log'] (class D/E: bare abbreviation of a file the surrounding prose names in full a few words earlier)
  RESOLVED    'full-target-suite.log': found at ['docs/reports/phase3g-031-sigterm-panic-interactive-cleanup/full-target-suite.log'] (class D/E: bare abbreviation of a file the surrounding prose names in full a few words earlier)
  RESOLVED    'go-test-features.log': found at ['docs/reports/phase3g-108-r86-proof/go-test-features.log'] (class D/E: bare abbreviation of a file the surrounding prose names in full a few words earlier)
  RESOLVED    'go-test-overlay-line-scroll-verbose.log': found at ['docs/reports/phase3g-108-r86-proof/go-test-overlay-line-scroll-verbose.log'] (class D/E: bare abbreviation of a file the surrounding prose names in full a few words earlier)
  RESOLVED    'go-test-parity-verbose.log': found at ['docs/reports/phase3g-108-r86-proof/go-test-parity-verbose.log'] (class D/E: bare abbreviation of a file the surrounding prose names in full a few words earlier)
  RESOLVED    'go-test-tui.log': found at ['docs/reports/phase3g-108-r86-proof/go-test-tui.log'] (class D/E: bare abbreviation of a file the surrounding prose names in full a few words earlier)
  RESOLVED    'godog-run.log': found at ['docs/reports/phase3g-104-title-independent-waits/godog-run.log'] (class D/E: bare abbreviation of a file the surrounding prose names in full a few words earlier)
  RESOLVED    'gotest-output-buffering-probe.log': found at ['docs/reports/phase3g-508-fullsuite/gotest-output-buffering-probe.log'] (class D/E: bare abbreviation of a file the surrounding prose names in full a few words earlier)
  RESOLVED    'green-1.log': found at ['docs/reports/phase3e-stability/redproof-interactive-goroutine-leak/green-1.log', 'docs/reports/phase3g-101-agent-wait-wrap/green-1.log'] (class D/E: bare abbreviation of a file the surrounding prose names in full a few words earlier)
  RESOLVED    'green-2.log': found at ['docs/reports/phase3g-101-agent-wait-wrap/green-2.log'] (class D/E: bare abbreviation of a file the surrounding prose names in full a few words earlier)
  RESOLVED    'green-3.log': found at ['docs/reports/phase3g-101-agent-wait-wrap/green-3.log'] (class D/E: bare abbreviation of a file the surrounding prose names in full a few words earlier)
  RESOLVED    'green-80x24-bounds.log': found at ['docs/reports/phase3g-038-r83-dialog-frame-bound/green-80x24-bounds.log'] (class D/E: bare abbreviation of a file the surrounding prose names in full a few words earlier)
  RESOLVED    'green-after-fix-feature.log': found at ['docs/reports/phase3g-030-reclaim-leaked-interactive-pipe/green-after-fix-feature.log'] (class D/E: bare abbreviation of a file the surrounding prose names in full a few words earlier)
  RESOLVED    'green-after-fix-unit.log': found at ['docs/reports/phase3g-030-reclaim-leaked-interactive-pipe/green-after-fix-unit.log'] (class D/E: bare abbreviation of a file the surrounding prose names in full a few words earlier)
  RESOLVED    'green-after-fix.log': found at ['docs/reports/phase3g-001-r76-terminal-row-live-pane/green-after-fix.log', 'docs/reports/phase3g-029-inject-retained-dead-pane/green-after-fix.log', 'docs/reports/phase3g-038-r86-dialog-arrow-nav/green-after-fix.log', 'docs/reports/phase3g-038-r91-previewfit-latch/green-after-fix.log'] (class D/E: bare abbreviation of a file the surrounding prose names in full a few words earlier)
  RESOLVED    'green-dialogs-feature.log': found at ['docs/reports/phase3g-105-rename-selection/green-dialogs-feature.log'] (class D/E: bare abbreviation of a file the surrounding prose names in full a few words earlier)
  RESOLVED    'green-filter-feature.log': found at ['docs/reports/phase3g-038-r78-archived-name-dd/green-filter-feature.log'] (class D/E: bare abbreviation of a file the surrounding prose names in full a few words earlier)
  RESOLVED    'green-footer-eligibility.log': found at ['docs/reports/phase3g-038-r80-r81-footer-eligibility/green-footer-eligibility.log'] (class D/E: bare abbreviation of a file the surrounding prose names in full a few words earlier)
  RESOLVED    'green-internal-tui.log': found at ['docs/reports/phase3g-105-rename-selection/green-internal-tui.log'] (class D/E: bare abbreviation of a file the surrounding prose names in full a few words earlier)
  RESOLVED    'green-lease-release-failure.log': found at ['docs/reports/phase3g-038-r92-lease-release-failure/green-lease-release-failure.log'] (class D/E: bare abbreviation of a file the surrounding prose names in full a few words earlier)
  RESOLVED    'green-run-1.log': found at ['docs/reports/phase3g-102-clear-recents-label/green-run-1.log'] (class D/E: bare abbreviation of a file the surrounding prose names in full a few words earlier)
  RESOLVED    'green-run1.log': found at ['docs/reports/phase3g-103-hook-sessionend-repair/green-run1.log'] (class D/E: bare abbreviation of a file the surrounding prose names in full a few words earlier)
  RESOLVED    'green-run2.log': found at ['docs/reports/phase3g-103-hook-sessionend-repair/green-run2.log'] (class D/E: bare abbreviation of a file the surrounding prose names in full a few words earlier)
  RESOLVED    'green-run3.log': found at ['docs/reports/phase3g-103-hook-sessionend-repair/green-run3.log'] (class D/E: bare abbreviation of a file the surrounding prose names in full a few words earlier)
  RESOLVED    'green-service-cleanup-present.log': found at ['docs/reports/phase3g-003-r77-name-reuse-reap/green-service-cleanup-present.log'] (class D/E: bare abbreviation of a file the surrounding prose names in full a few words earlier)
  RESOLVED    'green-store-archived.log': found at ['docs/reports/phase3g-038-r78-archived-name-dd/green-store-archived.log'] (class D/E: bare abbreviation of a file the surrounding prose names in full a few words earlier)
  RESOLVED    'green-store-last-create-agent.log': found at ['docs/reports/phase3g-038-r85-last-used-agent/green-store-last-create-agent.log'] (class D/E: bare abbreviation of a file the surrounding prose names in full a few words earlier)
  RESOLVED    'green-store-service-packages.log': found at ['docs/reports/phase3g-003-r77-name-reuse-reap/green-store-service-packages.log'] (class D/E: bare abbreviation of a file the surrounding prose names in full a few words earlier)
  RESOLVED    'green-tui-last-used-agent.log': found at ['docs/reports/phase3g-038-r85-last-used-agent/green-tui-last-used-agent.log'] (class D/E: bare abbreviation of a file the surrounding prose names in full a few words earlier)
  RESOLVED    'green.log': found at ['docs/reports/phase3e-302-r52-godog/green.log', 'docs/reports/phase3e-307-r53-orders/green.log', 'docs/reports/phase3g-031-sigterm-panic-interactive-cleanup/green.log', 'docs/reports/phase3g-201-rename-reuse-cleanup/green.log', 'docs/reports/phase3g-202-tombstone-drain/green.log'] (class D/E: bare abbreviation of a file the surrounding prose names in full a few words earlier)
  RESOLVED    'inject.go': found at ['internal/service/inject.go'] (class D/E: bare abbreviation of a file the surrounding prose names in full a few words earlier)
  RESOLVED    'internal-tui-go-test.log': found at ['docs/reports/phase3g-107-dialog-degradation-net/internal-tui-go-test.log'] (class D/E: bare abbreviation of a file the surrounding prose names in full a few words earlier)
  RESOLVED    'internal-tui-tests.log': found at ['docs/reports/phase3g-035-previewfit-no-live-pane-latch/internal-tui-tests.log'] (class D/E: bare abbreviation of a file the surrounding prose names in full a few words earlier)
  RESOLVED    'main.go': found at ['cmd/deck/main.go'] (class D/E: bare abbreviation of a file the surrounding prose names in full a few words earlier)
  RESOLVED    'mutation-rectangular.log': found at ['docs/reports/phase3g-206-r93-visible-selection/mutation-rectangular.log'] (class D/E: bare abbreviation of a file the surrounding prose names in full a few words earlier)
  RESOLVED    'mutation-renderer-noop.log': found at ['docs/reports/phase3g-206-r93-visible-selection/mutation-renderer-noop.log'] (class D/E: bare abbreviation of a file the surrounding prose names in full a few words earlier)
  RESOLVED    'mutation-unrendered-note.log': found at ['docs/reports/phase3g-207-copy-confirmation/mutation-unrendered-note.log'] (class D/E: bare abbreviation of a file the surrounding prose names in full a few words earlier)
  RESOLVED    'negative-recorded-ratio-drift-fails.log': found at ['docs/reports/phase3g-106-contrast-floor/negative-recorded-ratio-drift-fails.log'] (class D/E: bare abbreviation of a file the surrounding prose names in full a few words earlier)
  RESOLVED    'negative-unlisted-pair-fails.log': found at ['docs/reports/phase3g-106-contrast-floor/negative-unlisted-pair-fails.log'] (class D/E: bare abbreviation of a file the surrounding prose names in full a few words earlier)
  RESOLVED    'no_leak_scan.log': found at ['docs/reports/phase3g-031-sigterm-panic-interactive-cleanup/no_leak_scan.log'] (class D/E: bare abbreviation of a file the surrounding prose names in full a few words earlier)
  DELIBERATE  'notes.md': class C -- phase3g.md:893 ('see `notes.md`') refers to this run's own /run/ralphd/notes.md, outside this repository, tracking the wider ~19-site title convergence as a still-open item. Same wording gap as tasks.json above, same disposition.
  RESOLVED    'original-assertion-red.log': found at ['docs/reports/phase3g-203-r82-assertion-conflict/original-assertion-red.log'] (class D/E: bare abbreviation of a file the surrounding prose names in full a few words earlier)
  RESOLVED    'overlays-and-parity-green.log': found at ['docs/reports/phase3g-038-r86-dialog-arrow-nav/overlays-and-parity-green.log'] (class D/E: bare abbreviation of a file the surrounding prose names in full a few words earlier)
  RESOLVED    'positive-control-red.log': found at ['docs/reports/phase3g-203-r82-assertion-conflict/positive-control-red.log'] (class D/E: bare abbreviation of a file the surrounding prose names in full a few words earlier)
  DELIBERATE  'prds/phase3g-residuals-and-suite-determinism.md': class B -- phase3g-findings.md quotes this exact wrong filename to name an earlier draft's mistake; the correct file is prds/phase3f-residuals-and-suite-determinism.md, which exists. The string is deliberately non-resolving and the surrounding sentence says so.
  RESOLVED    'preview-floor-assertion-forced-red.log': found at ['docs/reports/phase3g-035-previewfit-no-live-pane-latch/preview-floor-assertion-forced-red.log'] (class D/E: bare abbreviation of a file the surrounding prose names in full a few words earlier)
  RESOLVED    'protected-path-all-refs.log': found at ['docs/reports/phase3g-113-closeout/protected-path-all-refs.log'] (class D/E: bare abbreviation of a file the surrounding prose names in full a few words earlier)
  RESOLVED    'protected-path-check.log': found at ['docs/reports/phase3d-212-closeout/protected-path-check.log', 'docs/reports/phase3e-328-closeout/protected-path-check.log', 'docs/reports/phase3e-410-closeout/protected-path-check.log', 'docs/reports/phase3f-027-closeout/protected-path-check.log', 'docs/reports/phase3f-038-closeout/protected-path-check.log', 'docs/reports/phase3g-113-closeout/protected-path-check.log'] (class D/E: bare abbreviation of a file the surrounding prose names in full a few words earlier)
  RESOLVED    'receiver.go:222': found at ['internal/hookrecv/receiver.go'] (class D/E: bare abbreviation of a file the surrounding prose names in full a few words earlier)
  RESOLVED    'red-2-spent-verdicts-refreeze.log': found at ['docs/reports/phase3g-001-r76-terminal-row-live-pane/red-2-spent-verdicts-refreeze.log'] (class D/E: bare abbreviation of a file the surrounding prose names in full a few words earlier)
  RESOLVED    'red-P-added-back.log': found at ['docs/reports/phase3g-015-footer-bindings-parity/red-P-added-back.log'] (class D/E: bare abbreviation of a file the surrounding prose names in full a few words earlier)
  RESOLVED    'red-before-fix-feature.log': found at ['docs/reports/phase3g-030-reclaim-leaked-interactive-pipe/red-before-fix-feature.log'] (class D/E: bare abbreviation of a file the surrounding prose names in full a few words earlier)
  RESOLVED    'red-comma-removed.log': found at ['docs/reports/phase3g-015-footer-bindings-parity/red-comma-removed.log'] (class D/E: bare abbreviation of a file the surrounding prose names in full a few words earlier)
  RESOLVED    'red-disabled-clear-loadbearing.log': found at ['docs/reports/phase3g-102-clear-recents-label/red-disabled-clear-loadbearing.log'] (class D/E: bare abbreviation of a file the surrounding prose names in full a few words earlier)
  RESOLVED    'red-feature-summary.log': found at ['docs/reports/phase3g-027-esc-clears-held-filter/red-feature-summary.log'] (class D/E: bare abbreviation of a file the surrounding prose names in full a few words earlier)
  RESOLVED    'red-feature-tail.log': found at ['docs/reports/phase3g-027-esc-clears-held-filter/red-feature-tail.log'] (class D/E: bare abbreviation of a file the surrounding prose names in full a few words earlier)
  RESOLVED    'settings-go-untouched.log': found at ['docs/reports/phase3g-108-r86-proof/settings-go-untouched.log'] (class D/E: bare abbreviation of a file the surrounding prose names in full a few words earlier)
  RESOLVED    'targeted-suite-tui.log': found at ['docs/reports/phase3g-207-copy-confirmation/targeted-suite-tui.log'] (class D/E: bare abbreviation of a file the surrounding prose names in full a few words earlier)
  RESOLVED    'task010-bounded-batch-mutation-red.log': found at ['docs/reports/phase3g-010-011-tombstone-sweep-evidence/task010-bounded-batch-mutation-red.log'] (class D/E: bare abbreviation of a file the surrounding prose names in full a few words earlier)
  RESOLVED    'task010-frozen-clock-mutation-red.log': found at ['docs/reports/phase3g-010-011-tombstone-sweep-evidence/task010-frozen-clock-mutation-red.log'] (class D/E: bare abbreviation of a file the surrounding prose names in full a few words earlier)
  RESOLVED    'task011-callsite-removed-mutation-red.log': found at ['docs/reports/phase3g-010-011-tombstone-sweep-evidence/task011-callsite-removed-mutation-red.log'] (class D/E: bare abbreviation of a file the surrounding prose names in full a few words earlier)
  RESOLVED    'task011-green-store-service-cmd-deck.log': found at ['docs/reports/phase3g-010-011-tombstone-sweep-evidence/task011-green-store-service-cmd-deck.log'] (class D/E: bare abbreviation of a file the surrounding prose names in full a few words earlier)
  DELIBERATE  'tasks.json': class C -- every occurrence (phase3g-findings.md, task 026's own unsatisfiableReason) refers to this run's /run/ralphd/tasks.json, outside this repository. Bare, not prefixed with /run/ralphd/ and not carrying the explicit 'outside this repository' label at the citing sentence itself -- a pre-existing wording gap in text task 606 does not own or edit, disclosed here rather than silently passed.
  RESOLVED    'theme-suite-green.log': found at ['docs/reports/phase3g-106-contrast-floor/theme-suite-green.log'] (class D/E: bare abbreviation of a file the surrounding prose names in full a few words earlier)

STILL UNRESOLVED AFTER MANUAL DISPOSITION: (none) -- every candidate is either a real repository path, or one of the deliberate/disclosed classes above.
exit=0
