=== RUN   TestBlackBoxAssertionsObserveRealSession
--- PASS: TestBlackBoxAssertionsObserveRealSession (0.94s)
=== RUN   TestTokenFormAssertionsResolveThroughPinnedThemeAndCanFail
token-form assertions discriminate: accent=#00ff00
--- PASS: TestTokenFormAssertionsResolveThroughPinnedThemeAndCanFail (0.00s)
=== RUN   TestCoalescedTwoKeystrokesWithNoDelayStillDispatchBoth
--- PASS: TestCoalescedTwoKeystrokesWithNoDelayStillDispatchBoth (0.57s)
=== RUN   TestClientFrameHasNoColourAnywhereCanFail
    color_depth_no_colour_floor_test.go:53: clientFrameHasNoColourAnywhere correctly failed against a colour-enabled client: client "floor-proof" cell at row 0 column 0 has foreground #0d9488 under NO_COLOR, want none
--- PASS: TestClientFrameHasNoColourAnywhereCanFail (0.39s)
=== RUN   TestCreateModalKeyboardOnlyReachesEveryFieldAndExplanation
--- PASS: TestCreateModalKeyboardOnlyReachesEveryFieldAndExplanation (0.59s)
=== RUN   TestCreateModalWarnsBeforeReusingADeletedSessionsName
--- PASS: TestCreateModalWarnsBeforeReusingADeletedSessionsName (0.58s)
=== RUN   TestCellAttributeAssertionsCanFail
--- PASS: TestCellAttributeAssertionsCanFail (0.00s)
=== RUN   TestNoFeatureFileUsesTheI16RedDemoStep
--- PASS: TestNoFeatureFileUsesTheI16RedDemoStep (0.00s)
=== RUN   TestFingerprintDetectsMutations
=== RUN   TestFingerprintDetectsMutations/content_change
=== RUN   TestFingerprintDetectsMutations/mtime_touch
=== RUN   TestFingerprintDetectsMutations/added_file
=== RUN   TestFingerprintDetectsMutations/mode_change
=== RUN   TestFingerprintDetectsMutations/symlink_target_swap
=== RUN   TestFingerprintDetectsMutations/removed_file
=== RUN   TestFingerprintDetectsMutations/root_directory_mode_change
--- PASS: TestFingerprintDetectsMutations (0.00s)
    --- PASS: TestFingerprintDetectsMutations/content_change (0.00s)
    --- PASS: TestFingerprintDetectsMutations/mtime_touch (0.00s)
    --- PASS: TestFingerprintDetectsMutations/added_file (0.00s)
    --- PASS: TestFingerprintDetectsMutations/mode_change (0.00s)
    --- PASS: TestFingerprintDetectsMutations/symlink_target_swap (0.00s)
    --- PASS: TestFingerprintDetectsMutations/removed_file (0.00s)
    --- PASS: TestFingerprintDetectsMutations/root_directory_mode_change (0.00s)
=== RUN   TestFrameBudgetCanFail
--- PASS: TestFrameBudgetCanFail (0.00s)
=== RUN   TestFeatures
[1;37mFeature:[0m The create modal's §11.7 directory-only ghost completion (requirement 14)
  With the cursor at the end of the cwd field (there is no other cursor
  position: typing only appends, backspace only trims the end), a UNIQUE
  directory whose name starts with the segment after the field's last "/"
  is shown inline in the theme's dimmed token, and right/end accept it,
  completing to the match plus a trailing "/". Only directories are ever
  candidates -- a same-named file never blocks or substitutes for one. A
  hidden directory is a candidate only when the segment itself starts with
  ".". A leading "~" expands for scanning without being rewritten in what
  is typed or shown.
=== RUN   TestFeatures/a_unique_directory_match_ghosts_in_the_hint_token_and_right_accepts_it_with_a_trailing_slash

  [1;37mScenario:[0m a unique directory match ghosts in the hint token and right accepts it with a trailing slash                                            [1;30m# create_cwd_ghost.feature:14[0m
    [32mGiven[0m [32ma scratch directory labelled "unique-right" exists[0m                                                                                        [1;30m# create_cwd_ghost_test.go:24 -> github.com/n-orlov/deck/features.scratchDirectoryLabelledExists[0m
    [32mAnd[0m [32ma directory named "uniqueprojright" exists in the scratch directory labelled "unique-right"[0m                                                 [1;30m# create_cwd_ghost_test.go:25 -> github.com/n-orlov/deck/features.directoryExistsInScratch[0m
    [32mAnd[0m [32mdeck client "A" is started with colour enabled[0m                                                                                              [1;30m# cell_attributes_test.go:20 -> github.com/n-orlov/deck/features.startNamedClientWithColour[0m
    [32mWhen[0m [32mdeck client "A" opens the create modal[0m                                                                                                     [1;30m# create_session_test.go:21 -> github.com/n-orlov/deck/features.clientOpensCreateModal[0m
    [32mAnd[0m [32mdeck client "A" types "cwd-ghost-right-session" as the session name[0m                                                                         [1;30m# create_cwd_ghost_test.go:30 -> github.com/n-orlov/deck/features.clientTypesSessionName[0m
    [32mAnd[0m [32mdeck client "A" tabs to the cwd field[0m                                                                                                       [1;30m# create_session_test.go:28 -> github.com/n-orlov/deck/features.clientTabsToCWDField[0m
    [32mAnd[0m [32mdeck client "A" types the scratch directory labelled "unique-right" followed by "uniquep" into the cwd field[0m                                [1;30m# create_cwd_ghost_test.go:28 -> github.com/n-orlov/deck/features.clientTypesScratchDirPlusSegment[0m
    [32mThen[0m [32mdeck client "A" text "rojright/" has foreground token "hint"[0m                                                                               [1;30m# cell_attributes_test.go:50 -> github.com/n-orlov/deck/features.textHasForegroundToken[0m
    [32mAnd[0m [32mdeck client "A" cwd field shows ghost text[0m                                                                                                  [1;30m# create_cwd_ghost_test.go:34 -> github.com/n-orlov/deck/features.clientCWDFieldShowsGhostText[0m
    [32mWhen[0m [32mdeck client "A" presses "right" in the cwd field[0m                                                                                           [1;30m# create_cwd_ghost_test.go:29 -> github.com/n-orlov/deck/features.clientPressesKeyInCWDField[0m
    [32mThen[0m [32mdeck client "A" screen contains "uniqueprojright/"[0m                                                                                         [1;30m# assertions_test.go:29 -> github.com/n-orlov/deck/features.clientScreenContains[0m
    [32mWhen[0m [32mdeck client "A" submits the create modal[0m                                                                                                   [1;30m# create_cwd_ghost_test.go:31 -> github.com/n-orlov/deck/features.clientSubmitsCreateModal[0m
    [32mThen[0m [32mdeck client "A" has session "cwd-ghost-right-session" selected[0m                                                                             [1;30m# attention_sort_test.go:25 -> github.com/n-orlov/deck/features.clientHasSessionSelected[0m
    [32mAnd[0m [32mthe state database session "cwd-ghost-right-session" has cwd exactly the scratch directory labelled "unique-right" plus "/uniqueprojright/"[0m [1;30m# create_cwd_ghost_test.go:32 -> github.com/n-orlov/deck/features.sessionHasCWDExactlyScratchDirPlus[0m
    [32mWhen[0m [32mdeck client "A" exits cleanly[0m                                                                                                              [1;30m# assertions_test.go:66 -> github.com/n-orlov/deck/features.clientExitsCleanly[0m
=== RUN   TestFeatures/end_also_accepts_the_ghosted_completion

  [1;37mScenario:[0m end also accepts the ghosted completion                                                                                           [1;30m# create_cwd_ghost.feature:32[0m
    [32mGiven[0m [32ma scratch directory labelled "unique-end" exists[0m                                                                                    [1;30m# create_cwd_ghost_test.go:24 -> github.com/n-orlov/deck/features.scratchDirectoryLabelledExists[0m
    [32mAnd[0m [32ma directory named "uniqueprojend" exists in the scratch directory labelled "unique-end"[0m                                               [1;30m# create_cwd_ghost_test.go:25 -> github.com/n-orlov/deck/features.directoryExistsInScratch[0m
    [32mAnd[0m [32mdeck client "A" is started with colour enabled[0m                                                                                        [1;30m# cell_attributes_test.go:20 -> github.com/n-orlov/deck/features.startNamedClientWithColour[0m
    [32mWhen[0m [32mdeck client "A" opens the create modal[0m                                                                                               [1;30m# create_session_test.go:21 -> github.com/n-orlov/deck/features.clientOpensCreateModal[0m
    [32mAnd[0m [32mdeck client "A" types "cwd-ghost-end-session" as the session name[0m                                                                     [1;30m# create_cwd_ghost_test.go:30 -> github.com/n-orlov/deck/features.clientTypesSessionName[0m
    [32mAnd[0m [32mdeck client "A" tabs to the cwd field[0m                                                                                                 [1;30m# create_session_test.go:28 -> github.com/n-orlov/deck/features.clientTabsToCWDField[0m
    [32mAnd[0m [32mdeck client "A" types the scratch directory labelled "unique-end" followed by "uniquep" into the cwd field[0m                            [1;30m# create_cwd_ghost_test.go:28 -> github.com/n-orlov/deck/features.clientTypesScratchDirPlusSegment[0m
    [32mAnd[0m [32mdeck client "A" presses "end" in the cwd field[0m                                                                                        [1;30m# create_cwd_ghost_test.go:29 -> github.com/n-orlov/deck/features.clientPressesKeyInCWDField[0m
    [32mThen[0m [32mdeck client "A" screen contains "uniqueprojend/"[0m                                                                                     [1;30m# assertions_test.go:29 -> github.com/n-orlov/deck/features.clientScreenContains[0m
    [32mWhen[0m [32mdeck client "A" submits the create modal[0m                                                                                             [1;30m# create_cwd_ghost_test.go:31 -> github.com/n-orlov/deck/features.clientSubmitsCreateModal[0m
    [32mThen[0m [32mdeck client "A" has session "cwd-ghost-end-session" selected[0m                                                                         [1;30m# attention_sort_test.go:25 -> github.com/n-orlov/deck/features.clientHasSessionSelected[0m
    [32mAnd[0m [32mthe state database session "cwd-ghost-end-session" has cwd exactly the scratch directory labelled "unique-end" plus "/uniqueprojend/"[0m [1;30m# create_cwd_ghost_test.go:32 -> github.com/n-orlov/deck/features.sessionHasCWDExactlyScratchDirPlus[0m
    [32mWhen[0m [32mdeck client "A" exits cleanly[0m                                                                                                        [1;30m# assertions_test.go:66 -> github.com/n-orlov/deck/features.clientExitsCleanly[0m
=== RUN   TestFeatures/a_same-named_file_never_becomes_a_ghost_candidate

  [1;37mScenario:[0m a same-named file never becomes a ghost candidate                                                        [1;30m# create_cwd_ghost.feature:48[0m
    [32mGiven[0m [32ma scratch directory labelled "files-only" exists[0m                                                           [1;30m# create_cwd_ghost_test.go:24 -> github.com/n-orlov/deck/features.scratchDirectoryLabelledExists[0m
    [32mAnd[0m [32ma file named "onlyafileexists" exists in the scratch directory labelled "files-only"[0m                         [1;30m# create_cwd_ghost_test.go:26 -> github.com/n-orlov/deck/features.fileExistsInScratch[0m
    [32mAnd[0m [32mdeck client "A" is started with colour enabled[0m                                                               [1;30m# cell_attributes_test.go:20 -> github.com/n-orlov/deck/features.startNamedClientWithColour[0m
    [32mWhen[0m [32mdeck client "A" opens the create modal[0m                                                                      [1;30m# create_session_test.go:21 -> github.com/n-orlov/deck/features.clientOpensCreateModal[0m
    [32mAnd[0m [32mdeck client "A" tabs to the cwd field[0m                                                                        [1;30m# create_session_test.go:28 -> github.com/n-orlov/deck/features.clientTabsToCWDField[0m
    [32mAnd[0m [32mdeck client "A" types the scratch directory labelled "files-only" followed by "onlyafile" into the cwd field[0m [1;30m# create_cwd_ghost_test.go:28 -> github.com/n-orlov/deck/features.clientTypesScratchDirPlusSegment[0m
    [32mThen[0m [32mdeck client "A" screen does not contain "onlyafileexists"[0m                                                   [1;30m# agent_steps_test.go:34 -> github.com/n-orlov/deck/features.clientScreenDoesNotContain[0m
    [32mWhen[0m [32mdeck client "A" presses "right" in the cwd field[0m                                                            [1;30m# create_cwd_ghost_test.go:29 -> github.com/n-orlov/deck/features.clientPressesKeyInCWDField[0m
    [32mThen[0m [32mdeck client "A" screen does not contain "onlyafileexists"[0m                                                   [1;30m# agent_steps_test.go:34 -> github.com/n-orlov/deck/features.clientScreenDoesNotContain[0m
    [32mWhen[0m [32mdeck client "A" closes the create modal[0m                                                                     [1;30m# assertions_test.go:56 -> github.com/n-orlov/deck/features.clientClosesCreateModal[0m
    [32mAnd[0m [32mdeck client "A" exits cleanly[0m                                                                                [1;30m# assertions_test.go:66 -> github.com/n-orlov/deck/features.clientExitsCleanly[0m
=== RUN   TestFeatures/a_hidden_directory_is_a_candidate_only_when_the_segment_starts_with_a_dot

  [1;37mScenario:[0m a hidden directory is a candidate only when the segment starts with a dot                                                            [1;30m# create_cwd_ghost.feature:62[0m
    [32mGiven[0m [32ma scratch directory labelled "hidden-dir" exists[0m                                                                                       [1;30m# create_cwd_ghost_test.go:24 -> github.com/n-orlov/deck/features.scratchDirectoryLabelledExists[0m
    [32mAnd[0m [32ma directory named ".hiddensecret" exists in the scratch directory labelled "hidden-dir"[0m                                                  [1;30m# create_cwd_ghost_test.go:25 -> github.com/n-orlov/deck/features.directoryExistsInScratch[0m
    [32mAnd[0m [32mdeck client "A" is started with colour enabled[0m                                                                                           [1;30m# cell_attributes_test.go:20 -> github.com/n-orlov/deck/features.startNamedClientWithColour[0m
    [32mWhen[0m [32mdeck client "A" opens the create modal[0m                                                                                                  [1;30m# create_session_test.go:21 -> github.com/n-orlov/deck/features.clientOpensCreateModal[0m
    [32mAnd[0m [32mdeck client "A" types "cwd-ghost-hidden-session" as the session name[0m                                                                     [1;30m# create_cwd_ghost_test.go:30 -> github.com/n-orlov/deck/features.clientTypesSessionName[0m
    [32mAnd[0m [32mdeck client "A" tabs to the cwd field[0m                                                                                                    [1;30m# create_session_test.go:28 -> github.com/n-orlov/deck/features.clientTabsToCWDField[0m
    [32mAnd[0m [32mdeck client "A" types the scratch directory labelled "hidden-dir" followed by "" into the cwd field[0m                                      [1;30m# create_cwd_ghost_test.go:28 -> github.com/n-orlov/deck/features.clientTypesScratchDirPlusSegment[0m
    [32mThen[0m [32mdeck client "A" screen does not contain "hiddensecret"[0m                                                                                  [1;30m# agent_steps_test.go:34 -> github.com/n-orlov/deck/features.clientScreenDoesNotContain[0m
    [32mWhen[0m [32mdeck client "A" sends "."[0m                                                                                                               [1;30m# assertions_test.go:28 -> github.com/n-orlov/deck/features.sendClientKeys[0m
    [32mThen[0m [32mdeck client "A" text "hiddensecret/" has foreground token "hint"[0m                                                                        [1;30m# cell_attributes_test.go:50 -> github.com/n-orlov/deck/features.textHasForegroundToken[0m
    [32mWhen[0m [32mdeck client "A" presses "right" in the cwd field[0m                                                                                        [1;30m# create_cwd_ghost_test.go:29 -> github.com/n-orlov/deck/features.clientPressesKeyInCWDField[0m
    [32mAnd[0m [32mdeck client "A" submits the create modal[0m                                                                                                 [1;30m# create_cwd_ghost_test.go:31 -> github.com/n-orlov/deck/features.clientSubmitsCreateModal[0m
    [32mThen[0m [32mdeck client "A" has session "cwd-ghost-hidden-session" selected[0m                                                                         [1;30m# attention_sort_test.go:25 -> github.com/n-orlov/deck/features.clientHasSessionSelected[0m
    [32mAnd[0m [32mthe state database session "cwd-ghost-hidden-session" has cwd exactly the scratch directory labelled "hidden-dir" plus "/.hiddensecret/"[0m [1;30m# create_cwd_ghost_test.go:32 -> github.com/n-orlov/deck/features.sessionHasCWDExactlyScratchDirPlus[0m
    [32mWhen[0m [32mdeck client "A" exits cleanly[0m                                                                                                           [1;30m# assertions_test.go:66 -> github.com/n-orlov/deck/features.clientExitsCleanly[0m
=== RUN   TestFeatures/a_leading_tilde_expands_for_scanning_without_being_rewritten_in_the_field

  [1;37mScenario:[0m a leading tilde expands for scanning without being rewritten in the field                                   [1;30m# create_cwd_ghost.feature:80[0m
    [32mGiven[0m [32ma directory named "uniquetildehome" exists under the scenario home[0m                                            [1;30m# create_cwd_ghost_test.go:27 -> github.com/n-orlov/deck/features.directoryExistsUnderScenarioHome[0m
    [32mAnd[0m [32mdeck client "A" is started with colour enabled and HOME set to the scenario home[0m                                [1;30m# create_cwd_ghost_test.go:23 -> github.com/n-orlov/deck/features.startNamedClientWithColourAndScenarioHome[0m
    [32mWhen[0m [32mdeck client "A" opens the create modal[0m                                                                         [1;30m# create_session_test.go:21 -> github.com/n-orlov/deck/features.clientOpensCreateModal[0m
    [32mAnd[0m [32mdeck client "A" types "cwd-ghost-tilde-session" as the session name[0m                                             [1;30m# create_cwd_ghost_test.go:30 -> github.com/n-orlov/deck/features.clientTypesSessionName[0m
    [32mAnd[0m [32mdeck client "A" tabs to the cwd field[0m                                                                           [1;30m# create_session_test.go:28 -> github.com/n-orlov/deck/features.clientTabsToCWDField[0m
    [32mAnd[0m [32mdeck client "A" sends "~/uniquet"[0m                                                                               [1;30m# assertions_test.go:28 -> github.com/n-orlov/deck/features.sendClientKeys[0m
    [32mThen[0m [32mdeck client "A" screen contains "~/uniquet"[0m                                                                    [1;30m# assertions_test.go:29 -> github.com/n-orlov/deck/features.clientScreenContains[0m
    [32mAnd[0m [32mdeck client "A" text "ildehome/" has foreground token "hint"[0m                                                    [1;30m# cell_attributes_test.go:50 -> github.com/n-orlov/deck/features.textHasForegroundToken[0m
    [32mWhen[0m [32mdeck client "A" presses "right" in the cwd field[0m                                                               [1;30m# create_cwd_ghost_test.go:29 -> github.com/n-orlov/deck/features.clientPressesKeyInCWDField[0m
    [32mThen[0m [32mdeck client "A" screen contains "~/uniquetildehome/"[0m                                                           [1;30m# assertions_test.go:29 -> github.com/n-orlov/deck/features.clientScreenContains[0m
    [32mWhen[0m [32mdeck client "A" submits the create modal[0m                                                                       [1;30m# create_cwd_ghost_test.go:31 -> github.com/n-orlov/deck/features.clientSubmitsCreateModal[0m
    [32mThen[0m [32mdeck client "A" has session "cwd-ghost-tilde-session" selected[0m                                                 [1;30m# attention_sort_test.go:25 -> github.com/n-orlov/deck/features.clientHasSessionSelected[0m
    [32mAnd[0m [32mthe state database session "cwd-ghost-tilde-session" has cwd "uniquetildehome" resolved under the scenario home[0m [1;30m# create_tilde_test.go:23 -> github.com/n-orlov/deck/features.sessionHasCWDUnderScenarioHome[0m
    [32mWhen[0m [32mdeck client "A" exits cleanly[0m                                                                                  [1;30m# assertions_test.go:66 -> github.com/n-orlov/deck/features.clientExitsCleanly[0m
=== RUN   TestFeatures/several_matches_with_no_further_common_prefix_ghost_nothing_and_show_a_match_count

  [1;37mScenario:[0m several matches with no further common prefix ghost nothing and show a match count                  [1;30m# create_cwd_ghost.feature:97[0m
    [32mGiven[0m [32ma scratch directory labelled "ambiguous" exists[0m                                                       [1;30m# create_cwd_ghost_test.go:24 -> github.com/n-orlov/deck/features.scratchDirectoryLabelledExists[0m
    [32mAnd[0m [32ma directory named "matchaaa" exists in the scratch directory labelled "ambiguous"[0m                       [1;30m# create_cwd_ghost_test.go:25 -> github.com/n-orlov/deck/features.directoryExistsInScratch[0m
    [32mAnd[0m [32ma directory named "matchbbb" exists in the scratch directory labelled "ambiguous"[0m                       [1;30m# create_cwd_ghost_test.go:25 -> github.com/n-orlov/deck/features.directoryExistsInScratch[0m
    [32mAnd[0m [32ma directory named "matchccc" exists in the scratch directory labelled "ambiguous"[0m                       [1;30m# create_cwd_ghost_test.go:25 -> github.com/n-orlov/deck/features.directoryExistsInScratch[0m
    [32mAnd[0m [32mdeck client "A" is started with colour enabled[0m                                                          [1;30m# cell_attributes_test.go:20 -> github.com/n-orlov/deck/features.startNamedClientWithColour[0m
    [32mWhen[0m [32mdeck client "A" opens the create modal[0m                                                                 [1;30m# create_session_test.go:21 -> github.com/n-orlov/deck/features.clientOpensCreateModal[0m
    [32mAnd[0m [32mdeck client "A" tabs to the cwd field[0m                                                                   [1;30m# create_session_test.go:28 -> github.com/n-orlov/deck/features.clientTabsToCWDField[0m
    [32mAnd[0m [32mdeck client "A" types the scratch directory labelled "ambiguous" followed by "match" into the cwd field[0m [1;30m# create_cwd_ghost_test.go:28 -> github.com/n-orlov/deck/features.clientTypesScratchDirPlusSegment[0m
    [32mThen[0m [32mdeck client "A" screen contains "3 matches — tab to list"[0m                                              [1;30m# assertions_test.go:29 -> github.com/n-orlov/deck/features.clientScreenContains[0m
    [32mAnd[0m [32mdeck client "A" cwd field shows no ghost text[0m                                                           [1;30m# create_cwd_ghost_test.go:33 -> github.com/n-orlov/deck/features.clientCWDFieldShowsNoGhostText[0m
    [32mWhen[0m [32mdeck client "A" presses "right" in the cwd field[0m                                                       [1;30m# create_cwd_ghost_test.go:29 -> github.com/n-orlov/deck/features.clientPressesKeyInCWDField[0m
    [32mThen[0m [32mdeck client "A" screen does not contain "matchaaa"[0m                                                     [1;30m# agent_steps_test.go:34 -> github.com/n-orlov/deck/features.clientScreenDoesNotContain[0m
    [32mAnd[0m [32mdeck client "A" screen does not contain "matchbbb"[0m                                                      [1;30m# agent_steps_test.go:34 -> github.com/n-orlov/deck/features.clientScreenDoesNotContain[0m
    [32mAnd[0m [32mdeck client "A" screen does not contain "matchccc"[0m                                                      [1;30m# agent_steps_test.go:34 -> github.com/n-orlov/deck/features.clientScreenDoesNotContain[0m
    [32mWhen[0m [32mdeck client "A" closes the create modal[0m                                                                [1;30m# assertions_test.go:56 -> github.com/n-orlov/deck/features.clientClosesCreateModal[0m
    [32mAnd[0m [32mdeck client "A" exits cleanly[0m                                                                           [1;30m# assertions_test.go:66 -> github.com/n-orlov/deck/features.clientExitsCleanly[0m

6 scenarios ([32m6 passed[0m)
84 steps ([32m84 passed[0m)
3.945057563s
--- PASS: TestFeatures (3.95s)
    --- PASS: TestFeatures/a_unique_directory_match_ghosts_in_the_hint_token_and_right_accepts_it_with_a_trailing_slash (0.66s)
    --- PASS: TestFeatures/end_also_accepts_the_ghosted_completion (0.68s)
    --- PASS: TestFeatures/a_same-named_file_never_becomes_a_ghost_candidate (0.62s)
    --- PASS: TestFeatures/a_hidden_directory_is_a_candidate_only_when_the_segment_starts_with_a_dot (0.71s)
    --- PASS: TestFeatures/a_leading_tilde_expands_for_scanning_without_being_rewritten_in_the_field (0.64s)
    --- PASS: TestFeatures/several_matches_with_no_further_common_prefix_ghost_nothing_and_show_a_match_count (0.60s)
=== RUN   TestGodogRejectsUndefinedAndFailedSteps
=== RUN   TestGodogRejectsUndefinedAndFailedSteps/undefined
[33mU[0m 1


1 scenarios ([33m1 undefined[0m)
1 steps ([33m1 undefined[0m)
39.25µs

[33mYou can implement step definitions for undefined steps with these snippets:[0m
[33m
func anUnregisteredStep() error {
	return godog.ErrPending
}

func InitializeScenario(ctx *godog.ScenarioContext) {
	ctx.Step(`^an unregistered step$`, anUnregisteredStep)
}
[0m
=== RUN   TestGodogRejectsUndefinedAndFailedSteps/failed
[31mF[0m 1


--- [31mFailed steps:[0m

  [31mScenario: error binding[0m[1;30m # /tmp/TestGodogRejectsUndefinedAndFailedStepsfailed383232640/001/failure.feature:2[0m
    [31mGiven a failing step[0m[1;30m # /tmp/TestGodogRejectsUndefinedAndFailedStepsfailed383232640/001/failure.feature:3[0m
      [31mError: [0m[1;31mdeliberate step failure[0m


1 scenarios ([31m1 failed[0m)
1 steps ([31m1 failed[0m)
97.64µs
--- PASS: TestGodogRejectsUndefinedAndFailedSteps (0.00s)
    --- PASS: TestGodogRejectsUndefinedAndFailedSteps/undefined (0.00s)
    --- PASS: TestGodogRejectsUndefinedAndFailedSteps/failed (0.00s)
=== RUN   TestGoldenMinimumFrame
=== RUN   TestGoldenMinimumFrame/run-1
    golden_frame_test.go:75: rendered frame sha256 67a48237fcb1b2f052a397d36f33d7b1511f2c634e0b7f8137f7ff391e5ab5b6 (1937 bytes, theme "empire", DECK_COLOR_DEPTH "truecolor")
=== RUN   TestGoldenMinimumFrame/run-2
    golden_frame_test.go:75: rendered frame sha256 67a48237fcb1b2f052a397d36f33d7b1511f2c634e0b7f8137f7ff391e5ab5b6 (1937 bytes, theme "empire", DECK_COLOR_DEPTH "truecolor")
--- PASS: TestGoldenMinimumFrame (2.10s)
    --- PASS: TestGoldenMinimumFrame/run-1 (1.03s)
    --- PASS: TestGoldenMinimumFrame/run-2 (1.07s)
=== RUN   TestGoldenMinimumFrameRowCount
--- PASS: TestGoldenMinimumFrameRowCount (0.00s)
=== RUN   TestI1KeystrokeDropReproduction
    i1_repro_test.go:37: opt-in reproduction driver for I-1 (task 004); set DECK_I1_REPRO=1 to run. See docs/reports/phase3d-i1-repro.log for a committed run.
--- SKIP: TestI1KeystrokeDropReproduction (0.00s)
=== RUN   TestInputCountInstrumentCountsRealKeystrokesThroughARealPTY
--- PASS: TestInputCountInstrumentCountsRealKeystrokesThroughARealPTY (0.50s)
=== RUN   TestScenarioHarnessTeardownReportsLeaks
=== RUN   TestScenarioHarnessTeardownReportsLeaks/surviving_child
=== RUN   TestScenarioHarnessTeardownReportsLeaks/responding_socket
=== RUN   TestScenarioHarnessTeardownReportsLeaks/surviving_root
--- PASS: TestScenarioHarnessTeardownReportsLeaks (2.04s)
    --- PASS: TestScenarioHarnessTeardownReportsLeaks/surviving_child (1.41s)
    --- PASS: TestScenarioHarnessTeardownReportsLeaks/responding_socket (0.31s)
    --- PASS: TestScenarioHarnessTeardownReportsLeaks/surviving_root (0.32s)
=== RUN   TestScenarioHarnessSharesIsolationAndCleansUp
--- PASS: TestScenarioHarnessSharesIsolationAndCleansUp (0.42s)
=== RUN   TestMouseReportingEnablesSGRExtendedMode
--- PASS: TestMouseReportingEnablesSGRExtendedMode (0.36s)
=== RUN   TestMouseReportingDisabledOnNormalQuit
--- PASS: TestMouseReportingDisabledOnNormalQuit (0.36s)
=== RUN   TestMouseReportingDisabledOnSignalledExit
--- PASS: TestMouseReportingDisabledOnSignalledExit (0.38s)
=== RUN   TestMouseReportingDisabledOnPanic
--- PASS: TestMouseReportingDisabledOnPanic (0.40s)
=== RUN   TestMouseFeatureNeverRegainsMillisecondsPass
--- PASS: TestMouseFeatureNeverRegainsMillisecondsPass (0.00s)
=== RUN   TestMouseReportingReenabledAfterAttachDetachCycle
--- PASS: TestMouseReportingReenabledAfterAttachDetachCycle (1.86s)
=== RUN   TestMouseReportingStaysOffAfterAttachDetachWithMouseDisabled
--- PASS: TestMouseReportingStaysOffAfterAttachDetachWithMouseDisabled (1.90s)
=== RUN   TestSGRMouseEncodesColumnsPastX10Ceiling
=== RUN   TestSGRMouseEncodesColumnsPastX10Ceiling/press_at_column_224
=== RUN   TestSGRMouseEncodesColumnsPastX10Ceiling/press_at_column_300
=== RUN   TestSGRMouseEncodesColumnsPastX10Ceiling/release_at_column_224
=== RUN   TestSGRMouseEncodesColumnsPastX10Ceiling/motion_at_column_224
=== RUN   TestSGRMouseEncodesColumnsPastX10Ceiling/wheel_up_at_column_224
--- PASS: TestSGRMouseEncodesColumnsPastX10Ceiling (0.00s)
    --- PASS: TestSGRMouseEncodesColumnsPastX10Ceiling/press_at_column_224 (0.00s)
    --- PASS: TestSGRMouseEncodesColumnsPastX10Ceiling/press_at_column_300 (0.00s)
    --- PASS: TestSGRMouseEncodesColumnsPastX10Ceiling/release_at_column_224 (0.00s)
    --- PASS: TestSGRMouseEncodesColumnsPastX10Ceiling/motion_at_column_224 (0.00s)
    --- PASS: TestSGRMouseEncodesColumnsPastX10Ceiling/wheel_up_at_column_224 (0.00s)
=== RUN   TestNavigationHelperNeverSleeps
--- PASS: TestNavigationHelperNeverSleeps (0.00s)
=== RUN   TestHomeFileLeaksFindsAnUnmaskedControlValueAndIgnoresAnAbsentOne
--- PASS: TestHomeFileLeaksFindsAnUnmaskedControlValueAndIgnoresAnAbsentOne (0.00s)
=== RUN   TestReadPaneHistoryLimitDistinguishesTmuxDefaultFromADeckValue
--- PASS: TestReadPaneHistoryLimitDistinguishesTmuxDefaultFromADeckValue (0.02s)
=== RUN   TestAssertPaneHistoryLimitFailsAgainstTheWrongValue
--- PASS: TestAssertPaneHistoryLimitFailsAgainstTheWrongValue (0.03s)
=== RUN   TestScreenDriverLaunchesDeckAndAnswersTerminalProbes
--- PASS: TestScreenDriverLaunchesDeckAndAnswersTerminalProbes (0.40s)
=== RUN   TestWaitForFrameAppliesADefaultDeadlineWhenTheCallersContextHasNone
--- PASS: TestWaitForFrameAppliesADefaultDeadlineWhenTheCallersContextHasNone (0.40s)
=== RUN   TestNormalizeFrame
=== RUN   TestNormalizeFrame/unfrozen_timestamp_and_just_now
=== RUN   TestNormalizeFrame/unfrozen_numeric_minute_age
=== RUN   TestNormalizeFrame/unfrozen_numeric_hour_age
=== RUN   TestNormalizeFrame/unfrozen_numeric_day_age
=== RUN   TestNormalizeFrame/frozen_values_preserved
--- PASS: TestNormalizeFrame (0.00s)
    --- PASS: TestNormalizeFrame/unfrozen_timestamp_and_just_now (0.00s)
    --- PASS: TestNormalizeFrame/unfrozen_numeric_minute_age (0.00s)
    --- PASS: TestNormalizeFrame/unfrozen_numeric_hour_age (0.00s)
    --- PASS: TestNormalizeFrame/unfrozen_numeric_day_age (0.00s)
    --- PASS: TestNormalizeFrame/frozen_values_preserved (0.00s)
=== RUN   TestRequireRealClaudeHookFieldsIsStrictAboutUpstreamContract
--- PASS: TestRequireRealClaudeHookFieldsIsStrictAboutUpstreamContract (0.00s)
=== RUN   TestSigwinchCountDistinguishesTwoFromThree
--- PASS: TestSigwinchCountDistinguishesTwoFromThree (0.26s)
=== RUN   TestThemeChangesAttributesButNotFrameGeometry
=== RUN   TestThemeChangesAttributesButNotFrameGeometry/unicode
    theme_geometry_test.go:196: themes "cobalt" vs "daylight" differ in colour at 249 of 1920 cells
    theme_geometry_test.go:196: themes "cobalt" vs "empire" differ in colour at 249 of 1920 cells
    theme_geometry_test.go:196: themes "cobalt" vs "matrix" differ in colour at 249 of 1920 cells
    theme_geometry_test.go:196: themes "cobalt" vs "parchment" differ in colour at 249 of 1920 cells
=== RUN   TestThemeChangesAttributesButNotFrameGeometry/ascii
    theme_geometry_test.go:196: themes "cobalt" vs "daylight" differ in colour at 253 of 1920 cells
    theme_geometry_test.go:196: themes "cobalt" vs "empire" differ in colour at 253 of 1920 cells
    theme_geometry_test.go:196: themes "cobalt" vs "matrix" differ in colour at 253 of 1920 cells
    theme_geometry_test.go:196: themes "cobalt" vs "parchment" differ in colour at 253 of 1920 cells
--- PASS: TestThemeChangesAttributesButNotFrameGeometry (1.82s)
    --- PASS: TestThemeChangesAttributesButNotFrameGeometry/unicode (0.75s)
    --- PASS: TestThemeChangesAttributesButNotFrameGeometry/ascii (0.75s)
=== RUN   TestReadTmuxOptionInScopeTreatsBothUnsetShapesAsNone
--- PASS: TestReadTmuxOptionInScopeTreatsBothUnsetShapesAsNone (0.02s)
=== RUN   TestAssertTmuxOptionInScopeDistinguishesGlobalFromWindow
--- PASS: TestAssertTmuxOptionInScopeDistinguishesGlobalFromWindow (0.02s)
=== RUN   TestAssertTmuxOptionInScopeFailsWhenValueIsInTheWrongScope
--- PASS: TestAssertTmuxOptionInScopeFailsWhenValueIsInTheWrongScope (0.03s)
=== RUN   TestAssertTmuxOptionUnsetInScope
--- PASS: TestAssertTmuxOptionUnsetInScope (0.02s)
PASS
ok  	github.com/n-orlov/deck/features	20.414s
