$ git diff 1cfbd5a..HEAD -- features/godog_test.go
diff --git a/features/godog_test.go b/features/godog_test.go
index 24aa98d..2b380eb 100644
--- a/features/godog_test.go
+++ b/features/godog_test.go
@@ -119,6 +119,7 @@ func initializeScenario(sc *godog.ScenarioContext) {
 	registerSortOrderSteps(sc)
 	registerNewSessionSelectionSteps(sc)
 	registerStatusRecoverySteps(sc)
+	registerTerminalRepairFieldRouteSteps(sc)
 	registerSettingsSteps(sc)
 	registerDialogsSteps(sc)
 	registerEnvEditorSteps(sc)
@@ -138,6 +139,7 @@ func initializeScenario(sc *godog.ScenarioContext) {
 	registerInteractiveScrollSteps(sc)
 	registerInteractiveSelectionSteps(sc)
 	registerInteractiveRetargetSteps(sc)
+	registerInteractivePipeLeakSteps(sc)
 }
 
 func TestGodogRejectsUndefinedAndFailedSteps(t *testing.T) {
exit=0

$ git log --oneline 1cfbd5a..HEAD -- features/godog_test.go
6718823 tmux: reclaim a leaked interactive pipe at the next start (task 030)
904419c features: prove R76's repair through the field's own hook route, not a keypress (task 002)
exit=0

$ grep -n "const defaultTags" features/godog_test.go
16:const defaultTags = "~@real-agents && ~@nightly"
exit=0
