=== RUN   TestThemedDialogTokensClearContrastFloor
=== RUN   TestThemedDialogTokensClearContrastFloor/cobalt
    contrast_test.go:314: cobalt   hint/surface         hex #8aa9c4/#12233d = 6.41:1   quant #7f7f7f/#000000 = 5.24:1
    contrast_test.go:314: cobalt   key/surface          hex #ffd166/#12233d = 10.92:1   quant #ffff00/#000000 = 19.56:1
    contrast_test.go:314: cobalt   error/surface        hex #ff5c5c/#12233d = 5.20:1   quant #ff0000/#000000 = 5.25:1
    contrast_test.go:314: cobalt   text/selection       hex #d9e6f2/#1c3a5e = 9.11:1   quant #e5e5e5/#000000 = 16.67:1
    contrast_test.go:314: cobalt   dimmed/selection     hex #5c7a99/#1c3a5e = 2.59:1   quant #7f7f7f/#000000 = 5.24:1
    contrast_test.go:329: FINDING theme "cobalt" dimmed/selection: hex contrast 2.59:1 < 3.0:1 (fg=#5c7a99 bg=#1c3a5e) -- reported, not silenced or recoloured, per R84
    contrast_test.go:314: cobalt   hint/selection       hex #8aa9c4/#1c3a5e = 4.71:1   quant #7f7f7f/#000000 = 5.24:1
    contrast_test.go:314: cobalt   key/selection        hex #ffd166/#1c3a5e = 8.02:1   quant #ffff00/#000000 = 19.56:1
    contrast_test.go:314: cobalt   error/selection      hex #ff5c5c/#1c3a5e = 3.82:1   quant #ff0000/#000000 = 5.25:1
    contrast_test.go:314: cobalt   text/selectionidle   hex #d9e6f2/#16304d = 10.58:1   quant #e5e5e5/#000000 = 16.67:1
    contrast_test.go:314: cobalt   dimmed/selectionidle hex #5c7a99/#16304d = 3.00:1   quant #7f7f7f/#000000 = 5.24:1
    contrast_test.go:314: cobalt   hint/selectionidle   hex #8aa9c4/#16304d = 5.47:1   quant #7f7f7f/#000000 = 5.24:1
    contrast_test.go:314: cobalt   key/selectionidle    hex #ffd166/#16304d = 9.31:1   quant #ffff00/#000000 = 19.56:1
    contrast_test.go:314: cobalt   error/selectionidle  hex #ff5c5c/#16304d = 4.44:1   quant #ff0000/#000000 = 5.25:1
=== RUN   TestThemedDialogTokensClearContrastFloor/daylight
    contrast_test.go:314: daylight hint/surface         hex #475569/#eef2f7 = 6.74:1   quant #7f7f7f/#ffffff = 4.00:1
    contrast_test.go:314: daylight key/surface          hex #92400e/#eef2f7 = 6.31:1   quant #cd0000/#ffffff = 5.84:1
    contrast_test.go:314: daylight error/surface        hex #b91c1c/#eef2f7 = 5.76:1   quant #cd0000/#ffffff = 5.84:1
    contrast_test.go:314: daylight text/selection       hex #1e293b/#c7d7f0 = 10.04:1   quant #000000/#e5e5e5 = 16.67:1
    contrast_test.go:314: daylight dimmed/selection     hex #64748b/#c7d7f0 = 3.26:1   quant #7f7f7f/#e5e5e5 = 3.18:1
    contrast_test.go:314: daylight hint/selection       hex #475569/#c7d7f0 = 5.20:1   quant #7f7f7f/#e5e5e5 = 3.18:1
    contrast_test.go:314: daylight key/selection        hex #92400e/#c7d7f0 = 4.86:1   quant #cd0000/#e5e5e5 = 4.64:1
    contrast_test.go:314: daylight error/selection      hex #b91c1c/#c7d7f0 = 4.44:1   quant #cd0000/#e5e5e5 = 4.64:1
    contrast_test.go:314: daylight text/selectionidle   hex #1e293b/#dde3ea = 11.32:1   quant #000000/#e5e5e5 = 16.67:1
    contrast_test.go:314: daylight dimmed/selectionidle hex #64748b/#dde3ea = 3.68:1   quant #7f7f7f/#e5e5e5 = 3.18:1
    contrast_test.go:314: daylight hint/selectionidle   hex #475569/#dde3ea = 5.86:1   quant #7f7f7f/#e5e5e5 = 3.18:1
    contrast_test.go:314: daylight key/selectionidle    hex #92400e/#dde3ea = 5.49:1   quant #cd0000/#e5e5e5 = 4.64:1
    contrast_test.go:314: daylight error/selectionidle  hex #b91c1c/#dde3ea = 5.01:1   quant #cd0000/#e5e5e5 = 4.64:1
=== RUN   TestThemedDialogTokensClearContrastFloor/empire
    contrast_test.go:314: empire   hint/surface         hex #94a3b8/#172033 = 6.34:1   quant #7f7f7f/#000000 = 5.24:1
    contrast_test.go:314: empire   key/surface          hex #d97706/#172033 = 5.11:1   quant #cdcd00/#000000 = 12.33:1
    contrast_test.go:314: empire   error/surface        hex #ef4444/#172033 = 4.32:1   quant #ff0000/#000000 = 5.25:1
    contrast_test.go:314: empire   text/selection       hex #cbd5e1/#26324b = 8.62:1   quant #e5e5e5/#000000 = 16.67:1
    contrast_test.go:314: empire   dimmed/selection     hex #64748b/#26324b = 2.69:1   quant #7f7f7f/#000000 = 5.24:1
    contrast_test.go:329: FINDING theme "empire" dimmed/selection: hex contrast 2.69:1 < 3.0:1 (fg=#64748b bg=#26324b) -- reported, not silenced or recoloured, per R84
    contrast_test.go:314: empire   hint/selection       hex #94a3b8/#26324b = 4.99:1   quant #7f7f7f/#000000 = 5.24:1
    contrast_test.go:314: empire   key/selection        hex #d97706/#26324b = 4.02:1   quant #cdcd00/#000000 = 12.33:1
    contrast_test.go:314: empire   error/selection      hex #ef4444/#26324b = 3.40:1   quant #ff0000/#000000 = 5.25:1
    contrast_test.go:314: empire   text/selectionidle   hex #cbd5e1/#37415c = 6.82:1   quant #e5e5e5/#7f7f7f = 3.18:1
    contrast_test.go:314: empire   dimmed/selectionidle hex #64748b/#37415c = 2.13:1   quant #7f7f7f/#7f7f7f = 1.00:1
    contrast_test.go:329: FINDING theme "empire" dimmed/selectionidle: hex contrast 2.13:1 < 3.0:1 (fg=#64748b bg=#37415c) -- reported, not silenced or recoloured, per R84
    contrast_test.go:338: FINDING theme "empire" dimmed/selectionidle: quantised contrast 1.00:1 < 3.0:1 (fg=#7f7f7f bg=#7f7f7f) -- reported, not silenced or recoloured, per R84
    contrast_test.go:314: empire   hint/selectionidle   hex #94a3b8/#37415c = 3.95:1   quant #7f7f7f/#7f7f7f = 1.00:1
    contrast_test.go:338: FINDING theme "empire" hint/selectionidle: quantised contrast 1.00:1 < 3.0:1 (fg=#7f7f7f bg=#7f7f7f) -- reported, not silenced or recoloured, per R84
    contrast_test.go:314: empire   key/selectionidle    hex #d97706/#37415c = 3.18:1   quant #cdcd00/#7f7f7f = 2.35:1
    contrast_test.go:338: FINDING theme "empire" key/selectionidle: quantised contrast 2.35:1 < 3.0:1 (fg=#cdcd00 bg=#7f7f7f) -- reported, not silenced or recoloured, per R84
    contrast_test.go:314: empire   error/selectionidle  hex #ef4444/#37415c = 2.69:1   quant #ff0000/#7f7f7f = 1.00:1
    contrast_test.go:329: FINDING theme "empire" error/selectionidle: hex contrast 2.69:1 < 3.0:1 (fg=#ef4444 bg=#37415c) -- reported, not silenced or recoloured, per R84
    contrast_test.go:338: FINDING theme "empire" error/selectionidle: quantised contrast 1.00:1 < 3.0:1 (fg=#ff0000 bg=#7f7f7f) -- reported, not silenced or recoloured, per R84
=== RUN   TestThemedDialogTokensClearContrastFloor/matrix
    contrast_test.go:314: matrix   hint/surface         hex #55cc77/#002200 = 8.37:1   quant #7f7f7f/#000000 = 5.24:1
    contrast_test.go:314: matrix   key/surface          hex #00cc44/#002200 = 7.91:1   quant #00cd00/#000000 = 9.73:1
    contrast_test.go:314: matrix   error/surface        hex #ff3333/#002200 = 4.70:1   quant #ff0000/#000000 = 5.25:1
    contrast_test.go:314: matrix   text/selection       hex #33ff66/#004400 = 8.56:1   quant #00ff00/#000000 = 15.30:1
    contrast_test.go:314: matrix   dimmed/selection     hex #22aa44/#004400 = 3.78:1   quant #00cd00/#000000 = 9.73:1
    contrast_test.go:314: matrix   hint/selection       hex #55cc77/#004400 = 5.63:1   quant #7f7f7f/#000000 = 5.24:1
    contrast_test.go:314: matrix   key/selection        hex #00cc44/#004400 = 5.32:1   quant #00cd00/#000000 = 9.73:1
    contrast_test.go:314: matrix   error/selection      hex #ff3333/#004400 = 3.16:1   quant #ff0000/#000000 = 5.25:1
    contrast_test.go:314: matrix   text/selectionidle   hex #33ff66/#003300 = 10.61:1   quant #00ff00/#000000 = 15.30:1
    contrast_test.go:314: matrix   dimmed/selectionidle hex #22aa44/#003300 = 4.68:1   quant #00cd00/#000000 = 9.73:1
    contrast_test.go:314: matrix   hint/selectionidle   hex #55cc77/#003300 = 6.98:1   quant #7f7f7f/#000000 = 5.24:1
    contrast_test.go:314: matrix   key/selectionidle    hex #00cc44/#003300 = 6.60:1   quant #00cd00/#000000 = 9.73:1
    contrast_test.go:314: matrix   error/selectionidle  hex #ff3333/#003300 = 3.92:1   quant #ff0000/#000000 = 5.25:1
=== RUN   TestThemedDialogTokensClearContrastFloor/parchment
    contrast_test.go:314: parchment hint/surface         hex #6b5a3c/#ece0c4 = 5.08:1   quant #7f7f7f/#e5e5e5 = 3.18:1
    contrast_test.go:314: parchment key/surface          hex #7a3b12/#ece0c4 = 6.51:1   quant #cd0000/#e5e5e5 = 4.64:1
    contrast_test.go:314: parchment error/surface        hex #a12f2f/#ece0c4 = 5.41:1   quant #cd0000/#e5e5e5 = 4.64:1
    contrast_test.go:314: parchment text/selection       hex #3b2a1a/#d8c79f = 8.22:1   quant #000000/#e5e5e5 = 16.67:1
    contrast_test.go:314: parchment dimmed/selection     hex #8a7a5c/#d8c79f = 2.51:1   quant #7f7f7f/#e5e5e5 = 3.18:1
    contrast_test.go:329: FINDING theme "parchment" dimmed/selection: hex contrast 2.51:1 < 3.0:1 (fg=#8a7a5c bg=#d8c79f) -- reported, not silenced or recoloured, per R84
    contrast_test.go:314: parchment hint/selection       hex #6b5a3c/#d8c79f = 3.99:1   quant #7f7f7f/#e5e5e5 = 3.18:1
    contrast_test.go:314: parchment key/selection        hex #7a3b12/#d8c79f = 5.11:1   quant #cd0000/#e5e5e5 = 4.64:1
    contrast_test.go:314: parchment error/selection      hex #a12f2f/#d8c79f = 4.25:1   quant #cd0000/#e5e5e5 = 4.64:1
    contrast_test.go:314: parchment text/selectionidle   hex #3b2a1a/#e2d5b3 = 9.40:1   quant #000000/#e5e5e5 = 16.67:1
    contrast_test.go:314: parchment dimmed/selectionidle hex #8a7a5c/#e2d5b3 = 2.87:1   quant #7f7f7f/#e5e5e5 = 3.18:1
    contrast_test.go:329: FINDING theme "parchment" dimmed/selectionidle: hex contrast 2.87:1 < 3.0:1 (fg=#8a7a5c bg=#e2d5b3) -- reported, not silenced or recoloured, per R84
    contrast_test.go:314: parchment hint/selectionidle   hex #6b5a3c/#e2d5b3 = 4.57:1   quant #7f7f7f/#e5e5e5 = 3.18:1
    contrast_test.go:314: parchment key/selectionidle    hex #7a3b12/#e2d5b3 = 5.85:1   quant #cd0000/#e5e5e5 = 4.64:1
    contrast_test.go:314: parchment error/selectionidle  hex #a12f2f/#e2d5b3 = 4.86:1   quant #cd0000/#e5e5e5 = 4.64:1
=== NAME  TestThemedDialogTokensClearContrastFloor
    contrast_test.go:353: SUMMARY cobalt     thinnest newly-covered pair dimmed/selection (hex)   = 2.59:1 (BELOW floor 3.0:1)
    contrast_test.go:353: SUMMARY daylight   thinnest newly-covered pair dimmed/selection (quant) = 3.18:1 (clears floor 3.0:1)
    contrast_test.go:353: SUMMARY empire     thinnest newly-covered pair dimmed/selectionidle (quant) = 1.00:1 (BELOW floor 3.0:1)
    contrast_test.go:353: SUMMARY matrix     thinnest newly-covered pair error/selection (hex)    = 3.16:1 (clears floor 3.0:1)
    contrast_test.go:353: SUMMARY parchment  thinnest newly-covered pair dimmed/selection (hex)   = 2.51:1 (BELOW floor 3.0:1)
--- PASS: TestThemedDialogTokensClearContrastFloor (0.00s)
    --- PASS: TestThemedDialogTokensClearContrastFloor/cobalt (0.00s)
    --- PASS: TestThemedDialogTokensClearContrastFloor/daylight (0.00s)
    --- PASS: TestThemedDialogTokensClearContrastFloor/empire (0.00s)
    --- PASS: TestThemedDialogTokensClearContrastFloor/matrix (0.00s)
    --- PASS: TestThemedDialogTokensClearContrastFloor/parchment (0.00s)
PASS
ok  	github.com/n-orlov/deck/internal/theme	0.003s
