1787697854 0.83 1.09 1.32 2/3758 38425
1787697857 0.83 1.09 1.32 1/3743 38431
1787697860 2.28 1.38 1.42 3/3898 38491
1787697863 2.42 1.43 1.43 1/3812 38499
1787697866 2.42 1.43 1.43 2/3873 38505
1787697869 2.22 1.40 1.43 2/3862 38508
1787697872 2.22 1.40 1.43 1/3883 38514
1787697875 2.05 1.38 1.42 1/3889 38517
1787697878 1.96 1.37 1.41 2/3903 38523
1787697881 1.96 1.37 1.41 2/3897 38529
1787697884 1.89 1.37 1.41 2/3917 38532
1787697887 1.89 1.37 1.41 3/3880 38538
1787697890 1.89 1.38 1.42 1/3877 38541
1787697893 1.82 1.37 1.41 1/3888 38547
1787697896 1.82 1.37 1.41 21/3920 38553
1787697899 1.68 1.35 1.41 3/3905 38556
1787697902 1.68 1.35 1.41 2/3958 38562
1787697905 1.54 1.33 1.40 1/3940 38565
1787697908 1.98 1.42 1.43 1/3948 38571
1787697911 1.98 1.42 1.43 1/3947 38577
1787697914 1.82 1.40 1.42 2/3941 38580
1787697917 1.82 1.40 1.42 2/3946 38586
1787697920 1.76 1.39 1.42 3/3901 38589
1787697923 1.94 1.43 1.43 2/3922 38599
1787697926 1.94 1.43 1.43 1/3937 38605
1787697929 1.86 1.43 1.43 3/3946 38611
1787697932 1.86 1.43 1.43 3/3931 38617
1787697935 1.71 1.40 1.42 5/3948 38622
1787697938 1.73 1.41 1.43 3/3962 38628
1787697941 1.73 1.41 1.43 2/3963 38637
1787697944 1.60 1.39 1.42 1/3943 38640
1787697947 1.60 1.39 1.42 1/3932 38646
1787697950 1.55 1.38 1.41 2/3947 38653
1787697953 1.74 1.43 1.43 2/3932 38659
1787697956 1.74 1.43 1.43 1/3958 38665
1787697959 2.00 1.48 1.45 4/3989 38675
1787697962 2.00 1.48 1.45 3/3988 38681
1787697965 2.41 1.58 1.48 2/3986 38684
1787697968 2.45 1.60 1.49 2/3987 38690
1787697971 2.45 1.60 1.49 2/4016 38699
1787697974 2.34 1.59 1.48 2/3976 38705
1787697977 2.34 1.59 1.48 1/3969 38711
1787697980 2.15 1.56 1.48 3/4003 38725
1787697983 2.22 1.59 1.48 4/4004 38736
1787697986 2.22 1.59 1.48 2/3998 38742
1787697989 2.12 1.58 1.48 2/4004 38745
1787697992 2.12 1.58 1.48 1/4029 38751
1787697995 2.11 1.58 1.48 1/4013 38761
1787697998 2.26 1.63 1.50 5/4047 38767
1787698001 2.26 1.63 1.50 1/4064 38773
1787698004 2.08 1.60 1.49 2/4010 38776
1787698007 2.08 1.60 1.49 2/4033 38784
1787698010 1.99 1.59 1.49 1/4011 38787
1787698013 1.83 1.56 1.48 1/4018 38793
1787698016 1.83 1.56 1.48 2/4063 38799
1787698019 1.69 1.54 1.47 3/4055 38802
1787698022 1.69 1.54 1.47 3/4058 38808
1787698025 1.63 1.53 1.47 1/4075 38811
1787698028 2.94 1.80 1.56 4/4109 38817
1787698031 2.94 1.80 1.56 2/4079 38823
1787698034 2.79 1.79 1.55 2/4065 38826
1787698037 2.79 1.79 1.55 2/4051 38832
1787698040 2.72 1.79 1.56 1/4078 38835
1787698043 2.66 1.79 1.56 2/4051 38841
1787698046 2.66 1.79 1.56 3/4063 38847
1787698049 2.53 1.78 1.55 3/4079 38850
1787698052 2.53 1.78 1.55 1/4082 38856
1787698055 2.41 1.77 1.55 6/4104 38859
1787698058 2.46 1.79 1.56 2/4103 38865
1787698061 2.46 1.79 1.56 3/4103 38871
1787698064 2.50 1.81 1.57 4/4111 38874
1787698067 2.50 1.81 1.57 3/4108 38880
1787698070 2.46 1.81 1.57 3/4115 38883
1787698073 2.50 1.83 1.58 3/4091 38889
1787698076 2.50 1.83 1.58 2/4112 38895
1787698079 2.38 1.82 1.57 2/4139 38898
1787698082 2.38 1.82 1.57 2/4157 38904
1787698085 2.27 1.80 1.57 3/4149 38907
1787698088 2.09 1.77 1.56 3/4142 38913
1787698091 2.09 1.77 1.56 1/4140 38919
1787698094 1.92 1.74 1.55 2/4153 38922
1787698097 1.92 1.74 1.55 3/4116 38928
1787698100 2.01 1.77 1.56 1/4085 38931
1787698103 1.93 1.75 1.56 2/4113 38937
1787698106 1.93 1.75 1.56 2/4156 38943
1787698109 1.77 1.72 1.55 1/4139 38946
1787698112 1.77 1.72 1.55 10/4154 38952
1787698115 1.63 1.69 1.54 2/4184 38955
1787698118 1.66 1.70 1.54 4/4185 38961
1787698121 1.66 1.70 1.54 2/4205 38967
1787698124 1.61 1.69 1.54 1/4178 38970
1787698127 1.61 1.69 1.54 1/4178 38976
1787698130 1.64 1.69 1.54 1/4176 38979
1787698133 1.67 1.70 1.54 2/4189 38985
1787698136 1.67 1.70 1.54 3/4235 38991
1787698139 1.53 1.67 1.54 1/4230 38994
1787698142 1.53 1.67 1.54 2/4240 39000
1787698145 1.49 1.66 1.53 2/4254 39003
1787698148 1.45 1.65 1.53 2/4227 39009
1787698151 1.45 1.65 1.53 1/4218 39015
1787698154 1.42 1.64 1.53 3/4216 39018
1787698157 1.42 1.64 1.53 3/4221 39024
1787698160 1.38 1.63 1.52 2/4237 39027
1787698163 1.43 1.63 1.53 2/4236 39033
1787698166 1.43 1.63 1.53 2/4232 39039
1787698169 3.56 2.07 1.67 2/4271 39042
1787698172 3.56 2.07 1.67 1/4259 39048
1787698175 3.51 2.09 1.68 5/4239 39051
1787698178 3.55 2.12 1.69 2/4237 39057
1787698181 3.55 2.12 1.69 1/4251 39063
1787698184 3.27 2.08 1.68 1/4259 39066
1787698187 3.27 2.08 1.68 1/4256 39072
1787698190 3.17 2.08 1.68 1/4328 39075
1787698193 2.99 2.06 1.68 1/4364 39081
1787698196 2.99 2.06 1.68 2/4441 39087
1787698199 2.99 2.08 1.69 2/4500 39090
1787698202 2.75 2.04 1.68 1/4538 39096
1787698205 2.75 2.04 1.68 1/4555 39099
1787698208 2.61 2.03 1.67 1/4568 39105
1787698211 2.61 2.03 1.67 3/4633 39111
1787698214 4.49 2.42 1.80 1/3897 39170
1787698217 4.29 2.42 1.81 8/3839 39176
1787698220 4.29 2.42 1.81 1/3817 39179
1787698223 4.02 2.39 1.80 3/3841 39185
1787698226 4.02 2.39 1.80 1/3867 39191
1787698229 3.78 2.37 1.80 1/3875 39194
1787698232 3.48 2.33 1.79 1/3876 39200
1787698235 3.48 2.33 1.79 1/3908 39203
1787698238 3.52 2.36 1.80 3/3896 39209
1787698241 3.52 2.36 1.80 1/3896 39215
1787698244 3.24 2.32 1.79 5/3922 39218
1787698247 3.06 2.30 1.79 1/3906 39224
1787698250 3.06 2.30 1.79 3/3915 39227
1787698253 2.89 2.27 1.78 1/3905 39233
1787698256 2.89 2.27 1.78 2/3946 39239
1787698259 2.66 2.24 1.77 3/3947 39242
1787698262 2.93 2.30 1.79 1/3940 39248
1787698265 2.93 2.30 1.79 2/3978 39251
1787698268 2.77 2.28 1.79 2/3968 39257
1787698271 2.77 2.28 1.79 2/3980 39263
1787698274 2.63 2.26 1.79 3/3967 39266
1787698277 2.42 2.22 1.78 2/3946 39272
1787698280 2.42 2.22 1.78 2/3958 39275
1787698283 2.23 2.18 1.77 2/3966 39281
1787698286 2.23 2.18 1.77 10/3990 39287
1787698289 2.05 2.14 1.76 1/3968 39290
1787698292 1.96 2.12 1.75 2/3975 39302
1787698295 1.96 2.12 1.75 6/3980 39305
1787698298 2.13 2.16 1.76 3/4013 39315
1787698301 2.13 2.16 1.76 4/3981 39321
1787698304 2.12 2.15 1.77 3/3949 39326
1787698307 2.03 2.13 1.76 2/3933 39332
1787698310 2.03 2.13 1.76 2/3927 39335
1787698313 1.94 2.11 1.76 2/3956 39341
1787698316 1.94 2.11 1.76 4/3957 39347
1787698319 2.43 2.21 1.79 4/3995 39350
1787698322 2.23 2.18 1.78 3/3987 39356
1787698325 2.23 2.18 1.78 1/3999 39359
1787698328 2.22 2.17 1.78 1/3998 39365
1787698331 2.22 2.17 1.78 2/4040 39371
1787698334 2.04 2.14 1.77 1/4003 39374
1787698337 1.95 2.12 1.77 1/4008 39380
1787698340 1.95 2.12 1.77 1/3997 39383
1787698343 1.96 2.12 1.77 1/4010 39389
1787698346 1.96 2.12 1.77 1/4019 39395
1787698349 1.88 2.10 1.76 4/4017 39398
1787698352 1.81 2.08 1.76 3/4016 39404
1787698355 1.81 2.08 1.76 4/4066 39407
1787698358 1.91 2.09 1.77 4/4065 39413
1787698361 1.91 2.09 1.77 3/4078 39419
1787698364 2.07 2.13 1.78 3/4064 39422
1787698367 1.99 2.11 1.77 1/4015 39428
1787698370 1.99 2.11 1.77 2/4015 39431
1787698373 1.83 2.07 1.77 1/4030 39437
1787698376 1.83 2.07 1.77 1/4041 39443
1787698379 1.84 2.07 1.77 2/4060 39446
1787698382 2.58 2.22 1.82 2/4101 39452
1787698385 2.58 2.22 1.82 2/4077 39455
1787698388 2.45 2.20 1.81 2/4070 39461
1787698391 2.45 2.20 1.81 1/4065 39467
1787698394 2.25 2.16 1.80 1/4061 39470
1787698397 2.15 2.14 1.80 3/4039 39476
1787698400 2.15 2.14 1.80 1/4042 39479
1787698403 2.06 2.12 1.79 2/4092 39485
1787698406 2.06 2.12 1.79 3/4082 39491
1787698409 1.97 2.10 1.79 5/4114 39494
1787698412 1.90 2.08 1.78 1/4088 39500
1787698415 1.90 2.08 1.78 4/4139 39503
1787698418 2.15 2.13 1.80 2/4130 39509
1787698421 2.15 2.13 1.80 2/4114 39515
1787698424 3.10 2.33 1.87 1/4107 39518
1787698427 2.93 2.31 1.86 1/4103 39524
1787698430 2.93 2.31 1.86 1/4095 39527
1787698433 2.77 2.29 1.86 15/4141 39533
1787698436 2.77 2.29 1.86 3/4108 39539
1787698439 2.55 2.25 1.85 2/4137 39542
1787698442 2.35 2.21 1.84 3/4141 39548
1787698445 2.35 2.21 1.84 7/4191 39551
1787698448 2.32 2.21 1.84 3/4179 39557
1787698451 2.32 2.21 1.84 3/4184 39563
1787698454 2.21 2.19 1.83 1/4129 39566
1787698457 2.11 2.17 1.83 1/4123 39572
1787698460 2.11 2.17 1.83 1/4129 39575
1787698463 2.19 2.18 1.84 1/4141 39581
1787698466 2.19 2.18 1.84 2/4161 39587
1787698469 2.09 2.16 1.83 2/4169 39590
1787698472 2.32 2.21 1.85 1/4180 39596
1787698475 2.32 2.21 1.85 3/4220 39599
1787698479 2.30 2.20 1.85 12/4198 39605
1787698482 2.30 2.20 1.85 1/4201 39611
1787698485 2.19 2.18 1.84 5/4222 39614
1787698488 2.10 2.16 1.84 2/4197 39620
1787698491 2.10 2.16 1.84 2/4187 39623
1787698494 1.93 2.13 1.83 2/4205 39629
1787698497 1.93 2.13 1.83 5/4270 39635
1787698500 2.42 2.23 1.86 6/4241 39638
1787698503 2.22 2.19 1.85 4/4304 39644
1787698506 2.22 2.19 1.85 1/4282 39647
1787698509 2.04 2.15 1.84 1/4258 39653
1787698512 2.04 2.15 1.84 2/4292 39659
1787698515 1.88 2.12 1.83 2/4256 39662
1787698518 1.81 2.10 1.83 1/4231 39668
1787698521 1.81 2.10 1.83 5/4265 39671
1787698524 1.90 2.11 1.83 1/4264 39677
1787698527 1.90 2.11 1.83 2/4289 39683
1787698530 1.91 2.11 1.83 3/4255 39686
1787698533 2.16 2.16 1.85 1/4264 39692
1787698536 2.16 2.16 1.85 6/4302 39695
1787698539 2.31 2.19 1.86 1/4296 39701
1787698542 2.31 2.19 1.86 2/4315 39707
1787698545 2.28 2.19 1.86 1/4283 39710
1787698548 2.26 2.18 1.86 1/4358 39716
1787698551 2.26 2.18 1.86 3/4374 39719
1787698554 2.88 2.31 1.91 2/4440 39725
1787698557 2.88 2.31 1.91 1/4506 39731
1787698560 2.65 2.27 1.90 1/4541 39734
1787698563 3.48 2.45 1.96 4/4573 39740
1787698566 3.48 2.45 1.96 1/4604 39743
1787698569 3.36 2.44 1.96 2/4648 39749
1787698572 3.36 2.44 1.96 1/3902 39811
1787698575 3.17 2.42 1.95 4/3868 39814
1787698578 3.00 2.40 1.95 1/3817 39820
1787698581 3.00 2.40 1.95 1/3815 39823
1787698584 2.92 2.39 1.95 2/3836 39829
1787698587 2.92 2.39 1.95 2/3875 39837
1787698590 2.76 2.37 1.94 1/3875 39840
1787698593 2.54 2.33 1.93 5/3914 39846
1787698596 2.54 2.33 1.93 2/3920 39849
1787698599 2.50 2.32 1.93 3/3900 39855
1787698602 2.50 2.32 1.93 1/3894 39861
1787698605 2.38 2.30 1.93 1/3909 39864
1787698608 2.35 2.29 1.93 2/3918 39870
1787698611 2.35 2.29 1.93 2/3892 39873
1787698614 2.40 2.31 1.93 2/3921 39879
1787698617 2.40 2.31 1.93 2/3936 39885
1787698620 2.21 2.27 1.92 3/3926 39888
1787698623 2.19 2.26 1.92 3/3984 39894
1787698626 2.19 2.26 1.92 2/3990 39897
1787698629 2.17 2.26 1.92 2/3982 39903
1787698632 2.17 2.26 1.92 1/3946 39909
1787698635 2.08 2.24 1.92 7/3959 39912
1787698638 1.99 2.22 1.91 2/3956 39918
1787698641 1.99 2.22 1.91 1/3920 39921
1787698644 2.31 2.28 1.93 6/3939 39927
1787698647 2.31 2.28 1.93 2/3986 39933
1787698650 2.13 2.24 1.92 2/3976 39936
1787698653 1.96 2.20 1.91 2/4008 39942
1787698656 1.96 2.20 1.91 3/3999 39945
1787698659 1.88 2.18 1.91 1/3987 39951
1787698662 1.88 2.18 1.91 3/4001 39957
1787698665 1.73 2.15 1.90 3/4014 39960
1787698668 1.67 2.13 1.89 2/3993 39966
1787698671 1.67 2.13 1.89 1/3951 39969
1787698674 1.78 2.14 1.90 3/3982 39975
1787698677 1.78 2.14 1.90 2/3958 39981
1787698680 1.80 2.14 1.90 3/4012 39984
1787698683 1.73 2.12 1.90 3/4020 39990
1787698686 1.73 2.12 1.90 3/3992 39993
1787698689 1.67 2.10 1.89 1/3996 39999
1787698692 1.67 2.10 1.89 3/3999 40005
1787698695 1.54 2.07 1.88 2/4006 40008
1787698698 1.42 2.03 1.87 2/3977 40014
1787698701 1.42 2.03 1.87 1/3969 40017
1787698704 2.26 2.20 1.92 4/4002 40023
1787698707 2.26 2.20 1.92 2/3998 40029
1787698710 2.08 2.16 1.91 9/4057 40032
1787698713 2.16 2.17 1.92 3/4071 40038
1787698716 2.16 2.17 1.92 2/4058 40041
1787698719 2.06 2.15 1.91 2/4045 40047
1787698722 2.06 2.15 1.91 1/4051 40053
1787698725 1.98 2.14 1.91 2/4079 40056
1787698728 1.82 2.10 1.90 3/4075 40062
1787698731 1.82 2.10 1.90 2/4053 40065
1787698734 2.15 2.16 1.92 2/4056 40071
1787698737 2.15 2.16 1.92 3/4103 40077
1787698740 2.30 2.20 1.93 3/4124 40080
1787698743 2.20 2.18 1.93 3/4112 40086
1787698746 2.20 2.18 1.93 1/4103 40089
1787698749 2.18 2.17 1.93 1/4082 40095
1787698752 2.18 2.17 1.93 2/4091 40101
1787698755 2.01 2.14 1.92 2/4073 40104
1787698758 1.93 2.12 1.91 2/4070 40110
1787698761 1.93 2.12 1.91 1/4049 40113
1787698764 1.85 2.10 1.91 1/4054 40119
1787698767 1.85 2.10 1.91 2/4099 40125
1787698770 1.70 2.06 1.90 1/4103 40128
1787698773 1.57 2.03 1.89 1/4116 40134
1787698776 1.57 2.03 1.89 5/4161 40137
1787698779 1.60 2.03 1.89 3/4143 40143
1787698782 1.60 2.03 1.89 3/4150 40149
1787698785 1.47 1.99 1.88 3/4131 40152
1787698788 1.43 1.98 1.87 3/4115 40158
1787698791 1.43 1.98 1.87 1/4109 40161
1787698794 1.56 2.00 1.88 1/4111 40167
1787698797 1.56 2.00 1.88 2/4138 40173
1787698800 1.68 2.01 1.88 2/4170 40176
1787698803 2.42 2.16 1.93 1/4186 40182
1787698806 2.42 2.16 1.93 3/4214 40185
1787698809 3.59 2.41 2.01 3/4200 40191
1787698812 3.59 2.41 2.01 3/4218 40197
1787698815 3.30 2.37 2.00 2/4189 40200
1787698818 3.12 2.35 2.00 5/4193 40206
1787698821 3.12 2.35 2.00 1/4161 40209
1787698824 2.95 2.32 1.99 4/4153 40215
1787698827 2.95 2.32 1.99 1/4188 40221
1787698830 2.87 2.32 1.99 1/4194 40224
1787698833 2.72 2.30 1.99 2/4246 40230
1787698836 2.72 2.30 1.99 2/4225 40233
1787698839 2.58 2.27 1.98 1/4219 40239
1787698842 2.58 2.27 1.98 2/4257 40246
1787698845 2.38 2.24 1.97 2/4246 40249
1787698848 2.27 2.21 1.97 1/4234 40255
1787698851 2.27 2.21 1.97 3/4228 40258
1787698854 3.29 2.43 2.04 4/4261 40264
1787698857 3.29 2.43 2.04 2/4256 40270
1787698860 3.18 2.42 2.04 6/4307 40273
1787698863 2.93 2.38 2.02 3/4290 40279
1787698866 2.93 2.38 2.02 2/4301 40282
1787698869 2.77 2.36 2.02 3/4314 40293
1787698872 2.77 2.36 2.02 3/4271 40301
1787698875 2.71 2.35 2.02 2/4287 40304
1787698878 2.57 2.33 2.01 3/4298 40310
1787698881 2.57 2.33 2.01 1/4276 40313
1787698884 2.53 2.32 2.01 16/4297 40319
1787698887 2.53 2.32 2.01 1/4257 40325
1787698890 2.40 2.30 2.01 3/4267 40328
1787698893 2.21 2.26 1.99 3/4301 40334
1787698896 2.21 2.26 1.99 3/4315 40337
1787698899 2.44 2.31 2.01 3/4314 40343
1787698902 2.44 2.31 2.01 4/4337 40349
1787698905 2.40 2.30 2.01 2/4375 40352
1787698908 2.21 2.26 2.00 2/4384 40358
1787698911 2.21 2.26 2.00 1/4453 40361
1787698914 2.19 2.26 2.00 2/4508 40367
1787698917 2.19 2.26 2.00 1/4542 40373
1787698920 2.26 2.27 2.01 2/4580 40376
1787698923 2.24 2.27 2.00 2/4615 40382
1787698926 2.24 2.27 2.00 20/3801 40385
1787698929 4.54 2.74 2.16 2/3901 40446
1787698932 4.54 2.74 2.16 2/3851 40452
1787698935 4.18 2.70 2.15 3/3845 40455
1787698938 3.84 2.65 2.14 2/3995 40461
1787698941 3.84 2.65 2.14 5/3841 40464
1787698944 3.53 2.61 2.13 2/3845 40470
1787698947 3.53 2.61 2.13 1/3878 40476
1787698950 3.49 2.61 2.13 3/3908 40479
1787698953 3.29 2.59 2.12 1/3914 40485
1787698956 3.29 2.59 2.12 2/3931 40488
1787698959 3.27 2.60 2.13 1/3924 40494
1787698962 3.27 2.60 2.13 4/3971 40500
1787698965 3.09 2.57 2.12 2/3956 40503
1787698968 2.84 2.53 2.11 2/3915 40509
1787698971 2.84 2.53 2.11 2/3901 40512
1787698974 2.69 2.50 2.10 1/3904 40518
1787698977 2.69 2.50 2.10 3/3953 40524
1787698980 2.80 2.52 2.11 22/4042 40527
1787698983 4.81 2.95 2.25 24/4043 40533
1787698986 4.81 2.95 2.25 17/4051 40536
1787698989 7.23 3.48 2.43 10/4040 40542
1787698992 7.23 3.48 2.43 20/4063 40548
1787698995 9.22 3.95 2.59 21/4046 40551
1787698998 10.08 4.22 2.68 22/4039 40557
1787699001 10.08 4.22 2.68 17/4040 40560
1787699004 11.19 4.55 2.80 20/3985 40566
1787699007 11.19 4.55 2.80 7/3957 40572
1787699010 10.86 4.59 2.82 7/3974 40575
1787699013 9.99 4.51 2.81 2/4012 40581
1787699016 9.99 4.51 2.81 4/4001 40584
1787699019 9.27 4.45 2.80 5/4023 40590
1787699022 9.27 4.45 2.80 4/4034 40596
1787699025 8.53 4.38 2.78 2/4038 40599
1787699028 8.24 4.39 2.79 3/4012 40605
1787699031 8.24 4.39 2.79 4/3973 40608
1787699034 7.58 4.32 2.78 2/3979 40614
1787699037 7.58 4.32 2.78 2/4014 40620
1787699040 7.30 4.31 2.78 4/4046 40623
1787699043 6.87 4.27 2.78 1/4019 40629
1787699046 6.87 4.27 2.78 3/4037 40632
1787699049 6.32 4.20 2.76 1/4007 40638
1787699052 6.32 4.20 2.76 2/4054 40644
1787699055 5.89 4.15 2.75 4/4057 40647
1787699058 5.42 4.08 2.74 2/4009 40653
1787699061 5.42 4.08 2.74 6/4035 40656
1787699064 5.15 4.05 2.74 2/4010 40662
1787699067 5.15 4.05 2.74 3/4029 40668
1787699070 4.74 3.98 2.72 3/4044 40671
1787699073 4.52 3.95 2.72 5/4078 40677
1787699076 4.52 3.95 2.72 6/4085 40680
1787699079 4.80 4.01 2.75 5/4085 40686
1787699082 4.80 4.01 2.75 1/4067 40692
1787699085 4.41 3.95 2.73 1/4065 40695
1787699088 4.38 3.95 2.74 4/4089 40701
1787699091 4.38 3.95 2.74 1/4047 40704
1787699094 4.19 3.91 2.73 1/4048 40710
1787699097 4.19 3.91 2.73 2/4048 40716
1787699100 4.81 4.05 2.78 2/4090 40719
1787699103 4.51 4.00 2.77 2/4117 40725
1787699106 4.51 4.00 2.77 3/4132 40728
1787699109 4.15 3.93 2.76 1/4085 40734
1787699112 4.15 3.93 2.76 1/4088 40740
1787699115 3.89 3.88 2.75 1/4079 40743
1787699118 3.58 3.82 2.73 4/4100 40749
1787699121 3.58 3.82 2.73 1/4056 40752
1787699124 3.54 3.80 2.73 2/4065 40758
1787699127 3.54 3.80 2.73 1/4081 40764
1787699130 3.41 3.77 2.73 1/4085 40767
1787699133 3.22 3.73 2.72 1/4101 40773
1787699136 3.22 3.73 2.72 3/4156 40776
1787699139 3.04 3.68 2.71 1/4111 40782
1787699142 3.04 3.68 2.71 2/4166 40788
1787699145 2.96 3.65 2.71 1/4125 40791
1787699148 2.88 3.63 2.70 1/4115 40797
1787699151 2.88 3.63 2.70 3/4128 40800
1787699154 2.65 3.57 2.69 1/4102 40806
1787699157 2.65 3.57 2.69 1/4117 40812
1787699160 2.52 3.52 2.68 5/4127 40815
1787699163 2.48 3.50 2.67 2/4140 40821
1787699166 2.48 3.50 2.67 2/4158 40824
1787699169 2.36 3.46 2.67 1/4149 40832
1787699172 2.36 3.46 2.67 5/4181 40838
1787699175 2.33 3.43 2.66 4/4173 40841
1787699178 2.22 3.39 2.65 1/4127 40847
1787699181 2.22 3.39 2.65 1/4126 40850
1787699184 2.12 3.35 2.64 1/4123 40856
1787699187 2.12 3.35 2.64 1/4142 40862
1787699190 1.95 3.29 2.63 2/4170 40865
1787699193 1.88 3.26 2.62 3/4178 40871
1787699196 1.88 3.26 2.62 2/4200 40874
1787699199 1.97 3.25 2.62 2/4210 40880
1787699202 1.97 3.25 2.62 3/4195 40886
1787699205 1.81 3.20 2.61 4/4192 40889
1787699208 1.99 3.21 2.62 10/4220 40895
1787699211 1.99 3.21 2.62 2/4183 40901
1787699214 1.91 3.17 2.61 1/4192 40904
1787699217 1.91 3.17 2.61 1/4206 40910
1787699220 1.91 3.15 2.60 1/4219 40913
1787699223 1.92 3.14 2.60 4/4235 40919
1787699226 1.92 3.14 2.60 1/4251 40925
1787699229 1.85 3.10 2.59 2/4247 40928
1787699232 1.85 3.10 2.59 1/4255 40934
1787699235 1.70 3.05 2.58 1/4233 40937
1787699238 1.56 3.00 2.56 2/4229 40943
1787699241 1.56 3.00 2.56 3/4220 40949
1787699244 1.60 2.98 2.56 2/4235 40952
1787699247 1.60 2.98 2.56 1/4247 40958
1787699250 1.47 2.93 2.55 2/4284 40961
1787699253 1.43 2.90 2.54 3/4244 40967
1787699256 1.43 2.90 2.54 3/4252 40973
1787699259 1.40 2.87 2.53 1/4258 40976
1787699262 1.40 2.87 2.53 1/4282 40982
1787699265 1.28 2.82 2.52 3/4299 40985
1787699268 1.26 2.79 2.51 2/4286 40991
1787699271 1.26 2.79 2.51 1/4345 40997
1787699274 1.32 2.78 2.50 20/4370 41000
1787699277 1.32 2.78 2.50 2/4458 41006
1787699280 1.22 2.73 2.49 1/4514 41009
1787699283 1.28 2.72 2.49 1/4545 41015
1787699286 1.28 2.72 2.49 1/4575 41021
1787699289 1.34 2.70 2.48 2/4581 41024
1787699292 1.34 2.70 2.48 28/3802 41030
1787699295 3.23 3.08 2.61 1/3918 41088
1787699298 3.05 3.04 2.60 2/3859 41094
1787699301 3.05 3.04 2.60 2/3848 41100
1787699304 3.13 3.06 2.60 3/3858 41103
1787699307 3.13 3.06 2.60 2/3908 41109
1787699310 3.12 3.06 2.61 3/3882 41112
1787699313 2.87 3.00 2.59 5/3945 41118
1787699316 2.87 3.00 2.59 2/3924 41124
1787699319 2.72 2.97 2.58 1/3906 41127
1787699322 2.50 2.92 2.57 1/3925 41133
1787699325 2.50 2.92 2.57 2/3940 41136
1787699328 2.54 2.92 2.57 2/3907 41142
1787699331 2.54 2.92 2.57 1/3893 41148
1787699334 2.42 2.89 2.56 1/3900 41151
1787699337 2.30 2.86 2.55 2/3911 41157
1787699340 2.30 2.86 2.55 3/3962 41160
1787699343 2.20 2.83 2.55 8/3989 41166
1787699346 2.20 2.83 2.55 2/3972 41172
1787699349 2.10 2.80 2.54 2/3933 41175
1787699352 1.93 2.75 2.52 2/3953 41181
1787699355 1.93 2.75 2.52 2/3952 41184
1787699358 1.78 2.70 2.51 3/3963 41190
1787699361 1.78 2.70 2.51 1/3923 41196
1787699364 1.88 2.71 2.51 4/3928 41199
1787699367 1.97 2.71 2.52 2/3979 41205
1787699370 1.97 2.71 2.52 1/3963 41208
1787699373 1.97 2.70 2.51 8/4022 41214
1787699376 1.97 2.70 2.51 2/3995 41220
1787699379 2.13 2.72 2.52 1/3977 41223
1787699382 2.20 2.73 2.52 2/3989 41229
1787699385 2.20 2.73 2.52 2/3995 41232
1787699388 2.35 2.75 2.53 3/4016 41238
1787699392 2.35 2.75 2.53 2/3969 41244
1787699395 2.24 2.72 2.52 3/3998 41247
1787699398 2.14 2.69 2.52 4/4014 41253
1787699401 2.14 2.69 2.52 1/4005 41256
1787699404 2.13 2.68 2.51 1/4016 41262
1787699407 2.13 2.68 2.51 1/4025 41268
1787699410 1.96 2.64 2.50 2/4015 41271
1787699413 1.80 2.59 2.49 1/4029 41277
1787699416 1.80 2.59 2.49 2/4028 41280
1787699419 1.66 2.55 2.47 2/4018 41286
1787699422 1.66 2.55 2.47 2/4005 41292
1787699425 1.68 2.54 2.47 2/4028 41295
1787699428 1.63 2.51 2.46 2/4039 41301
1787699431 1.63 2.51 2.46 1/4022 41304
1787699434 1.58 2.49 2.45 4/4089 41310
1787699437 1.58 2.49 2.45 3/4064 41316
1787699440 1.77 2.51 2.46 1/4054 41319
1787699443 1.87 2.52 2.46 5/4086 41325
1787699446 1.87 2.52 2.46 1/4078 41328
1787699449 1.72 2.48 2.45 4/4075 41334
1787699452 1.72 2.48 2.45 1/4061 41340
1787699455 1.66 2.45 2.44 2/4069 41348
1787699458 1.77 2.46 2.45 1/4074 41354
1787699461 1.77 2.46 2.45 2/4124 41357
1787699464 2.19 2.54 2.47 3/4099 41363
1787699467 2.19 2.54 2.47 2/4093 41369
1787699470 2.17 2.53 2.47 1/4087 41372
1787699473 2.08 2.50 2.46 1/4105 41378
1787699476 2.08 2.50 2.46 2/4114 41381
1787699479 2.23 2.53 2.47 2/4078 41389
1787699482 2.23 2.53 2.47 2/4085 41395
1787699485 2.05 2.49 2.45 3/4099 41398
1787699488 2.05 2.48 2.45 1/4082 41404
1787699491 2.05 2.48 2.45 5/4139 41411
1787699494 1.97 2.45 2.44 2/4121 41418
1787699497 1.97 2.45 2.44 12/4165 41424
1787699500 2.13 2.48 2.45 3/4127 41427
1787699503 2.12 2.47 2.45 1/4138 41433
1787699506 2.12 2.47 2.45 1/4119 41436
1787699509 2.11 2.46 2.45 2/4113 41444
1787699512 2.11 2.46 2.45 2/4115 41450
1787699515 2.02 2.44 2.44 3/4102 41453
1787699518 2.02 2.43 2.44 1/4118 41461
1787699521 2.02 2.43 2.44 1/4132 41464
1787699524 2.10 2.44 2.44 4/4189 41470
1787699527 2.10 2.44 2.44 2/4184 41488
1787699530 2.01 2.42 2.43 3/4171 41493
1787699533 2.01 2.41 2.43 2/4140 41507
1787699536 2.01 2.41 2.43 2/4169 41510
1787699539 2.09 2.42 2.43 3/4142 41516
1787699542 2.09 2.42 2.43 1/4139 41522
1787699545 2.08 2.41 2.43 2/4147 41525
1787699548 2.07 2.41 2.43 2/4178 41531
1787699551 2.07 2.41 2.43 3/4199 41534
1787699554 1.99 2.38 2.42 4/4210 41540
1787699557 1.99 2.38 2.42 2/4197 41547
1787699560 2.07 2.39 2.42 3/4213 41552
1787699563 2.22 2.42 2.43 3/4214 41558
1787699566 2.22 2.42 2.43 2/4213 41562
1787699569 2.04 2.38 2.42 2/4230 41568
1787699572 2.04 2.38 2.42 1/4204 41574
1787699575 2.12 2.39 2.42 3/4230 41577
1787699578 2.03 2.37 2.42 1/4225 41583
1787699581 2.03 2.37 2.42 2/4256 41586
1787699584 2.27 2.41 2.43 1/4263 41592
1787699587 2.27 2.41 2.43 5/4292 41598
1787699590 2.25 2.40 2.43 4/4446 41601
1787699593 2.63 2.48 2.45 1/4434 41607
1787699596 2.63 2.48 2.45 1/4429 41610
1787699599 2.58 2.47 2.45 3/4273 41616
1787699602 2.58 2.47 2.45 5/4454 41622
1787699605 3.01 2.56 2.48 2/4408 41625
1787699608 2.93 2.55 2.48 4/4419 41631
1787699611 2.93 2.55 2.48 1/4402 41634
1787699614 2.94 2.56 2.48 1/4416 41640
1787699617 2.94 2.56 2.48 3/4439 41646
1787699620 2.94 2.57 2.48 2/4446 41649
1787699623 2.71 2.53 2.47 1/4469 41655
1787699626 2.71 2.53 2.47 2/4516 41658
1787699629 2.73 2.53 2.47 3/4538 41664
1787699632 2.73 2.53 2.47 1/4547 41670
1787699635 2.75 2.54 2.48 1/4641 41673
1787699638 2.61 2.52 2.47 1/4703 41679
1787699641 2.61 2.52 2.47 3/4725 41682
1787699644 2.40 2.47 2.45 3/4746 41688
1787699647 2.40 2.47 2.45 1/4780 41694
1787699650 2.37 2.47 2.45 23/4093 41753
1787699653 2.34 2.46 2.45 1/4136 41759
1787699656 2.34 2.46 2.45 3/4031 41762
1787699659 2.23 2.43 2.44 1/4049 41768
1787699662 2.23 2.43 2.44 3/4075 41774
1787699665 2.13 2.41 2.43 2/4081 41777
1787699668 1.96 2.37 2.42 3/4062 41783
1787699671 1.96 2.37 2.42 4/4113 41786
1787699674 1.81 2.33 2.41 1/4088 41792
1787699677 1.81 2.33 2.41 5/4104 41798
1787699680 1.98 2.36 2.42 1/4080 41801
1787699683 1.90 2.33 2.41 1/4087 41807
1787699686 1.90 2.33 2.41 4/4089 41810
1787699689 1.91 2.33 2.41 2/4119 41816
1787699692 1.91 2.33 2.41 15/4102 41822
1787699695 2.88 2.52 2.47 1/4079 41825
1787699698 2.89 2.53 2.47 3/4107 41831
1787699701 2.89 2.53 2.47 2/4135 41834
1787699704 2.74 2.51 2.46 7/4143 41840
1787699707 2.74 2.51 2.46 1/4128 41846
1787699710 2.60 2.48 2.45 2/4120 41849
1787699713 2.47 2.45 2.45 2/4137 41855
1787699716 2.47 2.45 2.45 2/4115 41858
1787699719 2.27 2.41 2.43 1/4120 41864
1787699722 2.27 2.41 2.43 1/4118 41870
1787699725 2.09 2.37 2.42 1/4109 41873
1787699728 2.00 2.35 2.41 43/4125 41879
1787699731 2.00 2.35 2.41 2/4135 41882
1787699734 2.00 2.34 2.41 1/4149 41888
1787699737 2.00 2.34 2.41 2/4168 41894
1787699740 1.92 2.32 2.40 2/4166 41897
1787699743 2.01 2.33 2.41 3/4211 41903
1787699746 2.01 2.33 2.41 3/4190 41906
1787699749 2.17 2.36 2.41 3/4187 41912
1787699752 2.17 2.36 2.41 5/4168 41918
1787699755 2.31 2.39 2.42 3/4137 41921
1787699758 2.29 2.38 2.42 2/4126 41927
1787699761 2.29 2.38 2.42 1/4143 41930
1787699764 2.59 2.44 2.44 2/4176 41936
1787699767 2.59 2.44 2.44 4/4181 41942
1787699770 2.46 2.42 2.43 3/4044 41945
1787699773 2.26 2.38 2.42 3/4174 41951
1787699776 2.26 2.38 2.42 3/4028 41954
1787699779 2.16 2.35 2.41 3/4173 41960
1787699782 2.16 2.35 2.41 30/4233 41966
1787699785 3.59 2.65 2.51 25/4258 41969
1787699788 5.30 3.02 2.63 13/4258 41975
1787699791 5.30 3.02 2.63 7/4263 41978
1787699794 5.04 3.00 2.62 4/4203 41984
1787699797 5.04 3.00 2.62 4/4259 41990
1787699800 5.28 3.08 2.65 2/4226 41993
1787699803 4.93 3.05 2.64 2/4266 41999
1787699806 4.93 3.05 2.64 3/4247 42002
1787699809 4.62 3.02 2.63 2/4208 42008
1787699812 4.62 3.02 2.63 6/4216 42014
1787699815 4.41 3.00 2.63 4/4212 42017
1787699818 4.14 2.97 2.62 2/4253 42023
1787699821 4.14 2.97 2.62 6/4278 42026
1787699824 3.88 2.93 2.61 3/4251 42032
1787699827 3.88 2.93 2.61 1/4276 42038
1787699830 3.57 2.88 2.60 4/4256 42041
1787699833 3.29 2.84 2.58 1/4249 42047
1787699836 3.29 2.84 2.58 2/4252 42050
1787699839 3.18 2.82 2.58 1/4231 42056
1787699842 3.18 2.82 2.58 1/4228 42062
1787699845 3.01 2.79 2.57 6/4236 42065
1787699848 2.93 2.78 2.57 2/4272 42071
1787699851 2.93 2.78 2.57 2/4259 42074
1787699854 2.85 2.77 2.57 3/4293 42080
1787699857 2.85 2.77 2.57 5/4297 42086
1787699860 2.86 2.77 2.57 1/4292 42089
1787699863 2.80 2.76 2.56 2/4307 42095
1787699866 2.80 2.76 2.56 3/4304 42098
1787699869 2.57 2.71 2.55 1/4310 42106
1787699872 2.57 2.71 2.55 3/4304 42112
1787699875 2.45 2.68 2.54 1/4284 42115
1787699878 2.25 2.64 2.53 2/4278 42121
1787699881 2.25 2.64 2.53 17/4315 42124
1787699884 2.31 2.64 2.53 6/4355 42130
1787699887 2.31 2.64 2.53 5/4339 42136
1787699890 2.28 2.63 2.53 8/4325 42139
1787699893 2.18 2.60 2.52 3/4311 42145
1787699896 2.18 2.60 2.52 3/4309 42148
1787699899 2.01 2.56 2.51 4/4342 42154
1787699902 2.01 2.56 2.51 2/4336 42160
1787699905 1.85 2.52 2.49 3/4315 42163
1787699908 4.02 2.96 2.64 20/4390 42169
1787699911 4.02 2.96 2.64 22/4393 42172
1787699914 3.94 2.96 2.64 3/4433 42178
1787699917 3.94 2.96 2.64 3/4396 42184
1787699920 3.78 2.94 2.63 1/4355 42188
1787699923 3.56 2.91 2.62 2/4393 42194
1787699926 3.56 2.91 2.62 4/4380 42197
1787699929 3.35 2.88 2.62 4/4380 42203
1787699932 3.35 2.88 2.62 3/4407 42209
1787699935 3.09 2.83 2.60 2/4258 42212
1787699938 3.08 2.83 2.60 4/4393 42218
1787699941 3.08 2.83 2.60 2/4424 42221
1787699944 3.07 2.84 2.61 10/4411 42227
1787699947 3.07 2.84 2.61 2/4441 42233
1787699950 2.91 2.81 2.60 5/4462 42236
1787699953 2.99 2.83 2.61 4/4473 42242
1787699956 2.99 2.83 2.61 3/4450 42245
1787699959 2.75 2.78 2.59 2/4458 42251
1787699962 2.75 2.78 2.59 3/4403 42257
1787699965 2.61 2.75 2.58 5/4451 42260
1787699968 2.56 2.74 2.58 4/4431 42266
1787699971 2.56 2.74 2.58 1/4444 42269
1787699974 3.24 2.87 2.62 2/4420 42275
1787699977 3.24 2.87 2.62 2/4454 42281
1787699980 3.06 2.84 2.62 3/4437 42284
1787699983 2.89 2.81 2.61 3/4466 42290
1787699986 2.89 2.81 2.61 1/4473 42293
1787699989 2.74 2.78 2.60 4/4395 42299
1787699992 2.74 2.78 2.60 5/4529 42305
1787699995 2.60 2.75 2.59 3/4422 42308
1787699998 2.56 2.74 2.59 2/4669 42314
1787700001 2.56 2.74 2.59 3/4728 42317
1787700004 2.83 2.79 2.60 1/4744 42323
1787700007 2.83 2.79 2.60 1/4772 42329
1787700010 2.68 2.76 2.60 8/4795 42332
1787700013 3.51 2.93 2.65 25/4091 42392
1787700016 3.51 2.93 2.65 5/4108 42395
1787700019 3.47 2.93 2.65 4/4006 42401
1787700022 3.47 2.93 2.65 2/4023 42407
1787700025 3.51 2.95 2.66 2/4040 42410
1787700028 3.55 2.97 2.67 4/4039 42416
1787700031 3.55 2.97 2.67 1/3915 42419
1787700034 3.59 2.99 2.68 3/3748 42425
1787700037 3.59 2.99 2.68 10/3773 42431
1787700040 3.54 2.99 2.68 4/3790 42434
1787700043 4.54 3.20 2.75 2/3770 42440
1787700046 4.54 3.20 2.75 4/3799 42443
1787700049 4.25 3.17 2.74 3/3769 42449
1787700052 4.25 3.17 2.74 3/3770 42455
1787700055 3.99 3.13 2.73 4/3797 42458
1787700058 3.75 3.10 2.72 1/3784 42464
1787700061 3.75 3.10 2.72 2/3812 42467
1787700064 3.61 3.08 2.72 5/3851 42473
1787700067 3.61 3.08 2.72 1/3837 42479
1787700070 3.64 3.09 2.72 3/3823 42482
1787700073 3.43 3.06 2.71 4/3861 42488
1787700076 3.43 3.06 2.71 2/3824 42491
1787700079 3.24 3.02 2.71 3/3822 42497
1787700082 3.24 3.02 2.71 3/3805 42503
1787700085 3.30 3.04 2.71 7/3841 42506
1787700088 3.44 3.07 2.73 4/3814 42512
1787700091 3.44 3.07 2.73 2/3830 42515
1787700094 3.32 3.06 2.72 2/3835 42521
1787700097 3.32 3.06 2.72 3/3873 42527
1787700100 3.29 3.05 2.72 2/3850 42530
1787700103 3.03 3.00 2.71 5/3892 42536
1787700106 3.03 3.00 2.71 3/3861 42539
1787700109 2.87 2.97 2.70 3/3860 42545
1787700112 2.87 2.97 2.70 3/3874 42551
1787700115 2.64 2.92 2.68 2/3860 42554
1787700118 2.83 2.95 2.70 1/3845 42560
1787700121 2.83 2.95 2.70 6/3883 42563
1787700124 2.60 2.91 2.68 2/3902 42569
1787700127 2.60 2.91 2.68 3/3893 42575
1787700130 2.79 2.94 2.70 2/3910 42578
1787700133 2.65 2.91 2.69 1/3884 42584
1787700136 2.65 2.91 2.69 2/3873 42587
1787700139 2.44 2.86 2.67 2/3898 42593
1787700142 2.44 2.86 2.67 1/3872 42599
1787700145 2.24 2.81 2.66 3/3883 42602
1787700148 2.22 2.80 2.65 2/3873 42608
1787700151 2.22 2.80 2.65 4/3906 42611
1787700154 2.04 2.75 2.64 2/3880 42617
1787700157 2.04 2.75 2.64 5/3915 42623
1787700160 2.36 2.81 2.66 3/3894 42626
1787700163 2.49 2.83 2.66 11/3927 42634
1787700166 2.49 2.83 2.66 3/3919 42637
1787700169 2.29 2.78 2.65 1/3897 42643
1787700172 2.29 2.78 2.65 3/3898 42651
1787700175 2.27 2.77 2.65 4/3917 42654
1787700178 4.09 3.13 2.77 30/3994 42660
1787700181 4.09 3.13 2.77 3/3962 42663
1787700184 4.00 3.13 2.77 4/3951 42669
1787700187 4.00 3.13 2.77 3/3919 42675
1787700190 3.76 3.10 2.76 1/3907 42678
1787700193 3.46 3.04 2.74 2/3906 42684
1787700196 3.46 3.04 2.74 3/3919 42687
1787700199 3.26 3.01 2.73 3/3911 42693
1787700202 3.26 3.01 2.73 4/3940 42699
1787700205 3.16 2.99 2.73 5/3905 42702
1787700208 3.15 2.99 2.73 2/3918 42708
1787700211 3.15 2.99 2.73 3/3922 42711
1787700214 3.06 2.98 2.72 2/3937 42717
1787700217 3.06 2.98 2.72 4/3982 42723
1787700220 3.13 2.99 2.73 9/3949 42726
1787700223 2.96 2.96 2.72 1/3959 42732
1787700226 2.96 2.96 2.72 1/3963 42735
1787700229 2.80 2.93 2.71 2/3966 42741
1787700232 2.80 2.93 2.71 2/3968 42747
1787700235 2.58 2.88 2.70 1/3998 42750
1787700238 2.77 2.92 2.71 3/4002 42756
1787700241 2.77 2.92 2.71 1/3979 42759
1787700244 2.63 2.88 2.70 1/3986 42765
1787700247 2.63 2.88 2.70 16/4005 42771
1787700250 2.50 2.85 2.69 3/3975 42774
1787700253 2.38 2.82 2.68 4/3975 42780
1787700256 2.38 2.82 2.68 1/3978 42783
1787700259 2.27 2.79 2.67 3/3983 42789
1787700262 2.27 2.79 2.67 1/3995 42795
1787700265 2.25 2.78 2.67 3/4004 42798
1787700268 2.23 2.76 2.67 1/4019 42804
1787700271 2.23 2.76 2.67 2/4045 42807
1787700274 2.13 2.73 2.66 3/4053 42813
1787700277 2.13 2.73 2.66 3/4065 42819
1787700280 2.04 2.71 2.65 1/4050 42822
1787700283 1.87 2.66 2.63 2/4072 42828
1787700286 1.87 2.66 2.63 1/4054 42831
1787700289 1.72 2.62 2.62 4/4058 42837
1787700292 1.72 2.62 2.62 7/4097 42843
1787700295 1.75 2.61 2.62 2/4080 42846
1787700298 1.77 2.60 2.61 2/4098 42852
1787700301 1.77 2.60 2.61 1/4095 42855
1787700304 1.62 2.55 2.60 2/4108 42861
1787700307 1.62 2.55 2.60 2/4107 42867
1787700310 1.49 2.51 2.58 4/4123 42870
1787700314 1.37 2.47 2.57 3/4151 42876
1787700317 1.37 2.47 2.57 4/4137 42879
1787700320 1.91 2.56 2.60 4/4143 42885
1787700323 1.91 2.56 2.60 2/4109 42891
1787700326 1.83 2.53 2.59 10/4168 42894
1787700329 1.77 2.51 2.58 3/4142 42900
1787700332 1.77 2.51 2.58 1/4121 42903
1787700335 1.94 2.53 2.59 1/4097 42909
1787700338 1.94 2.53 2.59 5/4120 42915
1787700341 2.11 2.56 2.60 1/4137 42918
1787700344 1.94 2.51 2.58 2/4143 42924
1787700347 1.94 2.51 2.58 2/4148 42927
1787700350 2.03 2.52 2.59 2/4219 42933
1787700353 2.03 2.52 2.59 4/4244 42939
1787700356 1.94 2.50 2.58 2/4257 42942
1787700359 1.87 2.47 2.57 2/4360 42948
1787700362 1.87 2.47 2.57 1/4398 42951
1787700365 1.72 2.43 2.55 2/4419 42957
1787700368 1.72 2.43 2.55 1/4447 42963
1787700371 1.58 2.39 2.54 1/4486 42966
1787700374 2.33 2.53 2.59 7/3744 43026
1787700377 2.33 2.53 2.59 2/3729 43029
1787700380 2.39 2.54 2.59 1/3690 43035
1787700383 2.39 2.54 2.59 3/3750 43041
1787700386 2.36 2.53 2.58 2/3718 43044
1787700389 2.17 2.49 2.57 1/3716 43050
1787700392 2.17 2.49 2.57 3/3744 43053
1787700395 1.99 2.45 2.56 2/3764 43059
1787700398 1.99 2.45 2.56 6/3787 43065
1787700401 2.07 2.46 2.56 3/3780 43068
1787700404 1.91 2.42 2.54 1/3770 43074
1787700407 1.91 2.42 2.54 11/3771 43077
1787700410 1.76 2.38 2.53 1/3762 43083
1787700413 1.76 2.38 2.53 4/3806 43089
1787700416 1.78 2.37 2.53 3/3805 43092
1787700419 1.79 2.36 2.52 1/3783 43098
1787700422 1.79 2.36 2.52 2/3794 43101
1787700425 1.73 2.34 2.52 13/3838 43107
1787700428 1.73 2.34 2.52 2/3816 43113
1787700431 1.83 2.35 2.52 2/3799 43116
1787700434 2.01 2.38 2.53 2/3828 43122
1787700437 2.01 2.38 2.53 3/3786 43125
1787700440 1.84 2.34 2.51 1/3797 43131
1787700443 1.84 2.34 2.51 2/3830 43137
1787700446 1.86 2.33 2.51 4/3829 43140
1787700449 1.71 2.29 2.50 2/3811 43146
1787700452 1.71 2.29 2.50 3/3817 43149
1787700455 1.57 2.26 2.48 2/3825 43155
1787700458 1.53 2.24 2.48 2/3838 43161
1787700461 1.53 2.24 2.48 2/3862 43164
1787700464 1.48 2.21 2.47 3/3830 43170
1787700467 1.48 2.21 2.47 7/3851 43173
1787700470 1.44 2.19 2.46 2/3841 43179
1787700473 1.57 2.21 2.46 4/3874 43185
1787700476 1.57 2.21 2.46 3/3885 43190
1787700479 1.60 2.20 2.46 3/3889 43196
1787700482 1.60 2.20 2.46 4/3882 43199
1787700485 1.64 2.20 2.46 3/3884 43205
1787700488 1.50 2.16 2.44 3/3852 43211
1787700491 1.50 2.16 2.44 3/3857 43214
1787700494 2.35 2.33 2.49 15/3869 43220
1787700497 2.35 2.33 2.49 3/3854 43223
1787700500 2.40 2.34 2.50 3/3855 43229
1787700503 2.37 2.33 2.49 1/3849 43235
1787700506 2.37 2.33 2.49 2/3875 43238
1787700509 2.34 2.33 2.49 2/3848 43244
1787700512 2.34 2.33 2.49 4/3899 43247
1787700515 2.23 2.30 2.48 4/3913 43253
1787700518 2.13 2.28 2.47 2/3893 43259
1787700521 2.13 2.28 2.47 1/3899 43262
1787700524 1.96 2.24 2.46 3/3898 43268
1787700527 1.96 2.24 2.46 4/3943 43271
1787700530 1.96 2.24 2.46 4/3952 43277
1787700533 1.81 2.20 2.44 2/3934 43283
1787700536 1.81 2.20 2.44 4/3944 43286
1787700539 1.82 2.20 2.44 2/3969 43292
1787700542 1.82 2.20 2.44 6/3963 43295
1787700545 1.76 2.18 2.43 2/3953 43301
1787700548 1.61 2.14 2.42 1/3948 43307
1787700551 1.61 2.14 2.42 1/3940 43310
1787700554 1.65 2.14 2.42 3/3959 43316
1787700557 1.65 2.14 2.42 1/3925 43319
1787700560 1.51 2.10 2.41 1/3919 43325
1787700563 1.39 2.07 2.39 4/3929 43331
1787700566 1.39 2.07 2.39 2/3927 43334
1787700569 1.28 2.03 2.38 2/3963 43340
1787700572 1.28 2.03 2.38 1/3952 43343
1787700575 1.66 2.10 2.40 1/3939 43349
1787700578 1.77 2.12 2.40 3/3998 43355
1787700581 1.77 2.12 2.40 3/4004 43358
1787700584 1.70 2.10 2.39 2/4007 43364
1787700587 1.70 2.10 2.39 1/3982 43367
1787700590 1.65 2.08 2.39 1/3966 43373
1787700593 1.52 2.04 2.37 1/3970 43379
1787700596 1.52 2.04 2.37 2/3971 43382
1787700599 1.87 2.11 2.39 1/3964 43388
1787700602 1.87 2.11 2.39 4/3995 43391
1787700605 1.72 2.07 2.38 1/3997 43397
1787700608 2.55 2.24 2.43 2/4028 43403
1787700611 2.55 2.24 2.43 2/4026 43406
1787700614 2.42 2.22 2.42 2/3973 43412
1787700617 2.42 2.22 2.42 1/3987 43415
1787700620 2.39 2.21 2.42 4/4012 43421
1787700623 2.20 2.18 2.41 2/4010 43427
1787700626 2.20 2.18 2.41 3/4035 43430
1787700629 2.10 2.16 2.40 2/4013 43436
1787700632 2.10 2.16 2.40 2/4019 43439
1787700635 2.17 2.17 2.40 2/4043 43445
1787700638 2.16 2.17 2.40 2/4036 43451
1787700641 2.16 2.17 2.40 1/4044 43454
1787700644 2.23 2.18 2.40 4/4026 43460
1787700647 2.23 2.18 2.40 16/4101 43463
1787700650 2.05 2.15 2.39 3/4088 43469
1787700653 2.04 2.14 2.39 2/4091 43475
1787700656 2.04 2.14 2.39 3/4116 43478
1787700659 1.88 2.11 2.38 1/4097 43484
1787700662 1.88 2.11 2.38 2/4117 43487
1787700665 1.73 2.07 2.36 2/4151 43493
1787700668 1.59 2.04 2.35 1/4135 43499
1787700671 1.59 2.04 2.35 1/4121 43502
1787700674 1.54 2.02 2.34 2/4136 43508
1787700677 1.54 2.02 2.34 2/4126 43511
1787700680 1.50 2.00 2.33 6/4155 43517
1787700683 1.38 1.97 2.32 3/4147 43523
1787700686 1.38 1.97 2.32 4/4157 43526
1787700689 1.43 1.97 2.32 2/4106 43532
1787700692 1.43 1.97 2.32 2/4108 43535
1787700695 1.31 1.94 2.31 2/4143 43541
1787700698 1.29 1.92 2.30 4/4162 43547
1787700701 1.29 1.92 2.30 2/4174 43550
1787700704 1.27 1.91 2.29 2/4170 43556
1787700707 1.27 1.91 2.29 1/4233 43559
1787700710 1.32 1.91 2.29 2/4253 43565
1787700713 1.22 1.88 2.28 1/4336 43571
1787700716 1.22 1.88 2.28 3/4372 43574
1787700719 1.28 1.88 2.28 1/4386 43580
1787700722 1.28 1.88 2.28 1/4423 43583
1787700725 1.18 1.85 2.26 1/4449 43589
1787700728 2.37 2.08 2.34 15/3634 43652
1787700731 2.37 2.08 2.34 2/3748 43655
1787700734 2.18 2.05 2.33 1/3662 43661
1787700737 2.18 2.05 2.33 2/3681 43664
1787700740 2.08 2.03 2.32 1/3699 43670
1787700743 1.99 2.01 2.31 2/3712 43676
1787700746 1.99 2.01 2.31 5/3743 43679
1787700749 1.91 2.00 2.30 2/3716 43685
1787700752 1.91 2.00 2.30 4/3763 43688
1787700755 1.76 1.96 2.29 3/3739 43694
1787700758 1.70 1.95 2.28 3/3757 43700
1787700761 1.70 1.95 2.28 4/3751 43703
1787700764 1.64 1.93 2.28 3/3760 43709
1787700767 1.64 1.93 2.28 3/3791 43712
1787700770 1.67 1.93 2.27 4/3767 43718
1787700773 1.70 1.93 2.27 4/3796 43724
1787700776 1.70 1.93 2.27 2/3795 43727
1787700779 1.80 1.95 2.28 1/3771 43735
1787700782 1.80 1.95 2.28 2/3791 43738
1787700785 1.66 1.92 2.26 1/3798 43744
1787700788 1.61 1.90 2.26 8/3807 43750
1787700791 1.61 1.90 2.26 2/3832 43753
1787700794 1.48 1.87 2.24 1/3777 43759
1787700797 1.48 1.87 2.24 1/3785 43762
1787700800 1.36 1.84 2.23 2/3785 43768
1787700803 1.25 1.81 2.22 2/3832 43774
1787700806 1.25 1.81 2.22 1/3792 43777
1787700809 1.23 1.80 2.21 2/3788 43783
1787700812 1.23 1.80 2.21 1/3807 43786
1787700815 1.13 1.77 2.20 1/3815 43792
1787700818 1.28 1.79 2.21 5/3825 43798
1787700821 1.28 1.79 2.21 3/3827 43801
1787700824 1.42 1.81 2.21 3/3844 43807
1787700827 1.42 1.81 2.21 3/3834 43810
1787700830 1.47 1.81 2.21 6/3815 43816
1787700833 1.59 1.83 2.21 19/3839 43822
1787700836 1.59 1.83 2.21 3/3830 43825
1787700839 1.54 1.82 2.21 1/3824 43831
1787700842 1.54 1.82 2.21 2/3843 43834
1787700845 1.66 1.84 2.21 2/3880 43840
1787700848 1.69 1.84 2.21 3/3853 43846
1787700851 1.69 1.84 2.21 2/3872 43849
1787700854 1.55 1.81 2.20 3/3849 43855
1787700857 1.55 1.81 2.20 4/3873 43858
1787700860 1.51 1.79 2.19 2/3876 43864
1787700863 1.55 1.80 2.19 2/3877 43870
1787700866 1.55 1.80 2.19 3/3910 43873
1787700869 1.58 1.80 2.19 3/3870 43879
1787700872 1.58 1.80 2.19 3/3923 43882
1787700875 2.10 1.90 2.22 2/3935 43888
1787700878 2.01 1.89 2.21 4/3896 43894
1787700881 2.01 1.89 2.21 2/3938 43897
1787700884 1.85 1.86 2.20 3/3919 43903
1787700887 1.85 1.86 2.20 3/3927 43906
1787700890 1.70 1.83 2.19 3/3905 43912
1787700893 1.56 1.80 2.17 3/3907 43918
1787700896 1.56 1.80 2.17 5/3922 43921
1787700899 1.52 1.78 2.17 2/3919 43927
1787700902 1.52 1.78 2.17 3/3949 43930
1787700905 1.56 1.79 2.17 1/3949 43936
1787700908 1.43 1.76 2.16 3/3980 43942
1787700911 1.43 1.76 2.16 4/3979 43945
1787700914 1.40 1.74 2.15 2/3926 43951
1787700917 1.40 1.74 2.15 2/3980 43954
1787700920 1.61 1.78 2.16 2/3929 43960
1787700923 1.56 1.77 2.15 2/3938 43966
1787700926 1.56 1.77 2.15 3/3939 43969
1787700929 1.59 1.77 2.15 6/3938 43975
1787700932 1.59 1.77 2.15 1/3929 43978
1787700935 1.79 1.81 2.16 1/3928 43984
1787700938 1.80 1.81 2.16 3/3952 43990
1787700941 1.80 1.81 2.16 2/3960 43993
1787700944 1.66 1.78 2.15 4/3937 43999
1787700947 1.66 1.78 2.15 3/3978 44002
1787700950 1.61 1.77 2.14 9/3978 44008
1787700953 1.64 1.77 2.14 3/3988 44014
1787700956 1.64 1.77 2.14 3/3974 44017
1787700959 1.59 1.76 2.14 2/3964 44023
1787700962 1.59 1.76 2.14 2/4013 44026
1787700965 1.70 1.78 2.14 4/4010 44032
1787700968 1.64 1.77 2.13 4/4007 44038
1787700971 1.64 1.77 2.13 3/4024 44041
1787700974 1.51 1.74 2.12 3/4004 44047
1787700977 1.51 1.74 2.12 2/4009 44050
1787700980 1.39 1.71 2.11 1/4007 44056
1787700983 1.28 1.68 2.10 1/4044 44062
1787700986 1.28 1.68 2.10 3/4016 44065
1787700989 1.34 1.68 2.10 2/4029 44071
1787700992 1.34 1.68 2.10 2/4012 44074
1787700995 1.31 1.67 2.09 3/4024 44080
1787700998 1.37 1.68 2.09 6/4041 44086
1787701001 1.37 1.68 2.09 2/4045 44089
1787701004 1.34 1.67 2.08 6/4060 44095
1787701007 1.34 1.67 2.08 1/4058 44098
1787701010 1.39 1.67 2.08 19/4068 44104
1787701013 1.28 1.64 2.07 1/4056 44110
1787701016 1.28 1.64 2.07 2/4066 44113
1787701019 1.26 1.63 2.07 2/4065 44119
1787701022 1.26 1.63 2.07 2/4120 44125
1787701025 1.23 1.62 2.06 3/4116 44128
1787701028 1.14 1.60 2.05 1/4082 44134
1787701031 1.14 1.60 2.05 1/4084 44137
1787701034 1.45 1.65 2.07 2/4063 44143
1787701037 1.45 1.65 2.07 1/4087 44149
1787701040 1.49 1.66 2.07 3/4077 44152
1787701043 1.45 1.65 2.06 3/4046 44158
1787701046 1.45 1.65 2.06 1/4048 44161
1787701049 1.41 1.64 2.05 2/4055 44167
1787701052 1.41 1.64 2.05 3/4097 44173
1787701055 1.30 1.61 2.04 5/4124 44176
1787701058 1.36 1.62 2.04 5/4122 44182
1787701061 1.36 1.62 2.04 2/4221 44185
1787701064 1.33 1.61 2.04 2/4226 44191
1787701067 1.33 1.61 2.04 2/4245 44197
1787701070 1.30 1.60 2.03 1/4350 44200
1787701073 1.20 1.57 2.02 2/4373 44206
1787701076 1.20 1.57 2.02 1/4376 44209
1787701079 1.10 1.54 2.01 1/4397 44217
1787701082 1.10 1.54 2.01 2/4463 44223
1787701085 1.09 1.53 2.00 8/3771 44280
1787701088 1.00 1.51 1.99 1/3715 44286
1787701091 1.00 1.51 1.99 1/3685 44289
1787701094 1.00 1.50 1.99 6/3717 44295
1787701097 1.00 1.50 1.99 2/3731 44301
1787701100 0.92 1.47 1.97 1/3709 44304
1787701103 0.93 1.46 1.97 3/3735 44310
1787701106 0.93 1.46 1.97 3/3749 44313
1787701109 1.02 1.47 1.97 2/3726 44319
1787701112 1.02 1.47 1.97 3/3738 44325
1787701115 1.10 1.48 1.97 5/3768 44328
1787701118 1.25 1.51 1.98 5/3783 44334
1787701121 1.25 1.51 1.98 2/3761 44337
1787701124 1.39 1.53 1.98 3/3748 44343
1787701127 1.39 1.53 1.98 2/3758 44349
1787701130 1.52 1.56 1.99 5/3771 44352
1787701133 1.48 1.55 1.98 2/3793 44358
1787701136 1.48 1.55 1.98 4/3765 44361
1787701139 1.36 1.52 1.97 1/3772 44367
1787701142 1.36 1.52 1.97 3/3801 44373
1787701145 1.25 1.50 1.96 4/3826 44376
1787701148 1.39 1.52 1.97 3/3786 44382
1787701151 1.39 1.52 1.97 1/3789 44385
1787701154 1.28 1.50 1.96 2/3784 44391
1787701157 1.28 1.50 1.96 3/3817 44397
1787701160 1.18 1.47 1.95 2/3790 44400
1787701163 1.16 1.46 1.94 3/3792 44406
1787701166 1.16 1.46 1.94 4/3797 44409
1787701169 1.07 1.44 1.93 4/3800 44415
1787701172 1.07 1.44 1.93 2/3812 44421
1787701175 1.06 1.43 1.92 8/3864 44424
1787701178 1.54 1.52 1.95 5/3863 44430
1787701181 1.54 1.52 1.95 2/3840 44433
1787701184 1.41 1.50 1.94 4/3856 44439
1787701187 1.41 1.50 1.94 4/3866 44445
1787701190 1.30 1.47 1.93 5/3828 44448
1787701193 1.36 1.48 1.93 2/3853 44454
1787701196 1.36 1.48 1.93 4/3819 44457
1787701199 1.25 1.46 1.92 2/3856 44463
1787701202 1.25 1.46 1.92 2/3854 44469
1787701205 1.23 1.45 1.91 2/3870 44474
1787701208 1.21 1.44 1.91 3/3880 44480
1787701211 1.21 1.44 1.91 2/3880 44483
1787701214 1.11 1.42 1.90 1/3873 44489
1787701217 1.11 1.42 1.90 4/3919 44495
1787701220 1.02 1.39 1.89 2/3895 44498
1787701223 1.10 1.40 1.89 2/3923 44504
1787701227 1.10 1.40 1.89 5/3907 44507
1787701230 1.25 1.43 1.90 2/3908 44513
1787701233 1.25 1.43 1.90 2/3863 44519
1787701236 1.23 1.42 1.89 2/3888 44524
1787701239 1.21 1.42 1.89 1/3889 44530
1787701242 1.21 1.42 1.89 2/3915 44533
1787701245 1.20 1.41 1.88 3/3923 44539
1787701248 1.20 1.41 1.88 1/3933 44545
1787701251 1.18 1.40 1.88 3/3960 44548
1787701254 1.17 1.40 1.87 3/3972 44554
1787701257 1.17 1.40 1.87 2/3941 44557
1787701260 1.15 1.39 1.87 1/3940 44563
1787701263 1.15 1.39 1.87 2/3971 44569
1787701266 1.14 1.38 1.86 1/3973 44572
1787701269 1.13 1.38 1.86 2/3967 44578
1787701272 1.13 1.38 1.86 1/3954 44581
1787701275 1.20 1.39 1.86 2/3989 44587
1787701278 1.20 1.39 1.86 1/3941 44593
1787701281 1.18 1.38 1.85 1/3946 44596
1787701284 1.09 1.36 1.84 1/3948 44602
1787701287 1.09 1.36 1.84 15/3989 44605
1787701290 1.24 1.38 1.85 2/3948 44611
1787701293 1.24 1.38 1.85 1/3961 44617
1787701296 1.14 1.36 1.84 3/3996 44620
1787701299 1.37 1.40 1.85 1/3988 44626
1787701302 1.37 1.40 1.85 1/3988 44629
1787701305 1.26 1.38 1.84 1/3959 44635
1787701308 1.26 1.38 1.84 1/3962 44641
1787701311 1.48 1.43 1.85 11/3995 44644
1787701314 1.36 1.40 1.84 2/3998 44650
1787701317 1.36 1.40 1.84 2/3974 44653
1787701320 1.41 1.41 1.84 2/4009 44659
1787701323 1.41 1.41 1.84 4/4016 44665
1787701326 1.46 1.42 1.84 2/4019 44668
1787701329 1.34 1.40 1.83 2/3994 44674
1787701332 1.34 1.40 1.83 1/4005 44677
1787701335 1.32 1.39 1.83 1/4003 44683
1787701338 1.32 1.39 1.83 3/4011 44689
1787701341 1.61 1.45 1.85 1/4000 44692
1787701344 1.56 1.44 1.84 4/4003 44698
1787701347 1.56 1.44 1.84 2/4035 44701
1787701350 1.60 1.45 1.84 2/4007 44707
1787701353 1.60 1.45 1.84 3/4024 44713
1787701356 1.55 1.44 1.84 3/4040 44716
1787701359 1.50 1.44 1.83 2/4057 44722
1787701362 1.50 1.44 1.83 2/4063 44725
1787701365 1.54 1.45 1.83 1/4065 44731
1787701368 1.54 1.45 1.83 20/4087 44737
1787701371 1.82 1.51 1.85 1/4064 44740
1787701374 1.68 1.48 1.84 1/4071 44746
1787701377 1.68 1.48 1.84 3/4108 44749
1787701380 1.54 1.46 1.83 4/4093 44755
1787701383 1.54 1.46 1.83 2/4092 44761
1787701386 1.42 1.43 1.82 3/4092 44764
1787701389 1.30 1.41 1.81 4/4101 44770
1787701392 1.30 1.41 1.81 2/4112 44773
1787701395 1.28 1.40 1.80 2/4127 44779
1787701398 1.28 1.40 1.80 3/4106 44785
1787701401 1.26 1.39 1.80 1/4068 44788
1787701404 1.24 1.39 1.80 1/4072 44794
1787701407 1.24 1.39 1.80 1/4092 44797
1787701410 1.14 1.36 1.79 1/4101 44803
1787701413 1.14 1.36 1.79 2/4116 44809
1787701416 1.13 1.36 1.78 3/4138 44812
1787701419 1.20 1.37 1.78 1/4205 44818
1787701422 1.20 1.37 1.78 3/4231 44821
1787701425 1.18 1.36 1.78 1/4303 44827
1787701428 1.18 1.36 1.78 2/4349 44833
1787701431 1.16 1.35 1.77 1/4356 44836
1787701434 1.07 1.33 1.76 1/4384 44842
1787701437 1.07 1.33 1.76 1/4400 44845
1787701440 0.99 1.31 1.75 16/3613 44851
1787701443 0.99 1.31 1.75 3/3594 44868
1787701446 0.91 1.29 1.74 2/3598 44871
1787701449 0.83 1.27 1.73 1/3598 44877
1787701452 0.83 1.27 1.73 1/3598 44880
1787701455 0.77 1.24 1.72 3/3598 44886
1787701458 0.77 1.24 1.72 2/3597 44892
1787701461 0.79 1.24 1.72 2/3597 44895
1787701464 0.72 1.22 1.71 1/3598 44901
1787701467 0.72 1.22 1.71 1/3598 44904
1787701470 0.75 1.22 1.71 1/3598 44910
1787701473 0.75 1.22 1.71 1/3603 44916
1787701476 0.68 1.19 1.70 3/3606 44919
1787701479 0.71 1.19 1.69 1/3605 44925
1787701482 0.71 1.19 1.69 2/3605 44928
1787701485 0.65 1.17 1.69 2/3598 44934
1787701488 0.65 1.17 1.69 1/3598 44940
1787701491 0.60 1.15 1.68 1/3598 44943
1787701494 0.63 1.15 1.67 2/3598 44949
1787701497 0.63 1.15 1.67 1/3599 44952
1787701500 0.58 1.13 1.66 2/3612 44958
1787701503 0.58 1.13 1.66 2/3617 44968
1787701506 0.78 1.16 1.67 1/3612 44971
1787701509 0.71 1.14 1.66 1/3612 44977
1787701512 0.71 1.14 1.66 1/3610 44983
1787701515 0.66 1.12 1.65 1/3603 44989
1787701518 0.66 1.12 1.65 1/3603 44998
1787701521 0.68 1.12 1.65 1/3591 45004
1787701524 0.63 1.10 1.64 2/3598 45013
1787701527 0.63 1.10 1.64 1/3592 45016
1787701530 0.66 1.10 1.63 1/3593 45022
1787701533 0.66 1.10 1.63 2/3604 45032
1787701536 0.77 1.11 1.64 3/3613 45035
1787701539 0.79 1.11 1.63 1/3623 45048
1787701542 0.79 1.11 1.63 1/3632 45051
1787701545 0.72 1.09 1.62 1/3632 45057
1787701548 0.66 1.07 1.62 1/3634 45066
1787701551 0.66 1.07 1.62 1/3634 45076
1787701554 0.69 1.07 1.61 6/3641 45082
1787701557 0.69 1.07 1.61 23/3641 45089
1787701560 0.64 1.06 1.60 4/3636 45096
1787701563 0.66 1.05 1.60 1/3650 45102
1787701566 0.66 1.05 1.60 2/3649 45105
1787701569 0.61 1.04 1.59 2/3809 45161
1787701572 0.61 1.04 1.59 5/3747 45164
1787701575 0.56 1.02 1.58 2/3735 45170
1787701578 0.60 1.02 1.58 2/3732 45176
1787701581 0.60 1.02 1.58 2/3725 45179
1787701584 0.63 1.02 1.58 3/3755 45185
1787701587 0.63 1.02 1.58 1/3736 45188
1787701590 0.66 1.02 1.57 2/3728 45194
1787701593 2.69 1.43 1.70 13/3669 45249
1787701596 2.69 1.43 1.70 4/3780 45252
1787701599 2.63 1.44 1.71 2/3741 45258
1787701602 2.63 1.44 1.71 2/3760 45261
1787701605 2.50 1.43 1.70 2/3718 45267
1787701608 2.38 1.43 1.70 2/3745 45273
1787701611 2.38 1.43 1.70 2/3741 45276
1787701614 2.35 1.44 1.70 2/3773 45282
1787701617 2.35 1.44 1.70 2/3765 45285
1787701620 2.16 1.41 1.69 23/3782 45338
1787701623 2.07 1.41 1.69 1/3784 45344
1787701626 2.07 1.41 1.69 2/3739 45347
1787701629 3.67 1.75 1.80 3/3743 45353
1787701632 3.67 1.75 1.80 3/3762 45356
1787701635 3.53 1.75 1.80 1/3714 45362
1787701638 3.57 1.79 1.81 1/3717 45368
1787701641 3.57 1.79 1.81 1/3729 45371
1787701644 4.89 2.09 1.91 4/3728 45377
1787701647 4.89 2.09 1.91 1/3618 45380
1787701650 4.73 2.11 1.91 1/3616 45386
