1787697857 === RUN 1 ===
1787698212 === RUN 1: FAIL (exit 1) ===
1787698212 === RUN 2 ===
1787698569 === RUN 2: PASS (exit 0) ===
1787698569 === RUN 3 ===
1787698926 === RUN 3: PASS (exit 0) ===
1787698926 === RUN 4 ===
1787699292 === RUN 4: FAIL (exit 1) ===
1787699292 === RUN 5 ===
1787699649 === RUN 5: PASS (exit 0) ===
1787699649 === RUN 6 ===
1787700012 === RUN 6: PASS (exit 0) ===
1787700012 === RUN 7 ===
1787700372 === RUN 7: PASS (exit 0) ===
1787700372 === RUN 8 ===
1787700728 === RUN 8: PASS (exit 0) ===
1787700728 === RUN 9 ===
1787701084 === RUN 9: PASS (exit 0) ===
1787701084 === RUN 10 ===
1787701440 === RUN 10: FAIL (exit 1) ===
1787701440 full per-run logs and combined summary log kept in: /tmp/deck-stability.hL5Ykj
1787701440 7/10 passed
