=== RUN   TestFeatures
[1;37mFeature:[0m `[ui] sort_order` -- attention, created, activity and name orders (requirement R53)
  SPEC §11's rewritten Sort bullet (amendment 6584299): `[ui] sort_order`
  selects among four total orders -- attention (default, unchanged), created
  (sessions.created_at descending), activity (sessions.status_at
  descending) and name (case-insensitive ascending) -- every one ending in
  id ascending as its tie-break.
  
  All four scenarios below share one fixture shape of four shell sessions --
  ord-alpha, ord-bravo, ord-charlie, ord-delta -- engineered so the four
  orders give FOUR DIFFERENT row sequences (no two agree):
  attention: ord-delta, ord-bravo, ord-alpha, ord-charlie   (by status: waiting, error, running, idle)
  created:   ord-bravo, ord-delta, ord-charlie, ord-alpha   (by created_at, newest first)
  activity:  ord-charlie, ord-alpha, ord-delta, ord-bravo   (by status_at, newest first)
  name:      ord-alpha, ord-bravo, ord-charlie, ord-delta   (case-insensitive ascending)
  A wrong comparator that happens to agree with a different order on this
  fixture would fail its scenario, since every expected sequence differs
  from every other one. The config write (where present) happens before the
  client starts, exactly like features/create_session.feature's
  recent_cwd_limit scenario, since ui.sort_order is read from config.toml at
  load and this file does not need task 306's live-apply path.
=== RUN   TestFeatures/sort_order_defaults_to_attention_and_orders_by_the_waiting/error/running/idle_tiers

  [1;37mScenario:[0m sort_order defaults to attention and orders by the waiting/error/running/idle tiers [1;30m# sort_order.feature:24[0m
    [32mGiven[0m [32mdeck client "A" is started[0m                                                            [1;30m# assertions_test.go:27 -> github.com/n-orlov/deck/features.startNamedClient[0m
    [32mWhen[0m [32mdeck client "A" creates shell session "ord-alpha"[0m                                      [1;30m# assertions_test.go:52 -> github.com/n-orlov/deck/features.clientCreatesShellSession[0m
    [32mAnd[0m [32mdeck client "A" creates shell session "ord-bravo"[0m                                       [1;30m# assertions_test.go:52 -> github.com/n-orlov/deck/features.clientCreatesShellSession[0m
    [32mAnd[0m [32mdeck client "A" creates shell session "ord-charlie"[0m                                     [1;30m# assertions_test.go:52 -> github.com/n-orlov/deck/features.clientCreatesShellSession[0m
    [32mAnd[0m [32mdeck client "A" creates shell session "ord-delta"[0m                                       [1;30m# assertions_test.go:52 -> github.com/n-orlov/deck/features.clientCreatesShellSession[0m
    [32mAnd[0m [32mthe state database session "ord-alpha" has created_at 35 seconds ago[0m                    [1;30m# sort_order_test.go:28 -> github.com/n-orlov/deck/features.setSessionCreatedAtSecondsAgo[0m
    [32mAnd[0m [32mthe state database session "ord-bravo" has created_at 5 seconds ago[0m                     [1;30m# sort_order_test.go:28 -> github.com/n-orlov/deck/features.setSessionCreatedAtSecondsAgo[0m
    [32mAnd[0m [32mthe state database session "ord-charlie" has created_at 25 seconds ago[0m                  [1;30m# sort_order_test.go:28 -> github.com/n-orlov/deck/features.setSessionCreatedAtSecondsAgo[0m
    [32mAnd[0m [32mthe state database session "ord-delta" has created_at 15 seconds ago[0m                    [1;30m# sort_order_test.go:28 -> github.com/n-orlov/deck/features.setSessionCreatedAtSecondsAgo[0m
    [32mAnd[0m [32mthe state database session "ord-alpha" has status "running" 20 seconds ago[0m              [1;30m# attention_sort_test.go:22 -> github.com/n-orlov/deck/features.setSessionStatusSecondsAgo[0m
    [32mAnd[0m [32mthe state database session "ord-bravo" has status "error" 40 seconds ago[0m                [1;30m# attention_sort_test.go:22 -> github.com/n-orlov/deck/features.setSessionStatusSecondsAgo[0m
    [32mAnd[0m [32mthe state database session "ord-charlie" has status "idle" 10 seconds ago[0m               [1;30m# attention_sort_test.go:22 -> github.com/n-orlov/deck/features.setSessionStatusSecondsAgo[0m
    [32mAnd[0m [32mthe state database session "ord-delta" has status "waiting" 30 seconds ago[0m              [1;30m# attention_sort_test.go:22 -> github.com/n-orlov/deck/features.setSessionStatusSecondsAgo[0m
    [32mThen[0m [32mwithin one configured reconcile interval deck client "A" screen contains "waiting"[0m     [1;30m# assertions_test.go:30 -> github.com/n-orlov/deck/features.clientScreenContainsWithinReconcileInterval[0m
    [32mAnd[0m [32mdeck client "A" screen shows sessions in this order:[0m                                    [1;30m# attention_sort_test.go:26 -> github.com/n-orlov/deck/features.clientShowsSessionsInOrder[0m
      | [36mord-delta[0m   |
      | [36mord-bravo[0m   |
      | [36mord-alpha[0m   |
      | [36mord-charlie[0m |
    [32mWhen[0m [32mdeck client "A" exits cleanly[0m                                                          [1;30m# assertions_test.go:66 -> github.com/n-orlov/deck/features.clientExitsCleanly[0m
=== RUN   TestFeatures/sort_order_=_created_orders_by_created_at_descending,_newest_first

  [1;37mScenario:[0m sort_order = created orders by created_at descending, newest first              [1;30m# sort_order.feature:47[0m
    [32mGiven[0m [32mthe scenario's config.toml is written with:[0m                                       [1;30m# config_file_test.go:27 -> github.com/n-orlov/deck/features.writeScenarioConfigTOML[0m
      [36m"""[0m
      [36m[ui][0m
      [36msort_order = "created"[0m
      [36m"""[0m
    [32mAnd[0m [32mdeck client "A" is started[0m                                                          [1;30m# assertions_test.go:27 -> github.com/n-orlov/deck/features.startNamedClient[0m
    [32mWhen[0m [32mdeck client "A" creates shell session "ord-alpha"[0m                                  [1;30m# assertions_test.go:52 -> github.com/n-orlov/deck/features.clientCreatesShellSession[0m
    [32mAnd[0m [32mdeck client "A" creates shell session "ord-bravo"[0m                                   [1;30m# assertions_test.go:52 -> github.com/n-orlov/deck/features.clientCreatesShellSession[0m
    [32mAnd[0m [32mdeck client "A" creates shell session "ord-charlie"[0m                                 [1;30m# assertions_test.go:52 -> github.com/n-orlov/deck/features.clientCreatesShellSession[0m
    [32mAnd[0m [32mdeck client "A" creates shell session "ord-delta"[0m                                   [1;30m# assertions_test.go:52 -> github.com/n-orlov/deck/features.clientCreatesShellSession[0m
    [32mAnd[0m [32mthe state database session "ord-alpha" has created_at 35 seconds ago[0m                [1;30m# sort_order_test.go:28 -> github.com/n-orlov/deck/features.setSessionCreatedAtSecondsAgo[0m
    [32mAnd[0m [32mthe state database session "ord-bravo" has created_at 5 seconds ago[0m                 [1;30m# sort_order_test.go:28 -> github.com/n-orlov/deck/features.setSessionCreatedAtSecondsAgo[0m
    [32mAnd[0m [32mthe state database session "ord-charlie" has created_at 25 seconds ago[0m              [1;30m# sort_order_test.go:28 -> github.com/n-orlov/deck/features.setSessionCreatedAtSecondsAgo[0m
    [32mAnd[0m [32mthe state database session "ord-delta" has created_at 15 seconds ago[0m                [1;30m# sort_order_test.go:28 -> github.com/n-orlov/deck/features.setSessionCreatedAtSecondsAgo[0m
    [32mAnd[0m [32mthe state database session "ord-alpha" has status "running" 20 seconds ago[0m          [1;30m# attention_sort_test.go:22 -> github.com/n-orlov/deck/features.setSessionStatusSecondsAgo[0m
    [32mAnd[0m [32mthe state database session "ord-bravo" has status "error" 40 seconds ago[0m            [1;30m# attention_sort_test.go:22 -> github.com/n-orlov/deck/features.setSessionStatusSecondsAgo[0m
    [32mAnd[0m [32mthe state database session "ord-charlie" has status "idle" 10 seconds ago[0m           [1;30m# attention_sort_test.go:22 -> github.com/n-orlov/deck/features.setSessionStatusSecondsAgo[0m
    [32mAnd[0m [32mthe state database session "ord-delta" has status "waiting" 30 seconds ago[0m          [1;30m# attention_sort_test.go:22 -> github.com/n-orlov/deck/features.setSessionStatusSecondsAgo[0m
    [32mThen[0m [32mwithin one configured reconcile interval deck client "A" screen contains "waiting"[0m [1;30m# assertions_test.go:30 -> github.com/n-orlov/deck/features.clientScreenContainsWithinReconcileInterval[0m
    [32mAnd[0m [32mdeck client "A" screen shows sessions in this order:[0m                                [1;30m# attention_sort_test.go:26 -> github.com/n-orlov/deck/features.clientShowsSessionsInOrder[0m
      | [36mord-bravo[0m   |
      | [36mord-delta[0m   |
      | [36mord-charlie[0m |
      | [36mord-alpha[0m   |
    [32mWhen[0m [32mdeck client "A" exits cleanly[0m                                                      [1;30m# assertions_test.go:66 -> github.com/n-orlov/deck/features.clientExitsCleanly[0m
=== RUN   TestFeatures/sort_order_=_activity_orders_by_status_at_descending,_most_recently_changed_first

  [1;37mScenario:[0m sort_order = activity orders by status_at descending, most recently changed first [1;30m# sort_order.feature:75[0m
    [32mGiven[0m [32mthe scenario's config.toml is written with:[0m                                         [1;30m# config_file_test.go:27 -> github.com/n-orlov/deck/features.writeScenarioConfigTOML[0m
      [36m"""[0m
      [36m[ui][0m
      [36msort_order = "activity"[0m
      [36m"""[0m
    [32mAnd[0m [32mdeck client "A" is started[0m                                                            [1;30m# assertions_test.go:27 -> github.com/n-orlov/deck/features.startNamedClient[0m
    [32mWhen[0m [32mdeck client "A" creates shell session "ord-alpha"[0m                                    [1;30m# assertions_test.go:52 -> github.com/n-orlov/deck/features.clientCreatesShellSession[0m
    [32mAnd[0m [32mdeck client "A" creates shell session "ord-bravo"[0m                                     [1;30m# assertions_test.go:52 -> github.com/n-orlov/deck/features.clientCreatesShellSession[0m
    [32mAnd[0m [32mdeck client "A" creates shell session "ord-charlie"[0m                                   [1;30m# assertions_test.go:52 -> github.com/n-orlov/deck/features.clientCreatesShellSession[0m
    [32mAnd[0m [32mdeck client "A" creates shell session "ord-delta"[0m                                     [1;30m# assertions_test.go:52 -> github.com/n-orlov/deck/features.clientCreatesShellSession[0m
    [32mAnd[0m [32mthe state database session "ord-alpha" has created_at 35 seconds ago[0m                  [1;30m# sort_order_test.go:28 -> github.com/n-orlov/deck/features.setSessionCreatedAtSecondsAgo[0m
    [32mAnd[0m [32mthe state database session "ord-bravo" has created_at 5 seconds ago[0m                   [1;30m# sort_order_test.go:28 -> github.com/n-orlov/deck/features.setSessionCreatedAtSecondsAgo[0m
    [32mAnd[0m [32mthe state database session "ord-charlie" has created_at 25 seconds ago[0m                [1;30m# sort_order_test.go:28 -> github.com/n-orlov/deck/features.setSessionCreatedAtSecondsAgo[0m
    [32mAnd[0m [32mthe state database session "ord-delta" has created_at 15 seconds ago[0m                  [1;30m# sort_order_test.go:28 -> github.com/n-orlov/deck/features.setSessionCreatedAtSecondsAgo[0m
    [32mAnd[0m [32mthe state database session "ord-alpha" has status "running" 20 seconds ago[0m            [1;30m# attention_sort_test.go:22 -> github.com/n-orlov/deck/features.setSessionStatusSecondsAgo[0m
    [32mAnd[0m [32mthe state database session "ord-bravo" has status "error" 40 seconds ago[0m              [1;30m# attention_sort_test.go:22 -> github.com/n-orlov/deck/features.setSessionStatusSecondsAgo[0m
    [32mAnd[0m [32mthe state database session "ord-charlie" has status "idle" 10 seconds ago[0m             [1;30m# attention_sort_test.go:22 -> github.com/n-orlov/deck/features.setSessionStatusSecondsAgo[0m
    [32mAnd[0m [32mthe state database session "ord-delta" has status "waiting" 30 seconds ago[0m            [1;30m# attention_sort_test.go:22 -> github.com/n-orlov/deck/features.setSessionStatusSecondsAgo[0m
    [32mThen[0m [32mwithin one configured reconcile interval deck client "A" screen contains "waiting"[0m   [1;30m# assertions_test.go:30 -> github.com/n-orlov/deck/features.clientScreenContainsWithinReconcileInterval[0m
    [32mAnd[0m [32mdeck client "A" screen shows sessions in this order:[0m                                  [1;30m# attention_sort_test.go:26 -> github.com/n-orlov/deck/features.clientShowsSessionsInOrder[0m
      | [36mord-charlie[0m |
      | [36mord-alpha[0m   |
      | [36mord-delta[0m   |
      | [36mord-bravo[0m   |
    [32mWhen[0m [32mdeck client "A" exits cleanly[0m                                                        [1;30m# assertions_test.go:66 -> github.com/n-orlov/deck/features.clientExitsCleanly[0m
=== RUN   TestFeatures/sort_order_=_name_orders_case-insensitively_ascending

  [1;37mScenario:[0m sort_order = name orders case-insensitively ascending                           [1;30m# sort_order.feature:103[0m
    [32mGiven[0m [32mthe scenario's config.toml is written with:[0m                                       [1;30m# config_file_test.go:27 -> github.com/n-orlov/deck/features.writeScenarioConfigTOML[0m
      [36m"""[0m
      [36m[ui][0m
      [36msort_order = "name"[0m
      [36m"""[0m
    [32mAnd[0m [32mdeck client "A" is started[0m                                                          [1;30m# assertions_test.go:27 -> github.com/n-orlov/deck/features.startNamedClient[0m
    [32mWhen[0m [32mdeck client "A" creates shell session "ord-alpha"[0m                                  [1;30m# assertions_test.go:52 -> github.com/n-orlov/deck/features.clientCreatesShellSession[0m
    [32mAnd[0m [32mdeck client "A" creates shell session "ord-bravo"[0m                                   [1;30m# assertions_test.go:52 -> github.com/n-orlov/deck/features.clientCreatesShellSession[0m
    [32mAnd[0m [32mdeck client "A" creates shell session "ord-charlie"[0m                                 [1;30m# assertions_test.go:52 -> github.com/n-orlov/deck/features.clientCreatesShellSession[0m
    [32mAnd[0m [32mdeck client "A" creates shell session "ord-delta"[0m                                   [1;30m# assertions_test.go:52 -> github.com/n-orlov/deck/features.clientCreatesShellSession[0m
    [32mAnd[0m [32mthe state database session "ord-alpha" has created_at 35 seconds ago[0m                [1;30m# sort_order_test.go:28 -> github.com/n-orlov/deck/features.setSessionCreatedAtSecondsAgo[0m
    [32mAnd[0m [32mthe state database session "ord-bravo" has created_at 5 seconds ago[0m                 [1;30m# sort_order_test.go:28 -> github.com/n-orlov/deck/features.setSessionCreatedAtSecondsAgo[0m
    [32mAnd[0m [32mthe state database session "ord-charlie" has created_at 25 seconds ago[0m              [1;30m# sort_order_test.go:28 -> github.com/n-orlov/deck/features.setSessionCreatedAtSecondsAgo[0m
    [32mAnd[0m [32mthe state database session "ord-delta" has created_at 15 seconds ago[0m                [1;30m# sort_order_test.go:28 -> github.com/n-orlov/deck/features.setSessionCreatedAtSecondsAgo[0m
    [32mAnd[0m [32mthe state database session "ord-alpha" has status "running" 20 seconds ago[0m          [1;30m# attention_sort_test.go:22 -> github.com/n-orlov/deck/features.setSessionStatusSecondsAgo[0m
    [32mAnd[0m [32mthe state database session "ord-bravo" has status "error" 40 seconds ago[0m            [1;30m# attention_sort_test.go:22 -> github.com/n-orlov/deck/features.setSessionStatusSecondsAgo[0m
    [32mAnd[0m [32mthe state database session "ord-charlie" has status "idle" 10 seconds ago[0m           [1;30m# attention_sort_test.go:22 -> github.com/n-orlov/deck/features.setSessionStatusSecondsAgo[0m
    [32mAnd[0m [32mthe state database session "ord-delta" has status "waiting" 30 seconds ago[0m          [1;30m# attention_sort_test.go:22 -> github.com/n-orlov/deck/features.setSessionStatusSecondsAgo[0m
    [32mThen[0m [32mwithin one configured reconcile interval deck client "A" screen contains "waiting"[0m [1;30m# assertions_test.go:30 -> github.com/n-orlov/deck/features.clientScreenContainsWithinReconcileInterval[0m
    [32mAnd[0m [32mdeck client "A" screen shows sessions in this order:[0m                                [1;30m# attention_sort_test.go:26 -> github.com/n-orlov/deck/features.clientShowsSessionsInOrder[0m
      | [36mord-alpha[0m   |
      | [36mord-bravo[0m   |
      | [36mord-charlie[0m |
      | [36mord-delta[0m   |
    [32mWhen[0m [32mdeck client "A" exits cleanly[0m                                                      [1;30m# assertions_test.go:66 -> github.com/n-orlov/deck/features.clientExitsCleanly[0m

4 scenarios ([32m4 passed[0m)
67 steps ([32m67 passed[0m)
3.789153172s
--- PASS: TestFeatures (3.80s)
    --- PASS: TestFeatures/sort_order_defaults_to_attention_and_orders_by_the_waiting/error/running/idle_tiers (0.99s)
    --- PASS: TestFeatures/sort_order_=_created_orders_by_created_at_descending,_newest_first (0.84s)
    --- PASS: TestFeatures/sort_order_=_activity_orders_by_status_at_descending,_most_recently_changed_first (1.08s)
    --- PASS: TestFeatures/sort_order_=_name_orders_case-insensitively_ascending (0.85s)
PASS
ok  	github.com/n-orlov/deck/features	3.808s
