1787726263 1.56 3.16 4.29 6/4072 93828
1787726268 1.67 3.15 4.28 4/4032 93834
1787726273 1.70 3.13 4.27 2/4049 93842
1787726278 1.72 3.12 4.25 3/4079 93848
1787726283 1.66 3.08 4.24 4/4092 93859
1787726288 1.85 3.10 4.23 3/4064 93865
1787726293 1.86 3.08 4.22 4/4088 93871
1787726298 1.87 3.06 4.21 2/4071 93877
1787726303 1.80 3.02 4.19 3/4115 93883
1787726308 1.82 3.01 4.18 6/4111 93889
1787726313 1.75 2.97 4.16 4/4128 93895
1787726318 2.01 3.01 4.17 3/4141 93901
1787726323 1.93 2.97 4.15 3/4164 93907
1787726328 1.86 2.94 4.13 4/4126 93913
1787726333 1.87 2.93 4.12 2/4132 93919
1787726338 2.12 2.96 4.13 2/4155 93925
1787726343 2.11 2.94 4.12 3/4144 93931
1787726348 2.18 2.94 4.11 5/4185 93937
1787726353 2.25 2.95 4.10 2/4174 93943
1787726358 2.39 2.96 4.10 5/4170 93949
1787726363 2.36 2.95 4.09 6/4173 93955
1787726368 2.57 2.98 4.10 4/4177 93961
1787726373 3.32 3.13 4.14 5/4183 93967
1787726378 3.54 3.18 4.15 3/4188 93973
1787726383 3.90 3.26 4.17 3/4239 93979
1787726388 3.74 3.24 4.16 2/4220 93985
1787726393 3.60 3.22 4.15 3/4201 93991
1787726398 3.56 3.21 4.14 2/4225 93997
1787726403 3.59 3.23 4.14 3/4249 94003
1787726408 3.70 3.26 4.14 2/4245 94009
1787726413 3.65 3.25 4.14 4/4244 94015
1787726418 3.43 3.21 4.12 13/4232 94021
1787726423 3.32 3.19 4.11 4/4257 94027
1787726428 3.29 3.19 4.10 3/4250 94033
1787726433 3.11 3.15 4.08 2/4231 94039
1787726438 3.18 3.17 4.08 3/4282 94045
1787726443 3.25 3.18 4.08 2/4292 94051
1787726448 2.99 3.13 4.06 2/4281 94057
1787726453 2.99 3.13 4.06 2/4307 94063
1787726458 2.91 3.11 4.04 3/4355 94069
1787726463 2.84 3.09 4.03 5/4319 94075
1787726468 2.61 3.04 4.01 3/4292 94081
1787726473 2.56 3.02 4.00 3/4355 94087
1787726478 2.59 3.02 3.99 2/4312 94093
1787726483 4.31 3.37 4.10 2/4319 94099
1787726488 4.12 3.34 4.09 2/4330 94105
1787726493 3.95 3.32 4.08 2/4321 94111
1787726498 3.80 3.30 4.07 3/4349 94117
1787726503 3.97 3.35 4.08 3/4402 94123
1787726508 3.82 3.32 4.07 2/4357 94129
1787726513 3.67 3.30 4.06 4/4357 94135
1787726518 3.54 3.28 4.05 4/4381 94141
1787726523 3.57 3.29 4.04 4/4359 94147
1787726528 3.69 3.32 4.05 3/4376 94153
1787726533 3.55 3.30 4.04 3/4432 94159
1787726538 3.59 3.31 4.04 4/4420 94165
1787726543 3.46 3.29 4.03 3/4439 94171
1787726548 3.42 3.28 4.02 3/4455 94177
1787726553 3.23 3.24 4.00 3/4391 94183
1787726558 3.13 3.22 3.99 3/4453 94189
1787726563 3.04 3.20 3.98 3/4438 94195
1787726568 2.96 3.18 3.97 3/4419 94201
1787726573 2.96 3.18 3.97 2/4453 94207
1787726578 2.88 3.16 3.96 6/4476 94213
1787726583 2.81 3.14 3.95 4/4544 94221
1787726588 2.83 3.14 3.94 2/4652 94229
1787726593 2.76 3.12 3.93 4/4708 94235
1787726598 2.62 3.08 3.91 3/4720 94241
1787726603 2.57 3.06 3.90 3/4794 94247
1787726608 2.69 3.08 3.90 4/4061 94307
1787726613 2.79 3.10 3.90 3/4016 94313
1787726618 2.73 3.08 3.89 2/4056 94319
1787726623 2.83 3.09 3.89 3/4098 94325
1787726628 3.08 3.14 3.91 2/4065 94331
1787726633 3.16 3.16 3.91 6/4117 94337
1787726638 3.22 3.17 3.91 6/4121 94343
1787726643 3.29 3.18 3.91 2/4093 94349
1787726648 3.26 3.18 3.90 4/4151 94355
1787726653 6.69 3.89 4.13 4/4155 94361
1787726658 7.51 4.11 4.20 5/4131 94367
1787726663 7.39 4.14 4.21 4/4152 94373
1787726668 7.12 4.14 4.21 2/4148 94379
1787726673 6.79 4.12 4.20 4/4175 94385
1787726678 6.49 4.10 4.19 4/4166 94391
1787726683 6.13 4.07 4.18 3/4175 94397
1787726688 5.64 4.00 4.16 4/4164 94403
1787726693 5.34 3.96 4.15 3/4211 94409
1787726698 5.00 3.92 4.13 3/4195 94415
1787726703 4.76 3.88 4.12 3/4221 94421
1787726708 5.10 3.97 4.15 6/4228 94427
1787726713 4.93 3.95 4.14 4/4224 94433
1787726718 4.69 3.92 4.13 5/4193 94439
1787726723 4.72 3.94 4.13 3/4188 94445
1787726728 4.50 3.91 4.12 3/4218 94451
1787726733 4.30 3.87 4.11 4/4208 94457
1787726738 4.20 3.86 4.10 9/4258 94463
1787726743 4.02 3.83 4.09 6/4281 94469
1787726748 3.86 3.80 4.08 3/4230 94475
1787726753 3.87 3.80 4.08 3/4243 94481
1787726759 3.72 3.77 4.07 3/4255 94487
1787726764 3.58 3.74 4.06 3/4247 94493
1787726769 3.37 3.69 4.04 3/4254 94499
1787726774 3.26 3.67 4.03 2/4255 94505
1787726779 3.08 3.62 4.01 4/4231 94511
1787726784 3.16 3.63 4.01 3/4258 94517
1787726789 3.06 3.60 4.00 3/4257 94523
1787726794 3.06 3.59 3.99 2/4249 94529
1787726799 2.97 3.56 3.98 3/4311 94535
1787726804 2.89 3.54 3.97 4/4308 94541
1787726809 2.74 3.49 3.96 3/4293 94547
1787726814 2.68 3.47 3.95 6/4298 94553
1787726819 2.63 3.45 3.94 3/4347 94559
1787726824 2.74 3.45 3.94 2/4314 94565
1787726829 2.52 3.40 3.91 2/4318 94571
1787726834 2.56 3.39 3.91 2/4336 94577
1787726839 2.59 3.38 3.90 5/4355 94583
1787726844 2.63 3.38 3.90 3/4350 94589
1787726849 2.50 3.34 3.88 3/4364 94595
1787726854 2.45 3.31 3.87 2/4335 94601
1787726859 2.34 3.28 3.86 3/4396 94607
1787726864 2.31 3.25 3.85 3/4423 94613
1787726869 2.29 3.23 3.84 3/4395 94619
1787726874 2.42 3.25 3.84 3/4421 94625
1787726879 2.55 3.26 3.84 3/4458 94631
1787726884 2.91 3.32 3.86 3/4453 94637
1787726889 2.91 3.32 3.85 3/4468 94643
1787726894 2.92 3.31 3.85 4/4465 94649
1787726899 2.85 3.29 3.84 3/4472 94655
1787726904 2.86 3.28 3.83 3/4465 94661
1787726909 2.71 3.25 3.82 2/4423 94667
1787726914 2.65 3.22 3.81 2/4416 94673
1787726919 2.60 3.20 3.80 2/4454 94679
1787726924 2.63 3.20 3.79 2/4489 94685
1787726929 2.66 3.20 3.79 2/4557 94691
1787726934 2.53 3.16 3.77 3/4647 94697
1787726939 2.65 3.18 3.77 2/4721 94703
1787726944 2.52 3.14 3.76 2/4723 94709
1787726949 2.39 3.10 3.74 24/3957 94768
1787726954 2.28 3.07 3.73 3/4064 94774
1787726959 2.26 3.05 3.72 6/4057 94780
1787726964 2.40 3.07 3.72 5/4075 94786
1787726969 2.37 3.05 3.71 2/4085 94792
1787726974 2.34 3.03 3.70 2/4049 94798
1787726979 2.63 3.08 3.71 3/4096 94804
1787726984 2.90 3.13 3.73 2/4089 94810
1787726989 2.91 3.13 3.72 3/4124 94816
1787726994 3.08 3.16 3.73 2/4084 94822
1787726999 2.91 3.12 3.72 4/4097 94828
1787727004 2.92 3.12 3.71 2/4133 94834
1787727009 3.08 3.15 3.72 4/4138 94840
1787727014 3.00 3.13 3.71 2/4139 94846
1787727019 3.08 3.15 3.71 3/4171 94852
1787727024 3.15 3.16 3.71 2/4153 94858
1787727029 3.30 3.19 3.72 8/4196 94864
1787727034 3.28 3.19 3.72 3/4183 94870
1787727039 3.33 3.20 3.72 3/4195 94876
1787727044 3.31 3.20 3.71 3/4189 94882
1787727049 3.36 3.21 3.72 3/4203 94888
1787727054 3.33 3.21 3.71 4/4215 94894
1787727059 3.31 3.20 3.71 4/4191 94900
1787727064 3.28 3.20 3.70 3/4225 94906
1787727069 3.10 3.16 3.69 3/4224 94912
1787727074 3.01 3.14 3.68 2/4224 94918
1787727079 2.93 3.12 3.67 3/4236 94924
1787727084 3.90 3.32 3.73 8/4256 94930
1787727089 3.66 3.28 3.72 4/4264 94936
1787727094 3.61 3.28 3.71 4/4256 94942
1787727099 3.40 3.24 3.70 4/4268 94948
1787727104 3.29 3.22 3.69 4/4298 94955
1787727109 3.03 3.17 3.67 7/4293 94961
1787727114 3.10 3.18 3.67 2/4240 94967
1787727119 3.10 3.18 3.67 2/4250 94973
1787727124 2.93 3.14 3.65 2/4251 94979
1787727129 2.93 3.14 3.65 7/4291 94985
1787727134 3.58 3.27 3.69 7/4274 94991
1787727139 3.53 3.26 3.68 3/4307 94997
1787727144 3.49 3.26 3.68 6/4287 95003
1787727149 3.37 3.24 3.67 4/4319 95009
1787727154 3.34 3.23 3.67 4/4298 95015
1787727159 3.31 3.23 3.66 2/4301 95021
1787727164 3.37 3.24 3.67 2/4328 95027
1787727169 3.18 3.21 3.65 3/4323 95033
1787727174 3.16 3.20 3.65 5/4323 95039
1787727179 3.31 3.23 3.65 7/4373 95045
1787727184 3.37 3.25 3.66 3/4362 95051
1787727189 3.18 3.21 3.64 3/4352 95060
1787727194 3.16 3.20 3.64 12/4360 95066
1787727199 2.99 3.17 3.62 3/4366 95072
1787727204 2.91 3.15 3.61 3/4341 95078
1787727209 2.76 3.11 3.60 2/4383 95084
1787727214 2.78 3.11 3.60 2/4376 95090
1787727219 2.79 3.11 3.59 4/4410 95096
1787727224 2.89 3.12 3.60 5/4436 95103
1787727229 2.82 3.10 3.59 4/4475 95109
1787727234 2.91 3.12 3.59 3/4467 95115
1787727239 3.00 3.13 3.59 3/4435 95121
1787727244 2.84 3.10 3.58 4/4463 95127
1787727249 2.61 3.05 3.56 4/4449 95133
1787727254 2.64 3.05 3.56 3/4432 95139
1787727259 2.51 3.01 3.54 3/4436 95145
1787727264 2.39 2.98 3.53 3/4454 95151
1787727269 2.36 2.96 3.52 3/4493 95157
1787727274 2.41 2.96 3.52 4/4565 95163
1787727279 2.38 2.95 3.51 2/4681 95169
1787727284 2.27 2.91 3.49 3/4736 95175
1787727289 2.17 2.88 3.48 2/4745 95181
1787727294 2.31 2.90 3.48 21/4046 95240
1787727299 2.29 2.88 3.47 3/4072 95246
1787727304 2.50 2.92 3.48 4/4080 95252
1787727309 2.54 2.92 3.48 4/4058 95258
1787727314 2.50 2.91 3.47 3/4075 95264
1787727319 2.46 2.89 3.46 6/4105 95270
1787727324 2.50 2.89 3.46 3/4092 95276
1787727329 2.46 2.88 3.45 4/4133 95282
1787727334 2.43 2.86 3.44 3/4080 95288
1787727339 3.51 3.08 3.51 25/4179 95294
1787727344 5.39 3.48 3.64 8/4236 95300
1787727349 5.28 3.49 3.64 5/4151 95306
1787727354 5.10 3.48 3.64 4/4124 95312
1787727359 4.77 3.44 3.62 4/4168 95318
1787727364 4.71 3.45 3.62 4/4172 95324
1787727369 4.97 3.52 3.65 4/4182 95330
1787727374 4.73 3.50 3.64 3/4149 95336
1787727379 4.84 3.54 3.65 8/4145 95342
1787727384 4.61 3.51 3.64 3/4154 95348
1787727389 4.88 3.59 3.67 4/4186 95354
1787727394 4.73 3.58 3.66 4/4188 95360
1787727399 4.43 3.54 3.65 2/4164 95366
1787727404 4.24 3.51 3.64 6/4175 95372
1787727409 4.14 3.50 3.63 5/4167 95378
1787727414 3.96 3.47 3.63 16/4156 95384
1787727419 3.81 3.45 3.62 5/4234 95390
1787727424 3.58 3.41 3.60 7/4206 95396
1787727429 3.54 3.40 3.60 3/4197 95402
1787727434 3.33 3.36 3.59 4/4208 95408
1787727439 3.39 3.37 3.59 4/4247 95414
1787727444 3.43 3.38 3.59 3/4228 95420
1787727449 3.32 3.36 3.58 14/4304 95426
1787727454 3.37 3.37 3.58 4/4265 95432
1787727459 3.50 3.40 3.59 4/4287 95438
1787727464 3.54 3.41 3.59 5/4329 95444
1787727469 5.74 3.87 3.74 37/4423 95450
1787727474 5.60 3.87 3.74 13/4383 95456
1787727479 5.23 3.82 3.73 11/3988 95462
1787727484 5.14 3.83 3.73 7/4000 95468
1787727489 4.80 3.78 3.71 6/3982 95474
1787727494 4.74 3.78 3.72 4/3964 95480
1787727499 4.52 3.75 3.71 4/3961 95486
1787727504 4.16 3.69 3.69 2/3920 95492
1787727509 3.90 3.64 3.67 2/3949 95498
1787727514 3.99 3.67 3.68 4/4016 95504
1787727519 3.91 3.66 3.68 18/3981 95510
1787727524 3.60 3.60 3.66 4/3983 95516
1787727529 3.47 3.57 3.65 4/3987 95522
1787727534 3.19 3.51 3.63 6/4025 95528
1787727539 2.94 3.45 3.61 4/4028 95534
1787727544 2.70 3.39 3.59 4/4034 95540
1787727549 2.73 3.39 3.58 4/4102 95546
1787727554 2.51 3.33 3.56 5/4089 95552
1787727559 2.39 3.29 3.55 5/4077 95558
1787727564 2.35 3.27 3.54 4/4131 95564
1787727569 2.17 3.21 3.52 9/4126 95570
1787727574 2.23 3.21 3.52 3/4160 95576
1787727579 2.29 3.21 3.52 2/4131 95582
1787727584 2.59 3.25 3.53 4/4098 95588
1787727589 2.62 3.25 3.53 13/4115 95594
1787727594 2.57 3.23 3.52 2/4107 95600
1787727599 2.45 3.19 3.51 2/4186 95606
1787727604 2.25 3.14 3.49 1/4207 95612
1787727609 2.15 3.10 3.47 1/4176 95618
1787727614 1.98 3.05 3.45 3/4155 95624
1787727619 1.90 3.02 3.44 3/4182 95630
1787727624 1.91 3.00 3.43 2/4247 95636
1787727629 1.92 2.98 3.42 1/4302 95642
1787727634 1.76 2.93 3.41 2/4451 95648
1787727639 1.62 2.88 3.39 1/4473 95654
1787727644 1.57 2.85 3.37 1/4487 95660
1787727649 2.73 3.07 3.44 2/3867 95717
1787727654 2.75 3.07 3.44 1/3771 95723
1787727659 2.61 3.03 3.43 2/3811 95729
1787727664 2.56 3.02 3.42 4/3896 95735
1787727669 2.35 2.97 3.40 4/3896 95741
1787727674 2.33 2.95 3.39 2/3864 95747
1787727679 2.38 2.95 3.39 6/3892 95753
1787727684 2.27 2.92 3.38 2/3889 95759
1787727689 2.25 2.90 3.37 2/3920 95765
1787727694 2.23 2.89 3.36 2/3874 95771
1787727699 2.13 2.86 3.35 1/3883 95777
1787727704 2.20 2.86 3.35 2/3863 95783
1787727709 2.02 2.81 3.33 3/3860 95789
1787727714 1.94 2.78 3.32 3/3915 95795
1787727719 2.10 2.80 3.32 2/3904 95801
1787727724 2.10 2.79 3.31 3/3931 95807
1787727729 2.09 2.77 3.31 2/3972 95813
1787727734 2.16 2.78 3.30 14/3962 95819
1787727739 2.63 2.86 3.33 4/3981 95825
1787727744 2.58 2.85 3.32 3/3946 95831
1787727749 2.53 2.84 3.31 1/3982 95837
1787727754 2.41 2.80 3.30 4/3935 95843
1787727759 2.54 2.82 3.31 8/3966 95849
1787727764 2.49 2.81 3.30 3/3921 95855
1787727769 2.69 2.85 3.31 2/3907 95861
1787727774 2.56 2.82 3.29 14/3993 95867
1787727779 3.07 2.92 3.33 9/3981 95873
1787727784 2.91 2.89 3.31 3/4004 95879
1787727789 2.84 2.87 3.31 2/3971 95885
1787727794 2.69 2.84 3.29 6/3993 95891
1787727799 2.55 2.81 3.28 3/3966 95898
1787727804 2.51 2.80 3.27 5/3995 95904
1787727809 2.39 2.77 3.26 7/4058 95910
1787727814 2.28 2.74 3.25 3/4051 95916
1787727819 2.41 2.76 3.25 4/4041 95922
1787727824 2.38 2.74 3.25 4/4014 95928
1787727829 2.35 2.73 3.24 4/4037 95934
1787727834 2.56 2.77 3.25 4/4047 95940
1787727839 2.76 2.81 3.26 2/4085 95946
1787727844 2.78 2.81 3.26 4/4134 95952
1787727849 2.71 2.80 3.25 4/4157 95958
1787727854 2.66 2.78 3.24 19/4131 95964
1787727859 2.60 2.77 3.24 2/4155 95970
1787727864 2.64 2.77 3.23 3/4139 95976
1787727869 2.58 2.76 3.23 1/4140 95982
1787727874 2.46 2.73 3.22 5/4150 95988
1787727879 2.42 2.72 3.21 10/4200 95994
1787727884 2.55 2.74 3.21 5/4167 96000
1787727889 2.66 2.76 3.22 2/4205 96006
1787727894 2.45 2.72 3.20 2/4192 96012
1787727899 2.50 2.72 3.20 3/4222 96018
1787727904 2.45 2.71 3.19 5/4214 96024
1787727909 2.42 2.70 3.18 2/4230 96030
1787727914 2.22 2.65 3.17 5/4228 96036
1787727919 2.13 2.62 3.16 3/4230 96042
1787727924 2.44 2.68 3.17 6/4275 96048
1787727929 2.80 2.75 3.19 3/4278 96054
1787727934 3.06 2.81 3.21 5/4217 96060
1787727939 3.13 2.83 3.21 3/4232 96066
1787727944 3.04 2.81 3.20 6/4260 96072
1787727949 3.12 2.83 3.21 4/4237 96078
1787727954 2.95 2.80 3.20 3/4259 96084
1787727959 2.87 2.79 3.19 2/4288 96090
1787727964 2.88 2.79 3.19 4/4250 96096
1787727969 2.97 2.81 3.19 2/4297 96102
1787727974 2.74 2.76 3.18 2/4318 96108
1787727979 2.68 2.75 3.17 2/4435 96114
1787727984 2.54 2.72 3.16 3/4506 96120
1787727989 2.50 2.71 3.15 2/4549 96126
1787727994 2.54 2.72 3.15 3/3865 96182
1787727999 2.42 2.69 3.14 4/3800 96188
1787728004 2.38 2.67 3.13 3/3834 96194
1787728009 2.27 2.65 3.12 2/3845 96200
1787728014 2.09 2.60 3.10 6/3887 96206
1787728019 2.08 2.59 3.10 2/3886 96212
1787728024 1.99 2.57 3.09 5/3943 96218
1787728029 1.91 2.54 3.07 1/3909 96224
1787728034 1.76 2.50 3.06 3/3912 96230
1787728039 1.94 2.52 3.06 5/3945 96236
1787728044 2.11 2.55 3.07 2/3924 96242
1787728049 2.34 2.59 3.08 6/3952 96248
1787728054 2.23 2.56 3.07 3/3942 96254
1787728059 2.37 2.59 3.07 2/3938 96260
1787728064 2.34 2.58 3.07 3/3942 96266
1787728069 2.31 2.57 3.06 2/3953 96272
1787728074 2.37 2.57 3.06 2/3977 96278
1787728079 2.26 2.55 3.05 4/3993 96284
1787728084 2.24 2.54 3.04 4/3942 96290
1787728089 2.30 2.55 3.04 4/3987 96297
1787728094 2.28 2.54 3.04 4/3959 96305
1787728099 2.49 2.58 3.05 3/3970 96311
1787728104 2.53 2.58 3.05 7/3991 96317
1787728109 3.69 2.82 3.12 1/3981 96323
1787728114 3.40 2.78 3.11 6/3999 96329
1787728119 3.29 2.76 3.10 3/3983 96335
1787728124 3.26 2.77 3.10 2/3977 96341
1787728129 3.24 2.77 3.10 3/4021 96347
1787728134 3.06 2.74 3.09 4/4031 96353
1787728139 3.06 2.75 3.09 3/4041 96359
1787728144 3.29 2.80 3.10 4/4078 96367
1787728149 3.19 2.79 3.10 2/4089 96373
1787728154 3.09 2.77 3.09 2/4041 96379
1787728159 3.17 2.79 3.09 3/4063 96385
1787728164 3.23 2.81 3.10 3/4044 96391
1787728169 3.29 2.83 3.10 2/4050 96397
1787728174 3.19 2.82 3.10 3/4032 96403
1787728179 3.25 2.84 3.10 7/4086 96409
1787728184 3.31 2.86 3.11 3/4086 96415
1787728189 3.29 2.86 3.11 20/4112 96421
1787728194 3.11 2.83 3.09 2/4116 96427
1787728199 2.94 2.80 3.08 3/4123 96433
1787728204 2.86 2.79 3.08 3/4110 96439
1787728209 2.71 2.76 3.07 3/4149 96445
1787728214 2.58 2.73 3.05 2/4104 96451
1787728219 2.85 2.78 3.07 2/4102 96457
1787728224 3.02 2.82 3.08 3/4135 96463
1787728229 3.26 2.87 3.10 3/4155 96469
1787728234 3.16 2.86 3.09 4/4164 96475
1787728239 3.39 2.91 3.11 4/4202 96481
1787728244 3.36 2.91 3.11 2/4206 96487
1787728249 3.41 2.93 3.11 1/4215 96493
1787728254 3.29 2.91 3.10 2/4247 96499
1787728259 3.03 2.87 3.09 2/4249 96505
1787728264 2.87 2.83 3.08 5/4302 96511
1787728269 3.12 2.89 3.09 7/4299 96517
1787728274 3.51 2.97 3.12 4/4303 96523
1787728279 3.79 3.04 3.14 3/4283 96529
1787728284 3.57 3.00 3.13 6/4259 96535
1787728289 3.44 2.99 3.12 4/4289 96541
1787728294 3.16 2.94 3.10 3/4253 96547
1787728299 3.23 2.96 3.11 4/4203 96553
1787728304 3.05 2.92 3.10 2/4248 96559
1787728309 2.89 2.89 3.09 4/4257 96565
1787728314 2.82 2.88 3.08 4/4322 96571
1787728319 2.83 2.88 3.08 2/4493 96577
1787728324 2.60 2.83 3.06 2/4544 96583
1787728329 2.40 2.78 3.05 3/4513 96589
1787728334 2.36 2.77 3.04 20/3801 96646
1787728339 2.42 2.77 3.04 4/3792 96652
1787728344 3.66 3.03 3.12 2/3797 96658
1787728349 3.53 3.01 3.11 2/3877 96664
1787728354 3.41 2.99 3.11 8/3914 96670
1787728359 3.54 3.03 3.12 3/3918 96676
1787728364 3.41 3.01 3.11 11/3935 96682
1787728369 3.22 2.98 3.10 4/3920 96688
1787728374 4.16 3.18 3.16 4/3900 96694
1787728379 3.91 3.14 3.15 3/3928 96700
1787728384 3.68 3.10 3.14 2/3925 96706
1787728389 3.46 3.07 3.13 2/3938 96712
1787728394 3.26 3.03 3.12 2/3935 96718
1787728399 3.24 3.03 3.12 3/3951 96724
1787728404 3.14 3.02 3.11 2/3965 96730
1787728409 3.29 3.05 3.12 2/3971 96736
1787728414 3.11 3.01 3.11 17/3975 96742
1787728419 3.02 3.00 3.10 4/3987 96748
1787728424 2.94 2.98 3.10 4/3941 96754
1787728429 2.94 2.98 3.09 4/3945 96760
1787728434 2.79 2.95 3.08 12/3995 96766
1787728439 2.88 2.97 3.09 5/4022 96772
1787728444 2.73 2.93 3.08 10/4020 96778
1787728449 2.51 2.88 3.06 3/3992 96784
1787728454 2.47 2.87 3.05 2/3998 96790
1787728459 2.60 2.89 3.06 2/4039 96796
1787728464 2.55 2.87 3.05 5/4073 96802
1787728469 2.50 2.86 3.05 2/4093 96808
1787728474 2.38 2.83 3.04 1/4061 96814
1787728479 2.51 2.85 3.04 1/4070 96820
1787728484 2.31 2.80 3.03 1/4037 96826
1787728489 2.93 2.92 3.06 1/4032 96832
1787728494 2.77 2.89 3.05 1/4028 96838
1787728499 2.55 2.84 3.04 2/4092 96844
1787728504 2.35 2.79 3.02 1/4053 96850
1787728509 2.16 2.74 3.00 4/4066 96856
1787728514 2.47 2.80 3.02 5/4070 96862
1787728519 2.43 2.78 3.01 2/4056 96868
1787728524 2.55 2.81 3.02 3/4091 96874
1787728529 3.07 2.91 3.05 4/4115 96880
1787728534 3.06 2.91 3.05 2/4095 96886
1787728539 3.70 3.04 3.09 4/4100 96892
1787728544 3.56 3.03 3.09 3/4113 96898
1787728549 3.44 3.01 3.08 3/4134 96904
1787728554 3.48 3.03 3.09 3/4120 96910
1787728559 3.45 3.03 3.09 3/4149 96916
1787728564 3.33 3.01 3.08 5/4144 96922
1787728569 3.22 2.99 3.07 7/4127 96928
1787728574 3.12 2.98 3.07 7/4144 96934
1787728579 3.03 2.96 3.06 4/4138 96940
1787728584 3.67 3.09 3.10 4/4150 96946
1787728589 3.86 3.14 3.12 3/4187 96952
1787728594 3.79 3.14 3.12 11/4216 96958
1787728600 3.57 3.10 3.11 3/4224 96964
1787728605 3.36 3.07 3.10 2/4184 96970
1787728610 3.17 3.03 3.08 4/4224 96976
1787728615 3.00 3.00 3.07 2/4249 96982
1787728620 2.84 2.97 3.06 2/4223 96988
1787728625 2.85 2.97 3.06 2/4259 96994
1787728630 2.70 2.93 3.05 5/4230 97000
1787728635 2.56 2.90 3.04 3/4177 97006
1787728640 2.36 2.85 3.02 2/4189 97012
1787728645 2.41 2.86 3.02 2/4240 97018
1787728650 2.30 2.82 3.01 3/4317 97024
1787728655 2.51 2.86 3.02 1/4336 97030
1787728660 2.63 2.88 3.03 4/4463 97036
1787728665 2.58 2.87 3.02 2/4469 97042
1787728670 2.38 2.82 3.00 6/4519 97048
1787728675 3.87 3.12 3.10 2/3849 97105
1787728680 3.64 3.08 3.09 2/3790 97111
1787728685 3.51 3.07 3.08 3/3826 97117
1787728690 3.39 3.05 3.08 2/3847 97123
1787728695 3.27 3.03 3.07 2/3828 97129
1787728700 3.17 3.01 3.07 2/3839 97135
1787728705 3.16 3.01 3.07 4/3862 97141
1787728710 3.14 3.01 3.06 4/3879 97147
1787728715 3.13 3.01 3.06 5/3913 97153
1787728720 3.12 3.01 3.06 2/3915 97159
1787728725 2.95 2.98 3.05 5/3956 97165
1787728730 2.88 2.96 3.05 6/3969 97171
1787728735 2.81 2.94 3.04 4/3958 97177
1787728740 2.90 2.96 3.05 4/3970 97183
1787728745 3.31 3.05 3.07 3/3906 97189
1787728750 3.45 3.08 3.08 1/3917 97195
1787728755 3.33 3.06 3.08 2/3893 97201
1787728760 3.22 3.04 3.07 3/3897 97207
1787728765 3.37 3.08 3.08 31/3965 97213
1787728770 3.42 3.09 3.09 2/3968 97219
1787728775 3.38 3.09 3.09 3/3958 97225
1787728780 3.43 3.10 3.09 3/3974 97231
1787728785 3.24 3.07 3.08 2/3933 97237
1787728790 3.06 3.03 3.07 1/3940 97243
1787728795 2.81 2.98 3.05 3/3981 97249
1787728800 2.67 2.95 3.04 7/4012 97255
1787728805 2.53 2.92 3.03 6/4017 97261
1787728810 2.73 2.95 3.04 3/3997 97267
1787728815 2.59 2.92 3.03 4/4046 97273
1787728820 3.59 3.12 3.10 4/3996 97279
1787728825 3.46 3.10 3.09 3/4068 97287
1787728830 3.42 3.10 3.09 2/4041 97293
1787728835 3.15 3.05 3.07 9/4025 97299
1787728840 3.22 3.06 3.08 8/4069 97305
1787728845 3.20 3.06 3.08 2/4055 97311
1787728850 3.02 3.03 3.07 3/4085 97317
1787728855 3.02 3.03 3.06 7/4114 97323
1787728860 3.02 3.03 3.06 4/4139 97329
1787728865 2.94 3.01 3.06 9/4162 97335
1787728870 2.94 3.01 3.06 1/4129 97341
1787728875 2.79 2.97 3.05 1/4111 97347
1787728880 2.64 2.94 3.04 2/4134 97353
1787728885 2.43 2.89 3.02 1/4165 97359
1787728890 2.48 2.89 3.02 1/4165 97365
1787728895 2.36 2.86 3.01 2/4181 97371
1787728900 2.33 2.85 3.00 1/4202 97377
1787728905 2.30 2.83 3.00 2/4165 97383
1787728910 2.68 2.90 3.02 1/4149 97389
1787728915 2.70 2.91 3.02 2/4234 97395
1787728920 2.57 2.87 3.01 2/4199 97401
1787728925 3.56 3.08 3.07 3/4241 97407
1787728930 3.28 3.02 3.05 1/4213 97413
1787728935 3.02 2.97 3.04 1/4218 97419
1787728940 2.93 2.96 3.03 2/4226 97425
1787728945 3.26 3.02 3.05 3/4258 97431
1787728950 3.08 2.99 3.04 5/4290 97437
1787728955 3.07 2.99 3.04 3/4299 97443
1787728960 2.91 2.96 3.03 5/4275 97449
1787728965 2.67 2.91 3.01 4/4306 97455
1787728970 2.54 2.88 3.00 3/4311 97461
1787728975 2.42 2.85 2.99 1/4304 97467
1787728980 2.22 2.80 2.97 1/4319 97473
1787728985 2.36 2.82 2.98 5/4309 97479
1787728990 2.25 2.79 2.97 2/4349 97485
1787728995 2.31 2.79 2.97 2/4377 97494
1787729000 2.21 2.76 2.96 3/4478 97500
1787729005 2.19 2.75 2.95 3/4537 97506
1787729010 2.10 2.72 2.94 4/4589 97512
1787729015 3.37 2.97 3.02 7/3945 97571
1787729020 3.18 2.94 3.01 1/3871 97577
1787729025 3.17 2.94 3.01 2/3883 97583
1787729030 2.99 2.91 3.00 2/3891 97589
1787729035 2.75 2.86 2.98 3/3963 97595
1787729040 2.69 2.85 2.98 2/3934 97601
1787729045 2.56 2.82 2.97 11/3963 97607
1787729050 2.35 2.77 2.95 5/3957 97613
1787729055 2.32 2.76 2.95 3/3971 97619
1787729060 2.46 2.78 2.95 2/3970 97625
1787729065 2.50 2.78 2.95 2/4000 97631
1787729070 2.46 2.77 2.95 4/4045 97637
1787729075 2.34 2.74 2.94 1/3999 97643
1787729080 2.16 2.69 2.92 2/4022 97649
1787729085 2.14 2.68 2.92 3/4038 97655
1787729090 2.13 2.67 2.91 3/4056 97661
1787729095 2.04 2.64 2.90 4/4069 97667
1787729100 1.96 2.61 2.89 4/4075 97673
1787729105 2.28 2.67 2.91 3/4042 97679
1787729110 2.18 2.64 2.90 37/4041 97685
1787729115 2.16 2.63 2.89 3/4065 97691
1787729120 2.15 2.62 2.89 2/4028 97697
1787729125 2.14 2.61 2.88 3/4074 97703
1787729130 2.05 2.58 2.87 2/4067 97709
1787729135 2.12 2.59 2.87 3/4044 97715
1787729140 2.43 2.65 2.89 2/4089 97721
1787729145 2.32 2.62 2.88 4/4052 97727
1787729150 2.37 2.63 2.88 4/4090 97733
1787729155 2.34 2.62 2.88 3/4106 97739
1787729160 2.23 2.59 2.87 2/4105 97745
1787729165 2.14 2.56 2.85 3/4089 97752
1787729170 2.04 2.54 2.84 2/4093 97758
1787729175 2.04 2.53 2.84 2/4068 97764
1787729180 1.96 2.50 2.83 2/4091 97770
1787729185 1.88 2.47 2.82 6/4115 97776
1787729190 1.81 2.45 2.81 3/4104 97782
1787729195 1.74 2.43 2.80 22/4211 97788
1787729200 3.53 2.78 2.91 3/4169 97794
1787729205 3.24 2.74 2.90 4/4111 97800
1787729210 4.67 3.04 3.00 17/4222 97806
1787729215 4.45 3.02 2.99 20/4253 97812
1787729220 5.86 3.34 3.09 27/4276 97818
1787729225 5.71 3.35 3.10 2/4216 97824
1787729230 5.41 3.33 3.09 6/4205 97830
1787729235 5.14 3.31 3.08 2/4161 97836
1787729240 4.81 3.27 3.07 8/4214 97842
1787729245 4.74 3.28 3.08 3/4208 97848
1787729250 4.52 3.26 3.07 4/4207 97854
1787729255 4.40 3.25 3.07 4/4194 97860
1787729260 4.21 3.23 3.07 2/4212 97866
1787729265 4.11 3.23 3.07 2/4213 97872
1787729270 4.18 3.26 3.08 2/4253 97878
1787729275 4.17 3.27 3.08 4/4291 97884
1787729280 4.07 3.27 3.08 3/4263 97890
1787729285 3.91 3.24 3.08 9/4318 97896
1787729290 3.75 3.22 3.07 4/4338 97902
1787729295 3.85 3.25 3.08 3/4330 97908
1787729300 3.79 3.25 3.08 2/4313 97914
1787729305 3.80 3.26 3.09 3/4371 97920
1787729310 3.50 3.21 3.07 1/4336 97926
1787729315 3.30 3.17 3.06 1/4307 97932
1787729320 3.03 3.12 3.04 3/4321 97938
1787729325 2.79 3.07 3.02 4/4357 97944
1787729330 2.65 3.03 3.01 4/4395 97950
1787729335 2.51 3.00 3.00 2/4475 97956
1787729340 2.31 2.95 2.99 4/4598 97962
1787729345 2.13 2.90 2.97 4/4620 97968
1787729350 1.96 2.85 2.95 2/4653 97974
1787729355 2.92 3.03 3.01 9/3937 98030
1787729360 2.77 3.00 3.00 1/3844 98036
1787729365 2.55 2.95 2.99 1/3890 98042
1787729370 2.34 2.90 2.97 3/3888 98048
1787729375 2.23 2.87 2.96 1/3934 98054
1787729380 2.30 2.87 2.96 2/3929 98060
1787729385 2.51 2.91 2.97 2/3915 98066
1787729390 2.47 2.89 2.96 4/3944 98072
1787729395 2.35 2.86 2.95 2/4007 98078
1787729400 2.16 2.81 2.94 4/3981 98084
1787729405 2.23 2.82 2.94 2/3977 98090
1787729410 2.05 2.77 2.92 3/3974 98096
1787729415 1.97 2.74 2.91 2/3976 98102
1787729420 1.89 2.71 2.90 2/3996 98108
1787729425 1.82 2.68 2.89 2/4022 98114
1787729430 1.91 2.69 2.89 2/4003 98120
1787729435 2.08 2.71 2.90 1/4003 98126
1787729440 1.99 2.68 2.89 2/4015 98132
1787729445 1.91 2.65 2.88 2/3993 98138
1787729450 1.92 2.64 2.87 11/4068 98144
1787729455 1.85 2.61 2.86 6/4044 98150
1787729460 1.70 2.57 2.85 2/4072 98156
1787729465 1.64 2.54 2.84 2/4080 98162
1787729470 1.59 2.52 2.83 2/4073 98168
1787729475 1.62 2.51 2.82 2/4018 98174
1787729480 1.49 2.47 2.81 2/4053 98180
1787729485 1.45 2.44 2.80 3/4094 98186
1787729490 1.42 2.42 2.79 16/4096 98192
1787729495 1.38 2.39 2.78 4/4072 98198
1787729500 1.59 2.42 2.78 3/4107 98204
1787729505 1.79 2.45 2.79 1/4085 98211
1787729510 1.88 2.46 2.79 2/4086 98217
1787729515 2.05 2.48 2.80 5/4141 98223
1787729520 1.89 2.44 2.78 2/4102 98229
1787729525 1.98 2.45 2.78 2/4157 98235
1787729530 1.82 2.41 2.77 3/4108 98241
1787729535 1.91 2.42 2.77 5/4076 98247
1787729540 2.00 2.43 2.77 14/4128 98253
1787729545 2.00 2.42 2.77 4/4173 98259
1787729550 2.00 2.41 2.76 3/4189 98265
1787729555 1.92 2.39 2.75 2/4171 98271
1787729560 1.93 2.38 2.75 4/4200 98277
1787729565 1.93 2.38 2.75 1/4189 98283
1787729570 2.02 2.39 2.75 1/4172 98289
1787729575 2.02 2.38 2.74 2/4218 98295
1787729580 1.93 2.36 2.73 3/4170 98301
1787729585 1.86 2.33 2.72 2/4182 98307
1787729590 1.87 2.33 2.72 3/4188 98313
1787729595 1.72 2.29 2.70 2/4135 98319
1787729600 1.74 2.29 2.70 2/4164 98325
1787729605 1.76 2.28 2.70 2/4216 98331
1787729610 1.78 2.28 2.69 3/4179 98337
1787729615 2.04 2.32 2.70 3/4219 98343
1787729620 1.88 2.28 2.69 1/4213 98349
1787729625 1.89 2.28 2.69 1/4200 98356
1787729630 1.74 2.24 2.67 2/4263 98362
1787729635 2.08 2.30 2.69 1/4246 98368
1787729640 1.99 2.28 2.68 3/4290 98374
1787729645 1.99 2.27 2.68 2/4316 98380
1787729650 1.91 2.25 2.67 3/4294 98386
1787729655 1.76 2.22 2.65 1/4259 98392
1787729660 1.62 2.18 2.64 2/4245 98398
1787729665 1.49 2.14 2.62 2/4260 98404
1787729670 1.53 2.14 2.62 2/4280 98410
1787729675 1.57 2.14 2.62 2/4308 98416
1787729680 1.60 2.13 2.61 3/4395 98422
1787729685 1.64 2.13 2.61 2/4465 98428
1787729690 1.50 2.10 2.60 5/4511 98434
1787729695 1.46 2.08 2.59 2/4555 98440
