== colour / width=60 ==
"\x1b[48;2;239;68;68m╭──────────────────────────────────────────────────────────╮\x1b[0m"
"\x1b[48;2;239;68;68m│                   NOT ATTACHED: alpha                    │\x1b[0m"
"\x1b[48;2;239;68;68m│        another client is attached to this session        │\x1b[0m"
"\x1b[48;2;239;68;68m│ F forces entry, a attaches instead — keys go to the list │\x1b[0m"
"\x1b[48;2;239;68;68m╰──────────────────────────────────────────────────────────╯\x1b[0m"
== colour / width=5 ==
"\x1b[48;2;239;68;68m╭───╮\x1b[0m"
"\x1b[48;2;239;68;68m│ N │\x1b[0m"
"\x1b[48;2;239;68;68m│ a │\x1b[0m"
"\x1b[48;2;239;68;68m│ F │\x1b[0m"
"\x1b[48;2;239;68;68m│ f │\x1b[0m"
"\x1b[48;2;239;68;68m│ e │\x1b[0m"
"\x1b[48;2;239;68;68m│ a │\x1b[0m"
"\x1b[48;2;239;68;68m│ a │\x1b[0m"
"\x1b[48;2;239;68;68m│ i │\x1b[0m"
"\x1b[48;2;239;68;68m│ — │\x1b[0m"
"\x1b[48;2;239;68;68m│ k │\x1b[0m"
"\x1b[48;2;239;68;68m╰───╯\x1b[0m"
== colour / width=4 ==
(nil)
== NO_COLOR / width=60 ==
"\x1b[1;7m╭──────────────────────────────────────────────────────────╮\x1b[0m"
"\x1b[1;7m│                   NOT ATTACHED: alpha                    │\x1b[0m"
"\x1b[1;7m│        another client is attached to this session        │\x1b[0m"
"\x1b[1;7m│ F forces entry, a attaches instead — keys go to the list │\x1b[0m"
"\x1b[1;7m╰──────────────────────────────────────────────────────────╯\x1b[0m"
== NO_COLOR / width=5 ==
"\x1b[1;7m╭───╮\x1b[0m"
"\x1b[1;7m│ N │\x1b[0m"
"\x1b[1;7m│ a │\x1b[0m"
"\x1b[1;7m│ F │\x1b[0m"
"\x1b[1;7m│ f │\x1b[0m"
"\x1b[1;7m│ e │\x1b[0m"
"\x1b[1;7m│ a │\x1b[0m"
"\x1b[1;7m│ a │\x1b[0m"
"\x1b[1;7m│ i │\x1b[0m"
"\x1b[1;7m│ — │\x1b[0m"
"\x1b[1;7m│ k │\x1b[0m"
"\x1b[1;7m╰───╯\x1b[0m"
== NO_COLOR / width=4 ==
(nil)
== ascii / width=60 ==
"\x1b[48;2;239;68;68m+----------------------------------------------------------+\x1b[0m"
"\x1b[48;2;239;68;68m|                   NOT ATTACHED: alpha                    |\x1b[0m"
"\x1b[48;2;239;68;68m|        another client is attached to this session        |\x1b[0m"
"\x1b[48;2;239;68;68m| F forces entry, a attaches instead; keys go to the list  |\x1b[0m"
"\x1b[48;2;239;68;68m+----------------------------------------------------------+\x1b[0m"
== ascii / width=5 ==
"\x1b[48;2;239;68;68m+---+\x1b[0m"
"\x1b[48;2;239;68;68m| N |\x1b[0m"
"\x1b[48;2;239;68;68m| a |\x1b[0m"
"\x1b[48;2;239;68;68m| F |\x1b[0m"
"\x1b[48;2;239;68;68m| f |\x1b[0m"
"\x1b[48;2;239;68;68m| e |\x1b[0m"
"\x1b[48;2;239;68;68m| a |\x1b[0m"
"\x1b[48;2;239;68;68m| a |\x1b[0m"
"\x1b[48;2;239;68;68m| i |\x1b[0m"
"\x1b[48;2;239;68;68m| k |\x1b[0m"
"\x1b[48;2;239;68;68m+---+\x1b[0m"
== ascii / width=4 ==
(nil)
== colour / kind=attached-elsewhere / width=60 ==
"\x1b[48;2;239;68;68m╭──────────────────────────────────────────────────────────╮\x1b[0m"
"\x1b[48;2;239;68;68m│                   NOT ATTACHED: alpha                    │\x1b[0m"
"\x1b[48;2;239;68;68m│              reason for attached-elsewhere               │\x1b[0m"
"\x1b[48;2;239;68;68m│ F forces entry, a attaches instead — keys go to the list │\x1b[0m"
"\x1b[48;2;239;68;68m╰──────────────────────────────────────────────────────────╯\x1b[0m"
== colour / kind=owned-elsewhere / width=60 ==
"\x1b[48;2;239;68;68m╭──────────────────────────────────────────────────────────╮\x1b[0m"
"\x1b[48;2;239;68;68m│                   NOT ATTACHED: alpha                    │\x1b[0m"
"\x1b[48;2;239;68;68m│                reason for owned-elsewhere                │\x1b[0m"
"\x1b[48;2;239;68;68m│ F forces entry, a attaches instead — keys go to the list │\x1b[0m"
"\x1b[48;2;239;68;68m╰──────────────────────────────────────────────────────────╯\x1b[0m"
== colour / kind=stopped / width=60 ==
"\x1b[48;2;239;68;68m╭──────────────────────────────────────────────────────────╮\x1b[0m"
"\x1b[48;2;239;68;68m│                   NOT ATTACHED: alpha                    │\x1b[0m"
"\x1b[48;2;239;68;68m│                    reason for stopped                    │\x1b[0m"
"\x1b[48;2;239;68;68m│     r starts it, then ↵ enters — keys go to the list     │\x1b[0m"
"\x1b[48;2;239;68;68m╰──────────────────────────────────────────────────────────╯\x1b[0m"
== colour / kind=row floor / width=60 ==
"\x1b[48;2;239;68;68m╭──────────────────────────────────────────────────────────╮\x1b[0m"
"\x1b[48;2;239;68;68m│                   NOT ATTACHED: alpha                    │\x1b[0m"
"\x1b[48;2;239;68;68m│                   reason for row floor                   │\x1b[0m"
"\x1b[48;2;239;68;68m│         a attaches instead — keys go to the list         │\x1b[0m"
"\x1b[48;2;239;68;68m╰──────────────────────────────────────────────────────────╯\x1b[0m"
== colour / kind=no live pane / width=60 ==
"\x1b[48;2;239;68;68m╭──────────────────────────────────────────────────────────╮\x1b[0m"
"\x1b[48;2;239;68;68m│                   NOT ATTACHED: alpha                    │\x1b[0m"
"\x1b[48;2;239;68;68m│                 reason for no live pane                  │\x1b[0m"
"\x1b[48;2;239;68;68m│    R restarts it, then ↵ enters — keys go to the list    │\x1b[0m"
"\x1b[48;2;239;68;68m╰──────────────────────────────────────────────────────────╯\x1b[0m"
== colour / kind=shrank / width=60 ==
"\x1b[48;2;239;68;68m╭──────────────────────────────────────────────────────────╮\x1b[0m"
"\x1b[48;2;239;68;68m│                   NOT ATTACHED: alpha                    │\x1b[0m"
"\x1b[48;2;239;68;68m│                    reason for shrank                     │\x1b[0m"
"\x1b[48;2;239;68;68m│    grow it and ↵, or a attaches — keys go to the list    │\x1b[0m"
"\x1b[48;2;239;68;68m╰──────────────────────────────────────────────────────────╯\x1b[0m"
== colour / kind=other / width=60 ==
"\x1b[48;2;239;68;68m╭──────────────────────────────────────────────────────────╮\x1b[0m"
"\x1b[48;2;239;68;68m│                   NOT ATTACHED: alpha                    │\x1b[0m"
"\x1b[48;2;239;68;68m│                     reason for other                     │\x1b[0m"
"\x1b[48;2;239;68;68m│   ↵ retries, a attaches instead — keys go to the list    │\x1b[0m"
"\x1b[48;2;239;68;68m╰──────────────────────────────────────────────────────────╯\x1b[0m"
== NO_COLOR / kind=attached-elsewhere / width=60 ==
"\x1b[1;7m╭──────────────────────────────────────────────────────────╮\x1b[0m"
"\x1b[1;7m│                   NOT ATTACHED: alpha                    │\x1b[0m"
"\x1b[1;7m│              reason for attached-elsewhere               │\x1b[0m"
"\x1b[1;7m│ F forces entry, a attaches instead — keys go to the list │\x1b[0m"
"\x1b[1;7m╰──────────────────────────────────────────────────────────╯\x1b[0m"
== NO_COLOR / kind=owned-elsewhere / width=60 ==
"\x1b[1;7m╭──────────────────────────────────────────────────────────╮\x1b[0m"
"\x1b[1;7m│                   NOT ATTACHED: alpha                    │\x1b[0m"
"\x1b[1;7m│                reason for owned-elsewhere                │\x1b[0m"
"\x1b[1;7m│ F forces entry, a attaches instead — keys go to the list │\x1b[0m"
"\x1b[1;7m╰──────────────────────────────────────────────────────────╯\x1b[0m"
== NO_COLOR / kind=stopped / width=60 ==
"\x1b[1;7m╭──────────────────────────────────────────────────────────╮\x1b[0m"
"\x1b[1;7m│                   NOT ATTACHED: alpha                    │\x1b[0m"
"\x1b[1;7m│                    reason for stopped                    │\x1b[0m"
"\x1b[1;7m│     r starts it, then ↵ enters — keys go to the list     │\x1b[0m"
"\x1b[1;7m╰──────────────────────────────────────────────────────────╯\x1b[0m"
== NO_COLOR / kind=row floor / width=60 ==
"\x1b[1;7m╭──────────────────────────────────────────────────────────╮\x1b[0m"
"\x1b[1;7m│                   NOT ATTACHED: alpha                    │\x1b[0m"
"\x1b[1;7m│                   reason for row floor                   │\x1b[0m"
"\x1b[1;7m│         a attaches instead — keys go to the list         │\x1b[0m"
"\x1b[1;7m╰──────────────────────────────────────────────────────────╯\x1b[0m"
== NO_COLOR / kind=no live pane / width=60 ==
"\x1b[1;7m╭──────────────────────────────────────────────────────────╮\x1b[0m"
"\x1b[1;7m│                   NOT ATTACHED: alpha                    │\x1b[0m"
"\x1b[1;7m│                 reason for no live pane                  │\x1b[0m"
"\x1b[1;7m│    R restarts it, then ↵ enters — keys go to the list    │\x1b[0m"
"\x1b[1;7m╰──────────────────────────────────────────────────────────╯\x1b[0m"
== NO_COLOR / kind=shrank / width=60 ==
"\x1b[1;7m╭──────────────────────────────────────────────────────────╮\x1b[0m"
"\x1b[1;7m│                   NOT ATTACHED: alpha                    │\x1b[0m"
"\x1b[1;7m│                    reason for shrank                     │\x1b[0m"
"\x1b[1;7m│    grow it and ↵, or a attaches — keys go to the list    │\x1b[0m"
"\x1b[1;7m╰──────────────────────────────────────────────────────────╯\x1b[0m"
== NO_COLOR / kind=other / width=60 ==
"\x1b[1;7m╭──────────────────────────────────────────────────────────╮\x1b[0m"
"\x1b[1;7m│                   NOT ATTACHED: alpha                    │\x1b[0m"
"\x1b[1;7m│                     reason for other                     │\x1b[0m"
"\x1b[1;7m│   ↵ retries, a attaches instead — keys go to the list    │\x1b[0m"
"\x1b[1;7m╰──────────────────────────────────────────────────────────╯\x1b[0m"
== ascii / kind=attached-elsewhere / width=60 ==
"\x1b[48;2;239;68;68m+----------------------------------------------------------+\x1b[0m"
"\x1b[48;2;239;68;68m|                   NOT ATTACHED: alpha                    |\x1b[0m"
"\x1b[48;2;239;68;68m|              reason for attached-elsewhere               |\x1b[0m"
"\x1b[48;2;239;68;68m| F forces entry, a attaches instead; keys go to the list  |\x1b[0m"
"\x1b[48;2;239;68;68m+----------------------------------------------------------+\x1b[0m"
== ascii / kind=owned-elsewhere / width=60 ==
"\x1b[48;2;239;68;68m+----------------------------------------------------------+\x1b[0m"
"\x1b[48;2;239;68;68m|                   NOT ATTACHED: alpha                    |\x1b[0m"
"\x1b[48;2;239;68;68m|                reason for owned-elsewhere                |\x1b[0m"
"\x1b[48;2;239;68;68m| F forces entry, a attaches instead; keys go to the list  |\x1b[0m"
"\x1b[48;2;239;68;68m+----------------------------------------------------------+\x1b[0m"
== ascii / kind=stopped / width=60 ==
"\x1b[48;2;239;68;68m+----------------------------------------------------------+\x1b[0m"
"\x1b[48;2;239;68;68m|                   NOT ATTACHED: alpha                    |\x1b[0m"
"\x1b[48;2;239;68;68m|                    reason for stopped                    |\x1b[0m"
"\x1b[48;2;239;68;68m|   r starts it, then Enter enters; keys go to the list    |\x1b[0m"
"\x1b[48;2;239;68;68m+----------------------------------------------------------+\x1b[0m"
== ascii / kind=row floor / width=60 ==
"\x1b[48;2;239;68;68m+----------------------------------------------------------+\x1b[0m"
"\x1b[48;2;239;68;68m|                   NOT ATTACHED: alpha                    |\x1b[0m"
"\x1b[48;2;239;68;68m|                   reason for row floor                   |\x1b[0m"
"\x1b[48;2;239;68;68m|         a attaches instead; keys go to the list          |\x1b[0m"
"\x1b[48;2;239;68;68m+----------------------------------------------------------+\x1b[0m"
== ascii / kind=no live pane / width=60 ==
"\x1b[48;2;239;68;68m+----------------------------------------------------------+\x1b[0m"
"\x1b[48;2;239;68;68m|                   NOT ATTACHED: alpha                    |\x1b[0m"
"\x1b[48;2;239;68;68m|                 reason for no live pane                  |\x1b[0m"
"\x1b[48;2;239;68;68m|  R restarts it, then Enter enters; keys go to the list   |\x1b[0m"
"\x1b[48;2;239;68;68m+----------------------------------------------------------+\x1b[0m"
== ascii / kind=shrank / width=60 ==
"\x1b[48;2;239;68;68m+----------------------------------------------------------+\x1b[0m"
"\x1b[48;2;239;68;68m|                   NOT ATTACHED: alpha                    |\x1b[0m"
"\x1b[48;2;239;68;68m|                    reason for shrank                     |\x1b[0m"
"\x1b[48;2;239;68;68m|  grow it and Enter, or a attaches; keys go to the list   |\x1b[0m"
"\x1b[48;2;239;68;68m+----------------------------------------------------------+\x1b[0m"
== ascii / kind=other / width=60 ==
"\x1b[48;2;239;68;68m+----------------------------------------------------------+\x1b[0m"
"\x1b[48;2;239;68;68m|                   NOT ATTACHED: alpha                    |\x1b[0m"
"\x1b[48;2;239;68;68m|                     reason for other                     |\x1b[0m"
"\x1b[48;2;239;68;68m|  Enter retries, a attaches instead; keys go to the list  |\x1b[0m"
"\x1b[48;2;239;68;68m+----------------------------------------------------------+\x1b[0m"
