checked 29 distinct local links
OK   phase3g-001-r76-terminal-row-live-pane/
OK   phase3g-002-r76-field-route/
OK   phase3g-103-hook-sessionend-repair/
OK   phase3g-003-r77-name-reuse-reap/
OK   phase3g-038-r78-archived-name-dd/
OK   phase3g-010-011-tombstone-sweep-evidence/
OK   phase3g-038-r80-r81-footer-eligibility/
OK   phase3g-014-footer-fixed-set/
OK   phase3g-015-footer-bindings-parity/
OK   phase3g-105-rename-selection/
OK   phase3g-107-dialog-degradation-net/
OK   phase3g-038-r83-dialog-frame-bound/
OK   phase3g-101-agent-wait-wrap/
OK   phase3g-findings.md#3-defects-found-and-deliberately-not-fixed-and-why
OK   phase3g-106-contrast-floor/README.md
OK   phase3g-038-r85-last-used-agent/
OK   phase3g-102-clear-recents-label/
OK   phase3g-038-r86-dialog-arrow-nav/
OK   phase3g-104-title-independent-waits/
OK   phase3g-108-r86-proof/
OK   phase3g-027-esc-clears-held-filter/
OK   phase3g-029-inject-retained-dead-pane/
OK   phase3g-030-reclaim-leaked-interactive-pipe/
OK   phase3g-031-sigterm-panic-interactive-cleanup/
OK   phase3g-033-dropped-hook-label/
OK   phase3g-034-previewfit-derivation/
OK   phase3g-035-previewfit-no-live-pane-latch/
OK   phase3g-038-r91-previewfit-latch/
OK   phase3g-038-r92-lease-release-failure/
unresolvable: none

backtick evidence paths (33):
OK   docs/reports/phase3g-001-r76-terminal-row-live-pane/green-after-fix.log
OK   docs/reports/phase3g-001-r76-terminal-row-live-pane/red-1-no-repair.log
OK   docs/reports/phase3g-002-r76-field-route/README.md
OK   docs/reports/phase3g-002-r76-field-route/red-raw-full.log
OK   docs/reports/phase3g-003-r77-name-reuse-reap/red-service-cleanup-reverted.log
OK   docs/reports/phase3g-014-footer-fixed-set/golden-regen-and-pass.log
OK   docs/reports/phase3g-015-footer-bindings-parity/
OK   docs/reports/phase3g-027-esc-clears-held-filter/red-unit-tests.log
OK   docs/reports/phase3g-029-inject-retained-dead-pane/red-before-fix.log
FAIL docs/reports/phase3g-02[56]-*/
OK   docs/reports/phase3g-030-reclaim-leaked-interactive-pipe/red-before-fix-unit.log
OK   docs/reports/phase3g-031-sigterm-panic-interactive-cleanup/red.log
OK   docs/reports/phase3g-033-dropped-hook-label/event_log-red-before.txt
OK   docs/reports/phase3g-035-previewfit-no-live-pane-latch/features-preview-sigwinch-green.log
OK   docs/reports/phase3g-038-r86-dialog-arrow-nav/README.md
OK   docs/reports/phase3g-038-r91-previewfit-latch/README.md
OK   docs/reports/phase3g-038-r91-previewfit-latch/red-before-fix.log
OK   docs/reports/phase3g-038-r91-previewfit-latch/zz_r91_latch_evidence_test.go.txt
OK   docs/reports/phase3g-101-agent-wait-wrap/
OK   docs/reports/phase3g-101-agent-wait-wrap/red-b6cbbc7.log
OK   docs/reports/phase3g-102-clear-recents-label/
OK   docs/reports/phase3g-102-clear-recents-label/red-b6cbbc7-agent-label-collision.log
OK   docs/reports/phase3g-103-hook-sessionend-repair/
OK   docs/reports/phase3g-103-hook-sessionend-repair/red-b6cbbc7-step-error.txt
OK   docs/reports/phase3g-104-title-independent-waits/
OK   docs/reports/phase3g-104-title-independent-waits/grep-output.txt
OK   docs/reports/phase3g-105-rename-selection/
OK   docs/reports/phase3g-105-rename-selection/red-before-fix.log
OK   docs/reports/phase3g-106-contrast-floor/
OK   docs/reports/phase3g-107-dialog-degradation-net/
OK   docs/reports/phase3g-108-r86-proof/
OK   docs/reports/phase3g-108-r86-proof/README.md
OK   docs/reports/phase3g-findings.md
unresolvable backtick paths: ['docs/reports/phase3g-02[56]-*/']
