=== RUN   TestFeatures
[1;37mFeature:[0m The next start reclaims a leaked interactive pipe (Part II, R89, task 030)
  SIGKILL cannot be handled at all, so a deck client killed mid-interactive
  leaves its armed `pipe-pane`, its FIFO temp dir and its window ownership
  claim all behind -- the guarantee has to be "the next start reclaims it",
  never "the exit cleans it". This proves both halves: the leak is real
  (the scan's own positive control), and the very next deck start against
  the same tmux server disarms the stale pipe, removes the leaked temp
  dir/FIFO, releases ownership and restores the window's geometry
  byte-exact (SPEC.md \u00a711.9), all without the reclaimed session's own
  window ever having had a live client attached to it in between.
=== RUN   TestFeatures/SIGKILL_mid-interactive_leaks_pipe-pane_and_a_temp_dir;_the_next_start_reclaims_both

  [1;37mScenario:[0m SIGKILL mid-interactive leaks pipe-pane and a temp dir; the next start reclaims both [1;30m# interactive_pipe_leak.feature:14[0m
    [32mGiven[0m [32mdeck client "victim" is started[0m                                                        [1;30m# assertions_test.go:27 -> github.com/n-orlov/deck/features.startNamedClient[0m
    [32mAnd[0m [32mdeck client "victim" creates shell session "leaky"[0m                                       [1;30m# assertions_test.go:52 -> github.com/n-orlov/deck/features.clientCreatesShellSession[0m
    [32mThen[0m [32mwithin one configured reconcile interval deck client "victim" screen contains "running"[0m [1;30m# assertions_test.go:30 -> github.com/n-orlov/deck/features.clientScreenContainsWithinReconcileInterval[0m
    [32mAnd[0m [32mdeck client "victim" selects session "leaky"[0m                                             [1;30m# attention_sort_test.go:24 -> github.com/n-orlov/deck/features.clientSelectsSessionByName[0m
    [32mAnd[0m [32mthe private tmux window for session "leaky" is captured as "before-interactive"[0m          [1;30m# preview_test.go:34 -> github.com/n-orlov/deck/features.privateTMuxWindowForSessionIsCapturedAs[0m
    [32mWhen[0m [32mdeck client "victim" enters interactive mode[0m                                            [1;30m# interactive_focus_test.go:18 -> github.com/n-orlov/deck/features.clientEntersInteractiveMode[0m
    [32mThen[0m [32mdeck client "victim" screen contains "Ctrl+Q"[0m                                           [1;30m# assertions_test.go:29 -> github.com/n-orlov/deck/features.clientScreenContains[0m
    [32mAnd[0m [32mtmux pane pipe is armed for session "leaky"[0m                                              [1;30m# interactive_pipe_leak_test.go:26 -> github.com/n-orlov/deck/features.tmuxPanePipeIsArmedForSession[0m
    [32mAnd[0m [32ma deck interactive pipe temp directory for session "leaky" exists on disk[0m                [1;30m# interactive_pipe_leak_test.go:28 -> github.com/n-orlov/deck/features.aDeckInteractivePipeTempDirectoryForSessionExistsOnDisk[0m
    [32mAnd[0m [32mtmux window "deck_leaky" option "@deck_isize_owner" is set in the window scope[0m           [1;30m# interactive_pipe_leak_test.go:30 -> github.com/n-orlov/deck/features.tmuxWindowOptionIsSetInWindowScope[0m
    [32mWhen[0m [32mdeck client "victim" is killed with SIGKILL[0m                                             [1;30m# assertions_test.go:62 -> github.com/n-orlov/deck/features.clientIsKilledWithSIGKILL[0m
    [32mThen[0m [32mtmux pane pipe is armed for session "leaky"[0m                                             [1;30m# interactive_pipe_leak_test.go:26 -> github.com/n-orlov/deck/features.tmuxPanePipeIsArmedForSession[0m
    [32mAnd[0m [32ma deck interactive pipe temp directory for session "leaky" exists on disk[0m                [1;30m# interactive_pipe_leak_test.go:28 -> github.com/n-orlov/deck/features.aDeckInteractivePipeTempDirectoryForSessionExistsOnDisk[0m
    [32mGiven[0m [32mdeck client "rescuer" is started[0m                                                       [1;30m# assertions_test.go:27 -> github.com/n-orlov/deck/features.startNamedClient[0m
    [31mThen[0m [31mtmux pane pipe is not armed for session "leaky"[0m                                         [1;30m# interactive_pipe_leak_test.go:27 -> github.com/n-orlov/deck/features.tmuxPanePipeIsNotArmedForSession[0m
    [1;31mafter scenario hook failed: #{pane_pipe} still reads 1 for "deck_leaky", want 0 (disarmed)
surviving deck client: hung deck client killed after 1s
sent (input timeline):
frame:
[... trimmed: the harness's own after-scenario cleanup then SIGKILLs the
     surviving "rescuer" client after a 1s grace period once the assertion
     above fails, and the client dumps its own goroutine stacks on the way
     down (SIGQUIT before the follow-up SIGKILL) -- captured in full at
     /tmp/red-feature.log during this run, omitted here as noise ...]

1 scenarios (1 failed)
19 steps (14 passed, 1 failed, 4 skipped)
--- FAIL: TestFeatures (2.22s)
    --- FAIL: TestFeatures/SIGKILL_mid-interactive_leaks_pipe-pane_and_a_temp_dir;_the_next_start_reclaims_both (2.21s)
FAIL
FAIL	github.com/n-orlov/deck/features	2.232s
FAIL
